running develop
running egg_info
writing launcher.egg-info/PKG-INFO
writing dependency_links to launcher.egg-info/dependency_links.txt
writing requirements to launcher.egg-info/requires.txt
writing top-level names to launcher.egg-info/top_level.txt
reading manifest file 'launcher.egg-info/SOURCES.txt'
writing manifest file 'launcher.egg-info/SOURCES.txt'
running build_ext
Creating /home/ngt/ZENS-Final-AUVC/ros_ws/install/launcher/lib/python3.12/site-packages/launcher.egg-link (link to .)

Installed /home/ngt/ZENS-Final-AUVC/ros_ws/build/launcher
running symlink_data
symbolically linking /home/ngt/ZENS-Final-AUVC/ros_ws/build/launcher/resource/launcher -> /home/ngt/ZENS-Final-AUVC/ros_ws/install/launcher/share/ament_index/resource_index/packages
symbolically linking /home/ngt/ZENS-Final-AUVC/ros_ws/build/launcher/package.xml -> /home/ngt/ZENS-Final-AUVC/ros_ws/install/launcher/share/launcher
symbolically linking /home/ngt/ZENS-Final-AUVC/ros_ws/build/launcher/launch/cv.launch.yaml -> /home/ngt/ZENS-Final-AUVC/ros_ws/install/launcher/share/launcher/launch
symbolically linking /home/ngt/ZENS-Final-AUVC/ros_ws/build/launcher/launch/web_streamer.launch.yaml -> /home/ngt/ZENS-Final-AUVC/ros_ws/install/launcher/share/launcher/launch
symbolically linking /home/ngt/ZENS-Final-AUVC/ros_ws/build/launcher/launch/flashing.launch.yaml -> /home/ngt/ZENS-Final-AUVC/ros_ws/install/launcher/share/launcher/launch
symbolically linking /home/ngt/ZENS-Final-AUVC/ros_ws/build/launcher/launch/hardware.launch.yaml -> /home/ngt/ZENS-Final-AUVC/ros_ws/install/launcher/share/launcher/launch
symbolically linking /home/ngt/ZENS-Final-AUVC/ros_ws/build/launcher/launch/all_systems.launch.yaml -> /home/ngt/ZENS-Final-AUVC/ros_ws/install/launcher/share/launcher/launch
symbolically linking /home/ngt/ZENS-Final-AUVC/ros_ws/build/launcher/launch/control.launch.yaml -> /home/ngt/ZENS-Final-AUVC/ros_ws/install/launcher/share/launcher/launch
symbolically linking /home/ngt/ZENS-Final-AUVC/ros_ws/build/launcher/config/params.yaml -> /home/ngt/ZENS-Final-AUVC/ros_ws/install/launcher/share/launcher/config
