[16.787s] Invoking command in '/home/ngt/ZENS-Final-AUVC/ros_ws/src/cv': PYTHONPATH=/home/ngt/ZENS-Final-AUVC/ros_ws/build/cv/prefix_override:/usr/lib/python3/dist-packages/colcon_core/task/python/colcon_distutils_commands:/home/ngt/ZENS-Final-AUVC/ros_ws/install/cv/lib/python3.12/site-packages:${PYTHONPATH} /usr/bin/python3 -W ignore:setup.py install is deprecated -W ignore:easy_install command is deprecated setup.py egg_info --egg-base ../../build/cv build --build-base /home/ngt/ZENS-Final-AUVC/ros_ws/build/cv/build install --record /home/ngt/ZENS-Final-AUVC/ros_ws/build/cv/install.log --install-scripts $base/lib/cv --single-version-externally-managed install_data
[24.832s] running egg_info
[25.323s] writing ../../build/cv/cv.egg-info/PKG-INFO
[25.324s] writing dependency_links to ../../build/cv/cv.egg-info/dependency_links.txt
[25.325s] writing entry points to ../../build/cv/cv.egg-info/entry_points.txt
[25.333s] writing requirements to ../../build/cv/cv.egg-info/requires.txt
[25.339s] writing top-level names to ../../build/cv/cv.egg-info/top_level.txt
[28.231s] reading manifest file '../../build/cv/cv.egg-info/SOURCES.txt'
[28.243s] writing manifest file '../../build/cv/cv.egg-info/SOURCES.txt'
[28.245s] running build
[28.250s] running build_py
[28.263s] running install
[28.325s] running install_lib
[28.611s] running install_data
[28.614s] running install_egg_info
[29.025s] removing '/home/ngt/ZENS-Final-AUVC/ros_ws/install/cv/lib/python3.12/site-packages/cv-0.0.0-py3.12.egg-info' (and everything under it)
[29.033s] Copying ../../build/cv/cv.egg-info to /home/ngt/ZENS-Final-AUVC/ros_ws/install/cv/lib/python3.12/site-packages/cv-0.0.0-py3.12.egg-info
[29.046s] running install_scripts
[30.227s] Installing calibrate_camera script to /home/ngt/ZENS-Final-AUVC/ros_ws/install/cv/lib/cv
[30.228s] Installing detect_from_image script to /home/ngt/ZENS-Final-AUVC/ros_ws/install/cv/lib/cv
[30.230s] Installing detection_node script to /home/ngt/ZENS-Final-AUVC/ros_ws/install/cv/lib/cv
[30.233s] Installing fake_camera_node script to /home/ngt/ZENS-Final-AUVC/ros_ws/install/cv/lib/cv
[30.234s] Installing image_saver_node script to /home/ngt/ZENS-Final-AUVC/ros_ws/install/cv/lib/cv
[30.245s] Installing tag_heading_node script to /home/ngt/ZENS-Final-AUVC/ros_ws/install/cv/lib/cv
[30.251s] Installing web_streamer_node script to /home/ngt/ZENS-Final-AUVC/ros_ws/install/cv/lib/cv
[30.270s] writing list of installed files to '/home/ngt/ZENS-Final-AUVC/ros_ws/build/cv/install.log'
[30.518s] Invoked command in '/home/ngt/ZENS-Final-AUVC/ros_ws/src/cv' returned '0': PYTHONPATH=/home/ngt/ZENS-Final-AUVC/ros_ws/build/cv/prefix_override:/usr/lib/python3/dist-packages/colcon_core/task/python/colcon_distutils_commands:/home/ngt/ZENS-Final-AUVC/ros_ws/install/cv/lib/python3.12/site-packages:${PYTHONPATH} /usr/bin/python3 -W ignore:setup.py install is deprecated -W ignore:easy_install command is deprecated setup.py egg_info --egg-base ../../build/cv build --build-base /home/ngt/ZENS-Final-AUVC/ros_ws/build/cv/build install --record /home/ngt/ZENS-Final-AUVC/ros_ws/build/cv/install.log --install-scripts $base/lib/cv --single-version-externally-managed install_data
