[33.624s] Invoking command in '/home/ngt/ZENS-Final-AUVC/ros_ws/src/control': PYTHONPATH=/home/ngt/ZENS-Final-AUVC/ros_ws/build/control/prefix_override:/usr/lib/python3/dist-packages/colcon_core/task/python/colcon_distutils_commands:/home/ngt/ZENS-Final-AUVC/ros_ws/install/control/lib/python3.12/site-packages:${PYTHONPATH} /usr/bin/python3 -W ignore:setup.py install is deprecated -W ignore:easy_install command is deprecated setup.py egg_info --egg-base ../../build/control build --build-base /home/ngt/ZENS-Final-AUVC/ros_ws/build/control/build install --record /home/ngt/ZENS-Final-AUVC/ros_ws/build/control/install.log --install-scripts $base/lib/control --single-version-externally-managed install_data
[39.813s] running egg_info
[40.564s] writing ../../build/control/control.egg-info/PKG-INFO
[40.571s] writing dependency_links to ../../build/control/control.egg-info/dependency_links.txt
[40.577s] writing entry points to ../../build/control/control.egg-info/entry_points.txt
[40.580s] writing requirements to ../../build/control/control.egg-info/requires.txt
[40.582s] writing top-level names to ../../build/control/control.egg-info/top_level.txt
[44.431s] reading manifest file '../../build/control/control.egg-info/SOURCES.txt'
[44.440s] writing manifest file '../../build/control/control.egg-info/SOURCES.txt'
[44.440s] running build
[44.441s] running build_py
[44.455s] running install
[44.531s] running install_lib
[45.184s] running install_data
[45.188s] running install_egg_info
[45.869s] removing '/home/ngt/ZENS-Final-AUVC/ros_ws/install/control/lib/python3.12/site-packages/control-0.0.0-py3.12.egg-info' (and everything under it)
[45.872s] Copying ../../build/control/control.egg-info to /home/ngt/ZENS-Final-AUVC/ros_ws/install/control/lib/python3.12/site-packages/control-0.0.0-py3.12.egg-info
[45.914s] running install_scripts
[47.328s] Installing depth_pid script to /home/ngt/ZENS-Final-AUVC/ros_ws/install/control/lib/control
[47.338s] Installing heading_pid script to /home/ngt/ZENS-Final-AUVC/ros_ws/install/control/lib/control
[47.339s] Installing self_arm script to /home/ngt/ZENS-Final-AUVC/ros_ws/install/control/lib/control
[47.340s] Installing self_disarm script to /home/ngt/ZENS-Final-AUVC/ros_ws/install/control/lib/control
[47.346s] writing list of installed files to '/home/ngt/ZENS-Final-AUVC/ros_ws/build/control/install.log'
[49.075s] Invoked command in '/home/ngt/ZENS-Final-AUVC/ros_ws/src/control' returned '0': PYTHONPATH=/home/ngt/ZENS-Final-AUVC/ros_ws/build/control/prefix_override:/usr/lib/python3/dist-packages/colcon_core/task/python/colcon_distutils_commands:/home/ngt/ZENS-Final-AUVC/ros_ws/install/control/lib/python3.12/site-packages:${PYTHONPATH} /usr/bin/python3 -W ignore:setup.py install is deprecated -W ignore:easy_install command is deprecated setup.py egg_info --egg-base ../../build/control build --build-base /home/ngt/ZENS-Final-AUVC/ros_ws/build/control/build install --record /home/ngt/ZENS-Final-AUVC/ros_ws/build/control/install.log --install-scripts $base/lib/control --single-version-externally-managed install_data
