[25.228s] Invoking command in '/home/ngt/ZENS-Final-AUVC/ros_ws/src/control': PYTHONPATH=/home/ngt/ZENS-Final-AUVC/ros_ws/build/control/prefix_override:/usr/lib/python3/dist-packages/colcon_core/task/python/colcon_distutils_commands:/home/ngt/ZENS-Final-AUVC/ros_ws/install/control/lib/python3.12/site-packages:${PYTHONPATH} /usr/bin/python3 -W ignore:setup.py install is deprecated -W ignore:easy_install command is deprecated setup.py egg_info --egg-base ../../build/control build --build-base /home/ngt/ZENS-Final-AUVC/ros_ws/build/control/build install --record /home/ngt/ZENS-Final-AUVC/ros_ws/build/control/install.log --install-scripts $base/lib/control --single-version-externally-managed install_data
[35.950s] running egg_info
[37.599s] writing ../../build/control/control.egg-info/PKG-INFO
[37.626s] writing dependency_links to ../../build/control/control.egg-info/dependency_links.txt
[37.647s] writing entry points to ../../build/control/control.egg-info/entry_points.txt
[37.648s] writing requirements to ../../build/control/control.egg-info/requires.txt
[37.668s] writing top-level names to ../../build/control/control.egg-info/top_level.txt
[43.738s] reading manifest file '../../build/control/control.egg-info/SOURCES.txt'
[43.759s] writing manifest file '../../build/control/control.egg-info/SOURCES.txt'
[43.762s] running build
[43.779s] running build_py
[43.781s] copying control/finalController.py -> /home/ngt/ZENS-Final-AUVC/ros_ws/build/control/build/lib/control
[43.789s] copying control/heading_pid.py -> /home/ngt/ZENS-Final-AUVC/ros_ws/build/control/build/lib/control
[43.807s] copying control/depth_pid.py -> /home/ngt/ZENS-Final-AUVC/ros_ws/build/control/build/lib/control
[43.812s] running install
[43.986s] running install_lib
[45.244s] copying /home/ngt/ZENS-Final-AUVC/ros_ws/build/control/build/lib/control/finalController.py -> /home/ngt/ZENS-Final-AUVC/ros_ws/install/control/lib/python3.12/site-packages/control
[45.251s] copying /home/ngt/ZENS-Final-AUVC/ros_ws/build/control/build/lib/control/heading_pid.py -> /home/ngt/ZENS-Final-AUVC/ros_ws/install/control/lib/python3.12/site-packages/control
[45.266s] copying /home/ngt/ZENS-Final-AUVC/ros_ws/build/control/build/lib/control/depth_pid.py -> /home/ngt/ZENS-Final-AUVC/ros_ws/install/control/lib/python3.12/site-packages/control
[45.296s] byte-compiling /home/ngt/ZENS-Final-AUVC/ros_ws/install/control/lib/python3.12/site-packages/control/finalController.py to finalController.cpython-312.pyc
[45.370s] byte-compiling /home/ngt/ZENS-Final-AUVC/ros_ws/install/control/lib/python3.12/site-packages/control/heading_pid.py to heading_pid.cpython-312.pyc
[45.412s] byte-compiling /home/ngt/ZENS-Final-AUVC/ros_ws/install/control/lib/python3.12/site-packages/control/depth_pid.py to depth_pid.cpython-312.pyc
[45.435s] running install_data
[45.454s] running install_egg_info
[46.687s] removing '/home/ngt/ZENS-Final-AUVC/ros_ws/install/control/lib/python3.12/site-packages/control-0.0.0-py3.12.egg-info' (and everything under it)
[46.711s] Copying ../../build/control/control.egg-info to /home/ngt/ZENS-Final-AUVC/ros_ws/install/control/lib/python3.12/site-packages/control-0.0.0-py3.12.egg-info
[46.756s] running install_scripts
[49.792s] Installing depth_pid script to /home/ngt/ZENS-Final-AUVC/ros_ws/install/control/lib/control
[49.816s] Installing finalController script to /home/ngt/ZENS-Final-AUVC/ros_ws/install/control/lib/control
[49.817s] Installing heading_pid script to /home/ngt/ZENS-Final-AUVC/ros_ws/install/control/lib/control
[49.818s] Installing self_arm script to /home/ngt/ZENS-Final-AUVC/ros_ws/install/control/lib/control
[49.859s] Installing self_disarm script to /home/ngt/ZENS-Final-AUVC/ros_ws/install/control/lib/control
[49.898s] writing list of installed files to '/home/ngt/ZENS-Final-AUVC/ros_ws/build/control/install.log'
[51.625s] Invoked command in '/home/ngt/ZENS-Final-AUVC/ros_ws/src/control' returned '0': PYTHONPATH=/home/ngt/ZENS-Final-AUVC/ros_ws/build/control/prefix_override:/usr/lib/python3/dist-packages/colcon_core/task/python/colcon_distutils_commands:/home/ngt/ZENS-Final-AUVC/ros_ws/install/control/lib/python3.12/site-packages:${PYTHONPATH} /usr/bin/python3 -W ignore:setup.py install is deprecated -W ignore:easy_install command is deprecated setup.py egg_info --egg-base ../../build/control build --build-base /home/ngt/ZENS-Final-AUVC/ros_ws/build/control/build install --record /home/ngt/ZENS-Final-AUVC/ros_ws/build/control/install.log --install-scripts $base/lib/control --single-version-externally-managed install_data
