[17.647s] Invoking command in '/home/ngt/ZENS-Final-AUVC/ros_ws/src/cv': PYTHONPATH=/home/ngt/ZENS-Final-AUVC/ros_ws/build/cv/prefix_override:/usr/lib/python3/dist-packages/colcon_core/task/python/colcon_distutils_commands:/home/ngt/ZENS-Final-AUVC/ros_ws/install/cv/lib/python3.12/site-packages:${PYTHONPATH} /usr/bin/python3 -W ignore:setup.py install is deprecated -W ignore:easy_install command is deprecated setup.py egg_info --egg-base ../../build/cv build --build-base /home/ngt/ZENS-Final-AUVC/ros_ws/build/cv/build install --record /home/ngt/ZENS-Final-AUVC/ros_ws/build/cv/install.log --install-scripts $base/lib/cv --single-version-externally-managed install_data
[24.390s] running egg_info
[24.864s] writing ../../build/cv/cv.egg-info/PKG-INFO
[24.868s] writing dependency_links to ../../build/cv/cv.egg-info/dependency_links.txt
[24.870s] writing entry points to ../../build/cv/cv.egg-info/entry_points.txt
[24.876s] writing requirements to ../../build/cv/cv.egg-info/requires.txt
[24.881s] writing top-level names to ../../build/cv/cv.egg-info/top_level.txt
[28.140s] reading manifest file '../../build/cv/cv.egg-info/SOURCES.txt'
[32.292s] writing manifest file '../../build/cv/cv.egg-info/SOURCES.txt'
[32.322s] running build
[32.325s] running build_py
[32.334s] running install
[32.384s] running install_lib
[32.811s] running install_data
[32.813s] running install_egg_info
[33.043s] removing '/home/ngt/ZENS-Final-AUVC/ros_ws/install/cv/lib/python3.12/site-packages/cv-0.0.0-py3.12.egg-info' (and everything under it)
[33.047s] Copying ../../build/cv/cv.egg-info to /home/ngt/ZENS-Final-AUVC/ros_ws/install/cv/lib/python3.12/site-packages/cv-0.0.0-py3.12.egg-info
[33.467s] running install_scripts
[34.014s] Installing calibrate_camera script to /home/ngt/ZENS-Final-AUVC/ros_ws/install/cv/lib/cv
[34.064s] Installing detection_node script to /home/ngt/ZENS-Final-AUVC/ros_ws/install/cv/lib/cv
[34.065s] Installing tag_heading_node script to /home/ngt/ZENS-Final-AUVC/ros_ws/install/cv/lib/cv
[34.065s] Installing web_streamer_node script to /home/ngt/ZENS-Final-AUVC/ros_ws/install/cv/lib/cv
[34.069s] writing list of installed files to '/home/ngt/ZENS-Final-AUVC/ros_ws/build/cv/install.log'
[34.741s] Invoked command in '/home/ngt/ZENS-Final-AUVC/ros_ws/src/cv' returned '0': PYTHONPATH=/home/ngt/ZENS-Final-AUVC/ros_ws/build/cv/prefix_override:/usr/lib/python3/dist-packages/colcon_core/task/python/colcon_distutils_commands:/home/ngt/ZENS-Final-AUVC/ros_ws/install/cv/lib/python3.12/site-packages:${PYTHONPATH} /usr/bin/python3 -W ignore:setup.py install is deprecated -W ignore:easy_install command is deprecated setup.py egg_info --egg-base ../../build/cv build --build-base /home/ngt/ZENS-Final-AUVC/ros_ws/build/cv/build install --record /home/ngt/ZENS-Final-AUVC/ros_ws/build/cv/install.log --install-scripts $base/lib/cv --single-version-externally-managed install_data
