[11.466s] Invoking command in '/home/ngt/ZENS-Final-AUVC/ros_ws/src/hardware': PYTHONPATH=/home/ngt/ZENS-Final-AUVC/build/hardware/prefix_override:/usr/lib/python3/dist-packages/colcon_core/task/python/colcon_distutils_commands:/home/ngt/ZENS-Final-AUVC/install/hardware/lib/python3.12/site-packages:${PYTHONPATH} /usr/bin/python3 -W ignore:setup.py install is deprecated -W ignore:easy_install command is deprecated setup.py egg_info --egg-base ../../../build/hardware build --build-base /home/ngt/ZENS-Final-AUVC/build/hardware/build install --record /home/ngt/ZENS-Final-AUVC/build/hardware/install.log --install-scripts $base/lib/hardware --single-version-externally-managed install_data
[14.871s] running egg_info
[15.245s] writing ../../../build/hardware/hardware.egg-info/PKG-INFO
[15.249s] writing dependency_links to ../../../build/hardware/hardware.egg-info/dependency_links.txt
[15.253s] writing entry points to ../../../build/hardware/hardware.egg-info/entry_points.txt
[15.260s] writing requirements to ../../../build/hardware/hardware.egg-info/requires.txt
[15.263s] writing top-level names to ../../../build/hardware/hardware.egg-info/top_level.txt
[16.720s] reading manifest file '../../../build/hardware/hardware.egg-info/SOURCES.txt'
[16.724s] writing manifest file '../../../build/hardware/hardware.egg-info/SOURCES.txt'
[16.725s] running build
[16.726s] running build_py
[16.728s] running install
[16.757s] running install_lib
[16.950s] running install_data
[16.952s] running install_egg_info
[17.158s] removing '/home/ngt/ZENS-Final-AUVC/install/hardware/lib/python3.12/site-packages/hardware-0.0.0-py3.12.egg-info' (and everything under it)
[17.160s] Copying ../../../build/hardware/hardware.egg-info to /home/ngt/ZENS-Final-AUVC/install/hardware/lib/python3.12/site-packages/hardware-0.0.0-py3.12.egg-info
[17.174s] running install_scripts
[17.683s] Installing bluerov2_camera_interface script to /home/ngt/ZENS-Final-AUVC/install/hardware/lib/hardware
[17.687s] Installing bluerov2_hardware_interface script to /home/ngt/ZENS-Final-AUVC/install/hardware/lib/hardware
[17.689s] Installing bluerov2_simulation_interface script to /home/ngt/ZENS-Final-AUVC/install/hardware/lib/hardware
[17.694s] writing list of installed files to '/home/ngt/ZENS-Final-AUVC/build/hardware/install.log'
[17.884s] Invoked command in '/home/ngt/ZENS-Final-AUVC/ros_ws/src/hardware' returned '0': PYTHONPATH=/home/ngt/ZENS-Final-AUVC/build/hardware/prefix_override:/usr/lib/python3/dist-packages/colcon_core/task/python/colcon_distutils_commands:/home/ngt/ZENS-Final-AUVC/install/hardware/lib/python3.12/site-packages:${PYTHONPATH} /usr/bin/python3 -W ignore:setup.py install is deprecated -W ignore:easy_install command is deprecated setup.py egg_info --egg-base ../../../build/hardware build --build-base /home/ngt/ZENS-Final-AUVC/build/hardware/build install --record /home/ngt/ZENS-Final-AUVC/build/hardware/install.log --install-scripts $base/lib/hardware --single-version-externally-managed install_data
