[16.456s] Invoking command in '/home/ngt/ZENS-Final-AUVC/ros_ws/src/flashing': PYTHONPATH=/home/ngt/ZENS-Final-AUVC/build/flashing/prefix_override:/home/ngt/.virtualenvs/ardusub/lib/python3.12/site-packages/colcon_core/task/python/colcon_distutils_commands:/home/ngt/ZENS-Final-AUVC/install/flashing/lib/python3.12/site-packages:${PYTHONPATH} /home/ngt/.virtualenvs/ardusub/bin/python -W ignore:setup.py install is deprecated -W ignore:easy_install command is deprecated setup.py egg_info --egg-base ../../../build/flashing build --build-base /home/ngt/ZENS-Final-AUVC/build/flashing/build install --record /home/ngt/ZENS-Final-AUVC/build/flashing/install.log --install-scripts $base/lib/flashing --single-version-externally-managed install_data
[21.696s] running egg_info
[22.165s] writing ../../../build/flashing/flashing.egg-info/PKG-INFO
[22.202s] writing dependency_links to ../../../build/flashing/flashing.egg-info/dependency_links.txt
[22.203s] writing entry points to ../../../build/flashing/flashing.egg-info/entry_points.txt
[22.204s] writing requirements to ../../../build/flashing/flashing.egg-info/requires.txt
[22.204s] writing top-level names to ../../../build/flashing/flashing.egg-info/top_level.txt
[22.628s] reading manifest file '../../../build/flashing/flashing.egg-info/SOURCES.txt'
[22.645s] writing manifest file '../../../build/flashing/flashing.egg-info/SOURCES.txt'
[22.646s] running build
[22.646s] running build_py
[22.661s] copying flashing/flashing_node.py -> /home/ngt/ZENS-Final-AUVC/build/flashing/build/lib/flashing
[22.662s] copying flashing/__init__.py -> /home/ngt/ZENS-Final-AUVC/build/flashing/build/lib/flashing
[22.667s] running install
[22.725s] running install_lib
[22.864s] running install_data
[22.865s] copying resource/flashing -> /home/ngt/ZENS-Final-AUVC/install/flashing/share/ament_index/resource_index/packages
[22.868s] copying package.xml -> /home/ngt/ZENS-Final-AUVC/install/flashing/share/flashing
[22.869s] running install_egg_info
[23.042s] removing '/home/ngt/ZENS-Final-AUVC/install/flashing/lib/python3.12/site-packages/flashing-0.0.0-py3.12.egg-info' (and everything under it)
[23.064s] Copying ../../../build/flashing/flashing.egg-info to /home/ngt/ZENS-Final-AUVC/install/flashing/lib/python3.12/site-packages/flashing-0.0.0-py3.12.egg-info
[23.110s] running install_scripts
[23.777s] Installing flashing_node script to /home/ngt/ZENS-Final-AUVC/install/flashing/lib/flashing
[23.796s] writing list of installed files to '/home/ngt/ZENS-Final-AUVC/build/flashing/install.log'
[25.760s] Invoked command in '/home/ngt/ZENS-Final-AUVC/ros_ws/src/flashing' returned '0': PYTHONPATH=/home/ngt/ZENS-Final-AUVC/build/flashing/prefix_override:/home/ngt/.virtualenvs/ardusub/lib/python3.12/site-packages/colcon_core/task/python/colcon_distutils_commands:/home/ngt/ZENS-Final-AUVC/install/flashing/lib/python3.12/site-packages:${PYTHONPATH} /home/ngt/.virtualenvs/ardusub/bin/python -W ignore:setup.py install is deprecated -W ignore:easy_install command is deprecated setup.py egg_info --egg-base ../../../build/flashing build --build-base /home/ngt/ZENS-Final-AUVC/build/flashing/build install --record /home/ngt/ZENS-Final-AUVC/build/flashing/install.log --install-scripts $base/lib/flashing --single-version-externally-managed install_data
