[6.385s] Invoking command in '/home/ngt/ZENS-Final-AUVC/ros_ws/src/hardware': PYTHONPATH=/home/ngt/ZENS-Final-AUVC/build/hardware/prefix_override:/home/ngt/.virtualenvs/ardusub/lib/python3.12/site-packages/colcon_core/task/python/colcon_distutils_commands:/home/ngt/ZENS-Final-AUVC/install/hardware/lib/python3.12/site-packages:${PYTHONPATH} /home/ngt/.virtualenvs/ardusub/bin/python -W ignore:setup.py install is deprecated -W ignore:easy_install command is deprecated setup.py egg_info --egg-base ../../../build/hardware build --build-base /home/ngt/ZENS-Final-AUVC/build/hardware/build install --record /home/ngt/ZENS-Final-AUVC/build/hardware/install.log --install-scripts $base/lib/hardware --single-version-externally-managed install_data
[8.778s] /home/ngt/.virtualenvs/ardusub/lib/python3.12/site-packages/setuptools/_distutils/dist.py:288: UserWarning: Unknown distribution option: 'tests_require'
[8.783s]   warnings.warn(msg)
[10.222s] running egg_info
[10.432s] writing ../../../build/hardware/hardware.egg-info/PKG-INFO
[10.438s] writing dependency_links to ../../../build/hardware/hardware.egg-info/dependency_links.txt
[10.441s] writing entry points to ../../../build/hardware/hardware.egg-info/entry_points.txt
[10.445s] writing requirements to ../../../build/hardware/hardware.egg-info/requires.txt
[10.446s] writing top-level names to ../../../build/hardware/hardware.egg-info/top_level.txt
[10.815s] reading manifest file '../../../build/hardware/hardware.egg-info/SOURCES.txt'
[10.829s] writing manifest file '../../../build/hardware/hardware.egg-info/SOURCES.txt'
[10.834s] running build
[10.835s] running build_py
[10.842s] copying hardware/bluerov2_simulation_interface.py -> /home/ngt/ZENS-Final-AUVC/build/hardware/build/lib/hardware
[10.856s] copying hardware/bluerov2_hardware_interface.py -> /home/ngt/ZENS-Final-AUVC/build/hardware/build/lib/hardware
[10.857s] copying hardware/bluerov2_camera_interface.py -> /home/ngt/ZENS-Final-AUVC/build/hardware/build/lib/hardware
[10.868s] copying hardware/__init__.py -> /home/ngt/ZENS-Final-AUVC/build/hardware/build/lib/hardware
[10.878s] running install
[10.928s] running install_lib
[11.213s] running install_data
[11.219s] copying resource/hardware -> /home/ngt/ZENS-Final-AUVC/install/hardware/share/ament_index/resource_index/packages
[11.220s] copying package.xml -> /home/ngt/ZENS-Final-AUVC/install/hardware/share/hardware
[11.221s] copying launch/simulation.launch.py -> /home/ngt/ZENS-Final-AUVC/install/hardware/share/hardware/launch
[11.222s] copying config/bridge.yaml -> /home/ngt/ZENS-Final-AUVC/install/hardware/share/hardware/config
[11.232s] running install_egg_info
[11.366s] removing '/home/ngt/ZENS-Final-AUVC/install/hardware/lib/python3.12/site-packages/hardware-0.0.0-py3.12.egg-info' (and everything under it)
[11.369s] Copying ../../../build/hardware/hardware.egg-info to /home/ngt/ZENS-Final-AUVC/install/hardware/lib/python3.12/site-packages/hardware-0.0.0-py3.12.egg-info
[11.391s] running install_scripts
[12.012s] Installing bluerov2_camera_interface script to /home/ngt/ZENS-Final-AUVC/install/hardware/lib/hardware
[12.021s] Installing bluerov2_hardware_interface script to /home/ngt/ZENS-Final-AUVC/install/hardware/lib/hardware
[12.031s] Installing bluerov2_simulation_interface script to /home/ngt/ZENS-Final-AUVC/install/hardware/lib/hardware
[12.045s] writing list of installed files to '/home/ngt/ZENS-Final-AUVC/build/hardware/install.log'
[12.627s] Invoked command in '/home/ngt/ZENS-Final-AUVC/ros_ws/src/hardware' returned '0': PYTHONPATH=/home/ngt/ZENS-Final-AUVC/build/hardware/prefix_override:/home/ngt/.virtualenvs/ardusub/lib/python3.12/site-packages/colcon_core/task/python/colcon_distutils_commands:/home/ngt/ZENS-Final-AUVC/install/hardware/lib/python3.12/site-packages:${PYTHONPATH} /home/ngt/.virtualenvs/ardusub/bin/python -W ignore:setup.py install is deprecated -W ignore:easy_install command is deprecated setup.py egg_info --egg-base ../../../build/hardware build --build-base /home/ngt/ZENS-Final-AUVC/build/hardware/build install --record /home/ngt/ZENS-Final-AUVC/build/hardware/install.log --install-scripts $base/lib/hardware --single-version-externally-managed install_data
