[23.204s] Invoking command in '/home/ngt/ZENS-Final-AUVC/ros_ws/src/bringup': PYTHONPATH=/home/ngt/ZENS-Final-AUVC/build/bringup/prefix_override:/home/ngt/.virtualenvs/ardusub/lib/python3.12/site-packages/colcon_core/task/python/colcon_distutils_commands:/home/ngt/ZENS-Final-AUVC/install/bringup/lib/python3.12/site-packages:${PYTHONPATH} /home/ngt/.virtualenvs/ardusub/bin/python -W ignore:setup.py install is deprecated -W ignore:easy_install command is deprecated setup.py egg_info --egg-base ../../../build/bringup build --build-base /home/ngt/ZENS-Final-AUVC/build/bringup/build install --record /home/ngt/ZENS-Final-AUVC/build/bringup/install.log --install-scripts $base/lib/bringup --single-version-externally-managed install_data
[27.397s] /home/ngt/.virtualenvs/ardusub/lib/python3.12/site-packages/setuptools/_distutils/dist.py:288: UserWarning: Unknown distribution option: 'tests_require'
[27.406s]   warnings.warn(msg)
[30.639s] running egg_info
[31.117s] writing ../../../build/bringup/bringup.egg-info/PKG-INFO
[31.139s] writing dependency_links to ../../../build/bringup/bringup.egg-info/dependency_links.txt
[31.143s] writing requirements to ../../../build/bringup/bringup.egg-info/requires.txt
[31.155s] writing top-level names to ../../../build/bringup/bringup.egg-info/top_level.txt
[32.488s] reading manifest file '../../../build/bringup/bringup.egg-info/SOURCES.txt'
[32.534s] writing manifest file '../../../build/bringup/bringup.egg-info/SOURCES.txt'
[32.542s] running build
[32.546s] running build_py
[32.550s] copying bringup/__init__.py -> /home/ngt/ZENS-Final-AUVC/build/bringup/build/lib/bringup
[32.556s] running install
[32.718s] running install_lib
[33.326s] running install_data
[33.327s] copying resource/bringup -> /home/ngt/ZENS-Final-AUVC/install/bringup/share/ament_index/resource_index/packages
[33.373s] copying package.xml -> /home/ngt/ZENS-Final-AUVC/install/bringup/share/bringup
[33.377s] copying launch/hardware.launch.py -> /home/ngt/ZENS-Final-AUVC/install/bringup/share/bringup/launch
[33.383s] copying launch/control.launch.py -> /home/ngt/ZENS-Final-AUVC/install/bringup/share/bringup/launch
[33.384s] copying launch/all_systems.launch.py -> /home/ngt/ZENS-Final-AUVC/install/bringup/share/bringup/launch
[33.385s] copying launch/cv.launch.py -> /home/ngt/ZENS-Final-AUVC/install/bringup/share/bringup/launch
[33.435s] copying config/params.yaml -> /home/ngt/ZENS-Final-AUVC/install/bringup/share/bringup/config
[33.435s] running install_egg_info
[34.135s] removing '/home/ngt/ZENS-Final-AUVC/install/bringup/lib/python3.12/site-packages/bringup-0.0.0-py3.12.egg-info' (and everything under it)
[34.154s] Copying ../../../build/bringup/bringup.egg-info to /home/ngt/ZENS-Final-AUVC/install/bringup/lib/python3.12/site-packages/bringup-0.0.0-py3.12.egg-info
[34.210s] running install_scripts
[35.372s] writing list of installed files to '/home/ngt/ZENS-Final-AUVC/build/bringup/install.log'
[39.760s] Invoked command in '/home/ngt/ZENS-Final-AUVC/ros_ws/src/bringup' returned '0': PYTHONPATH=/home/ngt/ZENS-Final-AUVC/build/bringup/prefix_override:/home/ngt/.virtualenvs/ardusub/lib/python3.12/site-packages/colcon_core/task/python/colcon_distutils_commands:/home/ngt/ZENS-Final-AUVC/install/bringup/lib/python3.12/site-packages:${PYTHONPATH} /home/ngt/.virtualenvs/ardusub/bin/python -W ignore:setup.py install is deprecated -W ignore:easy_install command is deprecated setup.py egg_info --egg-base ../../../build/bringup build --build-base /home/ngt/ZENS-Final-AUVC/build/bringup/build install --record /home/ngt/ZENS-Final-AUVC/build/bringup/install.log --install-scripts $base/lib/bringup --single-version-externally-managed install_data
