[15.134s] Invoking command in '/home/ngt/ZENS-Final-AUVC/ros_ws/src/launcher': PYTHONPATH=/home/ngt/ZENS-Final-AUVC/ros_ws/build/launcher/prefix_override:/usr/lib/python3/dist-packages/colcon_core/task/python/colcon_distutils_commands:/home/ngt/ZENS-Final-AUVC/ros_ws/install/launcher/lib/python3.12/site-packages:${PYTHONPATH} /usr/bin/python3 -W ignore:setup.py install is deprecated -W ignore:easy_install command is deprecated setup.py egg_info --egg-base ../../build/launcher build --build-base /home/ngt/ZENS-Final-AUVC/ros_ws/build/launcher/build install --record /home/ngt/ZENS-Final-AUVC/ros_ws/build/launcher/install.log --install-scripts $base/lib/launcher --single-version-externally-managed install_data
[19.489s] running egg_info
[19.930s] writing ../../build/launcher/launcher.egg-info/PKG-INFO
[19.934s] writing dependency_links to ../../build/launcher/launcher.egg-info/dependency_links.txt
[19.946s] writing requirements to ../../build/launcher/launcher.egg-info/requires.txt
[19.958s] writing top-level names to ../../build/launcher/launcher.egg-info/top_level.txt
[22.455s] reading manifest file '../../build/launcher/launcher.egg-info/SOURCES.txt'
[22.459s] writing manifest file '../../build/launcher/launcher.egg-info/SOURCES.txt'
[22.462s] running build
[22.467s] running build_py
[22.471s] running install
[22.503s] running install_lib
[22.766s] running install_data
[22.767s] copying launch/all_systems.launch.yaml -> /home/ngt/ZENS-Final-AUVC/ros_ws/install/launcher/share/launcher/launch
[22.767s] copying launch/control.launch.yaml -> /home/ngt/ZENS-Final-AUVC/ros_ws/install/launcher/share/launcher/launch
[22.771s] running install_egg_info
[23.053s] removing '/home/ngt/ZENS-Final-AUVC/ros_ws/install/launcher/lib/python3.12/site-packages/launcher-0.0.0-py3.12.egg-info' (and everything under it)
[23.057s] Copying ../../build/launcher/launcher.egg-info to /home/ngt/ZENS-Final-AUVC/ros_ws/install/launcher/lib/python3.12/site-packages/launcher-0.0.0-py3.12.egg-info
[23.072s] running install_scripts
[23.745s] writing list of installed files to '/home/ngt/ZENS-Final-AUVC/ros_ws/build/launcher/install.log'
[23.985s] Invoked command in '/home/ngt/ZENS-Final-AUVC/ros_ws/src/launcher' returned '0': PYTHONPATH=/home/ngt/ZENS-Final-AUVC/ros_ws/build/launcher/prefix_override:/usr/lib/python3/dist-packages/colcon_core/task/python/colcon_distutils_commands:/home/ngt/ZENS-Final-AUVC/ros_ws/install/launcher/lib/python3.12/site-packages:${PYTHONPATH} /usr/bin/python3 -W ignore:setup.py install is deprecated -W ignore:easy_install command is deprecated setup.py egg_info --egg-base ../../build/launcher build --build-base /home/ngt/ZENS-Final-AUVC/ros_ws/build/launcher/build install --record /home/ngt/ZENS-Final-AUVC/ros_ws/build/launcher/install.log --install-scripts $base/lib/launcher --single-version-externally-managed install_data
