[0.579s] DEBUG:colcon:Command line arguments: ['/usr/bin/colcon', 'build']
[0.579s] DEBUG:colcon:Parsed command line arguments: Namespace(log_base=None, log_level=None, verb_name='build', build_base='build', install_base='install', merge_install=False, symlink_install=False, test_result_base=None, continue_on_error=False, executor='parallel', parallel_workers=4, event_handlers=None, ignore_user_meta=False, metas=['./colcon.meta'], base_paths=['.'], packages_ignore=None, packages_ignore_regex=None, paths=None, packages_up_to=None, packages_up_to_regex=None, packages_above=None, packages_above_and_dependencies=None, packages_above_depth=None, packages_select_by_dep=None, packages_skip_by_dep=None, packages_skip_up_to=None, packages_select_build_failed=False, packages_skip_build_finished=False, packages_select_test_failures=False, packages_skip_test_passed=False, packages_select=None, packages_skip=None, packages_select_regex=None, packages_skip_regex=None, packages_start=None, packages_end=None, allow_overriding=[], cmake_args=None, cmake_target=None, cmake_target_skip_unavailable=False, cmake_clean_cache=False, cmake_clean_first=False, cmake_force_configure=False, ament_cmake_args=None, catkin_cmake_args=None, catkin_skip_building_tests=False, mixin_files=None, mixin=None, verb_parser=<colcon_mixin.mixin.mixin_argument.MixinArgumentDecorator object at 0xffffbd52d910>, verb_extension=<colcon_core.verb.build.BuildVerb object at 0xffffbd319670>, main=<bound method BuildVerb.main of <colcon_core.verb.build.BuildVerb object at 0xffffbd319670>>, mixin_verb=('build',))
[0.788s] Level 1:colcon.colcon_core.package_discovery:discover_packages(colcon_meta) check parameters
[0.788s] Level 1:colcon.colcon_core.package_discovery:discover_packages(recursive) check parameters
[0.789s] Level 1:colcon.colcon_core.package_discovery:discover_packages(ignore) check parameters
[0.789s] Level 1:colcon.colcon_core.package_discovery:discover_packages(path) check parameters
[0.789s] Level 1:colcon.colcon_core.package_discovery:discover_packages(colcon_meta) discover
[0.789s] Level 1:colcon.colcon_core.package_discovery:discover_packages(recursive) discover
[0.789s] INFO:colcon.colcon_core.package_discovery:Crawling recursively for packages in '/home/ngt/ZENS-Final-AUVC/ros_ws'
[0.790s] Level 1:colcon.colcon_core.package_identification:_identify(.) by extensions ['ignore', 'ignore_ament_install']
[0.790s] Level 1:colcon.colcon_core.package_identification:_identify(.) by extension 'ignore'
[0.791s] Level 1:colcon.colcon_core.package_identification:_identify(.) by extension 'ignore_ament_install'
[0.791s] Level 1:colcon.colcon_core.package_identification:_identify(.) by extensions ['colcon_pkg']
[0.791s] Level 1:colcon.colcon_core.package_identification:_identify(.) by extension 'colcon_pkg'
[0.792s] Level 1:colcon.colcon_core.package_identification:_identify(.) by extensions ['colcon_meta']
[0.792s] Level 1:colcon.colcon_core.package_identification:_identify(.) by extension 'colcon_meta'
[0.792s] Level 1:colcon.colcon_core.package_identification:_identify(.) by extensions ['ros']
[0.792s] Level 1:colcon.colcon_core.package_identification:_identify(.) by extension 'ros'
[0.915s] Level 1:colcon.colcon_core.package_identification:_identify(.) by extensions ['cmake', 'python']
[0.916s] Level 1:colcon.colcon_core.package_identification:_identify(.) by extension 'cmake'
[0.916s] Level 1:colcon.colcon_core.package_identification:_identify(.) by extension 'python'
[0.916s] Level 1:colcon.colcon_core.package_identification:_identify(.) by extensions ['python_setup_py']
[0.917s] Level 1:colcon.colcon_core.package_identification:_identify(.) by extension 'python_setup_py'
[0.918s] Level 1:colcon.colcon_core.package_identification:_identify(build) by extensions ['ignore', 'ignore_ament_install']
[0.918s] Level 1:colcon.colcon_core.package_identification:_identify(build) by extension 'ignore'
[0.919s] Level 1:colcon.colcon_core.package_identification:_identify(build) ignored
[0.920s] Level 1:colcon.colcon_core.package_identification:_identify(bwsibot) by extensions ['ignore', 'ignore_ament_install']
[0.920s] Level 1:colcon.colcon_core.package_identification:_identify(bwsibot) by extension 'ignore'
[0.921s] Level 1:colcon.colcon_core.package_identification:_identify(bwsibot) by extension 'ignore_ament_install'
[0.922s] Level 1:colcon.colcon_core.package_identification:_identify(bwsibot) by extensions ['colcon_pkg']
[0.922s] Level 1:colcon.colcon_core.package_identification:_identify(bwsibot) by extension 'colcon_pkg'
[0.923s] Level 1:colcon.colcon_core.package_identification:_identify(bwsibot) by extensions ['colcon_meta']
[0.923s] Level 1:colcon.colcon_core.package_identification:_identify(bwsibot) by extension 'colcon_meta'
[0.923s] Level 1:colcon.colcon_core.package_identification:_identify(bwsibot) by extensions ['ros']
[0.924s] Level 1:colcon.colcon_core.package_identification:_identify(bwsibot) by extension 'ros'
[0.924s] Level 1:colcon.colcon_core.package_identification:_identify(bwsibot) by extensions ['cmake', 'python']
[0.925s] Level 1:colcon.colcon_core.package_identification:_identify(bwsibot) by extension 'cmake'
[0.925s] Level 1:colcon.colcon_core.package_identification:_identify(bwsibot) by extension 'python'
[0.926s] Level 1:colcon.colcon_core.package_identification:_identify(bwsibot) by extensions ['python_setup_py']
[0.926s] Level 1:colcon.colcon_core.package_identification:_identify(bwsibot) by extension 'python_setup_py'
[0.927s] Level 1:colcon.colcon_core.package_identification:_identify(bwsibot/logs) by extensions ['ignore', 'ignore_ament_install']
[0.928s] Level 1:colcon.colcon_core.package_identification:_identify(bwsibot/logs) by extension 'ignore'
[0.928s] Level 1:colcon.colcon_core.package_identification:_identify(bwsibot/logs) by extension 'ignore_ament_install'
[0.929s] Level 1:colcon.colcon_core.package_identification:_identify(bwsibot/logs) by extensions ['colcon_pkg']
[0.929s] Level 1:colcon.colcon_core.package_identification:_identify(bwsibot/logs) by extension 'colcon_pkg'
[0.930s] Level 1:colcon.colcon_core.package_identification:_identify(bwsibot/logs) by extensions ['colcon_meta']
[0.930s] Level 1:colcon.colcon_core.package_identification:_identify(bwsibot/logs) by extension 'colcon_meta'
[0.930s] Level 1:colcon.colcon_core.package_identification:_identify(bwsibot/logs) by extensions ['ros']
[0.931s] Level 1:colcon.colcon_core.package_identification:_identify(bwsibot/logs) by extension 'ros'
[0.931s] Level 1:colcon.colcon_core.package_identification:_identify(bwsibot/logs) by extensions ['cmake', 'python']
[0.932s] Level 1:colcon.colcon_core.package_identification:_identify(bwsibot/logs) by extension 'cmake'
[0.932s] Level 1:colcon.colcon_core.package_identification:_identify(bwsibot/logs) by extension 'python'
[0.933s] Level 1:colcon.colcon_core.package_identification:_identify(bwsibot/logs) by extensions ['python_setup_py']
[0.933s] Level 1:colcon.colcon_core.package_identification:_identify(bwsibot/logs) by extension 'python_setup_py'
[0.934s] Level 1:colcon.colcon_core.package_identification:_identify(bwsibot/logs/2026-07-27) by extensions ['ignore', 'ignore_ament_install']
[0.935s] Level 1:colcon.colcon_core.package_identification:_identify(bwsibot/logs/2026-07-27) by extension 'ignore'
[0.935s] Level 1:colcon.colcon_core.package_identification:_identify(bwsibot/logs/2026-07-27) by extension 'ignore_ament_install'
[0.936s] Level 1:colcon.colcon_core.package_identification:_identify(bwsibot/logs/2026-07-27) by extensions ['colcon_pkg']
[0.936s] Level 1:colcon.colcon_core.package_identification:_identify(bwsibot/logs/2026-07-27) by extension 'colcon_pkg'
[0.937s] Level 1:colcon.colcon_core.package_identification:_identify(bwsibot/logs/2026-07-27) by extensions ['colcon_meta']
[0.937s] Level 1:colcon.colcon_core.package_identification:_identify(bwsibot/logs/2026-07-27) by extension 'colcon_meta'
[0.938s] Level 1:colcon.colcon_core.package_identification:_identify(bwsibot/logs/2026-07-27) by extensions ['ros']
[0.938s] Level 1:colcon.colcon_core.package_identification:_identify(bwsibot/logs/2026-07-27) by extension 'ros'
[0.939s] Level 1:colcon.colcon_core.package_identification:_identify(bwsibot/logs/2026-07-27) by extensions ['cmake', 'python']
[0.940s] Level 1:colcon.colcon_core.package_identification:_identify(bwsibot/logs/2026-07-27) by extension 'cmake'
[0.940s] Level 1:colcon.colcon_core.package_identification:_identify(bwsibot/logs/2026-07-27) by extension 'python'
[0.940s] Level 1:colcon.colcon_core.package_identification:_identify(bwsibot/logs/2026-07-27) by extensions ['python_setup_py']
[0.941s] Level 1:colcon.colcon_core.package_identification:_identify(bwsibot/logs/2026-07-27) by extension 'python_setup_py'
[0.942s] Level 1:colcon.colcon_core.package_identification:_identify(bwsibot/logs/2026-07-27/flight1) by extensions ['ignore', 'ignore_ament_install']
[0.942s] Level 1:colcon.colcon_core.package_identification:_identify(bwsibot/logs/2026-07-27/flight1) by extension 'ignore'
[0.943s] Level 1:colcon.colcon_core.package_identification:_identify(bwsibot/logs/2026-07-27/flight1) by extension 'ignore_ament_install'
[0.943s] Level 1:colcon.colcon_core.package_identification:_identify(bwsibot/logs/2026-07-27/flight1) by extensions ['colcon_pkg']
[0.944s] Level 1:colcon.colcon_core.package_identification:_identify(bwsibot/logs/2026-07-27/flight1) by extension 'colcon_pkg'
[0.944s] Level 1:colcon.colcon_core.package_identification:_identify(bwsibot/logs/2026-07-27/flight1) by extensions ['colcon_meta']
[0.944s] Level 1:colcon.colcon_core.package_identification:_identify(bwsibot/logs/2026-07-27/flight1) by extension 'colcon_meta'
[0.945s] Level 1:colcon.colcon_core.package_identification:_identify(bwsibot/logs/2026-07-27/flight1) by extensions ['ros']
[0.945s] Level 1:colcon.colcon_core.package_identification:_identify(bwsibot/logs/2026-07-27/flight1) by extension 'ros'
[0.945s] Level 1:colcon.colcon_core.package_identification:_identify(bwsibot/logs/2026-07-27/flight1) by extensions ['cmake', 'python']
[0.946s] Level 1:colcon.colcon_core.package_identification:_identify(bwsibot/logs/2026-07-27/flight1) by extension 'cmake'
[0.946s] Level 1:colcon.colcon_core.package_identification:_identify(bwsibot/logs/2026-07-27/flight1) by extension 'python'
[0.946s] Level 1:colcon.colcon_core.package_identification:_identify(bwsibot/logs/2026-07-27/flight1) by extensions ['python_setup_py']
[0.946s] Level 1:colcon.colcon_core.package_identification:_identify(bwsibot/logs/2026-07-27/flight1) by extension 'python_setup_py'
[0.947s] Level 1:colcon.colcon_core.package_identification:_identify(bwsibot/logs/2026-07-28) by extensions ['ignore', 'ignore_ament_install']
[0.948s] Level 1:colcon.colcon_core.package_identification:_identify(bwsibot/logs/2026-07-28) by extension 'ignore'
[0.948s] Level 1:colcon.colcon_core.package_identification:_identify(bwsibot/logs/2026-07-28) by extension 'ignore_ament_install'
[0.949s] Level 1:colcon.colcon_core.package_identification:_identify(bwsibot/logs/2026-07-28) by extensions ['colcon_pkg']
[0.949s] Level 1:colcon.colcon_core.package_identification:_identify(bwsibot/logs/2026-07-28) by extension 'colcon_pkg'
[0.949s] Level 1:colcon.colcon_core.package_identification:_identify(bwsibot/logs/2026-07-28) by extensions ['colcon_meta']
[0.950s] Level 1:colcon.colcon_core.package_identification:_identify(bwsibot/logs/2026-07-28) by extension 'colcon_meta'
[0.950s] Level 1:colcon.colcon_core.package_identification:_identify(bwsibot/logs/2026-07-28) by extensions ['ros']
[0.950s] Level 1:colcon.colcon_core.package_identification:_identify(bwsibot/logs/2026-07-28) by extension 'ros'
[0.951s] Level 1:colcon.colcon_core.package_identification:_identify(bwsibot/logs/2026-07-28) by extensions ['cmake', 'python']
[0.951s] Level 1:colcon.colcon_core.package_identification:_identify(bwsibot/logs/2026-07-28) by extension 'cmake'
[0.951s] Level 1:colcon.colcon_core.package_identification:_identify(bwsibot/logs/2026-07-28) by extension 'python'
[0.952s] Level 1:colcon.colcon_core.package_identification:_identify(bwsibot/logs/2026-07-28) by extensions ['python_setup_py']
[0.952s] Level 1:colcon.colcon_core.package_identification:_identify(bwsibot/logs/2026-07-28) by extension 'python_setup_py'
[0.953s] Level 1:colcon.colcon_core.package_identification:_identify(bwsibot/logs/2026-07-28/flight1) by extensions ['ignore', 'ignore_ament_install']
[0.953s] Level 1:colcon.colcon_core.package_identification:_identify(bwsibot/logs/2026-07-28/flight1) by extension 'ignore'
[0.954s] Level 1:colcon.colcon_core.package_identification:_identify(bwsibot/logs/2026-07-28/flight1) by extension 'ignore_ament_install'
[0.954s] Level 1:colcon.colcon_core.package_identification:_identify(bwsibot/logs/2026-07-28/flight1) by extensions ['colcon_pkg']
[0.954s] Level 1:colcon.colcon_core.package_identification:_identify(bwsibot/logs/2026-07-28/flight1) by extension 'colcon_pkg'
[0.955s] Level 1:colcon.colcon_core.package_identification:_identify(bwsibot/logs/2026-07-28/flight1) by extensions ['colcon_meta']
[0.955s] Level 1:colcon.colcon_core.package_identification:_identify(bwsibot/logs/2026-07-28/flight1) by extension 'colcon_meta'
[0.955s] Level 1:colcon.colcon_core.package_identification:_identify(bwsibot/logs/2026-07-28/flight1) by extensions ['ros']
[0.955s] Level 1:colcon.colcon_core.package_identification:_identify(bwsibot/logs/2026-07-28/flight1) by extension 'ros'
[0.956s] Level 1:colcon.colcon_core.package_identification:_identify(bwsibot/logs/2026-07-28/flight1) by extensions ['cmake', 'python']
[0.956s] Level 1:colcon.colcon_core.package_identification:_identify(bwsibot/logs/2026-07-28/flight1) by extension 'cmake'
[0.956s] Level 1:colcon.colcon_core.package_identification:_identify(bwsibot/logs/2026-07-28/flight1) by extension 'python'
[0.956s] Level 1:colcon.colcon_core.package_identification:_identify(bwsibot/logs/2026-07-28/flight1) by extensions ['python_setup_py']
[0.957s] Level 1:colcon.colcon_core.package_identification:_identify(bwsibot/logs/2026-07-28/flight1) by extension 'python_setup_py'
[0.957s] Level 1:colcon.colcon_core.package_identification:_identify(install) by extensions ['ignore', 'ignore_ament_install']
[0.958s] Level 1:colcon.colcon_core.package_identification:_identify(install) by extension 'ignore'
[0.958s] Level 1:colcon.colcon_core.package_identification:_identify(install) ignored
[0.959s] Level 1:colcon.colcon_core.package_identification:_identify(log) by extensions ['ignore', 'ignore_ament_install']
[0.959s] Level 1:colcon.colcon_core.package_identification:_identify(log) by extension 'ignore'
[0.960s] Level 1:colcon.colcon_core.package_identification:_identify(log) ignored
[0.960s] Level 1:colcon.colcon_core.package_identification:_identify(src) by extensions ['ignore', 'ignore_ament_install']
[0.961s] Level 1:colcon.colcon_core.package_identification:_identify(src) by extension 'ignore'
[0.961s] Level 1:colcon.colcon_core.package_identification:_identify(src) by extension 'ignore_ament_install'
[0.961s] Level 1:colcon.colcon_core.package_identification:_identify(src) by extensions ['colcon_pkg']
[0.961s] Level 1:colcon.colcon_core.package_identification:_identify(src) by extension 'colcon_pkg'
[0.962s] Level 1:colcon.colcon_core.package_identification:_identify(src) by extensions ['colcon_meta']
[0.962s] Level 1:colcon.colcon_core.package_identification:_identify(src) by extension 'colcon_meta'
[0.962s] Level 1:colcon.colcon_core.package_identification:_identify(src) by extensions ['ros']
[0.962s] Level 1:colcon.colcon_core.package_identification:_identify(src) by extension 'ros'
[0.962s] Level 1:colcon.colcon_core.package_identification:_identify(src) by extensions ['cmake', 'python']
[0.963s] Level 1:colcon.colcon_core.package_identification:_identify(src) by extension 'cmake'
[0.963s] Level 1:colcon.colcon_core.package_identification:_identify(src) by extension 'python'
[0.963s] Level 1:colcon.colcon_core.package_identification:_identify(src) by extensions ['python_setup_py']
[0.963s] Level 1:colcon.colcon_core.package_identification:_identify(src) by extension 'python_setup_py'
[0.964s] Level 1:colcon.colcon_core.package_identification:_identify(src/bringup) by extensions ['ignore', 'ignore_ament_install']
[0.964s] Level 1:colcon.colcon_core.package_identification:_identify(src/bringup) by extension 'ignore'
[0.965s] Level 1:colcon.colcon_core.package_identification:_identify(src/bringup) by extension 'ignore_ament_install'
[0.965s] Level 1:colcon.colcon_core.package_identification:_identify(src/bringup) by extensions ['colcon_pkg']
[0.965s] Level 1:colcon.colcon_core.package_identification:_identify(src/bringup) by extension 'colcon_pkg'
[0.966s] Level 1:colcon.colcon_core.package_identification:_identify(src/bringup) by extensions ['colcon_meta']
[0.966s] Level 1:colcon.colcon_core.package_identification:_identify(src/bringup) by extension 'colcon_meta'
[0.966s] Level 1:colcon.colcon_core.package_identification:_identify(src/bringup) by extensions ['ros']
[0.966s] Level 1:colcon.colcon_core.package_identification:_identify(src/bringup) by extension 'ros'
[0.980s] DEBUG:colcon.colcon_core.package_identification:Package 'src/bringup' with type 'ros.ament_python' and name 'bringup'
[0.981s] Level 1:colcon.colcon_core.package_identification:_identify(src/control) by extensions ['ignore', 'ignore_ament_install']
[0.981s] Level 1:colcon.colcon_core.package_identification:_identify(src/control) by extension 'ignore'
[0.981s] Level 1:colcon.colcon_core.package_identification:_identify(src/control) by extension 'ignore_ament_install'
[0.982s] Level 1:colcon.colcon_core.package_identification:_identify(src/control) by extensions ['colcon_pkg']
[0.982s] Level 1:colcon.colcon_core.package_identification:_identify(src/control) by extension 'colcon_pkg'
[0.982s] Level 1:colcon.colcon_core.package_identification:_identify(src/control) by extensions ['colcon_meta']
[0.982s] Level 1:colcon.colcon_core.package_identification:_identify(src/control) by extension 'colcon_meta'
[0.983s] Level 1:colcon.colcon_core.package_identification:_identify(src/control) by extensions ['ros']
[0.983s] Level 1:colcon.colcon_core.package_identification:_identify(src/control) by extension 'ros'
[0.989s] DEBUG:colcon.colcon_core.package_identification:Package 'src/control' with type 'ros.ament_python' and name 'control'
[0.990s] Level 1:colcon.colcon_core.package_identification:_identify(src/cv) by extensions ['ignore', 'ignore_ament_install']
[0.990s] Level 1:colcon.colcon_core.package_identification:_identify(src/cv) by extension 'ignore'
[0.991s] Level 1:colcon.colcon_core.package_identification:_identify(src/cv) by extension 'ignore_ament_install'
[0.991s] Level 1:colcon.colcon_core.package_identification:_identify(src/cv) by extensions ['colcon_pkg']
[0.991s] Level 1:colcon.colcon_core.package_identification:_identify(src/cv) by extension 'colcon_pkg'
[0.992s] Level 1:colcon.colcon_core.package_identification:_identify(src/cv) by extensions ['colcon_meta']
[0.992s] Level 1:colcon.colcon_core.package_identification:_identify(src/cv) by extension 'colcon_meta'
[0.993s] Level 1:colcon.colcon_core.package_identification:_identify(src/cv) by extensions ['ros']
[0.993s] Level 1:colcon.colcon_core.package_identification:_identify(src/cv) by extension 'ros'
[1.000s] DEBUG:colcon.colcon_core.package_identification:Package 'src/cv' with type 'ros.ament_python' and name 'cv'
[1.000s] Level 1:colcon.colcon_core.package_identification:_identify(src/flashing) by extensions ['ignore', 'ignore_ament_install']
[1.001s] Level 1:colcon.colcon_core.package_identification:_identify(src/flashing) by extension 'ignore'
[1.001s] Level 1:colcon.colcon_core.package_identification:_identify(src/flashing) by extension 'ignore_ament_install'
[1.002s] Level 1:colcon.colcon_core.package_identification:_identify(src/flashing) by extensions ['colcon_pkg']
[1.002s] Level 1:colcon.colcon_core.package_identification:_identify(src/flashing) by extension 'colcon_pkg'
[1.002s] Level 1:colcon.colcon_core.package_identification:_identify(src/flashing) by extensions ['colcon_meta']
[1.002s] Level 1:colcon.colcon_core.package_identification:_identify(src/flashing) by extension 'colcon_meta'
[1.003s] Level 1:colcon.colcon_core.package_identification:_identify(src/flashing) by extensions ['ros']
[1.003s] Level 1:colcon.colcon_core.package_identification:_identify(src/flashing) by extension 'ros'
[1.009s] DEBUG:colcon.colcon_core.package_identification:Package 'src/flashing' with type 'ros.ament_python' and name 'flashing'
[1.009s] Level 1:colcon.colcon_core.package_identification:_identify(src/msgs) by extensions ['ignore', 'ignore_ament_install']
[1.010s] Level 1:colcon.colcon_core.package_identification:_identify(src/msgs) by extension 'ignore'
[1.010s] Level 1:colcon.colcon_core.package_identification:_identify(src/msgs) by extension 'ignore_ament_install'
[1.011s] Level 1:colcon.colcon_core.package_identification:_identify(src/msgs) by extensions ['colcon_pkg']
[1.011s] Level 1:colcon.colcon_core.package_identification:_identify(src/msgs) by extension 'colcon_pkg'
[1.011s] Level 1:colcon.colcon_core.package_identification:_identify(src/msgs) by extensions ['colcon_meta']
[1.012s] Level 1:colcon.colcon_core.package_identification:_identify(src/msgs) by extension 'colcon_meta'
[1.012s] Level 1:colcon.colcon_core.package_identification:_identify(src/msgs) by extensions ['ros']
[1.012s] Level 1:colcon.colcon_core.package_identification:_identify(src/msgs) by extension 'ros'
[1.019s] DEBUG:colcon.colcon_core.package_identification:Package 'src/msgs' with type 'ros.ament_cmake' and name 'msgs'
[1.019s] Level 1:colcon.colcon_core.package_discovery:discover_packages(recursive) using defaults
[1.019s] Level 1:colcon.colcon_core.package_discovery:discover_packages(ignore) discover
[1.019s] Level 1:colcon.colcon_core.package_discovery:discover_packages(ignore) using defaults
[1.020s] Level 1:colcon.colcon_core.package_discovery:discover_packages(path) discover
[1.020s] Level 1:colcon.colcon_core.package_discovery:discover_packages(path) using defaults
[1.120s] Level 1:colcon.colcon_core.package_discovery:discover_packages(prefix_path) check parameters
[1.121s] Level 1:colcon.colcon_core.package_discovery:discover_packages(prefix_path) discover
[1.136s] DEBUG:colcon.colcon_installed_package_information.package_discovery:Found 6 installed packages in /home/ngt/ZENS-Final-AUVC/ros_ws/install
[1.140s] DEBUG:colcon.colcon_installed_package_information.package_discovery:Found 6 installed packages in /home/ngt/auvc_ws/install
[1.142s] DEBUG:colcon.colcon_installed_package_information.package_discovery:Found 1 installed packages in /home/ngt/cv_ws/install
[1.145s] DEBUG:colcon.colcon_installed_package_information.package_discovery:Found 2 installed packages in /home/ngt/pid_ws/install
[1.148s] DEBUG:colcon.colcon_installed_package_information.package_discovery:Found 1 installed packages in /home/ngt/auv_dancing/install
[1.159s] DEBUG:colcon.colcon_installed_package_information.package_discovery:Found 262 installed packages in /opt/ros/jazzy
[1.163s] Level 1:colcon.colcon_core.package_discovery:discover_packages(prefix_path) using defaults
[1.418s] Level 5:colcon.colcon_core.verb:set package 'bringup' build argument 'cmake_args' from command line to 'None'
[1.419s] Level 5:colcon.colcon_core.verb:set package 'bringup' build argument 'cmake_target' from command line to 'None'
[1.419s] Level 5:colcon.colcon_core.verb:set package 'bringup' build argument 'cmake_target_skip_unavailable' from command line to 'False'
[1.419s] Level 5:colcon.colcon_core.verb:set package 'bringup' build argument 'cmake_clean_cache' from command line to 'False'
[1.419s] Level 5:colcon.colcon_core.verb:set package 'bringup' build argument 'cmake_clean_first' from command line to 'False'
[1.419s] Level 5:colcon.colcon_core.verb:set package 'bringup' build argument 'cmake_force_configure' from command line to 'False'
[1.419s] Level 5:colcon.colcon_core.verb:set package 'bringup' build argument 'ament_cmake_args' from command line to 'None'
[1.420s] Level 5:colcon.colcon_core.verb:set package 'bringup' build argument 'catkin_cmake_args' from command line to 'None'
[1.420s] Level 5:colcon.colcon_core.verb:set package 'bringup' build argument 'catkin_skip_building_tests' from command line to 'False'
[1.420s] DEBUG:colcon.colcon_core.verb:Building package 'bringup' with the following arguments: {'ament_cmake_args': None, 'build_base': '/home/ngt/ZENS-Final-AUVC/ros_ws/build/bringup', 'catkin_cmake_args': None, 'catkin_skip_building_tests': False, 'cmake_args': None, 'cmake_clean_cache': False, 'cmake_clean_first': False, 'cmake_force_configure': False, 'cmake_target': None, 'cmake_target_skip_unavailable': False, 'install_base': '/home/ngt/ZENS-Final-AUVC/ros_ws/install/bringup', 'merge_install': False, 'path': '/home/ngt/ZENS-Final-AUVC/ros_ws/src/bringup', 'symlink_install': False, 'test_result_base': None}
[1.422s] Level 5:colcon.colcon_core.verb:set package 'control' build argument 'cmake_args' from command line to 'None'
[1.422s] Level 5:colcon.colcon_core.verb:set package 'control' build argument 'cmake_target' from command line to 'None'
[1.422s] Level 5:colcon.colcon_core.verb:set package 'control' build argument 'cmake_target_skip_unavailable' from command line to 'False'
[1.423s] Level 5:colcon.colcon_core.verb:set package 'control' build argument 'cmake_clean_cache' from command line to 'False'
[1.423s] Level 5:colcon.colcon_core.verb:set package 'control' build argument 'cmake_clean_first' from command line to 'False'
[1.423s] Level 5:colcon.colcon_core.verb:set package 'control' build argument 'cmake_force_configure' from command line to 'False'
[1.423s] Level 5:colcon.colcon_core.verb:set package 'control' build argument 'ament_cmake_args' from command line to 'None'
[1.423s] Level 5:colcon.colcon_core.verb:set package 'control' build argument 'catkin_cmake_args' from command line to 'None'
[1.424s] Level 5:colcon.colcon_core.verb:set package 'control' build argument 'catkin_skip_building_tests' from command line to 'False'
[1.424s] DEBUG:colcon.colcon_core.verb:Building package 'control' with the following arguments: {'ament_cmake_args': None, 'build_base': '/home/ngt/ZENS-Final-AUVC/ros_ws/build/control', 'catkin_cmake_args': None, 'catkin_skip_building_tests': False, 'cmake_args': None, 'cmake_clean_cache': False, 'cmake_clean_first': False, 'cmake_force_configure': False, 'cmake_target': None, 'cmake_target_skip_unavailable': False, 'install_base': '/home/ngt/ZENS-Final-AUVC/ros_ws/install/control', 'merge_install': False, 'path': '/home/ngt/ZENS-Final-AUVC/ros_ws/src/control', 'symlink_install': False, 'test_result_base': None}
[1.425s] Level 5:colcon.colcon_core.verb:set package 'cv' build argument 'cmake_args' from command line to 'None'
[1.426s] Level 5:colcon.colcon_core.verb:set package 'cv' build argument 'cmake_target' from command line to 'None'
[1.427s] Level 5:colcon.colcon_core.verb:set package 'cv' build argument 'cmake_target_skip_unavailable' from command line to 'False'
[1.427s] Level 5:colcon.colcon_core.verb:set package 'cv' build argument 'cmake_clean_cache' from command line to 'False'
[1.427s] Level 5:colcon.colcon_core.verb:set package 'cv' build argument 'cmake_clean_first' from command line to 'False'
[1.427s] Level 5:colcon.colcon_core.verb:set package 'cv' build argument 'cmake_force_configure' from command line to 'False'
[1.427s] Level 5:colcon.colcon_core.verb:set package 'cv' build argument 'ament_cmake_args' from command line to 'None'
[1.427s] Level 5:colcon.colcon_core.verb:set package 'cv' build argument 'catkin_cmake_args' from command line to 'None'
[1.427s] Level 5:colcon.colcon_core.verb:set package 'cv' build argument 'catkin_skip_building_tests' from command line to 'False'
[1.428s] DEBUG:colcon.colcon_core.verb:Building package 'cv' with the following arguments: {'ament_cmake_args': None, 'build_base': '/home/ngt/ZENS-Final-AUVC/ros_ws/build/cv', 'catkin_cmake_args': None, 'catkin_skip_building_tests': False, 'cmake_args': None, 'cmake_clean_cache': False, 'cmake_clean_first': False, 'cmake_force_configure': False, 'cmake_target': None, 'cmake_target_skip_unavailable': False, 'install_base': '/home/ngt/ZENS-Final-AUVC/ros_ws/install/cv', 'merge_install': False, 'path': '/home/ngt/ZENS-Final-AUVC/ros_ws/src/cv', 'symlink_install': False, 'test_result_base': None}
[1.429s] Level 5:colcon.colcon_core.verb:set package 'flashing' build argument 'cmake_args' from command line to 'None'
[1.430s] Level 5:colcon.colcon_core.verb:set package 'flashing' build argument 'cmake_target' from command line to 'None'
[1.430s] Level 5:colcon.colcon_core.verb:set package 'flashing' build argument 'cmake_target_skip_unavailable' from command line to 'False'
[1.430s] Level 5:colcon.colcon_core.verb:set package 'flashing' build argument 'cmake_clean_cache' from command line to 'False'
[1.430s] Level 5:colcon.colcon_core.verb:set package 'flashing' build argument 'cmake_clean_first' from command line to 'False'
[1.430s] Level 5:colcon.colcon_core.verb:set package 'flashing' build argument 'cmake_force_configure' from command line to 'False'
[1.430s] Level 5:colcon.colcon_core.verb:set package 'flashing' build argument 'ament_cmake_args' from command line to 'None'
[1.431s] Level 5:colcon.colcon_core.verb:set package 'flashing' build argument 'catkin_cmake_args' from command line to 'None'
[1.431s] Level 5:colcon.colcon_core.verb:set package 'flashing' build argument 'catkin_skip_building_tests' from command line to 'False'
[1.431s] DEBUG:colcon.colcon_core.verb:Building package 'flashing' with the following arguments: {'ament_cmake_args': None, 'build_base': '/home/ngt/ZENS-Final-AUVC/ros_ws/build/flashing', 'catkin_cmake_args': None, 'catkin_skip_building_tests': False, 'cmake_args': None, 'cmake_clean_cache': False, 'cmake_clean_first': False, 'cmake_force_configure': False, 'cmake_target': None, 'cmake_target_skip_unavailable': False, 'install_base': '/home/ngt/ZENS-Final-AUVC/ros_ws/install/flashing', 'merge_install': False, 'path': '/home/ngt/ZENS-Final-AUVC/ros_ws/src/flashing', 'symlink_install': False, 'test_result_base': None}
[1.433s] Level 5:colcon.colcon_core.verb:set package 'msgs' build argument 'cmake_args' from command line to 'None'
[1.433s] Level 5:colcon.colcon_core.verb:set package 'msgs' build argument 'cmake_target' from command line to 'None'
[1.433s] Level 5:colcon.colcon_core.verb:set package 'msgs' build argument 'cmake_target_skip_unavailable' from command line to 'False'
[1.433s] Level 5:colcon.colcon_core.verb:set package 'msgs' build argument 'cmake_clean_cache' from command line to 'False'
[1.436s] Level 5:colcon.colcon_core.verb:set package 'msgs' build argument 'cmake_clean_first' from command line to 'False'
[1.436s] Level 5:colcon.colcon_core.verb:set package 'msgs' build argument 'cmake_force_configure' from command line to 'False'
[1.436s] Level 5:colcon.colcon_core.verb:set package 'msgs' build argument 'ament_cmake_args' from command line to 'None'
[1.436s] Level 5:colcon.colcon_core.verb:set package 'msgs' build argument 'catkin_cmake_args' from command line to 'None'
[1.436s] Level 5:colcon.colcon_core.verb:set package 'msgs' build argument 'catkin_skip_building_tests' from command line to 'False'
[1.437s] DEBUG:colcon.colcon_core.verb:Building package 'msgs' with the following arguments: {'ament_cmake_args': None, 'build_base': '/home/ngt/ZENS-Final-AUVC/ros_ws/build/msgs', 'catkin_cmake_args': None, 'catkin_skip_building_tests': False, 'cmake_args': None, 'cmake_clean_cache': False, 'cmake_clean_first': False, 'cmake_force_configure': False, 'cmake_target': None, 'cmake_target_skip_unavailable': False, 'install_base': '/home/ngt/ZENS-Final-AUVC/ros_ws/install/msgs', 'merge_install': False, 'path': '/home/ngt/ZENS-Final-AUVC/ros_ws/src/msgs', 'symlink_install': False, 'test_result_base': None}
[1.437s] INFO:colcon.colcon_core.executor:Executing jobs using 'parallel' executor
[1.442s] DEBUG:colcon.colcon_parallel_executor.executor.parallel:run_until_complete
[1.443s] INFO:colcon.colcon_ros.task.ament_python.build:Building ROS package in '/home/ngt/ZENS-Final-AUVC/ros_ws/src/bringup' with build type 'ament_python'
[1.444s] Level 1:colcon.colcon_core.shell:create_environment_hook('bringup', 'ament_prefix_path')
[1.456s] INFO:colcon.colcon_core.plugin_system:Skipping extension 'colcon_core.shell.bat': Not used on non-Windows systems
[1.458s] INFO:colcon.colcon_core.shell:Creating environment hook '/home/ngt/ZENS-Final-AUVC/ros_ws/install/bringup/share/bringup/hook/ament_prefix_path.ps1'
[1.463s] INFO:colcon.colcon_core.shell:Creating environment descriptor '/home/ngt/ZENS-Final-AUVC/ros_ws/install/bringup/share/bringup/hook/ament_prefix_path.dsv'
[1.465s] INFO:colcon.colcon_core.shell:Creating environment hook '/home/ngt/ZENS-Final-AUVC/ros_ws/install/bringup/share/bringup/hook/ament_prefix_path.sh'
[1.472s] INFO:colcon.colcon_core.shell:Skip shell extension 'powershell' for command environment: Not usable outside of PowerShell
[1.472s] DEBUG:colcon.colcon_core.shell:Skip shell extension 'dsv' for command environment
[1.516s] INFO:colcon.colcon_ros.task.ament_python.build:Building ROS package in '/home/ngt/ZENS-Final-AUVC/ros_ws/src/control' with build type 'ament_python'
[1.517s] Level 1:colcon.colcon_core.shell:create_environment_hook('control', 'ament_prefix_path')
[1.518s] INFO:colcon.colcon_core.shell:Creating environment hook '/home/ngt/ZENS-Final-AUVC/ros_ws/install/control/share/control/hook/ament_prefix_path.ps1'
[1.521s] INFO:colcon.colcon_core.shell:Creating environment descriptor '/home/ngt/ZENS-Final-AUVC/ros_ws/install/control/share/control/hook/ament_prefix_path.dsv'
[1.524s] INFO:colcon.colcon_core.shell:Creating environment hook '/home/ngt/ZENS-Final-AUVC/ros_ws/install/control/share/control/hook/ament_prefix_path.sh'
[1.527s] INFO:colcon.colcon_core.shell:Skip shell extension 'powershell' for command environment: Not usable outside of PowerShell
[1.528s] DEBUG:colcon.colcon_core.shell:Skip shell extension 'dsv' for command environment
[1.561s] INFO:colcon.colcon_ros.task.ament_python.build:Building ROS package in '/home/ngt/ZENS-Final-AUVC/ros_ws/src/cv' with build type 'ament_python'
[1.561s] Level 1:colcon.colcon_core.shell:create_environment_hook('cv', 'ament_prefix_path')
[1.562s] INFO:colcon.colcon_core.shell:Creating environment hook '/home/ngt/ZENS-Final-AUVC/ros_ws/install/cv/share/cv/hook/ament_prefix_path.ps1'
[1.566s] INFO:colcon.colcon_core.shell:Creating environment descriptor '/home/ngt/ZENS-Final-AUVC/ros_ws/install/cv/share/cv/hook/ament_prefix_path.dsv'
[1.568s] INFO:colcon.colcon_core.shell:Creating environment hook '/home/ngt/ZENS-Final-AUVC/ros_ws/install/cv/share/cv/hook/ament_prefix_path.sh'
[1.571s] INFO:colcon.colcon_core.shell:Skip shell extension 'powershell' for command environment: Not usable outside of PowerShell
[1.571s] DEBUG:colcon.colcon_core.shell:Skip shell extension 'dsv' for command environment
[1.613s] INFO:colcon.colcon_ros.task.ament_python.build:Building ROS package in '/home/ngt/ZENS-Final-AUVC/ros_ws/src/flashing' with build type 'ament_python'
[1.615s] Level 1:colcon.colcon_core.shell:create_environment_hook('flashing', 'ament_prefix_path')
[1.616s] INFO:colcon.colcon_core.shell:Creating environment hook '/home/ngt/ZENS-Final-AUVC/ros_ws/install/flashing/share/flashing/hook/ament_prefix_path.ps1'
[1.621s] INFO:colcon.colcon_core.shell:Creating environment descriptor '/home/ngt/ZENS-Final-AUVC/ros_ws/install/flashing/share/flashing/hook/ament_prefix_path.dsv'
[1.624s] INFO:colcon.colcon_core.shell:Creating environment hook '/home/ngt/ZENS-Final-AUVC/ros_ws/install/flashing/share/flashing/hook/ament_prefix_path.sh'
[1.629s] INFO:colcon.colcon_core.shell:Skip shell extension 'powershell' for command environment: Not usable outside of PowerShell
[1.630s] DEBUG:colcon.colcon_core.shell:Skip shell extension 'dsv' for command environment
[3.332s] INFO:colcon.colcon_core.task.python.build:Building Python package in '/home/ngt/ZENS-Final-AUVC/ros_ws/src/bringup'
[3.333s] INFO:colcon.colcon_core.shell:Skip shell extension 'powershell' for command environment: Not usable outside of PowerShell
[3.333s] DEBUG:colcon.colcon_core.shell:Skip shell extension 'dsv' for command environment
[5.212s] INFO:colcon.colcon_core.task.python.build:Building Python package in '/home/ngt/ZENS-Final-AUVC/ros_ws/src/control'
[5.214s] INFO:colcon.colcon_core.shell:Skip shell extension 'powershell' for command environment: Not usable outside of PowerShell
[5.215s] DEBUG:colcon.colcon_core.shell:Skip shell extension 'dsv' for command environment
[7.085s] INFO:colcon.colcon_core.task.python.build:Building Python package in '/home/ngt/ZENS-Final-AUVC/ros_ws/src/cv'
[7.086s] INFO:colcon.colcon_core.shell:Skip shell extension 'powershell' for command environment: Not usable outside of PowerShell
[7.086s] DEBUG:colcon.colcon_core.shell:Skip shell extension 'dsv' for command environment
[9.007s] INFO:colcon.colcon_core.task.python.build:Building Python package in '/home/ngt/ZENS-Final-AUVC/ros_ws/src/flashing'
[9.007s] INFO:colcon.colcon_core.shell:Skip shell extension 'powershell' for command environment: Not usable outside of PowerShell
[9.008s] DEBUG:colcon.colcon_core.shell:Skip shell extension 'dsv' for command environment
[22.415s] DEBUG:colcon.colcon_core.task.python.build:Available setuptools commands: editable_wheel, upload_docs, test, update_catalog, rotate, develop, install_egg_info, upload, install_lib, saveopts, install_scripts, bdist_rpm, install, alias, extract_messages, easy_install, install_headers, compile_catalog, setopt, register, dist_info, clean, build_scripts, build_ext, symlink_data, bdist_egg, sdist, build_clib, install_data, egg_info, bdist, build_py, bdist_wheel, bdist_dumb, init_catalog, build, check
[22.453s] DEBUG:colcon.colcon_core.event_handler.log_command:Invoking command in '/home/ngt/ZENS-Final-AUVC/ros_ws/src/bringup': PYTHONPATH=/home/ngt/ZENS-Final-AUVC/ros_ws/build/bringup/prefix_override:/usr/lib/python3/dist-packages/colcon_core/task/python/colcon_distutils_commands:/home/ngt/ZENS-Final-AUVC/ros_ws/install/bringup/lib/python3.12/site-packages:${PYTHONPATH} /usr/bin/python3 -W ignore:setup.py install is deprecated -W ignore:easy_install command is deprecated setup.py egg_info --egg-base ../../build/bringup build --build-base /home/ngt/ZENS-Final-AUVC/ros_ws/build/bringup/build install --record /home/ngt/ZENS-Final-AUVC/ros_ws/build/bringup/install.log --install-scripts $base/lib/bringup --single-version-externally-managed install_data
[22.543s] DEBUG:colcon.colcon_core.task.python.build:Available setuptools commands: editable_wheel, upload_docs, test, update_catalog, rotate, develop, install_egg_info, upload, install_lib, saveopts, install_scripts, bdist_rpm, install, alias, extract_messages, easy_install, install_headers, compile_catalog, setopt, register, dist_info, clean, build_scripts, build_ext, symlink_data, bdist_egg, sdist, build_clib, install_data, egg_info, bdist, build_py, bdist_wheel, bdist_dumb, init_catalog, build, check
[22.576s] DEBUG:colcon.colcon_core.event_handler.log_command:Invoking command in '/home/ngt/ZENS-Final-AUVC/ros_ws/src/cv': PYTHONPATH=/home/ngt/ZENS-Final-AUVC/ros_ws/build/cv/prefix_override:/usr/lib/python3/dist-packages/colcon_core/task/python/colcon_distutils_commands:/home/ngt/ZENS-Final-AUVC/ros_ws/install/cv/lib/python3.12/site-packages:${PYTHONPATH} /usr/bin/python3 -W ignore:setup.py install is deprecated -W ignore:easy_install command is deprecated setup.py egg_info --egg-base ../../build/cv build --build-base /home/ngt/ZENS-Final-AUVC/ros_ws/build/cv/build install --record /home/ngt/ZENS-Final-AUVC/ros_ws/build/cv/install.log --install-scripts $base/lib/cv --single-version-externally-managed install_data
[23.787s] DEBUG:colcon.colcon_core.task.python.build:Available setuptools commands: editable_wheel, upload_docs, test, update_catalog, rotate, develop, install_egg_info, upload, install_lib, saveopts, install_scripts, bdist_rpm, install, alias, extract_messages, easy_install, install_headers, compile_catalog, setopt, register, dist_info, clean, build_scripts, build_ext, symlink_data, bdist_egg, sdist, build_clib, install_data, egg_info, bdist, build_py, bdist_wheel, bdist_dumb, init_catalog, build, check
[23.822s] DEBUG:colcon.colcon_core.event_handler.log_command:Invoking command in '/home/ngt/ZENS-Final-AUVC/ros_ws/src/flashing': PYTHONPATH=/home/ngt/ZENS-Final-AUVC/ros_ws/build/flashing/prefix_override:/usr/lib/python3/dist-packages/colcon_core/task/python/colcon_distutils_commands:/home/ngt/ZENS-Final-AUVC/ros_ws/install/flashing/lib/python3.12/site-packages:${PYTHONPATH} /usr/bin/python3 -W ignore:setup.py install is deprecated -W ignore:easy_install command is deprecated setup.py egg_info --egg-base ../../build/flashing build --build-base /home/ngt/ZENS-Final-AUVC/ros_ws/build/flashing/build install --record /home/ngt/ZENS-Final-AUVC/ros_ws/build/flashing/install.log --install-scripts $base/lib/flashing --single-version-externally-managed install_data
[23.881s] DEBUG:colcon.colcon_core.task.python.build:Available setuptools commands: editable_wheel, upload_docs, test, update_catalog, rotate, develop, install_egg_info, upload, install_lib, saveopts, install_scripts, bdist_rpm, install, alias, extract_messages, easy_install, install_headers, compile_catalog, setopt, register, dist_info, clean, build_scripts, build_ext, symlink_data, bdist_egg, sdist, build_clib, install_data, egg_info, bdist, build_py, bdist_wheel, bdist_dumb, init_catalog, build, check
[23.912s] DEBUG:colcon.colcon_core.event_handler.log_command:Invoking command in '/home/ngt/ZENS-Final-AUVC/ros_ws/src/control': PYTHONPATH=/home/ngt/ZENS-Final-AUVC/ros_ws/build/control/prefix_override:/usr/lib/python3/dist-packages/colcon_core/task/python/colcon_distutils_commands:/home/ngt/ZENS-Final-AUVC/ros_ws/install/control/lib/python3.12/site-packages:${PYTHONPATH} /usr/bin/python3 -W ignore:setup.py install is deprecated -W ignore:easy_install command is deprecated setup.py egg_info --egg-base ../../build/control build --build-base /home/ngt/ZENS-Final-AUVC/ros_ws/build/control/build install --record /home/ngt/ZENS-Final-AUVC/ros_ws/build/control/install.log --install-scripts $base/lib/control --single-version-externally-managed install_data
[40.503s] DEBUG:colcon.colcon_core.event_handler.log_command:Invoked command in '/home/ngt/ZENS-Final-AUVC/ros_ws/src/cv' returned '0': PYTHONPATH=/home/ngt/ZENS-Final-AUVC/ros_ws/build/cv/prefix_override:/usr/lib/python3/dist-packages/colcon_core/task/python/colcon_distutils_commands:/home/ngt/ZENS-Final-AUVC/ros_ws/install/cv/lib/python3.12/site-packages:${PYTHONPATH} /usr/bin/python3 -W ignore:setup.py install is deprecated -W ignore:easy_install command is deprecated setup.py egg_info --egg-base ../../build/cv build --build-base /home/ngt/ZENS-Final-AUVC/ros_ws/build/cv/build install --record /home/ngt/ZENS-Final-AUVC/ros_ws/build/cv/install.log --install-scripts $base/lib/cv --single-version-externally-managed install_data
[40.555s] Level 1:colcon.colcon_core.environment:checking '/home/ngt/ZENS-Final-AUVC/ros_ws/install/cv' for CMake module files
[40.572s] Level 1:colcon.colcon_core.environment:checking '/home/ngt/ZENS-Final-AUVC/ros_ws/install/cv' for CMake config files
[40.591s] Level 1:colcon.colcon_core.environment:checking '/home/ngt/ZENS-Final-AUVC/ros_ws/install/cv/lib'
[40.592s] Level 1:colcon.colcon_core.environment:checking '/home/ngt/ZENS-Final-AUVC/ros_ws/install/cv/bin'
[40.592s] Level 1:colcon.colcon_core.environment:checking '/home/ngt/ZENS-Final-AUVC/ros_ws/install/cv/lib/pkgconfig/cv.pc'
[40.603s] Level 1:colcon.colcon_core.environment:checking '/home/ngt/ZENS-Final-AUVC/ros_ws/install/cv/lib/python3.12/site-packages'
[40.604s] Level 1:colcon.colcon_core.shell:create_environment_hook('cv', 'pythonpath')
[40.611s] INFO:colcon.colcon_core.shell:Creating environment hook '/home/ngt/ZENS-Final-AUVC/ros_ws/install/cv/share/cv/hook/pythonpath.ps1'
[40.622s] INFO:colcon.colcon_core.shell:Creating environment descriptor '/home/ngt/ZENS-Final-AUVC/ros_ws/install/cv/share/cv/hook/pythonpath.dsv'
[40.624s] INFO:colcon.colcon_core.shell:Creating environment hook '/home/ngt/ZENS-Final-AUVC/ros_ws/install/cv/share/cv/hook/pythonpath.sh'
[40.642s] Level 1:colcon.colcon_core.environment:checking '/home/ngt/ZENS-Final-AUVC/ros_ws/install/cv/bin'
[40.642s] Level 1:colcon.colcon_core.environment:create_environment_scripts_only(cv)
[40.650s] INFO:colcon.colcon_core.shell:Creating package script '/home/ngt/ZENS-Final-AUVC/ros_ws/install/cv/share/cv/package.ps1'
[40.669s] INFO:colcon.colcon_core.shell:Creating package descriptor '/home/ngt/ZENS-Final-AUVC/ros_ws/install/cv/share/cv/package.dsv'
[40.680s] INFO:colcon.colcon_core.shell:Creating package script '/home/ngt/ZENS-Final-AUVC/ros_ws/install/cv/share/cv/package.sh'
[40.706s] INFO:colcon.colcon_core.shell:Creating package script '/home/ngt/ZENS-Final-AUVC/ros_ws/install/cv/share/cv/package.bash'
[40.719s] INFO:colcon.colcon_core.shell:Creating package script '/home/ngt/ZENS-Final-AUVC/ros_ws/install/cv/share/cv/package.zsh'
[40.737s] Level 1:colcon.colcon_core.environment:create_file_with_runtime_dependencies(/home/ngt/ZENS-Final-AUVC/ros_ws/install/cv/share/colcon-core/packages/cv)
[40.750s] INFO:colcon.colcon_ros.task.ament_cmake.build:Building ROS package in '/home/ngt/ZENS-Final-AUVC/ros_ws/src/msgs' with build type 'ament_cmake'
[40.751s] INFO:colcon.colcon_cmake.task.cmake.build:Building CMake package in '/home/ngt/ZENS-Final-AUVC/ros_ws/src/msgs'
[40.751s] INFO:colcon.colcon_core.shell:Skip shell extension 'powershell' for command environment: Not usable outside of PowerShell
[40.752s] DEBUG:colcon.colcon_core.shell:Skip shell extension 'dsv' for command environment
[40.919s] DEBUG:colcon.colcon_core.event_handler.log_command:Invoking command in '/home/ngt/ZENS-Final-AUVC/ros_ws/build/msgs': CMAKE_PREFIX_PATH=${CMAKE_PREFIX_PATH}:/home/ngt/ZENS-Final-AUVC/ros_ws/install/hardware:/home/ngt/ZENS-Final-AUVC/ros_ws/install/flashing:/home/ngt/ZENS-Final-AUVC/ros_ws/install/cv:/home/ngt/ZENS-Final-AUVC/ros_ws/install/control:/home/ngt/ZENS-Final-AUVC/ros_ws/install/bringup:/home/ngt/auvc_ws/install/tutorial_virtualenvs:/home/ngt/auvc_ws/install/tutorial_pid:/home/ngt/auvc_ws/install/tutorial_ardusub:/home/ngt/auvc_ws/install/tutorial:/home/ngt/auvc_ws/install/rosmav:/home/ngt/cv_ws/install/cv:/home/ngt/pid_ws/install/pid:/home/ngt/auv_dancing/install/tutorial:/opt/ros/jazzy /usr/bin/cmake --build /home/ngt/ZENS-Final-AUVC/ros_ws/build/msgs -- -j4 -l4
[42.101s] Level 1:colcon.colcon_core.environment:checking '/home/ngt/ZENS-Final-AUVC/ros_ws/install/flashing' for CMake module files
[42.111s] Level 1:colcon.colcon_core.environment:checking '/home/ngt/ZENS-Final-AUVC/ros_ws/install/flashing' for CMake config files
[42.114s] DEBUG:colcon.colcon_core.event_handler.log_command:Invoked command in '/home/ngt/ZENS-Final-AUVC/ros_ws/src/flashing' returned '0': PYTHONPATH=/home/ngt/ZENS-Final-AUVC/ros_ws/build/flashing/prefix_override:/usr/lib/python3/dist-packages/colcon_core/task/python/colcon_distutils_commands:/home/ngt/ZENS-Final-AUVC/ros_ws/install/flashing/lib/python3.12/site-packages:${PYTHONPATH} /usr/bin/python3 -W ignore:setup.py install is deprecated -W ignore:easy_install command is deprecated setup.py egg_info --egg-base ../../build/flashing build --build-base /home/ngt/ZENS-Final-AUVC/ros_ws/build/flashing/build install --record /home/ngt/ZENS-Final-AUVC/ros_ws/build/flashing/install.log --install-scripts $base/lib/flashing --single-version-externally-managed install_data
[42.130s] Level 1:colcon.colcon_core.environment:checking '/home/ngt/ZENS-Final-AUVC/ros_ws/install/flashing/lib'
[42.133s] Level 1:colcon.colcon_core.environment:checking '/home/ngt/ZENS-Final-AUVC/ros_ws/install/flashing/bin'
[42.136s] Level 1:colcon.colcon_core.environment:checking '/home/ngt/ZENS-Final-AUVC/ros_ws/install/flashing/lib/pkgconfig/flashing.pc'
[42.137s] Level 1:colcon.colcon_core.environment:checking '/home/ngt/ZENS-Final-AUVC/ros_ws/install/flashing/lib/python3.12/site-packages'
[42.138s] Level 1:colcon.colcon_core.shell:create_environment_hook('flashing', 'pythonpath')
[42.142s] INFO:colcon.colcon_core.shell:Creating environment hook '/home/ngt/ZENS-Final-AUVC/ros_ws/install/flashing/share/flashing/hook/pythonpath.ps1'
[42.156s] INFO:colcon.colcon_core.shell:Creating environment descriptor '/home/ngt/ZENS-Final-AUVC/ros_ws/install/flashing/share/flashing/hook/pythonpath.dsv'
[42.163s] INFO:colcon.colcon_core.shell:Creating environment hook '/home/ngt/ZENS-Final-AUVC/ros_ws/install/flashing/share/flashing/hook/pythonpath.sh'
[42.174s] Level 1:colcon.colcon_core.environment:checking '/home/ngt/ZENS-Final-AUVC/ros_ws/install/flashing/bin'
[42.176s] Level 1:colcon.colcon_core.environment:create_environment_scripts_only(flashing)
[42.178s] INFO:colcon.colcon_core.shell:Creating package script '/home/ngt/ZENS-Final-AUVC/ros_ws/install/flashing/share/flashing/package.ps1'
[42.197s] INFO:colcon.colcon_core.shell:Creating package descriptor '/home/ngt/ZENS-Final-AUVC/ros_ws/install/flashing/share/flashing/package.dsv'
[42.208s] INFO:colcon.colcon_core.shell:Creating package script '/home/ngt/ZENS-Final-AUVC/ros_ws/install/flashing/share/flashing/package.sh'
[42.218s] INFO:colcon.colcon_core.shell:Creating package script '/home/ngt/ZENS-Final-AUVC/ros_ws/install/flashing/share/flashing/package.bash'
[42.221s] INFO:colcon.colcon_core.shell:Creating package script '/home/ngt/ZENS-Final-AUVC/ros_ws/install/flashing/share/flashing/package.zsh'
[42.233s] Level 1:colcon.colcon_core.environment:create_file_with_runtime_dependencies(/home/ngt/ZENS-Final-AUVC/ros_ws/install/flashing/share/colcon-core/packages/flashing)
[42.334s] Level 1:colcon.colcon_core.environment:checking '/home/ngt/ZENS-Final-AUVC/ros_ws/install/bringup' for CMake module files
[42.340s] DEBUG:colcon.colcon_core.event_handler.log_command:Invoked command in '/home/ngt/ZENS-Final-AUVC/ros_ws/src/bringup' returned '0': PYTHONPATH=/home/ngt/ZENS-Final-AUVC/ros_ws/build/bringup/prefix_override:/usr/lib/python3/dist-packages/colcon_core/task/python/colcon_distutils_commands:/home/ngt/ZENS-Final-AUVC/ros_ws/install/bringup/lib/python3.12/site-packages:${PYTHONPATH} /usr/bin/python3 -W ignore:setup.py install is deprecated -W ignore:easy_install command is deprecated setup.py egg_info --egg-base ../../build/bringup build --build-base /home/ngt/ZENS-Final-AUVC/ros_ws/build/bringup/build install --record /home/ngt/ZENS-Final-AUVC/ros_ws/build/bringup/install.log --install-scripts $base/lib/bringup --single-version-externally-managed install_data
[42.345s] Level 1:colcon.colcon_core.environment:checking '/home/ngt/ZENS-Final-AUVC/ros_ws/install/bringup' for CMake config files
[42.362s] Level 1:colcon.colcon_core.environment:checking '/home/ngt/ZENS-Final-AUVC/ros_ws/install/bringup/lib'
[42.368s] Level 1:colcon.colcon_core.environment:checking '/home/ngt/ZENS-Final-AUVC/ros_ws/install/bringup/bin'
[42.373s] Level 1:colcon.colcon_core.environment:checking '/home/ngt/ZENS-Final-AUVC/ros_ws/install/bringup/lib/pkgconfig/bringup.pc'
[42.374s] Level 1:colcon.colcon_core.environment:checking '/home/ngt/ZENS-Final-AUVC/ros_ws/install/bringup/lib/python3.12/site-packages'
[42.375s] Level 1:colcon.colcon_core.shell:create_environment_hook('bringup', 'pythonpath')
[42.381s] INFO:colcon.colcon_core.shell:Creating environment hook '/home/ngt/ZENS-Final-AUVC/ros_ws/install/bringup/share/bringup/hook/pythonpath.ps1'
[42.383s] INFO:colcon.colcon_core.shell:Creating environment descriptor '/home/ngt/ZENS-Final-AUVC/ros_ws/install/bringup/share/bringup/hook/pythonpath.dsv'
[42.392s] INFO:colcon.colcon_core.shell:Creating environment hook '/home/ngt/ZENS-Final-AUVC/ros_ws/install/bringup/share/bringup/hook/pythonpath.sh'
[42.401s] Level 1:colcon.colcon_core.environment:checking '/home/ngt/ZENS-Final-AUVC/ros_ws/install/bringup/bin'
[42.402s] Level 1:colcon.colcon_core.environment:create_environment_scripts_only(bringup)
[42.406s] INFO:colcon.colcon_core.shell:Creating package script '/home/ngt/ZENS-Final-AUVC/ros_ws/install/bringup/share/bringup/package.ps1'
[42.413s] INFO:colcon.colcon_core.shell:Creating package descriptor '/home/ngt/ZENS-Final-AUVC/ros_ws/install/bringup/share/bringup/package.dsv'
[42.420s] INFO:colcon.colcon_core.shell:Creating package script '/home/ngt/ZENS-Final-AUVC/ros_ws/install/bringup/share/bringup/package.sh'
[42.424s] INFO:colcon.colcon_core.shell:Creating package script '/home/ngt/ZENS-Final-AUVC/ros_ws/install/bringup/share/bringup/package.bash'
[42.426s] INFO:colcon.colcon_core.shell:Creating package script '/home/ngt/ZENS-Final-AUVC/ros_ws/install/bringup/share/bringup/package.zsh'
[42.430s] Level 1:colcon.colcon_core.environment:create_file_with_runtime_dependencies(/home/ngt/ZENS-Final-AUVC/ros_ws/install/bringup/share/colcon-core/packages/bringup)
[42.729s] Level 1:colcon.colcon_core.environment:checking '/home/ngt/ZENS-Final-AUVC/ros_ws/install/control' for CMake module files
[42.737s] DEBUG:colcon.colcon_core.event_handler.log_command:Invoked command in '/home/ngt/ZENS-Final-AUVC/ros_ws/src/control' returned '0': PYTHONPATH=/home/ngt/ZENS-Final-AUVC/ros_ws/build/control/prefix_override:/usr/lib/python3/dist-packages/colcon_core/task/python/colcon_distutils_commands:/home/ngt/ZENS-Final-AUVC/ros_ws/install/control/lib/python3.12/site-packages:${PYTHONPATH} /usr/bin/python3 -W ignore:setup.py install is deprecated -W ignore:easy_install command is deprecated setup.py egg_info --egg-base ../../build/control build --build-base /home/ngt/ZENS-Final-AUVC/ros_ws/build/control/build install --record /home/ngt/ZENS-Final-AUVC/ros_ws/build/control/install.log --install-scripts $base/lib/control --single-version-externally-managed install_data
[42.741s] Level 1:colcon.colcon_core.environment:checking '/home/ngt/ZENS-Final-AUVC/ros_ws/install/control' for CMake config files
[42.765s] Level 1:colcon.colcon_core.environment:checking '/home/ngt/ZENS-Final-AUVC/ros_ws/install/control/lib'
[42.765s] Level 1:colcon.colcon_core.environment:checking '/home/ngt/ZENS-Final-AUVC/ros_ws/install/control/bin'
[42.766s] Level 1:colcon.colcon_core.environment:checking '/home/ngt/ZENS-Final-AUVC/ros_ws/install/control/lib/pkgconfig/control.pc'
[42.767s] Level 1:colcon.colcon_core.environment:checking '/home/ngt/ZENS-Final-AUVC/ros_ws/install/control/lib/python3.12/site-packages'
[42.775s] Level 1:colcon.colcon_core.shell:create_environment_hook('control', 'pythonpath')
[42.776s] INFO:colcon.colcon_core.shell:Creating environment hook '/home/ngt/ZENS-Final-AUVC/ros_ws/install/control/share/control/hook/pythonpath.ps1'
[42.788s] INFO:colcon.colcon_core.shell:Creating environment descriptor '/home/ngt/ZENS-Final-AUVC/ros_ws/install/control/share/control/hook/pythonpath.dsv'
[42.791s] INFO:colcon.colcon_core.shell:Creating environment hook '/home/ngt/ZENS-Final-AUVC/ros_ws/install/control/share/control/hook/pythonpath.sh'
[42.805s] Level 1:colcon.colcon_core.environment:checking '/home/ngt/ZENS-Final-AUVC/ros_ws/install/control/bin'
[42.805s] Level 1:colcon.colcon_core.environment:create_environment_scripts_only(control)
[42.812s] INFO:colcon.colcon_core.shell:Creating package script '/home/ngt/ZENS-Final-AUVC/ros_ws/install/control/share/control/package.ps1'
[42.821s] INFO:colcon.colcon_core.shell:Creating package descriptor '/home/ngt/ZENS-Final-AUVC/ros_ws/install/control/share/control/package.dsv'
[42.830s] INFO:colcon.colcon_core.shell:Creating package script '/home/ngt/ZENS-Final-AUVC/ros_ws/install/control/share/control/package.sh'
[42.836s] INFO:colcon.colcon_core.shell:Creating package script '/home/ngt/ZENS-Final-AUVC/ros_ws/install/control/share/control/package.bash'
[42.838s] INFO:colcon.colcon_core.shell:Creating package script '/home/ngt/ZENS-Final-AUVC/ros_ws/install/control/share/control/package.zsh'
[42.853s] Level 1:colcon.colcon_core.environment:create_file_with_runtime_dependencies(/home/ngt/ZENS-Final-AUVC/ros_ws/install/control/share/colcon-core/packages/control)
[51.958s] DEBUG:colcon.colcon_core.event_handler.log_command:Invoked command in '/home/ngt/ZENS-Final-AUVC/ros_ws/build/msgs' returned '0': CMAKE_PREFIX_PATH=${CMAKE_PREFIX_PATH}:/home/ngt/ZENS-Final-AUVC/ros_ws/install/hardware:/home/ngt/ZENS-Final-AUVC/ros_ws/install/flashing:/home/ngt/ZENS-Final-AUVC/ros_ws/install/cv:/home/ngt/ZENS-Final-AUVC/ros_ws/install/control:/home/ngt/ZENS-Final-AUVC/ros_ws/install/bringup:/home/ngt/auvc_ws/install/tutorial_virtualenvs:/home/ngt/auvc_ws/install/tutorial_pid:/home/ngt/auvc_ws/install/tutorial_ardusub:/home/ngt/auvc_ws/install/tutorial:/home/ngt/auvc_ws/install/rosmav:/home/ngt/cv_ws/install/cv:/home/ngt/pid_ws/install/pid:/home/ngt/auv_dancing/install/tutorial:/opt/ros/jazzy /usr/bin/cmake --build /home/ngt/ZENS-Final-AUVC/ros_ws/build/msgs -- -j4 -l4
[52.033s] DEBUG:colcon.colcon_core.event_handler.log_command:Invoking command in '/home/ngt/ZENS-Final-AUVC/ros_ws/build/msgs': CMAKE_PREFIX_PATH=${CMAKE_PREFIX_PATH}:/home/ngt/ZENS-Final-AUVC/ros_ws/install/hardware:/home/ngt/ZENS-Final-AUVC/ros_ws/install/flashing:/home/ngt/ZENS-Final-AUVC/ros_ws/install/cv:/home/ngt/ZENS-Final-AUVC/ros_ws/install/control:/home/ngt/ZENS-Final-AUVC/ros_ws/install/bringup:/home/ngt/auvc_ws/install/tutorial_virtualenvs:/home/ngt/auvc_ws/install/tutorial_pid:/home/ngt/auvc_ws/install/tutorial_ardusub:/home/ngt/auvc_ws/install/tutorial:/home/ngt/auvc_ws/install/rosmav:/home/ngt/cv_ws/install/cv:/home/ngt/pid_ws/install/pid:/home/ngt/auv_dancing/install/tutorial:/opt/ros/jazzy /usr/bin/cmake --install /home/ngt/ZENS-Final-AUVC/ros_ws/build/msgs
[52.493s] Level 1:colcon.colcon_core.environment:create_environment_scripts_only(msgs)
[52.494s] Level 1:colcon.colcon_core.environment:checking '/home/ngt/ZENS-Final-AUVC/ros_ws/install/msgs' for CMake module files
[52.496s] DEBUG:colcon.colcon_core.event_handler.log_command:Invoked command in '/home/ngt/ZENS-Final-AUVC/ros_ws/build/msgs' returned '0': CMAKE_PREFIX_PATH=${CMAKE_PREFIX_PATH}:/home/ngt/ZENS-Final-AUVC/ros_ws/install/hardware:/home/ngt/ZENS-Final-AUVC/ros_ws/install/flashing:/home/ngt/ZENS-Final-AUVC/ros_ws/install/cv:/home/ngt/ZENS-Final-AUVC/ros_ws/install/control:/home/ngt/ZENS-Final-AUVC/ros_ws/install/bringup:/home/ngt/auvc_ws/install/tutorial_virtualenvs:/home/ngt/auvc_ws/install/tutorial_pid:/home/ngt/auvc_ws/install/tutorial_ardusub:/home/ngt/auvc_ws/install/tutorial:/home/ngt/auvc_ws/install/rosmav:/home/ngt/cv_ws/install/cv:/home/ngt/pid_ws/install/pid:/home/ngt/auv_dancing/install/tutorial:/opt/ros/jazzy /usr/bin/cmake --install /home/ngt/ZENS-Final-AUVC/ros_ws/build/msgs
[52.500s] Level 1:colcon.colcon_core.environment:checking '/home/ngt/ZENS-Final-AUVC/ros_ws/install/msgs' for CMake config files
[52.503s] Level 1:colcon.colcon_core.shell:create_environment_hook('msgs', 'cmake_prefix_path')
[52.504s] INFO:colcon.colcon_core.shell:Creating environment hook '/home/ngt/ZENS-Final-AUVC/ros_ws/install/msgs/share/msgs/hook/cmake_prefix_path.ps1'
[52.506s] INFO:colcon.colcon_core.shell:Creating environment descriptor '/home/ngt/ZENS-Final-AUVC/ros_ws/install/msgs/share/msgs/hook/cmake_prefix_path.dsv'
[52.511s] INFO:colcon.colcon_core.shell:Creating environment hook '/home/ngt/ZENS-Final-AUVC/ros_ws/install/msgs/share/msgs/hook/cmake_prefix_path.sh'
[52.514s] Level 1:colcon.colcon_core.environment:checking '/home/ngt/ZENS-Final-AUVC/ros_ws/install/msgs/lib'
[52.514s] Level 1:colcon.colcon_core.shell:create_environment_hook('msgs', 'ld_library_path_lib')
[52.515s] INFO:colcon.colcon_core.shell:Creating environment hook '/home/ngt/ZENS-Final-AUVC/ros_ws/install/msgs/share/msgs/hook/ld_library_path_lib.ps1'
[52.517s] INFO:colcon.colcon_core.shell:Creating environment descriptor '/home/ngt/ZENS-Final-AUVC/ros_ws/install/msgs/share/msgs/hook/ld_library_path_lib.dsv'
[52.519s] INFO:colcon.colcon_core.shell:Creating environment hook '/home/ngt/ZENS-Final-AUVC/ros_ws/install/msgs/share/msgs/hook/ld_library_path_lib.sh'
[52.521s] Level 1:colcon.colcon_core.environment:checking '/home/ngt/ZENS-Final-AUVC/ros_ws/install/msgs/bin'
[52.522s] Level 1:colcon.colcon_core.environment:checking '/home/ngt/ZENS-Final-AUVC/ros_ws/install/msgs/lib/pkgconfig/msgs.pc'
[52.523s] Level 1:colcon.colcon_core.environment:checking '/home/ngt/ZENS-Final-AUVC/ros_ws/install/msgs/lib/python3.12/site-packages'
[52.523s] Level 1:colcon.colcon_core.shell:create_environment_hook('msgs', 'pythonpath')
[52.524s] INFO:colcon.colcon_core.shell:Creating environment hook '/home/ngt/ZENS-Final-AUVC/ros_ws/install/msgs/share/msgs/hook/pythonpath.ps1'
[52.526s] INFO:colcon.colcon_core.shell:Creating environment descriptor '/home/ngt/ZENS-Final-AUVC/ros_ws/install/msgs/share/msgs/hook/pythonpath.dsv'
[52.530s] INFO:colcon.colcon_core.shell:Creating environment hook '/home/ngt/ZENS-Final-AUVC/ros_ws/install/msgs/share/msgs/hook/pythonpath.sh'
[52.534s] Level 1:colcon.colcon_core.environment:checking '/home/ngt/ZENS-Final-AUVC/ros_ws/install/msgs/bin'
[52.536s] INFO:colcon.colcon_core.shell:Creating package script '/home/ngt/ZENS-Final-AUVC/ros_ws/install/msgs/share/msgs/package.ps1'
[52.540s] INFO:colcon.colcon_core.shell:Creating package descriptor '/home/ngt/ZENS-Final-AUVC/ros_ws/install/msgs/share/msgs/package.dsv'
[52.544s] INFO:colcon.colcon_core.shell:Creating package script '/home/ngt/ZENS-Final-AUVC/ros_ws/install/msgs/share/msgs/package.sh'
[52.548s] INFO:colcon.colcon_core.shell:Creating package script '/home/ngt/ZENS-Final-AUVC/ros_ws/install/msgs/share/msgs/package.bash'
[52.552s] INFO:colcon.colcon_core.shell:Creating package script '/home/ngt/ZENS-Final-AUVC/ros_ws/install/msgs/share/msgs/package.zsh'
[52.556s] Level 1:colcon.colcon_core.environment:create_file_with_runtime_dependencies(/home/ngt/ZENS-Final-AUVC/ros_ws/install/msgs/share/colcon-core/packages/msgs)
[52.561s] Level 1:colcon.colcon_core.environment:create_environment_scripts_only(msgs)
[52.562s] Level 1:colcon.colcon_core.environment:checking '/home/ngt/ZENS-Final-AUVC/ros_ws/install/msgs' for CMake module files
[52.568s] Level 1:colcon.colcon_core.environment:checking '/home/ngt/ZENS-Final-AUVC/ros_ws/install/msgs' for CMake config files
[52.571s] Level 1:colcon.colcon_core.shell:create_environment_hook('msgs', 'cmake_prefix_path')
[52.573s] INFO:colcon.colcon_core.shell:Creating environment hook '/home/ngt/ZENS-Final-AUVC/ros_ws/install/msgs/share/msgs/hook/cmake_prefix_path.ps1'
[52.576s] INFO:colcon.colcon_core.shell:Creating environment descriptor '/home/ngt/ZENS-Final-AUVC/ros_ws/install/msgs/share/msgs/hook/cmake_prefix_path.dsv'
[52.578s] INFO:colcon.colcon_core.shell:Creating environment hook '/home/ngt/ZENS-Final-AUVC/ros_ws/install/msgs/share/msgs/hook/cmake_prefix_path.sh'
[52.581s] Level 1:colcon.colcon_core.environment:checking '/home/ngt/ZENS-Final-AUVC/ros_ws/install/msgs/lib'
[52.582s] Level 1:colcon.colcon_core.shell:create_environment_hook('msgs', 'ld_library_path_lib')
[52.583s] INFO:colcon.colcon_core.shell:Creating environment hook '/home/ngt/ZENS-Final-AUVC/ros_ws/install/msgs/share/msgs/hook/ld_library_path_lib.ps1'
[52.586s] INFO:colcon.colcon_core.shell:Creating environment descriptor '/home/ngt/ZENS-Final-AUVC/ros_ws/install/msgs/share/msgs/hook/ld_library_path_lib.dsv'
[52.588s] INFO:colcon.colcon_core.shell:Creating environment hook '/home/ngt/ZENS-Final-AUVC/ros_ws/install/msgs/share/msgs/hook/ld_library_path_lib.sh'
[52.596s] Level 1:colcon.colcon_core.environment:checking '/home/ngt/ZENS-Final-AUVC/ros_ws/install/msgs/bin'
[52.597s] Level 1:colcon.colcon_core.environment:checking '/home/ngt/ZENS-Final-AUVC/ros_ws/install/msgs/lib/pkgconfig/msgs.pc'
[52.598s] Level 1:colcon.colcon_core.environment:checking '/home/ngt/ZENS-Final-AUVC/ros_ws/install/msgs/lib/python3.12/site-packages'
[52.598s] Level 1:colcon.colcon_core.shell:create_environment_hook('msgs', 'pythonpath')
[52.599s] INFO:colcon.colcon_core.shell:Creating environment hook '/home/ngt/ZENS-Final-AUVC/ros_ws/install/msgs/share/msgs/hook/pythonpath.ps1'
[52.601s] INFO:colcon.colcon_core.shell:Creating environment descriptor '/home/ngt/ZENS-Final-AUVC/ros_ws/install/msgs/share/msgs/hook/pythonpath.dsv'
[52.603s] INFO:colcon.colcon_core.shell:Creating environment hook '/home/ngt/ZENS-Final-AUVC/ros_ws/install/msgs/share/msgs/hook/pythonpath.sh'
[52.607s] Level 1:colcon.colcon_core.environment:checking '/home/ngt/ZENS-Final-AUVC/ros_ws/install/msgs/bin'
[52.608s] INFO:colcon.colcon_core.shell:Creating package script '/home/ngt/ZENS-Final-AUVC/ros_ws/install/msgs/share/msgs/package.ps1'
[52.612s] INFO:colcon.colcon_core.shell:Creating package descriptor '/home/ngt/ZENS-Final-AUVC/ros_ws/install/msgs/share/msgs/package.dsv'
[52.615s] INFO:colcon.colcon_core.shell:Creating package script '/home/ngt/ZENS-Final-AUVC/ros_ws/install/msgs/share/msgs/package.sh'
[52.617s] INFO:colcon.colcon_core.shell:Creating package script '/home/ngt/ZENS-Final-AUVC/ros_ws/install/msgs/share/msgs/package.bash'
[52.620s] INFO:colcon.colcon_core.shell:Creating package script '/home/ngt/ZENS-Final-AUVC/ros_ws/install/msgs/share/msgs/package.zsh'
[52.622s] Level 1:colcon.colcon_core.environment:create_file_with_runtime_dependencies(/home/ngt/ZENS-Final-AUVC/ros_ws/install/msgs/share/colcon-core/packages/msgs)
[52.623s] DEBUG:colcon.colcon_parallel_executor.executor.parallel:closing loop
[52.625s] DEBUG:colcon.colcon_parallel_executor.executor.parallel:loop closed
[52.625s] DEBUG:colcon.colcon_parallel_executor.executor.parallel:run_until_complete finished with '0'
[52.625s] DEBUG:colcon.colcon_core.event_reactor:joining thread
[52.629s] DEBUG:colcon.colcon_core.event_reactor:joined thread
[52.630s] INFO:colcon.colcon_core.shell:Creating prefix script '/home/ngt/ZENS-Final-AUVC/ros_ws/install/local_setup.ps1'
[52.634s] INFO:colcon.colcon_core.shell:Creating prefix util module '/home/ngt/ZENS-Final-AUVC/ros_ws/install/_local_setup_util_ps1.py'
[52.638s] INFO:colcon.colcon_core.shell:Creating prefix chain script '/home/ngt/ZENS-Final-AUVC/ros_ws/install/setup.ps1'
[52.649s] INFO:colcon.colcon_core.shell:Creating prefix script '/home/ngt/ZENS-Final-AUVC/ros_ws/install/local_setup.sh'
[52.653s] INFO:colcon.colcon_core.shell:Creating prefix util module '/home/ngt/ZENS-Final-AUVC/ros_ws/install/_local_setup_util_sh.py'
[52.656s] INFO:colcon.colcon_core.shell:Creating prefix chain script '/home/ngt/ZENS-Final-AUVC/ros_ws/install/setup.sh'
[52.667s] INFO:colcon.colcon_core.shell:Creating prefix script '/home/ngt/ZENS-Final-AUVC/ros_ws/install/local_setup.bash'
[52.670s] INFO:colcon.colcon_core.shell:Creating prefix chain script '/home/ngt/ZENS-Final-AUVC/ros_ws/install/setup.bash'
[52.682s] INFO:colcon.colcon_core.shell:Creating prefix script '/home/ngt/ZENS-Final-AUVC/ros_ws/install/local_setup.zsh'
[52.685s] INFO:colcon.colcon_core.shell:Creating prefix chain script '/home/ngt/ZENS-Final-AUVC/ros_ws/install/setup.zsh'
