[15.903s] Invoking command in '/home/ngt/ZENS-Final-AUVC/ros_ws/src/cv': PYTHONPATH=/home/ngt/ZENS-Final-AUVC/build/cv/prefix_override:/home/ngt/.virtualenvs/ardusub/lib/python3.12/site-packages/colcon_core/task/python/colcon_distutils_commands:/home/ngt/ZENS-Final-AUVC/install/cv/lib/python3.12/site-packages:${PYTHONPATH} /home/ngt/.virtualenvs/ardusub/bin/python -W ignore:setup.py install is deprecated -W ignore:easy_install command is deprecated setup.py egg_info --egg-base ../../../build/cv build --build-base /home/ngt/ZENS-Final-AUVC/build/cv/build install --record /home/ngt/ZENS-Final-AUVC/build/cv/install.log --install-scripts $base/lib/cv --single-version-externally-managed install_data
[20.735s] running egg_info
[21.302s] writing ../../../build/cv/cv.egg-info/PKG-INFO
[21.312s] writing dependency_links to ../../../build/cv/cv.egg-info/dependency_links.txt
[21.316s] writing entry points to ../../../build/cv/cv.egg-info/entry_points.txt
[21.323s] writing requirements to ../../../build/cv/cv.egg-info/requires.txt
[21.324s] writing top-level names to ../../../build/cv/cv.egg-info/top_level.txt
[22.323s] reading manifest file '../../../build/cv/cv.egg-info/SOURCES.txt'
[22.338s] writing manifest file '../../../build/cv/cv.egg-info/SOURCES.txt'
[22.352s] running build
[22.353s] running build_py
[22.354s] copying cv/detector.py -> /home/ngt/ZENS-Final-AUVC/build/cv/build/lib/cv
[22.354s] copying cv/visualizer.py -> /home/ngt/ZENS-Final-AUVC/build/cv/build/lib/cv
[22.366s] copying cv/video_logger.py -> /home/ngt/ZENS-Final-AUVC/build/cv/build/lib/cv
[22.367s] copying cv/__init__.py -> /home/ngt/ZENS-Final-AUVC/build/cv/build/lib/cv
[22.368s] copying cv/camera.py -> /home/ngt/ZENS-Final-AUVC/build/cv/build/lib/cv
[22.368s] copying cv/nodes/tag_heading_node.py -> /home/ngt/ZENS-Final-AUVC/build/cv/build/lib/cv/nodes
[22.385s] copying cv/nodes/image_saver_node.py -> /home/ngt/ZENS-Final-AUVC/build/cv/build/lib/cv/nodes
[22.391s] copying cv/nodes/fake_camera_node.py -> /home/ngt/ZENS-Final-AUVC/build/cv/build/lib/cv/nodes
[22.392s] copying cv/nodes/__init__.py -> /home/ngt/ZENS-Final-AUVC/build/cv/build/lib/cv/nodes
[22.402s] copying cv/nodes/detector_node.py -> /home/ngt/ZENS-Final-AUVC/build/cv/build/lib/cv/nodes
[22.404s] copying cv/scripts/detect_from_image.py -> /home/ngt/ZENS-Final-AUVC/build/cv/build/lib/cv/scripts
[22.415s] copying cv/scripts/calibrate_camera.py -> /home/ngt/ZENS-Final-AUVC/build/cv/build/lib/cv/scripts
[22.417s] copying cv/scripts/__init__.py -> /home/ngt/ZENS-Final-AUVC/build/cv/build/lib/cv/scripts
[22.423s] running install
[22.468s] running install_lib
[22.961s] running install_data
[22.971s] copying resource/cv -> /home/ngt/ZENS-Final-AUVC/install/cv/share/ament_index/resource_index/packages
[22.976s] copying package.xml -> /home/ngt/ZENS-Final-AUVC/install/cv/share/cv
[23.000s] copying launch/test_detection.launch.py -> /home/ngt/ZENS-Final-AUVC/install/cv/share/cv/launch
[23.002s] copying launch/detection.launch.py -> /home/ngt/ZENS-Final-AUVC/install/cv/share/cv/launch
[23.003s] copying launch/tag_heading.launch.py -> /home/ngt/ZENS-Final-AUVC/install/cv/share/cv/launch
[23.021s] copying config/camera_info.yaml -> /home/ngt/ZENS-Final-AUVC/install/cv/share/cv/config
[23.030s] copying config/detector_params.yaml -> /home/ngt/ZENS-Final-AUVC/install/cv/share/cv/config
[23.045s] running install_egg_info
[23.432s] removing '/home/ngt/ZENS-Final-AUVC/install/cv/lib/python3.12/site-packages/cv-0.0.0-py3.12.egg-info' (and everything under it)
[23.448s] Copying ../../../build/cv/cv.egg-info to /home/ngt/ZENS-Final-AUVC/install/cv/lib/python3.12/site-packages/cv-0.0.0-py3.12.egg-info
[23.471s] running install_scripts
[24.045s] Installing apriltag_detector_node script to /home/ngt/ZENS-Final-AUVC/install/cv/lib/cv
[24.054s] Installing calibrate_camera script to /home/ngt/ZENS-Final-AUVC/install/cv/lib/cv
[24.068s] Installing detect_from_image script to /home/ngt/ZENS-Final-AUVC/install/cv/lib/cv
[24.070s] Installing fake_camera_node script to /home/ngt/ZENS-Final-AUVC/install/cv/lib/cv
[24.088s] Installing image_saver_node script to /home/ngt/ZENS-Final-AUVC/install/cv/lib/cv
[24.088s] Installing tag_heading_node script to /home/ngt/ZENS-Final-AUVC/install/cv/lib/cv
[24.100s] writing list of installed files to '/home/ngt/ZENS-Final-AUVC/build/cv/install.log'
[27.090s] Invoked command in '/home/ngt/ZENS-Final-AUVC/ros_ws/src/cv' returned '0': PYTHONPATH=/home/ngt/ZENS-Final-AUVC/build/cv/prefix_override:/home/ngt/.virtualenvs/ardusub/lib/python3.12/site-packages/colcon_core/task/python/colcon_distutils_commands:/home/ngt/ZENS-Final-AUVC/install/cv/lib/python3.12/site-packages:${PYTHONPATH} /home/ngt/.virtualenvs/ardusub/bin/python -W ignore:setup.py install is deprecated -W ignore:easy_install command is deprecated setup.py egg_info --egg-base ../../../build/cv build --build-base /home/ngt/ZENS-Final-AUVC/build/cv/build install --record /home/ngt/ZENS-Final-AUVC/build/cv/install.log --install-scripts $base/lib/cv --single-version-externally-managed install_data
