[11.807s] Invoking command in '/home/ngt/ZENS-Final-AUVC/ros_ws/src/flashing': PYTHONPATH=/home/ngt/ZENS-Final-AUVC/ros_ws/build/flashing/prefix_override:/usr/lib/python3/dist-packages/colcon_core/task/python/colcon_distutils_commands:/home/ngt/ZENS-Final-AUVC/ros_ws/install/flashing/lib/python3.12/site-packages:${PYTHONPATH} /usr/bin/python3 -W ignore:setup.py install is deprecated -W ignore:easy_install command is deprecated setup.py egg_info --egg-base ../../build/flashing build --build-base /home/ngt/ZENS-Final-AUVC/ros_ws/build/flashing/build install --record /home/ngt/ZENS-Final-AUVC/ros_ws/build/flashing/install.log --install-scripts $base/lib/flashing --single-version-externally-managed install_data
[15.813s] running egg_info
[16.099s] writing ../../build/flashing/flashing.egg-info/PKG-INFO
[16.100s] writing dependency_links to ../../build/flashing/flashing.egg-info/dependency_links.txt
[16.103s] writing entry points to ../../build/flashing/flashing.egg-info/entry_points.txt
[16.106s] writing requirements to ../../build/flashing/flashing.egg-info/requires.txt
[16.107s] writing top-level names to ../../build/flashing/flashing.egg-info/top_level.txt
[18.068s] reading manifest file '../../build/flashing/flashing.egg-info/SOURCES.txt'
[18.075s] writing manifest file '../../build/flashing/flashing.egg-info/SOURCES.txt'
[18.076s] running build
[18.080s] running build_py
[18.081s] running install
[18.118s] running install_lib
[18.397s] running install_data
[18.400s] running install_egg_info
[18.766s] removing '/home/ngt/ZENS-Final-AUVC/ros_ws/install/flashing/lib/python3.12/site-packages/flashing-0.0.0-py3.12.egg-info' (and everything under it)
[18.779s] Copying ../../build/flashing/flashing.egg-info to /home/ngt/ZENS-Final-AUVC/ros_ws/install/flashing/lib/python3.12/site-packages/flashing-0.0.0-py3.12.egg-info
[18.784s] running install_scripts
[19.692s] Installing flashing_node script to /home/ngt/ZENS-Final-AUVC/ros_ws/install/flashing/lib/flashing
[19.703s] Installing lights script to /home/ngt/ZENS-Final-AUVC/ros_ws/install/flashing/lib/flashing
[19.715s] writing list of installed files to '/home/ngt/ZENS-Final-AUVC/ros_ws/build/flashing/install.log'
[20.008s] Invoked command in '/home/ngt/ZENS-Final-AUVC/ros_ws/src/flashing' returned '0': PYTHONPATH=/home/ngt/ZENS-Final-AUVC/ros_ws/build/flashing/prefix_override:/usr/lib/python3/dist-packages/colcon_core/task/python/colcon_distutils_commands:/home/ngt/ZENS-Final-AUVC/ros_ws/install/flashing/lib/python3.12/site-packages:${PYTHONPATH} /usr/bin/python3 -W ignore:setup.py install is deprecated -W ignore:easy_install command is deprecated setup.py egg_info --egg-base ../../build/flashing build --build-base /home/ngt/ZENS-Final-AUVC/ros_ws/build/flashing/build install --record /home/ngt/ZENS-Final-AUVC/ros_ws/build/flashing/install.log --install-scripts $base/lib/flashing --single-version-externally-managed install_data
