[32.449s] Invoking command in '/home/ngt/ZENS-Final-AUVC/ros_ws/src/hardware': PYTHONPATH=/home/ngt/ZENS-Final-AUVC/ros_ws/build/hardware/prefix_override:/usr/lib/python3/dist-packages/colcon_core/task/python/colcon_distutils_commands:/home/ngt/ZENS-Final-AUVC/ros_ws/install/hardware/lib/python3.12/site-packages:${PYTHONPATH} /usr/bin/python3 -W ignore:setup.py install is deprecated -W ignore:easy_install command is deprecated setup.py egg_info --egg-base ../../build/hardware build --build-base /home/ngt/ZENS-Final-AUVC/ros_ws/build/hardware/build install --record /home/ngt/ZENS-Final-AUVC/ros_ws/build/hardware/install.log --install-scripts $base/lib/hardware --single-version-externally-managed install_data
[44.287s] running egg_info
[44.880s] writing ../../build/hardware/hardware.egg-info/PKG-INFO
[44.886s] writing dependency_links to ../../build/hardware/hardware.egg-info/dependency_links.txt
[44.891s] writing entry points to ../../build/hardware/hardware.egg-info/entry_points.txt
[44.893s] writing requirements to ../../build/hardware/hardware.egg-info/requires.txt
[44.894s] writing top-level names to ../../build/hardware/hardware.egg-info/top_level.txt
[48.133s] reading manifest file '../../build/hardware/hardware.egg-info/SOURCES.txt'
[48.141s] writing manifest file '../../build/hardware/hardware.egg-info/SOURCES.txt'
[48.142s] running build
[48.150s] running build_py
[48.154s] running install
[48.319s] running install_lib
[49.064s] running install_data
[49.065s] running install_egg_info
[49.464s] removing '/home/ngt/ZENS-Final-AUVC/ros_ws/install/hardware/lib/python3.12/site-packages/hardware-0.0.0-py3.12.egg-info' (and everything under it)
[49.472s] Copying ../../build/hardware/hardware.egg-info to /home/ngt/ZENS-Final-AUVC/ros_ws/install/hardware/lib/python3.12/site-packages/hardware-0.0.0-py3.12.egg-info
[49.515s] running install_scripts
[50.758s] Installing bluerov2_camera_interface script to /home/ngt/ZENS-Final-AUVC/ros_ws/install/hardware/lib/hardware
[50.766s] Installing bluerov2_hardware_interface script to /home/ngt/ZENS-Final-AUVC/ros_ws/install/hardware/lib/hardware
[50.770s] Installing bluerov2_simulation_interface script to /home/ngt/ZENS-Final-AUVC/ros_ws/install/hardware/lib/hardware
[50.775s] writing list of installed files to '/home/ngt/ZENS-Final-AUVC/ros_ws/build/hardware/install.log'
[51.007s] Invoked command in '/home/ngt/ZENS-Final-AUVC/ros_ws/src/hardware' returned '0': PYTHONPATH=/home/ngt/ZENS-Final-AUVC/ros_ws/build/hardware/prefix_override:/usr/lib/python3/dist-packages/colcon_core/task/python/colcon_distutils_commands:/home/ngt/ZENS-Final-AUVC/ros_ws/install/hardware/lib/python3.12/site-packages:${PYTHONPATH} /usr/bin/python3 -W ignore:setup.py install is deprecated -W ignore:easy_install command is deprecated setup.py egg_info --egg-base ../../build/hardware build --build-base /home/ngt/ZENS-Final-AUVC/ros_ws/build/hardware/build install --record /home/ngt/ZENS-Final-AUVC/ros_ws/build/hardware/install.log --install-scripts $base/lib/hardware --single-version-externally-managed install_data
