[17.339s] Invoking command in '/home/ngt/ZENS-Final-AUVC/ros_ws/src/launcher': PYTHONPATH=/home/ngt/ZENS-Final-AUVC/ros_ws/build/launcher/prefix_override:/usr/lib/python3/dist-packages/colcon_core/task/python/colcon_distutils_commands:/home/ngt/ZENS-Final-AUVC/ros_ws/install/launcher/lib/python3.12/site-packages:${PYTHONPATH} /usr/bin/python3 -W ignore:setup.py install is deprecated -W ignore:easy_install command is deprecated setup.py egg_info --egg-base ../../build/launcher build --build-base /home/ngt/ZENS-Final-AUVC/ros_ws/build/launcher/build install --record /home/ngt/ZENS-Final-AUVC/ros_ws/build/launcher/install.log --install-scripts $base/lib/launcher --single-version-externally-managed install_data
[23.806s] running egg_info
[24.545s] writing ../../build/launcher/launcher.egg-info/PKG-INFO
[24.551s] writing dependency_links to ../../build/launcher/launcher.egg-info/dependency_links.txt
[24.554s] writing requirements to ../../build/launcher/launcher.egg-info/requires.txt
[24.560s] writing top-level names to ../../build/launcher/launcher.egg-info/top_level.txt
[27.011s] reading manifest file '../../build/launcher/launcher.egg-info/SOURCES.txt'
[27.017s] writing manifest file '../../build/launcher/launcher.egg-info/SOURCES.txt'
[27.021s] running build
[27.022s] running build_py
[27.027s] running install
[27.083s] running install_lib
[27.668s] running install_data
[27.676s] copying launch/all_systems.launch.yaml -> /home/ngt/ZENS-Final-AUVC/ros_ws/install/launcher/share/launcher/launch
[32.176s] copying config/params.yaml -> /home/ngt/ZENS-Final-AUVC/ros_ws/install/launcher/share/launcher/config
[32.242s] running install_egg_info
[32.730s] removing '/home/ngt/ZENS-Final-AUVC/ros_ws/install/launcher/lib/python3.12/site-packages/launcher-0.0.0-py3.12.egg-info' (and everything under it)
[32.731s] Copying ../../build/launcher/launcher.egg-info to /home/ngt/ZENS-Final-AUVC/ros_ws/install/launcher/lib/python3.12/site-packages/launcher-0.0.0-py3.12.egg-info
[33.362s] running install_scripts
[33.940s] writing list of installed files to '/home/ngt/ZENS-Final-AUVC/ros_ws/build/launcher/install.log'
[34.475s] Invoked command in '/home/ngt/ZENS-Final-AUVC/ros_ws/src/launcher' returned '0': PYTHONPATH=/home/ngt/ZENS-Final-AUVC/ros_ws/build/launcher/prefix_override:/usr/lib/python3/dist-packages/colcon_core/task/python/colcon_distutils_commands:/home/ngt/ZENS-Final-AUVC/ros_ws/install/launcher/lib/python3.12/site-packages:${PYTHONPATH} /usr/bin/python3 -W ignore:setup.py install is deprecated -W ignore:easy_install command is deprecated setup.py egg_info --egg-base ../../build/launcher build --build-base /home/ngt/ZENS-Final-AUVC/ros_ws/build/launcher/build install --record /home/ngt/ZENS-Final-AUVC/ros_ws/build/launcher/install.log --install-scripts $base/lib/launcher --single-version-externally-managed install_data
