[16.451s] Invoking command in '/home/ngt/ZENS-Final-AUVC/ros_ws/src/cv': PYTHONPATH=/home/ngt/ZENS-Final-AUVC/ros_ws/build/cv/prefix_override:/usr/lib/python3/dist-packages/colcon_core/task/python/colcon_distutils_commands:/home/ngt/ZENS-Final-AUVC/ros_ws/install/cv/lib/python3.12/site-packages:${PYTHONPATH} /usr/bin/python3 -W ignore:setup.py install is deprecated -W ignore:easy_install command is deprecated setup.py egg_info --egg-base ../../build/cv build --build-base /home/ngt/ZENS-Final-AUVC/ros_ws/build/cv/build install --record /home/ngt/ZENS-Final-AUVC/ros_ws/build/cv/install.log --install-scripts $base/lib/cv --single-version-externally-managed install_data
[20.041s] running egg_info
[20.557s] writing ../../build/cv/cv.egg-info/PKG-INFO
[20.560s] writing dependency_links to ../../build/cv/cv.egg-info/dependency_links.txt
[20.563s] writing entry points to ../../build/cv/cv.egg-info/entry_points.txt
[20.565s] writing requirements to ../../build/cv/cv.egg-info/requires.txt
[20.566s] writing top-level names to ../../build/cv/cv.egg-info/top_level.txt
[22.766s] reading manifest file '../../build/cv/cv.egg-info/SOURCES.txt'
[22.772s] writing manifest file '../../build/cv/cv.egg-info/SOURCES.txt'
[22.774s] running build
[22.781s] running build_py
[22.788s] running install
[22.819s] running install_lib
[23.269s] running install_data
[23.270s] running install_egg_info
[23.562s] removing '/home/ngt/ZENS-Final-AUVC/ros_ws/install/cv/lib/python3.12/site-packages/cv-0.0.0-py3.12.egg-info' (and everything under it)
[23.564s] Copying ../../build/cv/cv.egg-info to /home/ngt/ZENS-Final-AUVC/ros_ws/install/cv/lib/python3.12/site-packages/cv-0.0.0-py3.12.egg-info
[23.579s] running install_scripts
[24.302s] Installing calibrate_camera script to /home/ngt/ZENS-Final-AUVC/ros_ws/install/cv/lib/cv
[24.303s] Installing detection_node script to /home/ngt/ZENS-Final-AUVC/ros_ws/install/cv/lib/cv
[24.305s] Installing tag_heading_node script to /home/ngt/ZENS-Final-AUVC/ros_ws/install/cv/lib/cv
[24.306s] Installing web_streamer_node script to /home/ngt/ZENS-Final-AUVC/ros_ws/install/cv/lib/cv
[24.308s] writing list of installed files to '/home/ngt/ZENS-Final-AUVC/ros_ws/build/cv/install.log'
[24.499s] Invoked command in '/home/ngt/ZENS-Final-AUVC/ros_ws/src/cv' returned '0': PYTHONPATH=/home/ngt/ZENS-Final-AUVC/ros_ws/build/cv/prefix_override:/usr/lib/python3/dist-packages/colcon_core/task/python/colcon_distutils_commands:/home/ngt/ZENS-Final-AUVC/ros_ws/install/cv/lib/python3.12/site-packages:${PYTHONPATH} /usr/bin/python3 -W ignore:setup.py install is deprecated -W ignore:easy_install command is deprecated setup.py egg_info --egg-base ../../build/cv build --build-base /home/ngt/ZENS-Final-AUVC/ros_ws/build/cv/build install --record /home/ngt/ZENS-Final-AUVC/ros_ws/build/cv/install.log --install-scripts $base/lib/cv --single-version-externally-managed install_data
