[1.448s] Invoking command in '/home/ngt/ZENS-Final-AUVC/build/msgs': CMAKE_PREFIX_PATH=${CMAKE_PREFIX_PATH}:/home/ngt/ZENS-Final-AUVC/install/hardware:/home/ngt/ZENS-Final-AUVC/install/flashing:/home/ngt/ZENS-Final-AUVC/install/cv:/home/ngt/ZENS-Final-AUVC/install/control:/home/ngt/ZENS-Final-AUVC/install/bringup:/home/ngt/auvc_ws/install/tutorial_virtualenvs:/home/ngt/auvc_ws/install/tutorial_pid:/home/ngt/auvc_ws/install/tutorial_ardusub:/home/ngt/auvc_ws/install/tutorial:/home/ngt/auvc_ws/install/rosmav:/home/ngt/cv_ws/install/cv:/home/ngt/pid_ws/install/pid:/home/ngt/auv_dancing/install/tutorial:/opt/ros/jazzy /usr/bin/cmake --build /home/ngt/ZENS-Final-AUVC/build/msgs -- -j4 -l4
[1.875s] [  2%] [34m[1mGenerating type hashes for ROS interfaces[0m
[1.875s] [  5%] [34m[1mGenerating Rust code for ROS interfaces[0m
[1.977s] [  5%] Built target ament_cmake_python_copy_msgs
[3.571s] [  5%] Built target msgs__rosidl_generator_type_description
[3.733s] [  8%] [34m[1mGenerating C code for ROS interfaces[0m
[3.903s] [ 11%] [34m[1mGenerating C++ code for ROS interfaces[0m
[4.421s] [ 11%] Built target msgs__rs
[4.826s] running egg_info
[4.829s] creating msgs.egg-info
[5.125s] writing msgs.egg-info/PKG-INFO
[5.127s] writing dependency_links to msgs.egg-info/dependency_links.txt
[5.128s] writing top-level names to msgs.egg-info/top_level.txt
[5.932s] [ 11%] Built target msgs__cpp
[6.071s] [ 14%] [32mBuilding C object CMakeFiles/msgs__rosidl_generator_c.dir/rosidl_generator_c/msgs/msg/detail/target_depth__functions.c.o[0m
[6.112s] [ 17%] [32mBuilding C object CMakeFiles/msgs__rosidl_generator_c.dir/rosidl_generator_c/msgs/msg/detail/target_depth__description.c.o[0m
[6.140s] [ 20%] [32mBuilding C object CMakeFiles/msgs__rosidl_generator_c.dir/rosidl_generator_c/msgs/msg/detail/target_depth__type_support.c.o[0m
[6.242s] writing manifest file 'msgs.egg-info/SOURCES.txt'
[6.765s] reading manifest file 'msgs.egg-info/SOURCES.txt'
[6.767s] writing manifest file 'msgs.egg-info/SOURCES.txt'
[7.242s] [ 20%] Built target ament_cmake_python_build_msgs_egg
[9.299s] [ 22%] [32m[1mLinking C shared library libmsgs__rosidl_generator_c.so[0m
[9.581s] [ 22%] Built target msgs__rosidl_generator_c
[9.670s] [ 25%] [34m[1mGenerating C type support for eProsima Fast-RTPS[0m
[9.682s] [ 28%] [34m[1mGenerating C++ type support for eProsima Fast-RTPS[0m
[9.731s] [ 31%] [34m[1mGenerating C introspection for ROS interfaces[0m
[9.732s] [ 34%] [34m[1mGenerating C type support dispatch for ROS interfaces[0m
[11.619s] [ 37%] [32mBuilding CXX object CMakeFiles/msgs__rosidl_typesupport_c.dir/rosidl_typesupport_c/msgs/msg/target_depth__type_support.cpp.o[0m
[11.776s] [ 40%] [32m[1mLinking CXX shared library libmsgs__rosidl_typesupport_c.so[0m
[11.805s] [ 42%] [32mBuilding CXX object CMakeFiles/msgs__rosidl_typesupport_fastrtps_cpp.dir/rosidl_typesupport_fastrtps_cpp/msgs/msg/detail/dds_fastrtps/target_depth__type_support.cpp.o[0m
[11.855s] [ 45%] [32mBuilding C object CMakeFiles/msgs__rosidl_typesupport_introspection_c.dir/rosidl_typesupport_introspection_c/msgs/msg/detail/target_depth__type_support.c.o[0m
[11.961s] [ 48%] [32mBuilding CXX object CMakeFiles/msgs__rosidl_typesupport_fastrtps_c.dir/rosidl_typesupport_fastrtps_c/msgs/msg/detail/target_depth__type_support_c.cpp.o[0m
[12.007s] [ 51%] [32m[1mLinking C shared library libmsgs__rosidl_typesupport_introspection_c.so[0m
[12.131s] [ 51%] Built target msgs__rosidl_typesupport_c
[12.240s] [ 54%] [32m[1mLinking CXX shared library libmsgs__rosidl_typesupport_fastrtps_cpp.so[0m
[12.283s] [ 57%] [32m[1mLinking CXX shared library libmsgs__rosidl_typesupport_fastrtps_c.so[0m
[12.309s] [ 57%] Built target msgs__rosidl_typesupport_introspection_c
[12.335s] [ 60%] [34m[1mGenerating C++ introspection for ROS interfaces[0m
[12.422s] [ 62%] [34m[1mGenerating C++ type support dispatch for ROS interfaces[0m
[12.872s] [ 62%] Built target msgs__rosidl_typesupport_fastrtps_cpp
[12.899s] [ 62%] Built target msgs__rosidl_typesupport_fastrtps_c
[13.851s] [ 65%] [32mBuilding CXX object CMakeFiles/msgs__rosidl_typesupport_cpp.dir/rosidl_typesupport_cpp/msgs/msg/target_depth__type_support.cpp.o[0m
[13.925s] [ 68%] [32mBuilding CXX object CMakeFiles/msgs__rosidl_typesupport_introspection_cpp.dir/rosidl_typesupport_introspection_cpp/msgs/msg/detail/target_depth__type_support.cpp.o[0m
[13.957s] [ 71%] [32m[1mLinking CXX shared library libmsgs__rosidl_typesupport_cpp.so[0m
[14.028s] [ 74%] [32m[1mLinking CXX shared library libmsgs__rosidl_typesupport_introspection_cpp.so[0m
[14.240s] [ 74%] Built target msgs__rosidl_typesupport_cpp
[14.326s] [ 74%] Built target msgs__rosidl_typesupport_introspection_cpp
[14.484s] [ 74%] Built target msgs
[14.640s] [ 77%] [34m[1mGenerating Python code for ROS interfaces[0m
[15.955s] [ 77%] Built target msgs__py
[16.113s] [ 80%] [32mBuilding C object CMakeFiles/msgs__rosidl_generator_py.dir/rosidl_generator_py/msgs/msg/_target_depth_s.c.o[0m
[16.331s] [ 82%] [32m[1mLinking C shared library libmsgs__rosidl_generator_py.so[0m
[16.631s] [ 82%] Built target msgs__rosidl_generator_py
[16.802s] [ 85%] [32mBuilding C object CMakeFiles/msgs_s__rosidl_typesupport_introspection_c.dir/rosidl_generator_py/msgs/_msgs_s.ep.rosidl_typesupport_introspection_c.c.o[0m
[16.804s] [ 91%] [32mBuilding C object CMakeFiles/msgs_s__rosidl_typesupport_fastrtps_c.dir/rosidl_generator_py/msgs/_msgs_s.ep.rosidl_typesupport_fastrtps_c.c.o[0m
[16.805s] [ 91%] [32mBuilding C object CMakeFiles/msgs_s__rosidl_typesupport_c.dir/rosidl_generator_py/msgs/_msgs_s.ep.rosidl_typesupport_c.c.o[0m
[16.907s] [ 94%] [32m[1mLinking C shared module rosidl_generator_py/msgs/msgs_s__rosidl_typesupport_introspection_c.so[0m
[16.910s] [ 97%] [32m[1mLinking C shared module rosidl_generator_py/msgs/msgs_s__rosidl_typesupport_c.so[0m
[16.914s] [100%] [32m[1mLinking C shared module rosidl_generator_py/msgs/msgs_s__rosidl_typesupport_fastrtps_c.so[0m
[17.180s] [100%] Built target msgs_s__rosidl_typesupport_c
[17.188s] [100%] Built target msgs_s__rosidl_typesupport_introspection_c
[17.208s] [100%] Built target msgs_s__rosidl_typesupport_fastrtps_c
[17.287s] Invoked command in '/home/ngt/ZENS-Final-AUVC/build/msgs' returned '0': CMAKE_PREFIX_PATH=${CMAKE_PREFIX_PATH}:/home/ngt/ZENS-Final-AUVC/install/hardware:/home/ngt/ZENS-Final-AUVC/install/flashing:/home/ngt/ZENS-Final-AUVC/install/cv:/home/ngt/ZENS-Final-AUVC/install/control:/home/ngt/ZENS-Final-AUVC/install/bringup:/home/ngt/auvc_ws/install/tutorial_virtualenvs:/home/ngt/auvc_ws/install/tutorial_pid:/home/ngt/auvc_ws/install/tutorial_ardusub:/home/ngt/auvc_ws/install/tutorial:/home/ngt/auvc_ws/install/rosmav:/home/ngt/cv_ws/install/cv:/home/ngt/pid_ws/install/pid:/home/ngt/auv_dancing/install/tutorial:/opt/ros/jazzy /usr/bin/cmake --build /home/ngt/ZENS-Final-AUVC/build/msgs -- -j4 -l4
[17.353s] Invoking command in '/home/ngt/ZENS-Final-AUVC/build/msgs': CMAKE_PREFIX_PATH=${CMAKE_PREFIX_PATH}:/home/ngt/ZENS-Final-AUVC/install/hardware:/home/ngt/ZENS-Final-AUVC/install/flashing:/home/ngt/ZENS-Final-AUVC/install/cv:/home/ngt/ZENS-Final-AUVC/install/control:/home/ngt/ZENS-Final-AUVC/install/bringup:/home/ngt/auvc_ws/install/tutorial_virtualenvs:/home/ngt/auvc_ws/install/tutorial_pid:/home/ngt/auvc_ws/install/tutorial_ardusub:/home/ngt/auvc_ws/install/tutorial:/home/ngt/auvc_ws/install/rosmav:/home/ngt/cv_ws/install/cv:/home/ngt/pid_ws/install/pid:/home/ngt/auv_dancing/install/tutorial:/opt/ros/jazzy /usr/bin/cmake --install /home/ngt/ZENS-Final-AUVC/build/msgs
[17.410s] -- Install configuration: ""
[17.411s] -- Installing: /home/ngt/ZENS-Final-AUVC/install/msgs/share/ament_index/resource_index/rosidl_interfaces/msgs
[17.413s] -- Installing: /home/ngt/ZENS-Final-AUVC/install/msgs/share/msgs/msg/TargetDepth.json
[17.414s] -- Installing: /home/ngt/ZENS-Final-AUVC/install/msgs/include/msgs/msgs
[17.415s] -- Installing: /home/ngt/ZENS-Final-AUVC/install/msgs/include/msgs/msgs/msg
[17.415s] -- Installing: /home/ngt/ZENS-Final-AUVC/install/msgs/include/msgs/msgs/msg/detail
[17.416s] -- Installing: /home/ngt/ZENS-Final-AUVC/install/msgs/include/msgs/msgs/msg/detail/target_depth__struct.h
[17.417s] -- Installing: /home/ngt/ZENS-Final-AUVC/install/msgs/include/msgs/msgs/msg/detail/target_depth__type_support.c
[17.418s] -- Installing: /home/ngt/ZENS-Final-AUVC/install/msgs/include/msgs/msgs/msg/detail/target_depth__functions.c
[17.419s] -- Installing: /home/ngt/ZENS-Final-AUVC/install/msgs/include/msgs/msgs/msg/detail/target_depth__functions.h
[17.420s] -- Installing: /home/ngt/ZENS-Final-AUVC/install/msgs/include/msgs/msgs/msg/detail/target_depth__description.c
[17.421s] -- Installing: /home/ngt/ZENS-Final-AUVC/install/msgs/include/msgs/msgs/msg/detail/target_depth__type_support.h
[17.422s] -- Installing: /home/ngt/ZENS-Final-AUVC/install/msgs/include/msgs/msgs/msg/target_depth.h
[17.423s] -- Installing: /home/ngt/ZENS-Final-AUVC/install/msgs/include/msgs/msgs/msg/rosidl_generator_c__visibility_control.h
[17.425s] -- Installing: /home/ngt/ZENS-Final-AUVC/install/msgs/share/msgs/environment/library_path.sh
[17.426s] -- Installing: /home/ngt/ZENS-Final-AUVC/install/msgs/share/msgs/environment/library_path.dsv
[17.428s] -- Installing: /home/ngt/ZENS-Final-AUVC/install/msgs/lib/libmsgs__rosidl_generator_c.so
[17.432s] -- Set non-toolchain portion of runtime path of "/home/ngt/ZENS-Final-AUVC/install/msgs/lib/libmsgs__rosidl_generator_c.so" to ""
[17.433s] -- Up-to-date: /home/ngt/ZENS-Final-AUVC/install/msgs/include/msgs/msgs
[17.433s] -- Up-to-date: /home/ngt/ZENS-Final-AUVC/install/msgs/include/msgs/msgs/msg
[17.434s] -- Installing: /home/ngt/ZENS-Final-AUVC/install/msgs/include/msgs/msgs/msg/rosidl_typesupport_fastrtps_c__visibility_control.h
[17.435s] -- Up-to-date: /home/ngt/ZENS-Final-AUVC/install/msgs/include/msgs/msgs/msg/detail
[17.436s] -- Installing: /home/ngt/ZENS-Final-AUVC/install/msgs/include/msgs/msgs/msg/detail/target_depth__rosidl_typesupport_fastrtps_c.h
[17.437s] -- Installing: /home/ngt/ZENS-Final-AUVC/install/msgs/lib/libmsgs__rosidl_typesupport_fastrtps_c.so
[17.440s] -- Set non-toolchain portion of runtime path of "/home/ngt/ZENS-Final-AUVC/install/msgs/lib/libmsgs__rosidl_typesupport_fastrtps_c.so" to ""
[17.441s] -- Up-to-date: /home/ngt/ZENS-Final-AUVC/install/msgs/include/msgs/msgs
[17.442s] -- Up-to-date: /home/ngt/ZENS-Final-AUVC/install/msgs/include/msgs/msgs/msg
[17.443s] -- Installing: /home/ngt/ZENS-Final-AUVC/install/msgs/include/msgs/msgs/msg/rosidl_generator_cpp__visibility_control.hpp
[17.444s] -- Up-to-date: /home/ngt/ZENS-Final-AUVC/install/msgs/include/msgs/msgs/msg/detail
[17.445s] -- Installing: /home/ngt/ZENS-Final-AUVC/install/msgs/include/msgs/msgs/msg/detail/target_depth__traits.hpp
[17.446s] -- Installing: /home/ngt/ZENS-Final-AUVC/install/msgs/include/msgs/msgs/msg/detail/target_depth__type_support.hpp
[17.447s] -- Installing: /home/ngt/ZENS-Final-AUVC/install/msgs/include/msgs/msgs/msg/detail/target_depth__builder.hpp
[17.447s] -- Installing: /home/ngt/ZENS-Final-AUVC/install/msgs/include/msgs/msgs/msg/detail/target_depth__struct.hpp
[17.449s] -- Installing: /home/ngt/ZENS-Final-AUVC/install/msgs/include/msgs/msgs/msg/target_depth.hpp
[17.451s] -- Up-to-date: /home/ngt/ZENS-Final-AUVC/install/msgs/include/msgs/msgs
[17.452s] -- Up-to-date: /home/ngt/ZENS-Final-AUVC/install/msgs/include/msgs/msgs/msg
[17.453s] -- Installing: /home/ngt/ZENS-Final-AUVC/install/msgs/include/msgs/msgs/msg/rosidl_typesupport_fastrtps_cpp__visibility_control.h
[17.454s] -- Up-to-date: /home/ngt/ZENS-Final-AUVC/install/msgs/include/msgs/msgs/msg/detail
[17.455s] -- Installing: /home/ngt/ZENS-Final-AUVC/install/msgs/include/msgs/msgs/msg/detail/dds_fastrtps
[17.456s] -- Installing: /home/ngt/ZENS-Final-AUVC/install/msgs/include/msgs/msgs/msg/detail/target_depth__rosidl_typesupport_fastrtps_cpp.hpp
[17.457s] -- Installing: /home/ngt/ZENS-Final-AUVC/install/msgs/lib/libmsgs__rosidl_typesupport_fastrtps_cpp.so
[17.460s] -- Set non-toolchain portion of runtime path of "/home/ngt/ZENS-Final-AUVC/install/msgs/lib/libmsgs__rosidl_typesupport_fastrtps_cpp.so" to ""
[17.461s] -- Up-to-date: /home/ngt/ZENS-Final-AUVC/install/msgs/include/msgs/msgs
[17.462s] -- Up-to-date: /home/ngt/ZENS-Final-AUVC/install/msgs/include/msgs/msgs/msg
[17.463s] -- Installing: /home/ngt/ZENS-Final-AUVC/install/msgs/include/msgs/msgs/msg/rosidl_typesupport_introspection_c__visibility_control.h
[17.463s] -- Up-to-date: /home/ngt/ZENS-Final-AUVC/install/msgs/include/msgs/msgs/msg/detail
[17.464s] -- Installing: /home/ngt/ZENS-Final-AUVC/install/msgs/include/msgs/msgs/msg/detail/target_depth__type_support.c
[17.465s] -- Installing: /home/ngt/ZENS-Final-AUVC/install/msgs/include/msgs/msgs/msg/detail/target_depth__rosidl_typesupport_introspection_c.h
[17.466s] -- Installing: /home/ngt/ZENS-Final-AUVC/install/msgs/lib/libmsgs__rosidl_typesupport_introspection_c.so
[17.470s] -- Set non-toolchain portion of runtime path of "/home/ngt/ZENS-Final-AUVC/install/msgs/lib/libmsgs__rosidl_typesupport_introspection_c.so" to ""
[17.470s] -- Installing: /home/ngt/ZENS-Final-AUVC/install/msgs/lib/libmsgs__rosidl_typesupport_c.so
[17.473s] -- Set non-toolchain portion of runtime path of "/home/ngt/ZENS-Final-AUVC/install/msgs/lib/libmsgs__rosidl_typesupport_c.so" to ""
[17.474s] -- Up-to-date: /home/ngt/ZENS-Final-AUVC/install/msgs/include/msgs/msgs
[17.478s] -- Up-to-date: /home/ngt/ZENS-Final-AUVC/install/msgs/include/msgs/msgs/msg
[17.478s] -- Up-to-date: /home/ngt/ZENS-Final-AUVC/install/msgs/include/msgs/msgs/msg/detail
[17.479s] -- Installing: /home/ngt/ZENS-Final-AUVC/install/msgs/include/msgs/msgs/msg/detail/target_depth__rosidl_typesupport_introspection_cpp.hpp
[17.480s] -- Installing: /home/ngt/ZENS-Final-AUVC/install/msgs/include/msgs/msgs/msg/detail/target_depth__type_support.cpp
[17.480s] -- Installing: /home/ngt/ZENS-Final-AUVC/install/msgs/lib/libmsgs__rosidl_typesupport_introspection_cpp.so
[17.483s] -- Set non-toolchain portion of runtime path of "/home/ngt/ZENS-Final-AUVC/install/msgs/lib/libmsgs__rosidl_typesupport_introspection_cpp.so" to ""
[17.483s] -- Installing: /home/ngt/ZENS-Final-AUVC/install/msgs/lib/libmsgs__rosidl_typesupport_cpp.so
[17.486s] -- Set non-toolchain portion of runtime path of "/home/ngt/ZENS-Final-AUVC/install/msgs/lib/libmsgs__rosidl_typesupport_cpp.so" to ""
[17.487s] -- Installing: /home/ngt/ZENS-Final-AUVC/install/msgs/share/msgs/environment/pythonpath.sh
[17.488s] -- Installing: /home/ngt/ZENS-Final-AUVC/install/msgs/share/msgs/environment/pythonpath.dsv
[17.489s] -- Installing: /home/ngt/ZENS-Final-AUVC/install/msgs/lib/python3.12/site-packages/msgs-0.0.0-py3.12.egg-info
[17.490s] -- Installing: /home/ngt/ZENS-Final-AUVC/install/msgs/lib/python3.12/site-packages/msgs-0.0.0-py3.12.egg-info/SOURCES.txt
[17.492s] -- Installing: /home/ngt/ZENS-Final-AUVC/install/msgs/lib/python3.12/site-packages/msgs-0.0.0-py3.12.egg-info/top_level.txt
[17.493s] -- Installing: /home/ngt/ZENS-Final-AUVC/install/msgs/lib/python3.12/site-packages/msgs-0.0.0-py3.12.egg-info/dependency_links.txt
[17.494s] -- Installing: /home/ngt/ZENS-Final-AUVC/install/msgs/lib/python3.12/site-packages/msgs-0.0.0-py3.12.egg-info/PKG-INFO
[17.496s] -- Installing: /home/ngt/ZENS-Final-AUVC/install/msgs/lib/python3.12/site-packages/msgs
[17.496s] -- Installing: /home/ngt/ZENS-Final-AUVC/install/msgs/lib/python3.12/site-packages/msgs/msgs_s__rosidl_typesupport_fastrtps_c.so
[17.498s] -- Installing: /home/ngt/ZENS-Final-AUVC/install/msgs/lib/python3.12/site-packages/msgs/msgs_s__rosidl_typesupport_c.so
[17.500s] -- Installing: /home/ngt/ZENS-Final-AUVC/install/msgs/lib/python3.12/site-packages/msgs/msg
[17.501s] -- Installing: /home/ngt/ZENS-Final-AUVC/install/msgs/lib/python3.12/site-packages/msgs/msg/_target_depth.py
[17.502s] -- Installing: /home/ngt/ZENS-Final-AUVC/install/msgs/lib/python3.12/site-packages/msgs/msg/_target_depth_s.c
[17.503s] -- Installing: /home/ngt/ZENS-Final-AUVC/install/msgs/lib/python3.12/site-packages/msgs/msg/__init__.py
[17.505s] -- Installing: /home/ngt/ZENS-Final-AUVC/install/msgs/lib/python3.12/site-packages/msgs/_msgs_s.ep.rosidl_typesupport_introspection_c.c
[17.506s] -- Installing: /home/ngt/ZENS-Final-AUVC/install/msgs/lib/python3.12/site-packages/msgs/_msgs_s.ep.rosidl_typesupport_fastrtps_c.c
[17.507s] -- Installing: /home/ngt/ZENS-Final-AUVC/install/msgs/lib/python3.12/site-packages/msgs/msgs_s__rosidl_typesupport_introspection_c.so
[17.509s] -- Installing: /home/ngt/ZENS-Final-AUVC/install/msgs/lib/python3.12/site-packages/msgs/_msgs_s.ep.rosidl_typesupport_c.c
[17.510s] -- Installing: /home/ngt/ZENS-Final-AUVC/install/msgs/lib/python3.12/site-packages/msgs/__init__.py
[17.769s] Listing '/home/ngt/ZENS-Final-AUVC/install/msgs/lib/python3.12/site-packages/msgs'...
[17.770s] Compiling '/home/ngt/ZENS-Final-AUVC/install/msgs/lib/python3.12/site-packages/msgs/__init__.py'...
[17.772s] Listing '/home/ngt/ZENS-Final-AUVC/install/msgs/lib/python3.12/site-packages/msgs/msg'...
[17.773s] Compiling '/home/ngt/ZENS-Final-AUVC/install/msgs/lib/python3.12/site-packages/msgs/msg/__init__.py'...
[17.774s] Compiling '/home/ngt/ZENS-Final-AUVC/install/msgs/lib/python3.12/site-packages/msgs/msg/_target_depth.py'...
[17.802s] -- Installing: /home/ngt/ZENS-Final-AUVC/install/msgs/lib/python3.12/site-packages/msgs/msgs_s__rosidl_typesupport_fastrtps_c.so
[17.805s] -- Set non-toolchain portion of runtime path of "/home/ngt/ZENS-Final-AUVC/install/msgs/lib/python3.12/site-packages/msgs/msgs_s__rosidl_typesupport_fastrtps_c.so" to ""
[17.807s] -- Installing: /home/ngt/ZENS-Final-AUVC/install/msgs/lib/python3.12/site-packages/msgs/msgs_s__rosidl_typesupport_introspection_c.so
[17.810s] -- Set non-toolchain portion of runtime path of "/home/ngt/ZENS-Final-AUVC/install/msgs/lib/python3.12/site-packages/msgs/msgs_s__rosidl_typesupport_introspection_c.so" to ""
[17.812s] -- Installing: /home/ngt/ZENS-Final-AUVC/install/msgs/lib/python3.12/site-packages/msgs/msgs_s__rosidl_typesupport_c.so
[17.815s] -- Set non-toolchain portion of runtime path of "/home/ngt/ZENS-Final-AUVC/install/msgs/lib/python3.12/site-packages/msgs/msgs_s__rosidl_typesupport_c.so" to ""
[17.816s] -- Installing: /home/ngt/ZENS-Final-AUVC/install/msgs/lib/libmsgs__rosidl_generator_py.so
[17.819s] -- Set non-toolchain portion of runtime path of "/home/ngt/ZENS-Final-AUVC/install/msgs/lib/libmsgs__rosidl_generator_py.so" to ""
[17.820s] -- Installing: /home/ngt/ZENS-Final-AUVC/install/msgs/share/ament_index/resource_index/rust_packages/msgs
[17.821s] -- Installing: /home/ngt/ZENS-Final-AUVC/install/msgs/share/msgs/rust
[17.822s] -- Installing: /home/ngt/ZENS-Final-AUVC/install/msgs/share/msgs/rust/build.rs
[17.822s] -- Installing: /home/ngt/ZENS-Final-AUVC/install/msgs/share/msgs/rust/Cargo.toml
[17.823s] -- Installing: /home/ngt/ZENS-Final-AUVC/install/msgs/share/msgs/rust/src
[17.824s] -- Installing: /home/ngt/ZENS-Final-AUVC/install/msgs/share/msgs/rust/src/lib.rs
[17.825s] -- Installing: /home/ngt/ZENS-Final-AUVC/install/msgs/share/msgs/rust/src/msg.rs
[17.826s] -- Installing: /home/ngt/ZENS-Final-AUVC/install/msgs/share/msgs/rust/src/msg
[17.826s] -- Installing: /home/ngt/ZENS-Final-AUVC/install/msgs/share/msgs/rust/src/msg/rmw.rs
[17.828s] -- Installing: /home/ngt/ZENS-Final-AUVC/install/msgs/share/msgs/msg/TargetDepth.idl
[17.829s] -- Installing: /home/ngt/ZENS-Final-AUVC/install/msgs/share/msgs/msg/TargetDepth.msg
[17.830s] -- Installing: /home/ngt/ZENS-Final-AUVC/install/msgs/share/ament_index/resource_index/package_run_dependencies/msgs
[17.832s] -- Installing: /home/ngt/ZENS-Final-AUVC/install/msgs/share/ament_index/resource_index/parent_prefix_path/msgs
[17.833s] -- Installing: /home/ngt/ZENS-Final-AUVC/install/msgs/share/msgs/environment/ament_prefix_path.sh
[17.834s] -- Installing: /home/ngt/ZENS-Final-AUVC/install/msgs/share/msgs/environment/ament_prefix_path.dsv
[17.836s] -- Installing: /home/ngt/ZENS-Final-AUVC/install/msgs/share/msgs/environment/path.sh
[17.837s] -- Installing: /home/ngt/ZENS-Final-AUVC/install/msgs/share/msgs/environment/path.dsv
[17.838s] -- Installing: /home/ngt/ZENS-Final-AUVC/install/msgs/share/msgs/local_setup.bash
[17.839s] -- Installing: /home/ngt/ZENS-Final-AUVC/install/msgs/share/msgs/local_setup.sh
[17.840s] -- Installing: /home/ngt/ZENS-Final-AUVC/install/msgs/share/msgs/local_setup.zsh
[17.841s] -- Installing: /home/ngt/ZENS-Final-AUVC/install/msgs/share/msgs/local_setup.dsv
[17.842s] -- Installing: /home/ngt/ZENS-Final-AUVC/install/msgs/share/msgs/package.dsv
[17.844s] -- Installing: /home/ngt/ZENS-Final-AUVC/install/msgs/share/ament_index/resource_index/packages/msgs
[17.846s] -- Installing: /home/ngt/ZENS-Final-AUVC/install/msgs/share/msgs/cmake/export_msgs__rosidl_generator_cExport.cmake
[17.847s] -- Installing: /home/ngt/ZENS-Final-AUVC/install/msgs/share/msgs/cmake/export_msgs__rosidl_generator_cExport-noconfig.cmake
[17.848s] -- Installing: /home/ngt/ZENS-Final-AUVC/install/msgs/share/msgs/cmake/export_msgs__rosidl_typesupport_fastrtps_cExport.cmake
[17.850s] -- Installing: /home/ngt/ZENS-Final-AUVC/install/msgs/share/msgs/cmake/export_msgs__rosidl_typesupport_fastrtps_cExport-noconfig.cmake
[17.851s] -- Installing: /home/ngt/ZENS-Final-AUVC/install/msgs/share/msgs/cmake/export_msgs__rosidl_generator_cppExport.cmake
[17.852s] -- Installing: /home/ngt/ZENS-Final-AUVC/install/msgs/share/msgs/cmake/export_msgs__rosidl_typesupport_fastrtps_cppExport.cmake
[17.854s] -- Installing: /home/ngt/ZENS-Final-AUVC/install/msgs/share/msgs/cmake/export_msgs__rosidl_typesupport_fastrtps_cppExport-noconfig.cmake
[17.856s] -- Installing: /home/ngt/ZENS-Final-AUVC/install/msgs/share/msgs/cmake/msgs__rosidl_typesupport_introspection_cExport.cmake
[17.857s] -- Installing: /home/ngt/ZENS-Final-AUVC/install/msgs/share/msgs/cmake/msgs__rosidl_typesupport_introspection_cExport-noconfig.cmake
[17.859s] -- Installing: /home/ngt/ZENS-Final-AUVC/install/msgs/share/msgs/cmake/msgs__rosidl_typesupport_cExport.cmake
[17.860s] -- Installing: /home/ngt/ZENS-Final-AUVC/install/msgs/share/msgs/cmake/msgs__rosidl_typesupport_cExport-noconfig.cmake
[17.861s] -- Installing: /home/ngt/ZENS-Final-AUVC/install/msgs/share/msgs/cmake/msgs__rosidl_typesupport_introspection_cppExport.cmake
[17.863s] -- Installing: /home/ngt/ZENS-Final-AUVC/install/msgs/share/msgs/cmake/msgs__rosidl_typesupport_introspection_cppExport-noconfig.cmake
[17.864s] -- Installing: /home/ngt/ZENS-Final-AUVC/install/msgs/share/msgs/cmake/msgs__rosidl_typesupport_cppExport.cmake
[17.865s] -- Installing: /home/ngt/ZENS-Final-AUVC/install/msgs/share/msgs/cmake/msgs__rosidl_typesupport_cppExport-noconfig.cmake
[17.867s] -- Installing: /home/ngt/ZENS-Final-AUVC/install/msgs/share/msgs/cmake/export_msgs__rosidl_generator_pyExport.cmake
[17.868s] -- Installing: /home/ngt/ZENS-Final-AUVC/install/msgs/share/msgs/cmake/export_msgs__rosidl_generator_pyExport-noconfig.cmake
[17.869s] -- Installing: /home/ngt/ZENS-Final-AUVC/install/msgs/share/msgs/cmake/rosidl_cmake-extras.cmake
[17.871s] -- Installing: /home/ngt/ZENS-Final-AUVC/install/msgs/share/msgs/cmake/ament_cmake_export_dependencies-extras.cmake
[17.872s] -- Installing: /home/ngt/ZENS-Final-AUVC/install/msgs/share/msgs/cmake/ament_cmake_export_include_directories-extras.cmake
[17.873s] -- Installing: /home/ngt/ZENS-Final-AUVC/install/msgs/share/msgs/cmake/ament_cmake_export_libraries-extras.cmake
[17.874s] -- Installing: /home/ngt/ZENS-Final-AUVC/install/msgs/share/msgs/cmake/ament_cmake_export_targets-extras.cmake
[17.876s] -- Installing: /home/ngt/ZENS-Final-AUVC/install/msgs/share/msgs/cmake/rosidl_cmake_export_typesupport_targets-extras.cmake
[17.877s] -- Installing: /home/ngt/ZENS-Final-AUVC/install/msgs/share/msgs/cmake/rosidl_cmake_export_typesupport_libraries-extras.cmake
[17.879s] -- Installing: /home/ngt/ZENS-Final-AUVC/install/msgs/share/msgs/cmake/rosidl_cmake_aggregate_target-extras.cmake
[17.880s] -- Installing: /home/ngt/ZENS-Final-AUVC/install/msgs/share/msgs/cmake/msgsConfig.cmake
[17.881s] -- Installing: /home/ngt/ZENS-Final-AUVC/install/msgs/share/msgs/cmake/msgsConfig-version.cmake
[17.882s] -- Installing: /home/ngt/ZENS-Final-AUVC/install/msgs/share/msgs/package.xml
[17.892s] Invoked command in '/home/ngt/ZENS-Final-AUVC/build/msgs' returned '0': CMAKE_PREFIX_PATH=${CMAKE_PREFIX_PATH}:/home/ngt/ZENS-Final-AUVC/install/hardware:/home/ngt/ZENS-Final-AUVC/install/flashing:/home/ngt/ZENS-Final-AUVC/install/cv:/home/ngt/ZENS-Final-AUVC/install/control:/home/ngt/ZENS-Final-AUVC/install/bringup:/home/ngt/auvc_ws/install/tutorial_virtualenvs:/home/ngt/auvc_ws/install/tutorial_pid:/home/ngt/auvc_ws/install/tutorial_ardusub:/home/ngt/auvc_ws/install/tutorial:/home/ngt/auvc_ws/install/rosmav:/home/ngt/cv_ws/install/cv:/home/ngt/pid_ws/install/pid:/home/ngt/auv_dancing/install/tutorial:/opt/ros/jazzy /usr/bin/cmake --install /home/ngt/ZENS-Final-AUVC/build/msgs
