[13.464s] Invoking command in '/home/ngt/ZENS-Final-AUVC/ros_ws/src/flashing': PYTHONPATH=/home/ngt/ZENS-Final-AUVC/ros_ws/build/flashing/prefix_override:/usr/lib/python3/dist-packages/colcon_core/task/python/colcon_distutils_commands:/home/ngt/ZENS-Final-AUVC/ros_ws/install/flashing/lib/python3.12/site-packages:${PYTHONPATH} /usr/bin/python3 -W ignore:setup.py install is deprecated -W ignore:easy_install command is deprecated setup.py egg_info --egg-base ../../build/flashing build --build-base /home/ngt/ZENS-Final-AUVC/ros_ws/build/flashing/build install --record /home/ngt/ZENS-Final-AUVC/ros_ws/build/flashing/install.log --install-scripts $base/lib/flashing --single-version-externally-managed install_data
[17.455s] running egg_info
[17.758s] writing ../../build/flashing/flashing.egg-info/PKG-INFO
[17.760s] writing dependency_links to ../../build/flashing/flashing.egg-info/dependency_links.txt
[17.763s] writing entry points to ../../build/flashing/flashing.egg-info/entry_points.txt
[17.766s] writing requirements to ../../build/flashing/flashing.egg-info/requires.txt
[17.767s] writing top-level names to ../../build/flashing/flashing.egg-info/top_level.txt
[20.245s] reading manifest file '../../build/flashing/flashing.egg-info/SOURCES.txt'
[20.254s] writing manifest file '../../build/flashing/flashing.egg-info/SOURCES.txt'
[20.255s] running build
[20.259s] running build_py
[20.260s] running install
[20.334s] running install_lib
[20.840s] running install_data
[20.840s] running install_egg_info
[21.164s] removing '/home/ngt/ZENS-Final-AUVC/ros_ws/install/flashing/lib/python3.12/site-packages/flashing-0.0.0-py3.12.egg-info' (and everything under it)
[21.171s] Copying ../../build/flashing/flashing.egg-info to /home/ngt/ZENS-Final-AUVC/ros_ws/install/flashing/lib/python3.12/site-packages/flashing-0.0.0-py3.12.egg-info
[21.190s] running install_scripts
[21.998s] Installing flashing_node script to /home/ngt/ZENS-Final-AUVC/ros_ws/install/flashing/lib/flashing
[21.999s] Installing lights script to /home/ngt/ZENS-Final-AUVC/ros_ws/install/flashing/lib/flashing
[22.001s] writing list of installed files to '/home/ngt/ZENS-Final-AUVC/ros_ws/build/flashing/install.log'
[22.210s] Invoked command in '/home/ngt/ZENS-Final-AUVC/ros_ws/src/flashing' returned '0': PYTHONPATH=/home/ngt/ZENS-Final-AUVC/ros_ws/build/flashing/prefix_override:/usr/lib/python3/dist-packages/colcon_core/task/python/colcon_distutils_commands:/home/ngt/ZENS-Final-AUVC/ros_ws/install/flashing/lib/python3.12/site-packages:${PYTHONPATH} /usr/bin/python3 -W ignore:setup.py install is deprecated -W ignore:easy_install command is deprecated setup.py egg_info --egg-base ../../build/flashing build --build-base /home/ngt/ZENS-Final-AUVC/ros_ws/build/flashing/build install --record /home/ngt/ZENS-Final-AUVC/ros_ws/build/flashing/install.log --install-scripts $base/lib/flashing --single-version-externally-managed install_data
