[8.347s] Invoking command in '/home/ngt/ZENS-Final-AUVC/ros_ws/src/cv': PYTHONPATH=/home/ngt/ZENS-Final-AUVC/build/cv/prefix_override:/home/ngt/.virtualenvs/ardusub/lib/python3.12/site-packages/colcon_core/task/python/colcon_distutils_commands:/home/ngt/ZENS-Final-AUVC/install/cv/lib/python3.12/site-packages:${PYTHONPATH} /home/ngt/.virtualenvs/ardusub/bin/python -W ignore:setup.py install is deprecated -W ignore:easy_install command is deprecated setup.py egg_info --egg-base ../../../build/cv build --build-base /home/ngt/ZENS-Final-AUVC/build/cv/build install --record /home/ngt/ZENS-Final-AUVC/build/cv/install.log --single-version-externally-managed install_data
[10.627s] running egg_info
[10.795s] writing ../../../build/cv/cv.egg-info/PKG-INFO
[10.797s] writing dependency_links to ../../../build/cv/cv.egg-info/dependency_links.txt
[10.813s] writing entry points to ../../../build/cv/cv.egg-info/entry_points.txt
[10.817s] writing requirements to ../../../build/cv/cv.egg-info/requires.txt
[10.818s] writing top-level names to ../../../build/cv/cv.egg-info/top_level.txt
[11.339s] reading manifest file '../../../build/cv/cv.egg-info/SOURCES.txt'
[11.350s] writing manifest file '../../../build/cv/cv.egg-info/SOURCES.txt'
[11.352s] running build
[11.352s] running build_py
[11.354s] copying cv/detector.py -> /home/ngt/ZENS-Final-AUVC/build/cv/build/lib/cv
[11.365s] copying cv/visualizer.py -> /home/ngt/ZENS-Final-AUVC/build/cv/build/lib/cv
[11.366s] copying cv/video_logger.py -> /home/ngt/ZENS-Final-AUVC/build/cv/build/lib/cv
[11.366s] copying cv/__init__.py -> /home/ngt/ZENS-Final-AUVC/build/cv/build/lib/cv
[11.372s] copying cv/camera.py -> /home/ngt/ZENS-Final-AUVC/build/cv/build/lib/cv
[11.378s] copying cv/nodes/image_saver_node.py -> /home/ngt/ZENS-Final-AUVC/build/cv/build/lib/cv/nodes
[11.381s] copying cv/nodes/fake_camera_node.py -> /home/ngt/ZENS-Final-AUVC/build/cv/build/lib/cv/nodes
[11.381s] copying cv/nodes/__init__.py -> /home/ngt/ZENS-Final-AUVC/build/cv/build/lib/cv/nodes
[11.382s] copying cv/nodes/detector_node.py -> /home/ngt/ZENS-Final-AUVC/build/cv/build/lib/cv/nodes
[11.383s] copying cv/scripts/detect_from_image.py -> /home/ngt/ZENS-Final-AUVC/build/cv/build/lib/cv/scripts
[11.396s] copying cv/scripts/calibrate_camera.py -> /home/ngt/ZENS-Final-AUVC/build/cv/build/lib/cv/scripts
[11.405s] copying cv/scripts/__init__.py -> /home/ngt/ZENS-Final-AUVC/build/cv/build/lib/cv/scripts
[11.416s] running install
[11.441s] running install_lib
[11.800s] running install_data
[11.800s] copying resource/cv -> /home/ngt/ZENS-Final-AUVC/install/cv/share/ament_index/resource_index/packages
[11.804s] copying package.xml -> /home/ngt/ZENS-Final-AUVC/install/cv/share/cv
[11.811s] copying launch/test_detection.launch.py -> /home/ngt/ZENS-Final-AUVC/install/cv/share/cv/launch
[11.842s] copying launch/detection.launch.py -> /home/ngt/ZENS-Final-AUVC/install/cv/share/cv/launch
[11.843s] copying config/camera_info.yaml -> /home/ngt/ZENS-Final-AUVC/install/cv/share/cv/config
[11.844s] copying config/detector_params.yaml -> /home/ngt/ZENS-Final-AUVC/install/cv/share/cv/config
[11.851s] running install_egg_info
[11.962s] removing '/home/ngt/ZENS-Final-AUVC/install/cv/lib/python3.12/site-packages/cv-0.0.0-py3.12.egg-info' (and everything under it)
[11.963s] Copying ../../../build/cv/cv.egg-info to /home/ngt/ZENS-Final-AUVC/install/cv/lib/python3.12/site-packages/cv-0.0.0-py3.12.egg-info
[11.967s] running install_scripts
[12.266s] Installing apriltag_detector_node script to /home/ngt/ZENS-Final-AUVC/install/cv/bin
[12.270s] Installing calibrate_camera script to /home/ngt/ZENS-Final-AUVC/install/cv/bin
[12.276s] Installing detect_from_image script to /home/ngt/ZENS-Final-AUVC/install/cv/bin
[12.286s] Installing fake_camera_node script to /home/ngt/ZENS-Final-AUVC/install/cv/bin
[12.292s] Installing image_saver_node script to /home/ngt/ZENS-Final-AUVC/install/cv/bin
[12.300s] writing list of installed files to '/home/ngt/ZENS-Final-AUVC/build/cv/install.log'
[13.847s] Invoked command in '/home/ngt/ZENS-Final-AUVC/ros_ws/src/cv' returned '0': PYTHONPATH=/home/ngt/ZENS-Final-AUVC/build/cv/prefix_override:/home/ngt/.virtualenvs/ardusub/lib/python3.12/site-packages/colcon_core/task/python/colcon_distutils_commands:/home/ngt/ZENS-Final-AUVC/install/cv/lib/python3.12/site-packages:${PYTHONPATH} /home/ngt/.virtualenvs/ardusub/bin/python -W ignore:setup.py install is deprecated -W ignore:easy_install command is deprecated setup.py egg_info --egg-base ../../../build/cv build --build-base /home/ngt/ZENS-Final-AUVC/build/cv/build install --record /home/ngt/ZENS-Final-AUVC/build/cv/install.log --single-version-externally-managed install_data
