running egg_info
creating ../../../build/hardware/hardware.egg-info
writing ../../../build/hardware/hardware.egg-info/PKG-INFO
writing dependency_links to ../../../build/hardware/hardware.egg-info/dependency_links.txt
writing entry points to ../../../build/hardware/hardware.egg-info/entry_points.txt
writing requirements to ../../../build/hardware/hardware.egg-info/requires.txt
writing top-level names to ../../../build/hardware/hardware.egg-info/top_level.txt
writing manifest file '../../../build/hardware/hardware.egg-info/SOURCES.txt'
reading manifest file '../../../build/hardware/hardware.egg-info/SOURCES.txt'
writing manifest file '../../../build/hardware/hardware.egg-info/SOURCES.txt'
running build
running build_py
creating /home/ngt/ZENS-Final-AUVC/build/hardware/build
creating /home/ngt/ZENS-Final-AUVC/build/hardware/build/lib
creating /home/ngt/ZENS-Final-AUVC/build/hardware/build/lib/hardware
copying hardware/bluerov2_simulation_interface.py -> /home/ngt/ZENS-Final-AUVC/build/hardware/build/lib/hardware
copying hardware/bluerov2_hardware_interface.py -> /home/ngt/ZENS-Final-AUVC/build/hardware/build/lib/hardware
copying hardware/bluerov2_camera_interface.py -> /home/ngt/ZENS-Final-AUVC/build/hardware/build/lib/hardware
copying hardware/__init__.py -> /home/ngt/ZENS-Final-AUVC/build/hardware/build/lib/hardware
running install
running install_lib
creating /home/ngt/ZENS-Final-AUVC/install/hardware/lib/python3.12/site-packages/hardware
copying /home/ngt/ZENS-Final-AUVC/build/hardware/build/lib/hardware/bluerov2_simulation_interface.py -> /home/ngt/ZENS-Final-AUVC/install/hardware/lib/python3.12/site-packages/hardware
copying /home/ngt/ZENS-Final-AUVC/build/hardware/build/lib/hardware/bluerov2_hardware_interface.py -> /home/ngt/ZENS-Final-AUVC/install/hardware/lib/python3.12/site-packages/hardware
copying /home/ngt/ZENS-Final-AUVC/build/hardware/build/lib/hardware/bluerov2_camera_interface.py -> /home/ngt/ZENS-Final-AUVC/install/hardware/lib/python3.12/site-packages/hardware
copying /home/ngt/ZENS-Final-AUVC/build/hardware/build/lib/hardware/__init__.py -> /home/ngt/ZENS-Final-AUVC/install/hardware/lib/python3.12/site-packages/hardware
byte-compiling /home/ngt/ZENS-Final-AUVC/install/hardware/lib/python3.12/site-packages/hardware/bluerov2_simulation_interface.py to bluerov2_simulation_interface.cpython-312.pyc
byte-compiling /home/ngt/ZENS-Final-AUVC/install/hardware/lib/python3.12/site-packages/hardware/bluerov2_hardware_interface.py to bluerov2_hardware_interface.cpython-312.pyc
byte-compiling /home/ngt/ZENS-Final-AUVC/install/hardware/lib/python3.12/site-packages/hardware/bluerov2_camera_interface.py to bluerov2_camera_interface.cpython-312.pyc
byte-compiling /home/ngt/ZENS-Final-AUVC/install/hardware/lib/python3.12/site-packages/hardware/__init__.py to __init__.cpython-312.pyc
running install_data
creating /home/ngt/ZENS-Final-AUVC/install/hardware/share/ament_index
creating /home/ngt/ZENS-Final-AUVC/install/hardware/share/ament_index/resource_index
creating /home/ngt/ZENS-Final-AUVC/install/hardware/share/ament_index/resource_index/packages
copying resource/hardware -> /home/ngt/ZENS-Final-AUVC/install/hardware/share/ament_index/resource_index/packages
copying package.xml -> /home/ngt/ZENS-Final-AUVC/install/hardware/share/hardware
creating /home/ngt/ZENS-Final-AUVC/install/hardware/share/hardware/launch
copying launch/simulation.launch.yaml -> /home/ngt/ZENS-Final-AUVC/install/hardware/share/hardware/launch
creating /home/ngt/ZENS-Final-AUVC/install/hardware/share/hardware/config
copying config/bridge.yaml -> /home/ngt/ZENS-Final-AUVC/install/hardware/share/hardware/config
running install_egg_info
Copying ../../../build/hardware/hardware.egg-info to /home/ngt/ZENS-Final-AUVC/install/hardware/lib/python3.12/site-packages/hardware-0.0.0-py3.12.egg-info
running install_scripts
Installing bluerov2_camera_interface script to /home/ngt/ZENS-Final-AUVC/install/hardware/lib/hardware
Installing bluerov2_hardware_interface script to /home/ngt/ZENS-Final-AUVC/install/hardware/lib/hardware
Installing bluerov2_simulation_interface script to /home/ngt/ZENS-Final-AUVC/install/hardware/lib/hardware
writing list of installed files to '/home/ngt/ZENS-Final-AUVC/build/hardware/install.log'
