[9.359s] Invoking command in '/home/ngt/ZENS-Final-AUVC/ros_ws/src/hardware': PYTHONPATH=/home/ngt/ZENS-Final-AUVC/build/hardware/prefix_override:/usr/lib/python3/dist-packages/colcon_core/task/python/colcon_distutils_commands:/home/ngt/ZENS-Final-AUVC/install/hardware/lib/python3.12/site-packages:${PYTHONPATH} /usr/bin/python3 -W ignore:setup.py install is deprecated -W ignore:easy_install command is deprecated setup.py egg_info --egg-base ../../../build/hardware build --build-base /home/ngt/ZENS-Final-AUVC/build/hardware/build install --record /home/ngt/ZENS-Final-AUVC/build/hardware/install.log --install-scripts $base/lib/hardware --single-version-externally-managed install_data
[9.364s] running egg_info
[9.365s] creating ../../../build/hardware/hardware.egg-info
[9.516s] writing ../../../build/hardware/hardware.egg-info/PKG-INFO
[9.517s] writing dependency_links to ../../../build/hardware/hardware.egg-info/dependency_links.txt
[9.517s] writing entry points to ../../../build/hardware/hardware.egg-info/entry_points.txt
[9.520s] writing requirements to ../../../build/hardware/hardware.egg-info/requires.txt
[9.521s] writing top-level names to ../../../build/hardware/hardware.egg-info/top_level.txt
[10.644s] writing manifest file '../../../build/hardware/hardware.egg-info/SOURCES.txt'
[11.358s] reading manifest file '../../../build/hardware/hardware.egg-info/SOURCES.txt'
[11.363s] writing manifest file '../../../build/hardware/hardware.egg-info/SOURCES.txt'
[11.371s] running build
[11.375s] running build_py
[11.377s] creating /home/ngt/ZENS-Final-AUVC/build/hardware/build
[11.382s] creating /home/ngt/ZENS-Final-AUVC/build/hardware/build/lib
[11.384s] creating /home/ngt/ZENS-Final-AUVC/build/hardware/build/lib/hardware
[11.388s] copying hardware/bluerov2_simulation_interface.py -> /home/ngt/ZENS-Final-AUVC/build/hardware/build/lib/hardware
[11.389s] copying hardware/bluerov2_hardware_interface.py -> /home/ngt/ZENS-Final-AUVC/build/hardware/build/lib/hardware
[11.396s] copying hardware/bluerov2_camera_interface.py -> /home/ngt/ZENS-Final-AUVC/build/hardware/build/lib/hardware
[11.404s] copying hardware/__init__.py -> /home/ngt/ZENS-Final-AUVC/build/hardware/build/lib/hardware
[11.409s] running install
[11.484s] running install_lib
[11.894s] creating /home/ngt/ZENS-Final-AUVC/install/hardware/lib/python3.12/site-packages/hardware
[11.896s] copying /home/ngt/ZENS-Final-AUVC/build/hardware/build/lib/hardware/bluerov2_simulation_interface.py -> /home/ngt/ZENS-Final-AUVC/install/hardware/lib/python3.12/site-packages/hardware
[11.901s] copying /home/ngt/ZENS-Final-AUVC/build/hardware/build/lib/hardware/bluerov2_hardware_interface.py -> /home/ngt/ZENS-Final-AUVC/install/hardware/lib/python3.12/site-packages/hardware
[11.905s] copying /home/ngt/ZENS-Final-AUVC/build/hardware/build/lib/hardware/bluerov2_camera_interface.py -> /home/ngt/ZENS-Final-AUVC/install/hardware/lib/python3.12/site-packages/hardware
[11.912s] copying /home/ngt/ZENS-Final-AUVC/build/hardware/build/lib/hardware/__init__.py -> /home/ngt/ZENS-Final-AUVC/install/hardware/lib/python3.12/site-packages/hardware
[11.918s] byte-compiling /home/ngt/ZENS-Final-AUVC/install/hardware/lib/python3.12/site-packages/hardware/bluerov2_simulation_interface.py to bluerov2_simulation_interface.cpython-312.pyc
[11.928s] byte-compiling /home/ngt/ZENS-Final-AUVC/install/hardware/lib/python3.12/site-packages/hardware/bluerov2_hardware_interface.py to bluerov2_hardware_interface.cpython-312.pyc
[11.938s] byte-compiling /home/ngt/ZENS-Final-AUVC/install/hardware/lib/python3.12/site-packages/hardware/bluerov2_camera_interface.py to bluerov2_camera_interface.cpython-312.pyc
[11.945s] byte-compiling /home/ngt/ZENS-Final-AUVC/install/hardware/lib/python3.12/site-packages/hardware/__init__.py to __init__.cpython-312.pyc
[11.951s] running install_data
[11.952s] creating /home/ngt/ZENS-Final-AUVC/install/hardware/share/ament_index
[11.953s] creating /home/ngt/ZENS-Final-AUVC/install/hardware/share/ament_index/resource_index
[11.954s] creating /home/ngt/ZENS-Final-AUVC/install/hardware/share/ament_index/resource_index/packages
[11.955s] copying resource/hardware -> /home/ngt/ZENS-Final-AUVC/install/hardware/share/ament_index/resource_index/packages
[11.955s] copying package.xml -> /home/ngt/ZENS-Final-AUVC/install/hardware/share/hardware
[11.958s] creating /home/ngt/ZENS-Final-AUVC/install/hardware/share/hardware/launch
[11.958s] copying launch/simulation.launch.yaml -> /home/ngt/ZENS-Final-AUVC/install/hardware/share/hardware/launch
[11.959s] creating /home/ngt/ZENS-Final-AUVC/install/hardware/share/hardware/config
[11.964s] copying config/bridge.yaml -> /home/ngt/ZENS-Final-AUVC/install/hardware/share/hardware/config
[11.965s] running install_egg_info
[12.243s] Copying ../../../build/hardware/hardware.egg-info to /home/ngt/ZENS-Final-AUVC/install/hardware/lib/python3.12/site-packages/hardware-0.0.0-py3.12.egg-info
[12.252s] running install_scripts
[13.073s] Installing bluerov2_camera_interface script to /home/ngt/ZENS-Final-AUVC/install/hardware/lib/hardware
[13.076s] Installing bluerov2_hardware_interface script to /home/ngt/ZENS-Final-AUVC/install/hardware/lib/hardware
[13.078s] Installing bluerov2_simulation_interface script to /home/ngt/ZENS-Final-AUVC/install/hardware/lib/hardware
[13.081s] writing list of installed files to '/home/ngt/ZENS-Final-AUVC/build/hardware/install.log'
[13.273s] Invoked command in '/home/ngt/ZENS-Final-AUVC/ros_ws/src/hardware' returned '0': PYTHONPATH=/home/ngt/ZENS-Final-AUVC/build/hardware/prefix_override:/usr/lib/python3/dist-packages/colcon_core/task/python/colcon_distutils_commands:/home/ngt/ZENS-Final-AUVC/install/hardware/lib/python3.12/site-packages:${PYTHONPATH} /usr/bin/python3 -W ignore:setup.py install is deprecated -W ignore:easy_install command is deprecated setup.py egg_info --egg-base ../../../build/hardware build --build-base /home/ngt/ZENS-Final-AUVC/build/hardware/build install --record /home/ngt/ZENS-Final-AUVC/build/hardware/install.log --install-scripts $base/lib/hardware --single-version-externally-managed install_data
