[31.255s] Invoking command in '/home/ngt/ZENS-Final-AUVC/ros_ws/src/control': PYTHONPATH=/home/ngt/ZENS-Final-AUVC/build/control/prefix_override:/usr/lib/python3/dist-packages/colcon_core/task/python/colcon_distutils_commands:/home/ngt/ZENS-Final-AUVC/install/control/lib/python3.12/site-packages:${PYTHONPATH} /usr/bin/python3 -W ignore:setup.py install is deprecated -W ignore:easy_install command is deprecated setup.py egg_info --egg-base ../../../build/control build --build-base /home/ngt/ZENS-Final-AUVC/build/control/build install --record /home/ngt/ZENS-Final-AUVC/build/control/install.log --install-scripts $base/lib/control --single-version-externally-managed install_data
[36.978s] running egg_info
[37.541s] writing ../../../build/control/control.egg-info/PKG-INFO
[37.546s] writing dependency_links to ../../../build/control/control.egg-info/dependency_links.txt
[37.553s] writing entry points to ../../../build/control/control.egg-info/entry_points.txt
[37.554s] writing requirements to ../../../build/control/control.egg-info/requires.txt
[37.558s] writing top-level names to ../../../build/control/control.egg-info/top_level.txt
[41.334s] reading manifest file '../../../build/control/control.egg-info/SOURCES.txt'
[41.351s] writing manifest file '../../../build/control/control.egg-info/SOURCES.txt'
[41.355s] running build
[41.356s] running build_py
[41.372s] running install
[41.446s] running install_lib
[42.196s] running install_data
[42.197s] running install_egg_info
[42.855s] removing '/home/ngt/ZENS-Final-AUVC/install/control/lib/python3.12/site-packages/control-0.0.0-py3.12.egg-info' (and everything under it)
[42.863s] Copying ../../../build/control/control.egg-info to /home/ngt/ZENS-Final-AUVC/install/control/lib/python3.12/site-packages/control-0.0.0-py3.12.egg-info
[42.903s] running install_scripts
[43.875s] Installing depth_pid script to /home/ngt/ZENS-Final-AUVC/install/control/lib/control
[43.877s] Installing heading_pid script to /home/ngt/ZENS-Final-AUVC/install/control/lib/control
[43.884s] Installing self_arm script to /home/ngt/ZENS-Final-AUVC/install/control/lib/control
[43.885s] Installing self_disarm script to /home/ngt/ZENS-Final-AUVC/install/control/lib/control
[43.896s] writing list of installed files to '/home/ngt/ZENS-Final-AUVC/build/control/install.log'
[48.100s] Invoked command in '/home/ngt/ZENS-Final-AUVC/ros_ws/src/control' returned '0': PYTHONPATH=/home/ngt/ZENS-Final-AUVC/build/control/prefix_override:/usr/lib/python3/dist-packages/colcon_core/task/python/colcon_distutils_commands:/home/ngt/ZENS-Final-AUVC/install/control/lib/python3.12/site-packages:${PYTHONPATH} /usr/bin/python3 -W ignore:setup.py install is deprecated -W ignore:easy_install command is deprecated setup.py egg_info --egg-base ../../../build/control build --build-base /home/ngt/ZENS-Final-AUVC/build/control/build install --record /home/ngt/ZENS-Final-AUVC/build/control/install.log --install-scripts $base/lib/control --single-version-externally-managed install_data
