/home/ngt/.virtualenvs/ardusub/lib/python3.12/site-packages/setuptools/_distutils/dist.py:288: UserWarning: Unknown distribution option: 'tests_require'
  warnings.warn(msg)
running egg_info
writing ../../../build/bringup/bringup.egg-info/PKG-INFO
writing dependency_links to ../../../build/bringup/bringup.egg-info/dependency_links.txt
writing requirements to ../../../build/bringup/bringup.egg-info/requires.txt
writing top-level names to ../../../build/bringup/bringup.egg-info/top_level.txt
reading manifest file '../../../build/bringup/bringup.egg-info/SOURCES.txt'
writing manifest file '../../../build/bringup/bringup.egg-info/SOURCES.txt'
running build
running build_py
copying bringup/__init__.py -> /home/ngt/ZENS-Final-AUVC/build/bringup/build/lib/bringup
running install
running install_lib
running install_data
copying resource/bringup -> /home/ngt/ZENS-Final-AUVC/install/bringup/share/ament_index/resource_index/packages
copying package.xml -> /home/ngt/ZENS-Final-AUVC/install/bringup/share/bringup
copying launch/hardware.launch.py -> /home/ngt/ZENS-Final-AUVC/install/bringup/share/bringup/launch
copying launch/control.launch.py -> /home/ngt/ZENS-Final-AUVC/install/bringup/share/bringup/launch
copying launch/all_systems.launch.py -> /home/ngt/ZENS-Final-AUVC/install/bringup/share/bringup/launch
copying launch/cv.launch.py -> /home/ngt/ZENS-Final-AUVC/install/bringup/share/bringup/launch
copying config/params.yaml -> /home/ngt/ZENS-Final-AUVC/install/bringup/share/bringup/config
running install_egg_info
removing '/home/ngt/ZENS-Final-AUVC/install/bringup/lib/python3.12/site-packages/bringup-0.0.0-py3.12.egg-info' (and everything under it)
Copying ../../../build/bringup/bringup.egg-info to /home/ngt/ZENS-Final-AUVC/install/bringup/lib/python3.12/site-packages/bringup-0.0.0-py3.12.egg-info
running install_scripts
writing list of installed files to '/home/ngt/ZENS-Final-AUVC/build/bringup/install.log'
