[16.067s] Invoking command in '/home/ngt/ZENS-Final-AUVC/ros_ws/src/launcher': PYTHONPATH=/home/ngt/ZENS-Final-AUVC/ros_ws/build/launcher/prefix_override:/usr/lib/python3/dist-packages/colcon_core/task/python/colcon_distutils_commands:/home/ngt/ZENS-Final-AUVC/ros_ws/install/launcher/lib/python3.12/site-packages:${PYTHONPATH} /usr/bin/python3 -W ignore:setup.py install is deprecated -W ignore:easy_install command is deprecated setup.py egg_info --egg-base ../../build/launcher build --build-base /home/ngt/ZENS-Final-AUVC/ros_ws/build/launcher/build install --record /home/ngt/ZENS-Final-AUVC/ros_ws/build/launcher/install.log --install-scripts $base/lib/launcher --single-version-externally-managed install_data
[22.180s] running egg_info
[22.606s] writing ../../build/launcher/launcher.egg-info/PKG-INFO
[22.616s] writing dependency_links to ../../build/launcher/launcher.egg-info/dependency_links.txt
[22.620s] writing requirements to ../../build/launcher/launcher.egg-info/requires.txt
[22.620s] writing top-level names to ../../build/launcher/launcher.egg-info/top_level.txt
[24.671s] reading manifest file '../../build/launcher/launcher.egg-info/SOURCES.txt'
[24.673s] writing manifest file '../../build/launcher/launcher.egg-info/SOURCES.txt'
[24.675s] running build
[24.675s] running build_py
[24.678s] running install
[24.718s] running install_lib
[25.224s] running install_data
[25.230s] copying launch/flashing.launch.yaml -> /home/ngt/ZENS-Final-AUVC/ros_ws/install/launcher/share/launcher/launch
[25.236s] running install_egg_info
[25.843s] removing '/home/ngt/ZENS-Final-AUVC/ros_ws/install/launcher/lib/python3.12/site-packages/launcher-0.0.0-py3.12.egg-info' (and everything under it)
[25.844s] Copying ../../build/launcher/launcher.egg-info to /home/ngt/ZENS-Final-AUVC/ros_ws/install/launcher/lib/python3.12/site-packages/launcher-0.0.0-py3.12.egg-info
[25.849s] running install_scripts
[26.378s] writing list of installed files to '/home/ngt/ZENS-Final-AUVC/ros_ws/build/launcher/install.log'
[26.547s] Invoked command in '/home/ngt/ZENS-Final-AUVC/ros_ws/src/launcher' returned '0': PYTHONPATH=/home/ngt/ZENS-Final-AUVC/ros_ws/build/launcher/prefix_override:/usr/lib/python3/dist-packages/colcon_core/task/python/colcon_distutils_commands:/home/ngt/ZENS-Final-AUVC/ros_ws/install/launcher/lib/python3.12/site-packages:${PYTHONPATH} /usr/bin/python3 -W ignore:setup.py install is deprecated -W ignore:easy_install command is deprecated setup.py egg_info --egg-base ../../build/launcher build --build-base /home/ngt/ZENS-Final-AUVC/ros_ws/build/launcher/build install --record /home/ngt/ZENS-Final-AUVC/ros_ws/build/launcher/install.log --install-scripts $base/lib/launcher --single-version-externally-managed install_data
