[17.009s] Invoking command in '/home/ngt/ZENS-Final-AUVC/ros_ws/src/control': PYTHONPATH=/home/ngt/ZENS-Final-AUVC/ros_ws/build/control/prefix_override:/usr/lib/python3/dist-packages/colcon_core/task/python/colcon_distutils_commands:/home/ngt/ZENS-Final-AUVC/ros_ws/install/control/lib/python3.12/site-packages:${PYTHONPATH} /usr/bin/python3 -W ignore:setup.py install is deprecated -W ignore:easy_install command is deprecated setup.py egg_info --egg-base ../../build/control build --build-base /home/ngt/ZENS-Final-AUVC/ros_ws/build/control/build install --record /home/ngt/ZENS-Final-AUVC/ros_ws/build/control/install.log --install-scripts $base/lib/control --single-version-externally-managed install_data
[19.671s] running egg_info
[19.908s] writing ../../build/control/control.egg-info/PKG-INFO
[19.912s] writing dependency_links to ../../build/control/control.egg-info/dependency_links.txt
[19.916s] writing entry points to ../../build/control/control.egg-info/entry_points.txt
[19.918s] writing requirements to ../../build/control/control.egg-info/requires.txt
[19.919s] writing top-level names to ../../build/control/control.egg-info/top_level.txt
[21.267s] reading manifest file '../../build/control/control.egg-info/SOURCES.txt'
[21.275s] writing manifest file '../../build/control/control.egg-info/SOURCES.txt'
[21.276s] running build
[21.283s] running build_py
[21.284s] running install
[21.311s] running install_lib
[21.535s] running install_data
[21.539s] running install_egg_info
[21.781s] removing '/home/ngt/ZENS-Final-AUVC/ros_ws/install/control/lib/python3.12/site-packages/control-0.0.0-py3.12.egg-info' (and everything under it)
[21.786s] Copying ../../build/control/control.egg-info to /home/ngt/ZENS-Final-AUVC/ros_ws/install/control/lib/python3.12/site-packages/control-0.0.0-py3.12.egg-info
[21.800s] running install_scripts
[22.691s] Installing depth_pid script to /home/ngt/ZENS-Final-AUVC/ros_ws/install/control/lib/control
[22.692s] Installing heading_pid script to /home/ngt/ZENS-Final-AUVC/ros_ws/install/control/lib/control
[22.697s] Installing self_arm script to /home/ngt/ZENS-Final-AUVC/ros_ws/install/control/lib/control
[22.699s] Installing self_disarm script to /home/ngt/ZENS-Final-AUVC/ros_ws/install/control/lib/control
[22.699s] writing list of installed files to '/home/ngt/ZENS-Final-AUVC/ros_ws/build/control/install.log'
[23.408s] Invoked command in '/home/ngt/ZENS-Final-AUVC/ros_ws/src/control' returned '0': PYTHONPATH=/home/ngt/ZENS-Final-AUVC/ros_ws/build/control/prefix_override:/usr/lib/python3/dist-packages/colcon_core/task/python/colcon_distutils_commands:/home/ngt/ZENS-Final-AUVC/ros_ws/install/control/lib/python3.12/site-packages:${PYTHONPATH} /usr/bin/python3 -W ignore:setup.py install is deprecated -W ignore:easy_install command is deprecated setup.py egg_info --egg-base ../../build/control build --build-base /home/ngt/ZENS-Final-AUVC/ros_ws/build/control/build install --record /home/ngt/ZENS-Final-AUVC/ros_ws/build/control/install.log --install-scripts $base/lib/control --single-version-externally-managed install_data
