running egg_info
writing ../../build/cv/cv.egg-info/PKG-INFO
writing dependency_links to ../../build/cv/cv.egg-info/dependency_links.txt
writing entry points to ../../build/cv/cv.egg-info/entry_points.txt
writing requirements to ../../build/cv/cv.egg-info/requires.txt
writing top-level names to ../../build/cv/cv.egg-info/top_level.txt
reading manifest file '../../build/cv/cv.egg-info/SOURCES.txt'
writing manifest file '../../build/cv/cv.egg-info/SOURCES.txt'
running build
running build_py
copying cv/scripts/benchmark_int8.py -> /home/ngt/ZENS-Final-AUVC/ros_ws/build/cv/build/lib/cv/scripts
copying cv/scripts/quantize_onnx.py -> /home/ngt/ZENS-Final-AUVC/ros_ws/build/cv/build/lib/cv/scripts
running install
running install_lib
copying /home/ngt/ZENS-Final-AUVC/ros_ws/build/cv/build/lib/cv/scripts/benchmark_int8.py -> /home/ngt/ZENS-Final-AUVC/ros_ws/install/cv/lib/python3.12/site-packages/cv/scripts
copying /home/ngt/ZENS-Final-AUVC/ros_ws/build/cv/build/lib/cv/scripts/quantize_onnx.py -> /home/ngt/ZENS-Final-AUVC/ros_ws/install/cv/lib/python3.12/site-packages/cv/scripts
byte-compiling /home/ngt/ZENS-Final-AUVC/ros_ws/install/cv/lib/python3.12/site-packages/cv/scripts/benchmark_int8.py to benchmark_int8.cpython-312.pyc
byte-compiling /home/ngt/ZENS-Final-AUVC/ros_ws/install/cv/lib/python3.12/site-packages/cv/scripts/quantize_onnx.py to quantize_onnx.cpython-312.pyc
running install_data
copying config/detector_params.yaml -> /home/ngt/ZENS-Final-AUVC/ros_ws/install/cv/share/cv/config
copying models/auv_detector_v3_int8.onnx -> /home/ngt/ZENS-Final-AUVC/ros_ws/install/cv/share/cv/models
copying models/auv_detector_v3.onnx -> /home/ngt/ZENS-Final-AUVC/ros_ws/install/cv/share/cv/models
running install_egg_info
removing '/home/ngt/ZENS-Final-AUVC/ros_ws/install/cv/lib/python3.12/site-packages/cv-0.0.0-py3.12.egg-info' (and everything under it)
Copying ../../build/cv/cv.egg-info to /home/ngt/ZENS-Final-AUVC/ros_ws/install/cv/lib/python3.12/site-packages/cv-0.0.0-py3.12.egg-info
running install_scripts
Installing calibrate_camera script to /home/ngt/ZENS-Final-AUVC/ros_ws/install/cv/lib/cv
Installing detection_node script to /home/ngt/ZENS-Final-AUVC/ros_ws/install/cv/lib/cv
Installing tag_heading_node script to /home/ngt/ZENS-Final-AUVC/ros_ws/install/cv/lib/cv
Installing web_streamer_node script to /home/ngt/ZENS-Final-AUVC/ros_ws/install/cv/lib/cv
writing list of installed files to '/home/ngt/ZENS-Final-AUVC/ros_ws/build/cv/install.log'
