running develop
running egg_info
creating bringup.egg-info
writing bringup.egg-info/PKG-INFO
writing dependency_links to bringup.egg-info/dependency_links.txt
writing requirements to bringup.egg-info/requires.txt
writing top-level names to bringup.egg-info/top_level.txt
writing manifest file 'bringup.egg-info/SOURCES.txt'
reading manifest file 'bringup.egg-info/SOURCES.txt'
writing manifest file 'bringup.egg-info/SOURCES.txt'
running build_ext
Creating /home/ngt/ZENS-Final-AUVC/ros_ws/install/bringup/lib/python3.12/site-packages/bringup.egg-link (link to .)

Installed /home/ngt/ZENS-Final-AUVC/ros_ws/build/bringup
running symlink_data
creating /home/ngt/ZENS-Final-AUVC/ros_ws/install/bringup/share/ament_index
creating /home/ngt/ZENS-Final-AUVC/ros_ws/install/bringup/share/ament_index/resource_index
creating /home/ngt/ZENS-Final-AUVC/ros_ws/install/bringup/share/ament_index/resource_index/packages
symbolically linking /home/ngt/ZENS-Final-AUVC/ros_ws/build/bringup/resource/bringup -> /home/ngt/ZENS-Final-AUVC/ros_ws/install/bringup/share/ament_index/resource_index/packages
symbolically linking /home/ngt/ZENS-Final-AUVC/ros_ws/build/bringup/package.xml -> /home/ngt/ZENS-Final-AUVC/ros_ws/install/bringup/share/bringup
creating /home/ngt/ZENS-Final-AUVC/ros_ws/install/bringup/share/bringup/launch
symbolically linking /home/ngt/ZENS-Final-AUVC/ros_ws/build/bringup/launch/cv.launch.yaml -> /home/ngt/ZENS-Final-AUVC/ros_ws/install/bringup/share/bringup/launch
symbolically linking /home/ngt/ZENS-Final-AUVC/ros_ws/build/bringup/launch/web_streamer.launch.yaml -> /home/ngt/ZENS-Final-AUVC/ros_ws/install/bringup/share/bringup/launch
symbolically linking /home/ngt/ZENS-Final-AUVC/ros_ws/build/bringup/launch/hardware.launch.yaml -> /home/ngt/ZENS-Final-AUVC/ros_ws/install/bringup/share/bringup/launch
symbolically linking /home/ngt/ZENS-Final-AUVC/ros_ws/build/bringup/launch/all_systems.launch.yaml -> /home/ngt/ZENS-Final-AUVC/ros_ws/install/bringup/share/bringup/launch
symbolically linking /home/ngt/ZENS-Final-AUVC/ros_ws/build/bringup/launch/bag_recording.launch.py -> /home/ngt/ZENS-Final-AUVC/ros_ws/install/bringup/share/bringup/launch
symbolically linking /home/ngt/ZENS-Final-AUVC/ros_ws/build/bringup/launch/control.launch.yaml -> /home/ngt/ZENS-Final-AUVC/ros_ws/install/bringup/share/bringup/launch
creating /home/ngt/ZENS-Final-AUVC/ros_ws/install/bringup/share/bringup/config
symbolically linking /home/ngt/ZENS-Final-AUVC/ros_ws/build/bringup/config/params.yaml -> /home/ngt/ZENS-Final-AUVC/ros_ws/install/bringup/share/bringup/config
