[6.865s] Invoking command in '/home/ngt/ZENS-Final-AUVC/ros_ws/src/flashing': PYTHONPATH=/home/ngt/ZENS-Final-AUVC/build/flashing/prefix_override:/home/ngt/.virtualenvs/ardusub/lib/python3.12/site-packages/colcon_core/task/python/colcon_distutils_commands:/home/ngt/ZENS-Final-AUVC/install/flashing/lib/python3.12/site-packages:${PYTHONPATH} /home/ngt/.virtualenvs/ardusub/bin/python -W ignore:setup.py install is deprecated -W ignore:easy_install command is deprecated setup.py egg_info --egg-base ../../../build/flashing build --build-base /home/ngt/ZENS-Final-AUVC/build/flashing/build install --record /home/ngt/ZENS-Final-AUVC/build/flashing/install.log --install-scripts $base/lib/flashing --single-version-externally-managed install_data
[10.075s] running egg_info
[10.300s] writing ../../../build/flashing/flashing.egg-info/PKG-INFO
[10.301s] writing dependency_links to ../../../build/flashing/flashing.egg-info/dependency_links.txt
[10.307s] writing entry points to ../../../build/flashing/flashing.egg-info/entry_points.txt
[10.311s] writing requirements to ../../../build/flashing/flashing.egg-info/requires.txt
[10.313s] writing top-level names to ../../../build/flashing/flashing.egg-info/top_level.txt
[10.559s] reading manifest file '../../../build/flashing/flashing.egg-info/SOURCES.txt'
[10.572s] writing manifest file '../../../build/flashing/flashing.egg-info/SOURCES.txt'
[10.577s] running build
[10.578s] running build_py
[10.579s] copying flashing/flashing_node.py -> /home/ngt/ZENS-Final-AUVC/build/flashing/build/lib/flashing
[10.584s] copying flashing/__init__.py -> /home/ngt/ZENS-Final-AUVC/build/flashing/build/lib/flashing
[10.586s] running install
[10.659s] running install_lib
[11.011s] running install_data
[11.012s] copying resource/flashing -> /home/ngt/ZENS-Final-AUVC/install/flashing/share/ament_index/resource_index/packages
[11.021s] copying package.xml -> /home/ngt/ZENS-Final-AUVC/install/flashing/share/flashing
[11.026s] running install_egg_info
[11.284s] removing '/home/ngt/ZENS-Final-AUVC/install/flashing/lib/python3.12/site-packages/flashing-0.0.0-py3.12.egg-info' (and everything under it)
[11.295s] Copying ../../../build/flashing/flashing.egg-info to /home/ngt/ZENS-Final-AUVC/install/flashing/lib/python3.12/site-packages/flashing-0.0.0-py3.12.egg-info
[11.312s] running install_scripts
[11.736s] Installing flashing_node script to /home/ngt/ZENS-Final-AUVC/install/flashing/lib/flashing
[11.747s] writing list of installed files to '/home/ngt/ZENS-Final-AUVC/build/flashing/install.log'
[14.227s] Invoked command in '/home/ngt/ZENS-Final-AUVC/ros_ws/src/flashing' returned '0': PYTHONPATH=/home/ngt/ZENS-Final-AUVC/build/flashing/prefix_override:/home/ngt/.virtualenvs/ardusub/lib/python3.12/site-packages/colcon_core/task/python/colcon_distutils_commands:/home/ngt/ZENS-Final-AUVC/install/flashing/lib/python3.12/site-packages:${PYTHONPATH} /home/ngt/.virtualenvs/ardusub/bin/python -W ignore:setup.py install is deprecated -W ignore:easy_install command is deprecated setup.py egg_info --egg-base ../../../build/flashing build --build-base /home/ngt/ZENS-Final-AUVC/build/flashing/build install --record /home/ngt/ZENS-Final-AUVC/build/flashing/install.log --install-scripts $base/lib/flashing --single-version-externally-managed install_data
