[7.457s] Invoking command in '/home/ngt/ZENS-Final-AUVC/ros_ws/src/flashing': PYTHONPATH=/home/ngt/ZENS-Final-AUVC/build/flashing/prefix_override:/home/ngt/.virtualenvs/ardusub/lib/python3.12/site-packages/colcon_core/task/python/colcon_distutils_commands:/home/ngt/ZENS-Final-AUVC/install/flashing/lib/python3.12/site-packages:${PYTHONPATH} /home/ngt/.virtualenvs/ardusub/bin/python -W ignore:setup.py install is deprecated -W ignore:easy_install command is deprecated setup.py egg_info --egg-base ../../../build/flashing build --build-base /home/ngt/ZENS-Final-AUVC/build/flashing/build install --record /home/ngt/ZENS-Final-AUVC/build/flashing/install.log --install-scripts $base/lib/flashing --single-version-externally-managed install_data
[10.416s] running egg_info
[10.555s] writing ../../../build/flashing/flashing.egg-info/PKG-INFO
[10.559s] writing dependency_links to ../../../build/flashing/flashing.egg-info/dependency_links.txt
[10.560s] writing entry points to ../../../build/flashing/flashing.egg-info/entry_points.txt
[10.562s] writing requirements to ../../../build/flashing/flashing.egg-info/requires.txt
[10.565s] writing top-level names to ../../../build/flashing/flashing.egg-info/top_level.txt
[10.799s] reading manifest file '../../../build/flashing/flashing.egg-info/SOURCES.txt'
[10.808s] writing manifest file '../../../build/flashing/flashing.egg-info/SOURCES.txt'
[10.811s] running build
[10.813s] running build_py
[10.814s] copying flashing/flashing_node.py -> /home/ngt/ZENS-Final-AUVC/build/flashing/build/lib/flashing
[10.819s] copying flashing/__init__.py -> /home/ngt/ZENS-Final-AUVC/build/flashing/build/lib/flashing
[10.820s] running install
[10.852s] running install_lib
[10.983s] running install_data
[10.984s] copying resource/flashing -> /home/ngt/ZENS-Final-AUVC/install/flashing/share/ament_index/resource_index/packages
[10.988s] copying package.xml -> /home/ngt/ZENS-Final-AUVC/install/flashing/share/flashing
[10.989s] running install_egg_info
[11.119s] removing '/home/ngt/ZENS-Final-AUVC/install/flashing/lib/python3.12/site-packages/flashing-0.0.0-py3.12.egg-info' (and everything under it)
[11.133s] Copying ../../../build/flashing/flashing.egg-info to /home/ngt/ZENS-Final-AUVC/install/flashing/lib/python3.12/site-packages/flashing-0.0.0-py3.12.egg-info
[11.149s] running install_scripts
[11.447s] Installing flashing_node script to /home/ngt/ZENS-Final-AUVC/install/flashing/lib/flashing
[11.453s] writing list of installed files to '/home/ngt/ZENS-Final-AUVC/build/flashing/install.log'
[11.636s] Invoked command in '/home/ngt/ZENS-Final-AUVC/ros_ws/src/flashing' returned '0': PYTHONPATH=/home/ngt/ZENS-Final-AUVC/build/flashing/prefix_override:/home/ngt/.virtualenvs/ardusub/lib/python3.12/site-packages/colcon_core/task/python/colcon_distutils_commands:/home/ngt/ZENS-Final-AUVC/install/flashing/lib/python3.12/site-packages:${PYTHONPATH} /home/ngt/.virtualenvs/ardusub/bin/python -W ignore:setup.py install is deprecated -W ignore:easy_install command is deprecated setup.py egg_info --egg-base ../../../build/flashing build --build-base /home/ngt/ZENS-Final-AUVC/build/flashing/build install --record /home/ngt/ZENS-Final-AUVC/build/flashing/install.log --install-scripts $base/lib/flashing --single-version-externally-managed install_data
