[18.852s] Invoking command in '/home/ngt/ZENS-Final-AUVC/ros_ws/build/launcher': PYTHONPATH=/home/ngt/ZENS-Final-AUVC/ros_ws/build/launcher/prefix_override:/usr/lib/python3/dist-packages/colcon_core/task/python/colcon_distutils_commands:/home/ngt/ZENS-Final-AUVC/ros_ws/install/launcher/lib/python3.12/site-packages:${PYTHONPATH} /usr/bin/python3 -W ignore:setup.py install is deprecated -W ignore:easy_install command is deprecated setup.py develop --editable --build-directory /home/ngt/ZENS-Final-AUVC/ros_ws/build/launcher/build --no-deps symlink_data --force
[25.166s] running develop
[30.334s] running egg_info
[30.761s] writing launcher.egg-info/PKG-INFO
[30.764s] writing dependency_links to launcher.egg-info/dependency_links.txt
[30.765s] writing requirements to launcher.egg-info/requires.txt
[30.766s] writing top-level names to launcher.egg-info/top_level.txt
[31.250s] reading manifest file 'launcher.egg-info/SOURCES.txt'
[31.254s] writing manifest file 'launcher.egg-info/SOURCES.txt'
[31.480s] running build_ext
[31.482s] Creating /home/ngt/ZENS-Final-AUVC/ros_ws/install/launcher/lib/python3.12/site-packages/launcher.egg-link (link to .)
[31.486s] 
[31.488s] Installed /home/ngt/ZENS-Final-AUVC/ros_ws/build/launcher
[31.489s] running symlink_data
[31.490s] symbolically linking /home/ngt/ZENS-Final-AUVC/ros_ws/build/launcher/resource/launcher -> /home/ngt/ZENS-Final-AUVC/ros_ws/install/launcher/share/ament_index/resource_index/packages
[31.491s] symbolically linking /home/ngt/ZENS-Final-AUVC/ros_ws/build/launcher/package.xml -> /home/ngt/ZENS-Final-AUVC/ros_ws/install/launcher/share/launcher
[31.493s] symbolically linking /home/ngt/ZENS-Final-AUVC/ros_ws/build/launcher/launch/cv.launch.yaml -> /home/ngt/ZENS-Final-AUVC/ros_ws/install/launcher/share/launcher/launch
[31.495s] symbolically linking /home/ngt/ZENS-Final-AUVC/ros_ws/build/launcher/launch/qual_control.launch.yaml -> /home/ngt/ZENS-Final-AUVC/ros_ws/install/launcher/share/launcher/launch
[31.496s] symbolically linking /home/ngt/ZENS-Final-AUVC/ros_ws/build/launcher/launch/web_streamer.launch.yaml -> /home/ngt/ZENS-Final-AUVC/ros_ws/install/launcher/share/launcher/launch
[31.497s] symbolically linking /home/ngt/ZENS-Final-AUVC/ros_ws/build/launcher/launch/flashing.launch.yaml -> /home/ngt/ZENS-Final-AUVC/ros_ws/install/launcher/share/launcher/launch
[31.499s] symbolically linking /home/ngt/ZENS-Final-AUVC/ros_ws/build/launcher/launch/hardware.launch.yaml -> /home/ngt/ZENS-Final-AUVC/ros_ws/install/launcher/share/launcher/launch
[31.503s] symbolically linking /home/ngt/ZENS-Final-AUVC/ros_ws/build/launcher/launch/all_systems.launch.yaml -> /home/ngt/ZENS-Final-AUVC/ros_ws/install/launcher/share/launcher/launch
[31.507s] symbolically linking /home/ngt/ZENS-Final-AUVC/ros_ws/build/launcher/launch/control.launch.yaml -> /home/ngt/ZENS-Final-AUVC/ros_ws/install/launcher/share/launcher/launch
[31.510s] symbolically linking /home/ngt/ZENS-Final-AUVC/ros_ws/build/launcher/config/params.yaml -> /home/ngt/ZENS-Final-AUVC/ros_ws/install/launcher/share/launcher/config
