[10.705s] Invoking command in '/home/ngt/ZENS-Final-AUVC/ros_ws/src/hardware': PYTHONPATH=/home/ngt/ZENS-Final-AUVC/ros_ws/build/hardware/prefix_override:/usr/lib/python3/dist-packages/colcon_core/task/python/colcon_distutils_commands:/home/ngt/ZENS-Final-AUVC/ros_ws/install/hardware/lib/python3.12/site-packages:${PYTHONPATH} /usr/bin/python3 -W ignore:setup.py install is deprecated -W ignore:easy_install command is deprecated setup.py egg_info --egg-base ../../build/hardware build --build-base /home/ngt/ZENS-Final-AUVC/ros_ws/build/hardware/build install --record /home/ngt/ZENS-Final-AUVC/ros_ws/build/hardware/install.log --install-scripts $base/lib/hardware --single-version-externally-managed install_data
[14.354s] running egg_info
[14.727s] writing ../../build/hardware/hardware.egg-info/PKG-INFO
[14.731s] writing dependency_links to ../../build/hardware/hardware.egg-info/dependency_links.txt
[14.743s] writing entry points to ../../build/hardware/hardware.egg-info/entry_points.txt
[14.745s] writing requirements to ../../build/hardware/hardware.egg-info/requires.txt
[14.746s] writing top-level names to ../../build/hardware/hardware.egg-info/top_level.txt
[16.631s] reading manifest file '../../build/hardware/hardware.egg-info/SOURCES.txt'
[16.635s] writing manifest file '../../build/hardware/hardware.egg-info/SOURCES.txt'
[16.639s] running build
[16.641s] running build_py
[16.642s] running install
[16.675s] running install_lib
[16.959s] running install_data
[16.960s] running install_egg_info
[17.250s] removing '/home/ngt/ZENS-Final-AUVC/ros_ws/install/hardware/lib/python3.12/site-packages/hardware-0.0.0-py3.12.egg-info' (and everything under it)
[17.251s] Copying ../../build/hardware/hardware.egg-info to /home/ngt/ZENS-Final-AUVC/ros_ws/install/hardware/lib/python3.12/site-packages/hardware-0.0.0-py3.12.egg-info
[17.261s] running install_scripts
[18.102s] Installing bluerov2_camera_interface script to /home/ngt/ZENS-Final-AUVC/ros_ws/install/hardware/lib/hardware
[18.103s] Installing bluerov2_hardware_interface script to /home/ngt/ZENS-Final-AUVC/ros_ws/install/hardware/lib/hardware
[18.105s] Installing bluerov2_simulation_interface script to /home/ngt/ZENS-Final-AUVC/ros_ws/install/hardware/lib/hardware
[18.108s] writing list of installed files to '/home/ngt/ZENS-Final-AUVC/ros_ws/build/hardware/install.log'
[18.380s] Invoked command in '/home/ngt/ZENS-Final-AUVC/ros_ws/src/hardware' returned '0': PYTHONPATH=/home/ngt/ZENS-Final-AUVC/ros_ws/build/hardware/prefix_override:/usr/lib/python3/dist-packages/colcon_core/task/python/colcon_distutils_commands:/home/ngt/ZENS-Final-AUVC/ros_ws/install/hardware/lib/python3.12/site-packages:${PYTHONPATH} /usr/bin/python3 -W ignore:setup.py install is deprecated -W ignore:easy_install command is deprecated setup.py egg_info --egg-base ../../build/hardware build --build-base /home/ngt/ZENS-Final-AUVC/ros_ws/build/hardware/build install --record /home/ngt/ZENS-Final-AUVC/ros_ws/build/hardware/install.log --install-scripts $base/lib/hardware --single-version-externally-managed install_data
