[0.609s] DEBUG:colcon:Command line arguments: ['/usr/bin/colcon', 'build']
[0.609s] DEBUG:colcon:Parsed command line arguments: Namespace(log_base=None, log_level=None, verb_name='build', build_base='build', install_base='install', merge_install=False, symlink_install=False, test_result_base=None, continue_on_error=False, executor='parallel', parallel_workers=4, event_handlers=None, ignore_user_meta=False, metas=['./colcon.meta'], base_paths=['.'], packages_ignore=None, packages_ignore_regex=None, paths=None, packages_up_to=None, packages_up_to_regex=None, packages_above=None, packages_above_and_dependencies=None, packages_above_depth=None, packages_select_by_dep=None, packages_skip_by_dep=None, packages_skip_up_to=None, packages_select_build_failed=False, packages_skip_build_finished=False, packages_select_test_failures=False, packages_skip_test_passed=False, packages_select=None, packages_skip=None, packages_select_regex=None, packages_skip_regex=None, packages_start=None, packages_end=None, allow_overriding=[], cmake_args=None, cmake_target=None, cmake_target_skip_unavailable=False, cmake_clean_cache=False, cmake_clean_first=False, cmake_force_configure=False, ament_cmake_args=None, catkin_cmake_args=None, catkin_skip_building_tests=False, mixin_files=None, mixin=None, verb_parser=<colcon_mixin.mixin.mixin_argument.MixinArgumentDecorator object at 0xffffa169a540>, verb_extension=<colcon_core.verb.build.BuildVerb object at 0xffffa169a210>, main=<bound method BuildVerb.main of <colcon_core.verb.build.BuildVerb object at 0xffffa169a210>>, mixin_verb=('build',))
[0.799s] Level 1:colcon.colcon_core.package_discovery:discover_packages(colcon_meta) check parameters
[0.799s] Level 1:colcon.colcon_core.package_discovery:discover_packages(recursive) check parameters
[0.799s] Level 1:colcon.colcon_core.package_discovery:discover_packages(ignore) check parameters
[0.799s] Level 1:colcon.colcon_core.package_discovery:discover_packages(path) check parameters
[0.799s] Level 1:colcon.colcon_core.package_discovery:discover_packages(colcon_meta) discover
[0.800s] Level 1:colcon.colcon_core.package_discovery:discover_packages(recursive) discover
[0.800s] INFO:colcon.colcon_core.package_discovery:Crawling recursively for packages in '/home/ngt/ZENS-Final-AUVC/ros_ws'
[0.800s] Level 1:colcon.colcon_core.package_identification:_identify(.) by extensions ['ignore', 'ignore_ament_install']
[0.801s] Level 1:colcon.colcon_core.package_identification:_identify(.) by extension 'ignore'
[0.801s] Level 1:colcon.colcon_core.package_identification:_identify(.) by extension 'ignore_ament_install'
[0.801s] Level 1:colcon.colcon_core.package_identification:_identify(.) by extensions ['colcon_pkg']
[0.801s] Level 1:colcon.colcon_core.package_identification:_identify(.) by extension 'colcon_pkg'
[0.802s] Level 1:colcon.colcon_core.package_identification:_identify(.) by extensions ['colcon_meta']
[0.802s] Level 1:colcon.colcon_core.package_identification:_identify(.) by extension 'colcon_meta'
[0.802s] Level 1:colcon.colcon_core.package_identification:_identify(.) by extensions ['ros']
[0.802s] Level 1:colcon.colcon_core.package_identification:_identify(.) by extension 'ros'
[0.918s] Level 1:colcon.colcon_core.package_identification:_identify(.) by extensions ['cmake', 'python']
[0.918s] Level 1:colcon.colcon_core.package_identification:_identify(.) by extension 'cmake'
[0.918s] Level 1:colcon.colcon_core.package_identification:_identify(.) by extension 'python'
[0.918s] Level 1:colcon.colcon_core.package_identification:_identify(.) by extensions ['python_setup_py']
[0.918s] Level 1:colcon.colcon_core.package_identification:_identify(.) by extension 'python_setup_py'
[0.919s] Level 1:colcon.colcon_core.package_identification:_identify(build) by extensions ['ignore', 'ignore_ament_install']
[0.919s] Level 1:colcon.colcon_core.package_identification:_identify(build) by extension 'ignore'
[0.919s] Level 1:colcon.colcon_core.package_identification:_identify(build) ignored
[0.920s] Level 1:colcon.colcon_core.package_identification:_identify(bwsibot) by extensions ['ignore', 'ignore_ament_install']
[0.920s] Level 1:colcon.colcon_core.package_identification:_identify(bwsibot) by extension 'ignore'
[0.921s] Level 1:colcon.colcon_core.package_identification:_identify(bwsibot) by extension 'ignore_ament_install'
[0.921s] Level 1:colcon.colcon_core.package_identification:_identify(bwsibot) by extensions ['colcon_pkg']
[0.921s] Level 1:colcon.colcon_core.package_identification:_identify(bwsibot) by extension 'colcon_pkg'
[0.921s] Level 1:colcon.colcon_core.package_identification:_identify(bwsibot) by extensions ['colcon_meta']
[0.922s] Level 1:colcon.colcon_core.package_identification:_identify(bwsibot) by extension 'colcon_meta'
[0.922s] Level 1:colcon.colcon_core.package_identification:_identify(bwsibot) by extensions ['ros']
[0.922s] Level 1:colcon.colcon_core.package_identification:_identify(bwsibot) by extension 'ros'
[0.922s] Level 1:colcon.colcon_core.package_identification:_identify(bwsibot) by extensions ['cmake', 'python']
[0.922s] Level 1:colcon.colcon_core.package_identification:_identify(bwsibot) by extension 'cmake'
[0.923s] Level 1:colcon.colcon_core.package_identification:_identify(bwsibot) by extension 'python'
[0.923s] Level 1:colcon.colcon_core.package_identification:_identify(bwsibot) by extensions ['python_setup_py']
[0.923s] Level 1:colcon.colcon_core.package_identification:_identify(bwsibot) by extension 'python_setup_py'
[0.923s] Level 1:colcon.colcon_core.package_identification:_identify(bwsibot/logs) by extensions ['ignore', 'ignore_ament_install']
[0.924s] Level 1:colcon.colcon_core.package_identification:_identify(bwsibot/logs) by extension 'ignore'
[0.924s] Level 1:colcon.colcon_core.package_identification:_identify(bwsibot/logs) by extension 'ignore_ament_install'
[0.924s] Level 1:colcon.colcon_core.package_identification:_identify(bwsibot/logs) by extensions ['colcon_pkg']
[0.924s] Level 1:colcon.colcon_core.package_identification:_identify(bwsibot/logs) by extension 'colcon_pkg'
[0.925s] Level 1:colcon.colcon_core.package_identification:_identify(bwsibot/logs) by extensions ['colcon_meta']
[0.925s] Level 1:colcon.colcon_core.package_identification:_identify(bwsibot/logs) by extension 'colcon_meta'
[0.925s] Level 1:colcon.colcon_core.package_identification:_identify(bwsibot/logs) by extensions ['ros']
[0.925s] Level 1:colcon.colcon_core.package_identification:_identify(bwsibot/logs) by extension 'ros'
[0.925s] Level 1:colcon.colcon_core.package_identification:_identify(bwsibot/logs) by extensions ['cmake', 'python']
[0.926s] Level 1:colcon.colcon_core.package_identification:_identify(bwsibot/logs) by extension 'cmake'
[0.926s] Level 1:colcon.colcon_core.package_identification:_identify(bwsibot/logs) by extension 'python'
[0.926s] Level 1:colcon.colcon_core.package_identification:_identify(bwsibot/logs) by extensions ['python_setup_py']
[0.926s] Level 1:colcon.colcon_core.package_identification:_identify(bwsibot/logs) by extension 'python_setup_py'
[0.926s] Level 1:colcon.colcon_core.package_identification:_identify(bwsibot/logs/2026-07-30) by extensions ['ignore', 'ignore_ament_install']
[0.927s] Level 1:colcon.colcon_core.package_identification:_identify(bwsibot/logs/2026-07-30) by extension 'ignore'
[0.927s] Level 1:colcon.colcon_core.package_identification:_identify(bwsibot/logs/2026-07-30) by extension 'ignore_ament_install'
[0.927s] Level 1:colcon.colcon_core.package_identification:_identify(bwsibot/logs/2026-07-30) by extensions ['colcon_pkg']
[0.927s] Level 1:colcon.colcon_core.package_identification:_identify(bwsibot/logs/2026-07-30) by extension 'colcon_pkg'
[0.928s] Level 1:colcon.colcon_core.package_identification:_identify(bwsibot/logs/2026-07-30) by extensions ['colcon_meta']
[0.928s] Level 1:colcon.colcon_core.package_identification:_identify(bwsibot/logs/2026-07-30) by extension 'colcon_meta'
[0.928s] Level 1:colcon.colcon_core.package_identification:_identify(bwsibot/logs/2026-07-30) by extensions ['ros']
[0.929s] Level 1:colcon.colcon_core.package_identification:_identify(bwsibot/logs/2026-07-30) by extension 'ros'
[0.929s] Level 1:colcon.colcon_core.package_identification:_identify(bwsibot/logs/2026-07-30) by extensions ['cmake', 'python']
[0.930s] Level 1:colcon.colcon_core.package_identification:_identify(bwsibot/logs/2026-07-30) by extension 'cmake'
[0.930s] Level 1:colcon.colcon_core.package_identification:_identify(bwsibot/logs/2026-07-30) by extension 'python'
[0.930s] Level 1:colcon.colcon_core.package_identification:_identify(bwsibot/logs/2026-07-30) by extensions ['python_setup_py']
[0.930s] Level 1:colcon.colcon_core.package_identification:_identify(bwsibot/logs/2026-07-30) by extension 'python_setup_py'
[0.931s] Level 1:colcon.colcon_core.package_identification:_identify(bwsibot/logs/2026-07-30/flight1) by extensions ['ignore', 'ignore_ament_install']
[0.931s] Level 1:colcon.colcon_core.package_identification:_identify(bwsibot/logs/2026-07-30/flight1) by extension 'ignore'
[0.932s] Level 1:colcon.colcon_core.package_identification:_identify(bwsibot/logs/2026-07-30/flight1) by extension 'ignore_ament_install'
[0.932s] Level 1:colcon.colcon_core.package_identification:_identify(bwsibot/logs/2026-07-30/flight1) by extensions ['colcon_pkg']
[0.932s] Level 1:colcon.colcon_core.package_identification:_identify(bwsibot/logs/2026-07-30/flight1) by extension 'colcon_pkg'
[0.932s] Level 1:colcon.colcon_core.package_identification:_identify(bwsibot/logs/2026-07-30/flight1) by extensions ['colcon_meta']
[0.933s] Level 1:colcon.colcon_core.package_identification:_identify(bwsibot/logs/2026-07-30/flight1) by extension 'colcon_meta'
[0.933s] Level 1:colcon.colcon_core.package_identification:_identify(bwsibot/logs/2026-07-30/flight1) by extensions ['ros']
[0.933s] Level 1:colcon.colcon_core.package_identification:_identify(bwsibot/logs/2026-07-30/flight1) by extension 'ros'
[0.933s] Level 1:colcon.colcon_core.package_identification:_identify(bwsibot/logs/2026-07-30/flight1) by extensions ['cmake', 'python']
[0.933s] Level 1:colcon.colcon_core.package_identification:_identify(bwsibot/logs/2026-07-30/flight1) by extension 'cmake'
[0.934s] Level 1:colcon.colcon_core.package_identification:_identify(bwsibot/logs/2026-07-30/flight1) by extension 'python'
[0.934s] Level 1:colcon.colcon_core.package_identification:_identify(bwsibot/logs/2026-07-30/flight1) by extensions ['python_setup_py']
[0.934s] Level 1:colcon.colcon_core.package_identification:_identify(bwsibot/logs/2026-07-30/flight1) by extension 'python_setup_py'
[0.935s] Level 1:colcon.colcon_core.package_identification:_identify(bwsibot/logs/2026-07-30/flight2) by extensions ['ignore', 'ignore_ament_install']
[0.935s] Level 1:colcon.colcon_core.package_identification:_identify(bwsibot/logs/2026-07-30/flight2) by extension 'ignore'
[0.936s] Level 1:colcon.colcon_core.package_identification:_identify(bwsibot/logs/2026-07-30/flight2) by extension 'ignore_ament_install'
[0.936s] Level 1:colcon.colcon_core.package_identification:_identify(bwsibot/logs/2026-07-30/flight2) by extensions ['colcon_pkg']
[0.936s] Level 1:colcon.colcon_core.package_identification:_identify(bwsibot/logs/2026-07-30/flight2) by extension 'colcon_pkg'
[0.937s] Level 1:colcon.colcon_core.package_identification:_identify(bwsibot/logs/2026-07-30/flight2) by extensions ['colcon_meta']
[0.937s] Level 1:colcon.colcon_core.package_identification:_identify(bwsibot/logs/2026-07-30/flight2) by extension 'colcon_meta'
[0.937s] Level 1:colcon.colcon_core.package_identification:_identify(bwsibot/logs/2026-07-30/flight2) by extensions ['ros']
[0.937s] Level 1:colcon.colcon_core.package_identification:_identify(bwsibot/logs/2026-07-30/flight2) by extension 'ros'
[0.938s] Level 1:colcon.colcon_core.package_identification:_identify(bwsibot/logs/2026-07-30/flight2) by extensions ['cmake', 'python']
[0.938s] Level 1:colcon.colcon_core.package_identification:_identify(bwsibot/logs/2026-07-30/flight2) by extension 'cmake'
[0.938s] Level 1:colcon.colcon_core.package_identification:_identify(bwsibot/logs/2026-07-30/flight2) by extension 'python'
[0.938s] Level 1:colcon.colcon_core.package_identification:_identify(bwsibot/logs/2026-07-30/flight2) by extensions ['python_setup_py']
[0.939s] Level 1:colcon.colcon_core.package_identification:_identify(bwsibot/logs/2026-07-30/flight2) by extension 'python_setup_py'
[0.939s] Level 1:colcon.colcon_core.package_identification:_identify(bwsibot/logs/2026-07-31) by extensions ['ignore', 'ignore_ament_install']
[0.940s] Level 1:colcon.colcon_core.package_identification:_identify(bwsibot/logs/2026-07-31) by extension 'ignore'
[0.940s] Level 1:colcon.colcon_core.package_identification:_identify(bwsibot/logs/2026-07-31) by extension 'ignore_ament_install'
[0.940s] Level 1:colcon.colcon_core.package_identification:_identify(bwsibot/logs/2026-07-31) by extensions ['colcon_pkg']
[0.940s] Level 1:colcon.colcon_core.package_identification:_identify(bwsibot/logs/2026-07-31) by extension 'colcon_pkg'
[0.941s] Level 1:colcon.colcon_core.package_identification:_identify(bwsibot/logs/2026-07-31) by extensions ['colcon_meta']
[0.941s] Level 1:colcon.colcon_core.package_identification:_identify(bwsibot/logs/2026-07-31) by extension 'colcon_meta'
[0.941s] Level 1:colcon.colcon_core.package_identification:_identify(bwsibot/logs/2026-07-31) by extensions ['ros']
[0.941s] Level 1:colcon.colcon_core.package_identification:_identify(bwsibot/logs/2026-07-31) by extension 'ros'
[0.942s] Level 1:colcon.colcon_core.package_identification:_identify(bwsibot/logs/2026-07-31) by extensions ['cmake', 'python']
[0.942s] Level 1:colcon.colcon_core.package_identification:_identify(bwsibot/logs/2026-07-31) by extension 'cmake'
[0.942s] Level 1:colcon.colcon_core.package_identification:_identify(bwsibot/logs/2026-07-31) by extension 'python'
[0.942s] Level 1:colcon.colcon_core.package_identification:_identify(bwsibot/logs/2026-07-31) by extensions ['python_setup_py']
[0.942s] Level 1:colcon.colcon_core.package_identification:_identify(bwsibot/logs/2026-07-31) by extension 'python_setup_py'
[0.943s] Level 1:colcon.colcon_core.package_identification:_identify(bwsibot/logs/2026-07-31/flight1) by extensions ['ignore', 'ignore_ament_install']
[0.943s] Level 1:colcon.colcon_core.package_identification:_identify(bwsibot/logs/2026-07-31/flight1) by extension 'ignore'
[0.943s] Level 1:colcon.colcon_core.package_identification:_identify(bwsibot/logs/2026-07-31/flight1) by extension 'ignore_ament_install'
[0.944s] Level 1:colcon.colcon_core.package_identification:_identify(bwsibot/logs/2026-07-31/flight1) by extensions ['colcon_pkg']
[0.944s] Level 1:colcon.colcon_core.package_identification:_identify(bwsibot/logs/2026-07-31/flight1) by extension 'colcon_pkg'
[0.944s] Level 1:colcon.colcon_core.package_identification:_identify(bwsibot/logs/2026-07-31/flight1) by extensions ['colcon_meta']
[0.944s] Level 1:colcon.colcon_core.package_identification:_identify(bwsibot/logs/2026-07-31/flight1) by extension 'colcon_meta'
[0.944s] Level 1:colcon.colcon_core.package_identification:_identify(bwsibot/logs/2026-07-31/flight1) by extensions ['ros']
[0.945s] Level 1:colcon.colcon_core.package_identification:_identify(bwsibot/logs/2026-07-31/flight1) by extension 'ros'
[0.945s] Level 1:colcon.colcon_core.package_identification:_identify(bwsibot/logs/2026-07-31/flight1) by extensions ['cmake', 'python']
[0.945s] Level 1:colcon.colcon_core.package_identification:_identify(bwsibot/logs/2026-07-31/flight1) by extension 'cmake'
[0.945s] Level 1:colcon.colcon_core.package_identification:_identify(bwsibot/logs/2026-07-31/flight1) by extension 'python'
[0.945s] Level 1:colcon.colcon_core.package_identification:_identify(bwsibot/logs/2026-07-31/flight1) by extensions ['python_setup_py']
[0.946s] Level 1:colcon.colcon_core.package_identification:_identify(bwsibot/logs/2026-07-31/flight1) by extension 'python_setup_py'
[0.946s] Level 1:colcon.colcon_core.package_identification:_identify(install) by extensions ['ignore', 'ignore_ament_install']
[0.947s] Level 1:colcon.colcon_core.package_identification:_identify(install) by extension 'ignore'
[0.947s] Level 1:colcon.colcon_core.package_identification:_identify(install) ignored
[0.948s] Level 1:colcon.colcon_core.package_identification:_identify(log) by extensions ['ignore', 'ignore_ament_install']
[0.949s] Level 1:colcon.colcon_core.package_identification:_identify(log) by extension 'ignore'
[0.949s] Level 1:colcon.colcon_core.package_identification:_identify(log) ignored
[0.950s] Level 1:colcon.colcon_core.package_identification:_identify(logs) by extensions ['ignore', 'ignore_ament_install']
[0.950s] Level 1:colcon.colcon_core.package_identification:_identify(logs) by extension 'ignore'
[0.951s] Level 1:colcon.colcon_core.package_identification:_identify(logs) by extension 'ignore_ament_install'
[0.951s] Level 1:colcon.colcon_core.package_identification:_identify(logs) by extensions ['colcon_pkg']
[0.951s] Level 1:colcon.colcon_core.package_identification:_identify(logs) by extension 'colcon_pkg'
[0.951s] Level 1:colcon.colcon_core.package_identification:_identify(logs) by extensions ['colcon_meta']
[0.952s] Level 1:colcon.colcon_core.package_identification:_identify(logs) by extension 'colcon_meta'
[0.952s] Level 1:colcon.colcon_core.package_identification:_identify(logs) by extensions ['ros']
[0.952s] Level 1:colcon.colcon_core.package_identification:_identify(logs) by extension 'ros'
[0.952s] Level 1:colcon.colcon_core.package_identification:_identify(logs) by extensions ['cmake', 'python']
[0.953s] Level 1:colcon.colcon_core.package_identification:_identify(logs) by extension 'cmake'
[0.953s] Level 1:colcon.colcon_core.package_identification:_identify(logs) by extension 'python'
[0.953s] Level 1:colcon.colcon_core.package_identification:_identify(logs) by extensions ['python_setup_py']
[0.953s] Level 1:colcon.colcon_core.package_identification:_identify(logs) by extension 'python_setup_py'
[0.954s] Level 1:colcon.colcon_core.package_identification:_identify(src) by extensions ['ignore', 'ignore_ament_install']
[0.954s] Level 1:colcon.colcon_core.package_identification:_identify(src) by extension 'ignore'
[0.954s] Level 1:colcon.colcon_core.package_identification:_identify(src) by extension 'ignore_ament_install'
[0.955s] Level 1:colcon.colcon_core.package_identification:_identify(src) by extensions ['colcon_pkg']
[0.955s] Level 1:colcon.colcon_core.package_identification:_identify(src) by extension 'colcon_pkg'
[0.955s] Level 1:colcon.colcon_core.package_identification:_identify(src) by extensions ['colcon_meta']
[0.955s] Level 1:colcon.colcon_core.package_identification:_identify(src) by extension 'colcon_meta'
[0.956s] Level 1:colcon.colcon_core.package_identification:_identify(src) by extensions ['ros']
[0.956s] Level 1:colcon.colcon_core.package_identification:_identify(src) by extension 'ros'
[0.956s] Level 1:colcon.colcon_core.package_identification:_identify(src) by extensions ['cmake', 'python']
[0.957s] Level 1:colcon.colcon_core.package_identification:_identify(src) by extension 'cmake'
[0.957s] Level 1:colcon.colcon_core.package_identification:_identify(src) by extension 'python'
[0.957s] Level 1:colcon.colcon_core.package_identification:_identify(src) by extensions ['python_setup_py']
[0.957s] Level 1:colcon.colcon_core.package_identification:_identify(src) by extension 'python_setup_py'
[0.958s] Level 1:colcon.colcon_core.package_identification:_identify(src/control) by extensions ['ignore', 'ignore_ament_install']
[0.958s] Level 1:colcon.colcon_core.package_identification:_identify(src/control) by extension 'ignore'
[0.959s] Level 1:colcon.colcon_core.package_identification:_identify(src/control) by extension 'ignore_ament_install'
[0.959s] Level 1:colcon.colcon_core.package_identification:_identify(src/control) by extensions ['colcon_pkg']
[0.959s] Level 1:colcon.colcon_core.package_identification:_identify(src/control) by extension 'colcon_pkg'
[0.959s] Level 1:colcon.colcon_core.package_identification:_identify(src/control) by extensions ['colcon_meta']
[0.959s] Level 1:colcon.colcon_core.package_identification:_identify(src/control) by extension 'colcon_meta'
[0.960s] Level 1:colcon.colcon_core.package_identification:_identify(src/control) by extensions ['ros']
[0.960s] Level 1:colcon.colcon_core.package_identification:_identify(src/control) by extension 'ros'
[0.973s] DEBUG:colcon.colcon_core.package_identification:Package 'src/control' with type 'ros.ament_python' and name 'control'
[0.974s] Level 1:colcon.colcon_core.package_identification:_identify(src/cv) by extensions ['ignore', 'ignore_ament_install']
[0.974s] Level 1:colcon.colcon_core.package_identification:_identify(src/cv) by extension 'ignore'
[0.975s] Level 1:colcon.colcon_core.package_identification:_identify(src/cv) by extension 'ignore_ament_install'
[0.975s] Level 1:colcon.colcon_core.package_identification:_identify(src/cv) by extensions ['colcon_pkg']
[0.975s] Level 1:colcon.colcon_core.package_identification:_identify(src/cv) by extension 'colcon_pkg'
[0.975s] Level 1:colcon.colcon_core.package_identification:_identify(src/cv) by extensions ['colcon_meta']
[0.976s] Level 1:colcon.colcon_core.package_identification:_identify(src/cv) by extension 'colcon_meta'
[0.976s] Level 1:colcon.colcon_core.package_identification:_identify(src/cv) by extensions ['ros']
[0.976s] Level 1:colcon.colcon_core.package_identification:_identify(src/cv) by extension 'ros'
[0.983s] DEBUG:colcon.colcon_core.package_identification:Package 'src/cv' with type 'ros.ament_python' and name 'cv'
[0.984s] Level 1:colcon.colcon_core.package_identification:_identify(src/flashing) by extensions ['ignore', 'ignore_ament_install']
[0.984s] Level 1:colcon.colcon_core.package_identification:_identify(src/flashing) by extension 'ignore'
[0.985s] Level 1:colcon.colcon_core.package_identification:_identify(src/flashing) by extension 'ignore_ament_install'
[0.985s] Level 1:colcon.colcon_core.package_identification:_identify(src/flashing) by extensions ['colcon_pkg']
[0.985s] Level 1:colcon.colcon_core.package_identification:_identify(src/flashing) by extension 'colcon_pkg'
[0.985s] Level 1:colcon.colcon_core.package_identification:_identify(src/flashing) by extensions ['colcon_meta']
[0.986s] Level 1:colcon.colcon_core.package_identification:_identify(src/flashing) by extension 'colcon_meta'
[0.986s] Level 1:colcon.colcon_core.package_identification:_identify(src/flashing) by extensions ['ros']
[0.986s] Level 1:colcon.colcon_core.package_identification:_identify(src/flashing) by extension 'ros'
[0.992s] DEBUG:colcon.colcon_core.package_identification:Package 'src/flashing' with type 'ros.ament_python' and name 'flashing'
[0.993s] Level 1:colcon.colcon_core.package_identification:_identify(src/launcher) by extensions ['ignore', 'ignore_ament_install']
[0.993s] Level 1:colcon.colcon_core.package_identification:_identify(src/launcher) by extension 'ignore'
[0.994s] Level 1:colcon.colcon_core.package_identification:_identify(src/launcher) by extension 'ignore_ament_install'
[0.994s] Level 1:colcon.colcon_core.package_identification:_identify(src/launcher) by extensions ['colcon_pkg']
[0.994s] Level 1:colcon.colcon_core.package_identification:_identify(src/launcher) by extension 'colcon_pkg'
[0.995s] Level 1:colcon.colcon_core.package_identification:_identify(src/launcher) by extensions ['colcon_meta']
[0.995s] Level 1:colcon.colcon_core.package_identification:_identify(src/launcher) by extension 'colcon_meta'
[0.995s] Level 1:colcon.colcon_core.package_identification:_identify(src/launcher) by extensions ['ros']
[0.995s] Level 1:colcon.colcon_core.package_identification:_identify(src/launcher) by extension 'ros'
[1.002s] DEBUG:colcon.colcon_core.package_identification:Package 'src/launcher' with type 'ros.ament_python' and name 'launcher'
[1.002s] Level 1:colcon.colcon_core.package_discovery:discover_packages(recursive) using defaults
[1.003s] Level 1:colcon.colcon_core.package_discovery:discover_packages(ignore) discover
[1.003s] Level 1:colcon.colcon_core.package_discovery:discover_packages(ignore) using defaults
[1.003s] Level 1:colcon.colcon_core.package_discovery:discover_packages(path) discover
[1.004s] Level 1:colcon.colcon_core.package_discovery:discover_packages(path) using defaults
[1.099s] Level 1:colcon.colcon_core.package_discovery:discover_packages(prefix_path) check parameters
[1.100s] Level 1:colcon.colcon_core.package_discovery:discover_packages(prefix_path) discover
[1.114s] DEBUG:colcon.colcon_installed_package_information.package_discovery:Found 7 installed packages in /home/ngt/ZENS-Final-AUVC/ros_ws/install
[1.117s] DEBUG:colcon.colcon_installed_package_information.package_discovery:Found 6 installed packages in /home/ngt/auvc_ws/install
[1.119s] DEBUG:colcon.colcon_installed_package_information.package_discovery:Found 1 installed packages in /home/ngt/cv_ws/install
[1.122s] DEBUG:colcon.colcon_installed_package_information.package_discovery:Found 2 installed packages in /home/ngt/pid_ws/install
[1.124s] DEBUG:colcon.colcon_installed_package_information.package_discovery:Found 1 installed packages in /home/ngt/auv_dancing/install
[1.135s] DEBUG:colcon.colcon_installed_package_information.package_discovery:Found 262 installed packages in /opt/ros/jazzy
[1.139s] Level 1:colcon.colcon_core.package_discovery:discover_packages(prefix_path) using defaults
[1.356s] Level 5:colcon.colcon_core.verb:set package 'control' build argument 'cmake_args' from command line to 'None'
[1.357s] Level 5:colcon.colcon_core.verb:set package 'control' build argument 'cmake_target' from command line to 'None'
[1.357s] Level 5:colcon.colcon_core.verb:set package 'control' build argument 'cmake_target_skip_unavailable' from command line to 'False'
[1.357s] Level 5:colcon.colcon_core.verb:set package 'control' build argument 'cmake_clean_cache' from command line to 'False'
[1.357s] Level 5:colcon.colcon_core.verb:set package 'control' build argument 'cmake_clean_first' from command line to 'False'
[1.357s] Level 5:colcon.colcon_core.verb:set package 'control' build argument 'cmake_force_configure' from command line to 'False'
[1.357s] Level 5:colcon.colcon_core.verb:set package 'control' build argument 'ament_cmake_args' from command line to 'None'
[1.358s] Level 5:colcon.colcon_core.verb:set package 'control' build argument 'catkin_cmake_args' from command line to 'None'
[1.358s] Level 5:colcon.colcon_core.verb:set package 'control' build argument 'catkin_skip_building_tests' from command line to 'False'
[1.358s] DEBUG:colcon.colcon_core.verb:Building package 'control' with the following arguments: {'ament_cmake_args': None, 'build_base': '/home/ngt/ZENS-Final-AUVC/ros_ws/build/control', 'catkin_cmake_args': None, 'catkin_skip_building_tests': False, 'cmake_args': None, 'cmake_clean_cache': False, 'cmake_clean_first': False, 'cmake_force_configure': False, 'cmake_target': None, 'cmake_target_skip_unavailable': False, 'install_base': '/home/ngt/ZENS-Final-AUVC/ros_ws/install/control', 'merge_install': False, 'path': '/home/ngt/ZENS-Final-AUVC/ros_ws/src/control', 'symlink_install': False, 'test_result_base': None}
[1.359s] Level 5:colcon.colcon_core.verb:set package 'cv' build argument 'cmake_args' from command line to 'None'
[1.359s] Level 5:colcon.colcon_core.verb:set package 'cv' build argument 'cmake_target' from command line to 'None'
[1.360s] Level 5:colcon.colcon_core.verb:set package 'cv' build argument 'cmake_target_skip_unavailable' from command line to 'False'
[1.360s] Level 5:colcon.colcon_core.verb:set package 'cv' build argument 'cmake_clean_cache' from command line to 'False'
[1.360s] Level 5:colcon.colcon_core.verb:set package 'cv' build argument 'cmake_clean_first' from command line to 'False'
[1.360s] Level 5:colcon.colcon_core.verb:set package 'cv' build argument 'cmake_force_configure' from command line to 'False'
[1.360s] Level 5:colcon.colcon_core.verb:set package 'cv' build argument 'ament_cmake_args' from command line to 'None'
[1.360s] Level 5:colcon.colcon_core.verb:set package 'cv' build argument 'catkin_cmake_args' from command line to 'None'
[1.360s] Level 5:colcon.colcon_core.verb:set package 'cv' build argument 'catkin_skip_building_tests' from command line to 'False'
[1.360s] DEBUG:colcon.colcon_core.verb:Building package 'cv' with the following arguments: {'ament_cmake_args': None, 'build_base': '/home/ngt/ZENS-Final-AUVC/ros_ws/build/cv', 'catkin_cmake_args': None, 'catkin_skip_building_tests': False, 'cmake_args': None, 'cmake_clean_cache': False, 'cmake_clean_first': False, 'cmake_force_configure': False, 'cmake_target': None, 'cmake_target_skip_unavailable': False, 'install_base': '/home/ngt/ZENS-Final-AUVC/ros_ws/install/cv', 'merge_install': False, 'path': '/home/ngt/ZENS-Final-AUVC/ros_ws/src/cv', 'symlink_install': False, 'test_result_base': None}
[1.362s] Level 5:colcon.colcon_core.verb:set package 'flashing' build argument 'cmake_args' from command line to 'None'
[1.362s] Level 5:colcon.colcon_core.verb:set package 'flashing' build argument 'cmake_target' from command line to 'None'
[1.362s] Level 5:colcon.colcon_core.verb:set package 'flashing' build argument 'cmake_target_skip_unavailable' from command line to 'False'
[1.362s] Level 5:colcon.colcon_core.verb:set package 'flashing' build argument 'cmake_clean_cache' from command line to 'False'
[1.362s] Level 5:colcon.colcon_core.verb:set package 'flashing' build argument 'cmake_clean_first' from command line to 'False'
[1.362s] Level 5:colcon.colcon_core.verb:set package 'flashing' build argument 'cmake_force_configure' from command line to 'False'
[1.362s] Level 5:colcon.colcon_core.verb:set package 'flashing' build argument 'ament_cmake_args' from command line to 'None'
[1.362s] Level 5:colcon.colcon_core.verb:set package 'flashing' build argument 'catkin_cmake_args' from command line to 'None'
[1.363s] Level 5:colcon.colcon_core.verb:set package 'flashing' build argument 'catkin_skip_building_tests' from command line to 'False'
[1.363s] DEBUG:colcon.colcon_core.verb:Building package 'flashing' with the following arguments: {'ament_cmake_args': None, 'build_base': '/home/ngt/ZENS-Final-AUVC/ros_ws/build/flashing', 'catkin_cmake_args': None, 'catkin_skip_building_tests': False, 'cmake_args': None, 'cmake_clean_cache': False, 'cmake_clean_first': False, 'cmake_force_configure': False, 'cmake_target': None, 'cmake_target_skip_unavailable': False, 'install_base': '/home/ngt/ZENS-Final-AUVC/ros_ws/install/flashing', 'merge_install': False, 'path': '/home/ngt/ZENS-Final-AUVC/ros_ws/src/flashing', 'symlink_install': False, 'test_result_base': None}
[1.364s] Level 5:colcon.colcon_core.verb:set package 'launcher' build argument 'cmake_args' from command line to 'None'
[1.364s] Level 5:colcon.colcon_core.verb:set package 'launcher' build argument 'cmake_target' from command line to 'None'
[1.364s] Level 5:colcon.colcon_core.verb:set package 'launcher' build argument 'cmake_target_skip_unavailable' from command line to 'False'
[1.365s] Level 5:colcon.colcon_core.verb:set package 'launcher' build argument 'cmake_clean_cache' from command line to 'False'
[1.365s] Level 5:colcon.colcon_core.verb:set package 'launcher' build argument 'cmake_clean_first' from command line to 'False'
[1.365s] Level 5:colcon.colcon_core.verb:set package 'launcher' build argument 'cmake_force_configure' from command line to 'False'
[1.365s] Level 5:colcon.colcon_core.verb:set package 'launcher' build argument 'ament_cmake_args' from command line to 'None'
[1.365s] Level 5:colcon.colcon_core.verb:set package 'launcher' build argument 'catkin_cmake_args' from command line to 'None'
[1.365s] Level 5:colcon.colcon_core.verb:set package 'launcher' build argument 'catkin_skip_building_tests' from command line to 'False'
[1.365s] DEBUG:colcon.colcon_core.verb:Building package 'launcher' with the following arguments: {'ament_cmake_args': None, 'build_base': '/home/ngt/ZENS-Final-AUVC/ros_ws/build/launcher', 'catkin_cmake_args': None, 'catkin_skip_building_tests': False, 'cmake_args': None, 'cmake_clean_cache': False, 'cmake_clean_first': False, 'cmake_force_configure': False, 'cmake_target': None, 'cmake_target_skip_unavailable': False, 'install_base': '/home/ngt/ZENS-Final-AUVC/ros_ws/install/launcher', 'merge_install': False, 'path': '/home/ngt/ZENS-Final-AUVC/ros_ws/src/launcher', 'symlink_install': False, 'test_result_base': None}
[1.366s] INFO:colcon.colcon_core.executor:Executing jobs using 'parallel' executor
[1.369s] DEBUG:colcon.colcon_parallel_executor.executor.parallel:run_until_complete
[1.370s] INFO:colcon.colcon_ros.task.ament_python.build:Building ROS package in '/home/ngt/ZENS-Final-AUVC/ros_ws/src/control' with build type 'ament_python'
[1.371s] Level 1:colcon.colcon_core.shell:create_environment_hook('control', 'ament_prefix_path')
[1.382s] INFO:colcon.colcon_core.plugin_system:Skipping extension 'colcon_core.shell.bat': Not used on non-Windows systems
[1.382s] INFO:colcon.colcon_core.shell:Creating environment hook '/home/ngt/ZENS-Final-AUVC/ros_ws/install/control/share/control/hook/ament_prefix_path.ps1'
[1.385s] INFO:colcon.colcon_core.shell:Creating environment descriptor '/home/ngt/ZENS-Final-AUVC/ros_ws/install/control/share/control/hook/ament_prefix_path.dsv'
[1.387s] INFO:colcon.colcon_core.shell:Creating environment hook '/home/ngt/ZENS-Final-AUVC/ros_ws/install/control/share/control/hook/ament_prefix_path.sh'
[1.390s] INFO:colcon.colcon_core.shell:Skip shell extension 'powershell' for command environment: Not usable outside of PowerShell
[1.391s] DEBUG:colcon.colcon_core.shell:Skip shell extension 'dsv' for command environment
[1.425s] INFO:colcon.colcon_ros.task.ament_python.build:Building ROS package in '/home/ngt/ZENS-Final-AUVC/ros_ws/src/cv' with build type 'ament_python'
[1.426s] Level 1:colcon.colcon_core.shell:create_environment_hook('cv', 'ament_prefix_path')
[1.426s] INFO:colcon.colcon_core.shell:Creating environment hook '/home/ngt/ZENS-Final-AUVC/ros_ws/install/cv/share/cv/hook/ament_prefix_path.ps1'
[1.429s] INFO:colcon.colcon_core.shell:Creating environment descriptor '/home/ngt/ZENS-Final-AUVC/ros_ws/install/cv/share/cv/hook/ament_prefix_path.dsv'
[1.431s] INFO:colcon.colcon_core.shell:Creating environment hook '/home/ngt/ZENS-Final-AUVC/ros_ws/install/cv/share/cv/hook/ament_prefix_path.sh'
[1.435s] INFO:colcon.colcon_core.shell:Skip shell extension 'powershell' for command environment: Not usable outside of PowerShell
[1.435s] DEBUG:colcon.colcon_core.shell:Skip shell extension 'dsv' for command environment
[1.469s] INFO:colcon.colcon_ros.task.ament_python.build:Building ROS package in '/home/ngt/ZENS-Final-AUVC/ros_ws/src/flashing' with build type 'ament_python'
[1.470s] Level 1:colcon.colcon_core.shell:create_environment_hook('flashing', 'ament_prefix_path')
[1.471s] INFO:colcon.colcon_core.shell:Creating environment hook '/home/ngt/ZENS-Final-AUVC/ros_ws/install/flashing/share/flashing/hook/ament_prefix_path.ps1'
[1.473s] INFO:colcon.colcon_core.shell:Creating environment descriptor '/home/ngt/ZENS-Final-AUVC/ros_ws/install/flashing/share/flashing/hook/ament_prefix_path.dsv'
[1.475s] INFO:colcon.colcon_core.shell:Creating environment hook '/home/ngt/ZENS-Final-AUVC/ros_ws/install/flashing/share/flashing/hook/ament_prefix_path.sh'
[1.478s] INFO:colcon.colcon_core.shell:Skip shell extension 'powershell' for command environment: Not usable outside of PowerShell
[1.478s] DEBUG:colcon.colcon_core.shell:Skip shell extension 'dsv' for command environment
[1.515s] INFO:colcon.colcon_ros.task.ament_python.build:Building ROS package in '/home/ngt/ZENS-Final-AUVC/ros_ws/src/launcher' with build type 'ament_python'
[1.515s] Level 1:colcon.colcon_core.shell:create_environment_hook('launcher', 'ament_prefix_path')
[1.516s] INFO:colcon.colcon_core.shell:Creating environment hook '/home/ngt/ZENS-Final-AUVC/ros_ws/install/launcher/share/launcher/hook/ament_prefix_path.ps1'
[1.519s] INFO:colcon.colcon_core.shell:Creating environment descriptor '/home/ngt/ZENS-Final-AUVC/ros_ws/install/launcher/share/launcher/hook/ament_prefix_path.dsv'
[1.522s] INFO:colcon.colcon_core.shell:Creating environment hook '/home/ngt/ZENS-Final-AUVC/ros_ws/install/launcher/share/launcher/hook/ament_prefix_path.sh'
[1.525s] INFO:colcon.colcon_core.shell:Skip shell extension 'powershell' for command environment: Not usable outside of PowerShell
[1.526s] DEBUG:colcon.colcon_core.shell:Skip shell extension 'dsv' for command environment
[2.909s] INFO:colcon.colcon_core.task.python.build:Building Python package in '/home/ngt/ZENS-Final-AUVC/ros_ws/src/control'
[2.910s] INFO:colcon.colcon_core.shell:Skip shell extension 'powershell' for command environment: Not usable outside of PowerShell
[2.910s] DEBUG:colcon.colcon_core.shell:Skip shell extension 'dsv' for command environment
[4.425s] INFO:colcon.colcon_core.task.python.build:Building Python package in '/home/ngt/ZENS-Final-AUVC/ros_ws/src/cv'
[4.426s] INFO:colcon.colcon_core.shell:Skip shell extension 'powershell' for command environment: Not usable outside of PowerShell
[4.427s] DEBUG:colcon.colcon_core.shell:Skip shell extension 'dsv' for command environment
[5.929s] INFO:colcon.colcon_core.task.python.build:Building Python package in '/home/ngt/ZENS-Final-AUVC/ros_ws/src/flashing'
[5.929s] INFO:colcon.colcon_core.shell:Skip shell extension 'powershell' for command environment: Not usable outside of PowerShell
[5.930s] DEBUG:colcon.colcon_core.shell:Skip shell extension 'dsv' for command environment
[7.319s] INFO:colcon.colcon_core.task.python.build:Building Python package in '/home/ngt/ZENS-Final-AUVC/ros_ws/src/launcher'
[7.320s] INFO:colcon.colcon_core.shell:Skip shell extension 'powershell' for command environment: Not usable outside of PowerShell
[7.320s] DEBUG:colcon.colcon_core.shell:Skip shell extension 'dsv' for command environment
[14.564s] DEBUG:colcon.colcon_core.task.python.build:Available setuptools commands: dist_info, bdist_egg, clean, register, check, init_catalog, build_py, build_scripts, egg_info, extract_messages, upload_docs, rotate, develop, saveopts, install, bdist_dumb, upload, alias, install_data, bdist, symlink_data, install_scripts, update_catalog, editable_wheel, setopt, test, compile_catalog, install_headers, bdist_rpm, install_egg_info, bdist_wheel, build_clib, install_lib, sdist, build, build_ext, easy_install
[14.586s] DEBUG:colcon.colcon_core.event_handler.log_command:Invoking command in '/home/ngt/ZENS-Final-AUVC/ros_ws/src/cv': PYTHONPATH=/home/ngt/ZENS-Final-AUVC/ros_ws/build/cv/prefix_override:/usr/lib/python3/dist-packages/colcon_core/task/python/colcon_distutils_commands:/home/ngt/ZENS-Final-AUVC/ros_ws/install/cv/lib/python3.12/site-packages:${PYTHONPATH} /usr/bin/python3 -W ignore:setup.py install is deprecated -W ignore:easy_install command is deprecated setup.py egg_info --egg-base ../../build/cv build --build-base /home/ngt/ZENS-Final-AUVC/ros_ws/build/cv/build install --record /home/ngt/ZENS-Final-AUVC/ros_ws/build/cv/install.log --install-scripts $base/lib/cv --single-version-externally-managed install_data
[14.684s] DEBUG:colcon.colcon_core.task.python.build:Available setuptools commands: dist_info, bdist_egg, clean, register, check, init_catalog, build_py, build_scripts, egg_info, extract_messages, upload_docs, rotate, develop, saveopts, install, bdist_dumb, upload, alias, install_data, bdist, symlink_data, install_scripts, update_catalog, editable_wheel, setopt, test, compile_catalog, install_headers, bdist_rpm, install_egg_info, bdist_wheel, build_clib, install_lib, sdist, build, build_ext, easy_install
[14.721s] DEBUG:colcon.colcon_core.event_handler.log_command:Invoking command in '/home/ngt/ZENS-Final-AUVC/ros_ws/src/control': PYTHONPATH=/home/ngt/ZENS-Final-AUVC/ros_ws/build/control/prefix_override:/usr/lib/python3/dist-packages/colcon_core/task/python/colcon_distutils_commands:/home/ngt/ZENS-Final-AUVC/ros_ws/install/control/lib/python3.12/site-packages:${PYTHONPATH} /usr/bin/python3 -W ignore:setup.py install is deprecated -W ignore:easy_install command is deprecated setup.py egg_info --egg-base ../../build/control build --build-base /home/ngt/ZENS-Final-AUVC/ros_ws/build/control/build install --record /home/ngt/ZENS-Final-AUVC/ros_ws/build/control/install.log --install-scripts $base/lib/control --single-version-externally-managed install_data
[14.875s] DEBUG:colcon.colcon_core.task.python.build:Available setuptools commands: dist_info, bdist_egg, clean, register, check, init_catalog, build_py, build_scripts, egg_info, extract_messages, upload_docs, rotate, develop, saveopts, install, bdist_dumb, upload, alias, install_data, bdist, symlink_data, install_scripts, update_catalog, editable_wheel, setopt, test, compile_catalog, install_headers, bdist_rpm, install_egg_info, bdist_wheel, build_clib, install_lib, sdist, build, build_ext, easy_install
[14.902s] DEBUG:colcon.colcon_core.event_handler.log_command:Invoking command in '/home/ngt/ZENS-Final-AUVC/ros_ws/src/launcher': PYTHONPATH=/home/ngt/ZENS-Final-AUVC/ros_ws/build/launcher/prefix_override:/usr/lib/python3/dist-packages/colcon_core/task/python/colcon_distutils_commands:/home/ngt/ZENS-Final-AUVC/ros_ws/install/launcher/lib/python3.12/site-packages:${PYTHONPATH} /usr/bin/python3 -W ignore:setup.py install is deprecated -W ignore:easy_install command is deprecated setup.py egg_info --egg-base ../../build/launcher build --build-base /home/ngt/ZENS-Final-AUVC/ros_ws/build/launcher/build install --record /home/ngt/ZENS-Final-AUVC/ros_ws/build/launcher/install.log --install-scripts $base/lib/launcher --single-version-externally-managed install_data
[15.058s] DEBUG:colcon.colcon_core.task.python.build:Available setuptools commands: dist_info, bdist_egg, clean, register, check, init_catalog, build_py, build_scripts, egg_info, extract_messages, upload_docs, rotate, develop, saveopts, install, bdist_dumb, upload, alias, install_data, bdist, symlink_data, install_scripts, update_catalog, editable_wheel, setopt, test, compile_catalog, install_headers, bdist_rpm, install_egg_info, bdist_wheel, build_clib, install_lib, sdist, build, build_ext, easy_install
[15.084s] DEBUG:colcon.colcon_core.event_handler.log_command:Invoking command in '/home/ngt/ZENS-Final-AUVC/ros_ws/src/flashing': PYTHONPATH=/home/ngt/ZENS-Final-AUVC/ros_ws/build/flashing/prefix_override:/usr/lib/python3/dist-packages/colcon_core/task/python/colcon_distutils_commands:/home/ngt/ZENS-Final-AUVC/ros_ws/install/flashing/lib/python3.12/site-packages:${PYTHONPATH} /usr/bin/python3 -W ignore:setup.py install is deprecated -W ignore:easy_install command is deprecated setup.py egg_info --egg-base ../../build/flashing build --build-base /home/ngt/ZENS-Final-AUVC/ros_ws/build/flashing/build install --record /home/ngt/ZENS-Final-AUVC/ros_ws/build/flashing/install.log --install-scripts $base/lib/flashing --single-version-externally-managed install_data
[21.862s] DEBUG:colcon.colcon_core.event_handler.log_command:Invoked command in '/home/ngt/ZENS-Final-AUVC/ros_ws/src/cv' returned '0': PYTHONPATH=/home/ngt/ZENS-Final-AUVC/ros_ws/build/cv/prefix_override:/usr/lib/python3/dist-packages/colcon_core/task/python/colcon_distutils_commands:/home/ngt/ZENS-Final-AUVC/ros_ws/install/cv/lib/python3.12/site-packages:${PYTHONPATH} /usr/bin/python3 -W ignore:setup.py install is deprecated -W ignore:easy_install command is deprecated setup.py egg_info --egg-base ../../build/cv build --build-base /home/ngt/ZENS-Final-AUVC/ros_ws/build/cv/build install --record /home/ngt/ZENS-Final-AUVC/ros_ws/build/cv/install.log --install-scripts $base/lib/cv --single-version-externally-managed install_data
[21.877s] Level 1:colcon.colcon_core.environment:checking '/home/ngt/ZENS-Final-AUVC/ros_ws/install/cv' for CMake module files
[21.880s] Level 1:colcon.colcon_core.environment:checking '/home/ngt/ZENS-Final-AUVC/ros_ws/install/cv' for CMake config files
[21.889s] Level 1:colcon.colcon_core.environment:checking '/home/ngt/ZENS-Final-AUVC/ros_ws/install/cv/lib'
[21.891s] Level 1:colcon.colcon_core.environment:checking '/home/ngt/ZENS-Final-AUVC/ros_ws/install/cv/bin'
[21.892s] Level 1:colcon.colcon_core.environment:checking '/home/ngt/ZENS-Final-AUVC/ros_ws/install/cv/lib/pkgconfig/cv.pc'
[21.893s] Level 1:colcon.colcon_core.environment:checking '/home/ngt/ZENS-Final-AUVC/ros_ws/install/cv/lib/python3.12/site-packages'
[21.894s] Level 1:colcon.colcon_core.shell:create_environment_hook('cv', 'pythonpath')
[21.895s] INFO:colcon.colcon_core.shell:Creating environment hook '/home/ngt/ZENS-Final-AUVC/ros_ws/install/cv/share/cv/hook/pythonpath.ps1'
[21.899s] INFO:colcon.colcon_core.shell:Creating environment descriptor '/home/ngt/ZENS-Final-AUVC/ros_ws/install/cv/share/cv/hook/pythonpath.dsv'
[21.902s] INFO:colcon.colcon_core.shell:Creating environment hook '/home/ngt/ZENS-Final-AUVC/ros_ws/install/cv/share/cv/hook/pythonpath.sh'
[21.911s] Level 1:colcon.colcon_core.environment:checking '/home/ngt/ZENS-Final-AUVC/ros_ws/install/cv/bin'
[21.911s] Level 1:colcon.colcon_core.environment:create_environment_scripts_only(cv)
[21.918s] INFO:colcon.colcon_core.shell:Creating package script '/home/ngt/ZENS-Final-AUVC/ros_ws/install/cv/share/cv/package.ps1'
[21.937s] INFO:colcon.colcon_core.shell:Creating package descriptor '/home/ngt/ZENS-Final-AUVC/ros_ws/install/cv/share/cv/package.dsv'
[21.943s] INFO:colcon.colcon_core.shell:Creating package script '/home/ngt/ZENS-Final-AUVC/ros_ws/install/cv/share/cv/package.sh'
[21.958s] INFO:colcon.colcon_core.shell:Creating package script '/home/ngt/ZENS-Final-AUVC/ros_ws/install/cv/share/cv/package.bash'
[21.962s] INFO:colcon.colcon_core.shell:Creating package script '/home/ngt/ZENS-Final-AUVC/ros_ws/install/cv/share/cv/package.zsh'
[21.965s] Level 1:colcon.colcon_core.environment:create_file_with_runtime_dependencies(/home/ngt/ZENS-Final-AUVC/ros_ws/install/cv/share/colcon-core/packages/cv)
[22.901s] Level 1:colcon.colcon_core.environment:checking '/home/ngt/ZENS-Final-AUVC/ros_ws/install/control' for CMake module files
[22.915s] DEBUG:colcon.colcon_core.event_handler.log_command:Invoked command in '/home/ngt/ZENS-Final-AUVC/ros_ws/src/control' returned '0': PYTHONPATH=/home/ngt/ZENS-Final-AUVC/ros_ws/build/control/prefix_override:/usr/lib/python3/dist-packages/colcon_core/task/python/colcon_distutils_commands:/home/ngt/ZENS-Final-AUVC/ros_ws/install/control/lib/python3.12/site-packages:${PYTHONPATH} /usr/bin/python3 -W ignore:setup.py install is deprecated -W ignore:easy_install command is deprecated setup.py egg_info --egg-base ../../build/control build --build-base /home/ngt/ZENS-Final-AUVC/ros_ws/build/control/build install --record /home/ngt/ZENS-Final-AUVC/ros_ws/build/control/install.log --install-scripts $base/lib/control --single-version-externally-managed install_data
[22.929s] Level 1:colcon.colcon_core.environment:checking '/home/ngt/ZENS-Final-AUVC/ros_ws/install/control' for CMake config files
[22.952s] Level 1:colcon.colcon_core.environment:checking '/home/ngt/ZENS-Final-AUVC/ros_ws/install/control/lib'
[22.955s] Level 1:colcon.colcon_core.environment:checking '/home/ngt/ZENS-Final-AUVC/ros_ws/install/control/bin'
[22.958s] Level 1:colcon.colcon_core.environment:checking '/home/ngt/ZENS-Final-AUVC/ros_ws/install/control/lib/pkgconfig/control.pc'
[22.964s] Level 1:colcon.colcon_core.environment:checking '/home/ngt/ZENS-Final-AUVC/ros_ws/install/control/lib/python3.12/site-packages'
[22.967s] Level 1:colcon.colcon_core.shell:create_environment_hook('control', 'pythonpath')
[22.971s] INFO:colcon.colcon_core.shell:Creating environment hook '/home/ngt/ZENS-Final-AUVC/ros_ws/install/control/share/control/hook/pythonpath.ps1'
[22.981s] INFO:colcon.colcon_core.shell:Creating environment descriptor '/home/ngt/ZENS-Final-AUVC/ros_ws/install/control/share/control/hook/pythonpath.dsv'
[22.989s] INFO:colcon.colcon_core.shell:Creating environment hook '/home/ngt/ZENS-Final-AUVC/ros_ws/install/control/share/control/hook/pythonpath.sh'
[23.002s] Level 1:colcon.colcon_core.environment:checking '/home/ngt/ZENS-Final-AUVC/ros_ws/install/control/bin'
[23.002s] Level 1:colcon.colcon_core.environment:create_environment_scripts_only(control)
[23.005s] INFO:colcon.colcon_core.shell:Creating package script '/home/ngt/ZENS-Final-AUVC/ros_ws/install/control/share/control/package.ps1'
[23.018s] INFO:colcon.colcon_core.shell:Creating package descriptor '/home/ngt/ZENS-Final-AUVC/ros_ws/install/control/share/control/package.dsv'
[23.030s] INFO:colcon.colcon_core.shell:Creating package script '/home/ngt/ZENS-Final-AUVC/ros_ws/install/control/share/control/package.sh'
[23.038s] INFO:colcon.colcon_core.shell:Creating package script '/home/ngt/ZENS-Final-AUVC/ros_ws/install/control/share/control/package.bash'
[23.048s] INFO:colcon.colcon_core.shell:Creating package script '/home/ngt/ZENS-Final-AUVC/ros_ws/install/control/share/control/package.zsh'
[23.053s] Level 1:colcon.colcon_core.environment:create_file_with_runtime_dependencies(/home/ngt/ZENS-Final-AUVC/ros_ws/install/control/share/colcon-core/packages/control)
[23.087s] Level 1:colcon.colcon_core.environment:checking '/home/ngt/ZENS-Final-AUVC/ros_ws/install/launcher' for CMake module files
[23.090s] DEBUG:colcon.colcon_core.event_handler.log_command:Invoked command in '/home/ngt/ZENS-Final-AUVC/ros_ws/src/launcher' returned '0': PYTHONPATH=/home/ngt/ZENS-Final-AUVC/ros_ws/build/launcher/prefix_override:/usr/lib/python3/dist-packages/colcon_core/task/python/colcon_distutils_commands:/home/ngt/ZENS-Final-AUVC/ros_ws/install/launcher/lib/python3.12/site-packages:${PYTHONPATH} /usr/bin/python3 -W ignore:setup.py install is deprecated -W ignore:easy_install command is deprecated setup.py egg_info --egg-base ../../build/launcher build --build-base /home/ngt/ZENS-Final-AUVC/ros_ws/build/launcher/build install --record /home/ngt/ZENS-Final-AUVC/ros_ws/build/launcher/install.log --install-scripts $base/lib/launcher --single-version-externally-managed install_data
[23.096s] Level 1:colcon.colcon_core.environment:checking '/home/ngt/ZENS-Final-AUVC/ros_ws/install/launcher' for CMake config files
[23.103s] Level 1:colcon.colcon_core.environment:checking '/home/ngt/ZENS-Final-AUVC/ros_ws/install/launcher/lib'
[23.103s] Level 1:colcon.colcon_core.environment:checking '/home/ngt/ZENS-Final-AUVC/ros_ws/install/launcher/bin'
[23.104s] Level 1:colcon.colcon_core.environment:checking '/home/ngt/ZENS-Final-AUVC/ros_ws/install/launcher/lib/pkgconfig/launcher.pc'
[23.105s] Level 1:colcon.colcon_core.environment:checking '/home/ngt/ZENS-Final-AUVC/ros_ws/install/launcher/lib/python3.12/site-packages'
[23.106s] Level 1:colcon.colcon_core.shell:create_environment_hook('launcher', 'pythonpath')
[23.106s] INFO:colcon.colcon_core.shell:Creating environment hook '/home/ngt/ZENS-Final-AUVC/ros_ws/install/launcher/share/launcher/hook/pythonpath.ps1'
[23.109s] INFO:colcon.colcon_core.shell:Creating environment descriptor '/home/ngt/ZENS-Final-AUVC/ros_ws/install/launcher/share/launcher/hook/pythonpath.dsv'
[23.111s] INFO:colcon.colcon_core.shell:Creating environment hook '/home/ngt/ZENS-Final-AUVC/ros_ws/install/launcher/share/launcher/hook/pythonpath.sh'
[23.115s] Level 1:colcon.colcon_core.environment:checking '/home/ngt/ZENS-Final-AUVC/ros_ws/install/launcher/bin'
[23.115s] Level 1:colcon.colcon_core.environment:create_environment_scripts_only(launcher)
[23.116s] INFO:colcon.colcon_core.shell:Creating package script '/home/ngt/ZENS-Final-AUVC/ros_ws/install/launcher/share/launcher/package.ps1'
[23.119s] INFO:colcon.colcon_core.shell:Creating package descriptor '/home/ngt/ZENS-Final-AUVC/ros_ws/install/launcher/share/launcher/package.dsv'
[23.122s] INFO:colcon.colcon_core.shell:Creating package script '/home/ngt/ZENS-Final-AUVC/ros_ws/install/launcher/share/launcher/package.sh'
[23.124s] INFO:colcon.colcon_core.shell:Creating package script '/home/ngt/ZENS-Final-AUVC/ros_ws/install/launcher/share/launcher/package.bash'
[23.126s] INFO:colcon.colcon_core.shell:Creating package script '/home/ngt/ZENS-Final-AUVC/ros_ws/install/launcher/share/launcher/package.zsh'
[23.129s] Level 1:colcon.colcon_core.environment:create_file_with_runtime_dependencies(/home/ngt/ZENS-Final-AUVC/ros_ws/install/launcher/share/colcon-core/packages/launcher)
[23.134s] Level 1:colcon.colcon_core.environment:checking '/home/ngt/ZENS-Final-AUVC/ros_ws/install/flashing' for CMake module files
[23.136s] DEBUG:colcon.colcon_core.event_handler.log_command:Invoked command in '/home/ngt/ZENS-Final-AUVC/ros_ws/src/flashing' returned '0': PYTHONPATH=/home/ngt/ZENS-Final-AUVC/ros_ws/build/flashing/prefix_override:/usr/lib/python3/dist-packages/colcon_core/task/python/colcon_distutils_commands:/home/ngt/ZENS-Final-AUVC/ros_ws/install/flashing/lib/python3.12/site-packages:${PYTHONPATH} /usr/bin/python3 -W ignore:setup.py install is deprecated -W ignore:easy_install command is deprecated setup.py egg_info --egg-base ../../build/flashing build --build-base /home/ngt/ZENS-Final-AUVC/ros_ws/build/flashing/build install --record /home/ngt/ZENS-Final-AUVC/ros_ws/build/flashing/install.log --install-scripts $base/lib/flashing --single-version-externally-managed install_data
[23.139s] Level 1:colcon.colcon_core.environment:checking '/home/ngt/ZENS-Final-AUVC/ros_ws/install/flashing' for CMake config files
[23.144s] Level 1:colcon.colcon_core.environment:checking '/home/ngt/ZENS-Final-AUVC/ros_ws/install/flashing/lib'
[23.144s] Level 1:colcon.colcon_core.environment:checking '/home/ngt/ZENS-Final-AUVC/ros_ws/install/flashing/bin'
[23.145s] Level 1:colcon.colcon_core.environment:checking '/home/ngt/ZENS-Final-AUVC/ros_ws/install/flashing/lib/pkgconfig/flashing.pc'
[23.146s] Level 1:colcon.colcon_core.environment:checking '/home/ngt/ZENS-Final-AUVC/ros_ws/install/flashing/lib/python3.12/site-packages'
[23.147s] Level 1:colcon.colcon_core.shell:create_environment_hook('flashing', 'pythonpath')
[23.148s] INFO:colcon.colcon_core.shell:Creating environment hook '/home/ngt/ZENS-Final-AUVC/ros_ws/install/flashing/share/flashing/hook/pythonpath.ps1'
[23.151s] INFO:colcon.colcon_core.shell:Creating environment descriptor '/home/ngt/ZENS-Final-AUVC/ros_ws/install/flashing/share/flashing/hook/pythonpath.dsv'
[23.153s] INFO:colcon.colcon_core.shell:Creating environment hook '/home/ngt/ZENS-Final-AUVC/ros_ws/install/flashing/share/flashing/hook/pythonpath.sh'
[23.156s] Level 1:colcon.colcon_core.environment:checking '/home/ngt/ZENS-Final-AUVC/ros_ws/install/flashing/bin'
[23.157s] Level 1:colcon.colcon_core.environment:create_environment_scripts_only(flashing)
[23.158s] INFO:colcon.colcon_core.shell:Creating package script '/home/ngt/ZENS-Final-AUVC/ros_ws/install/flashing/share/flashing/package.ps1'
[23.161s] INFO:colcon.colcon_core.shell:Creating package descriptor '/home/ngt/ZENS-Final-AUVC/ros_ws/install/flashing/share/flashing/package.dsv'
[23.163s] INFO:colcon.colcon_core.shell:Creating package script '/home/ngt/ZENS-Final-AUVC/ros_ws/install/flashing/share/flashing/package.sh'
[23.165s] INFO:colcon.colcon_core.shell:Creating package script '/home/ngt/ZENS-Final-AUVC/ros_ws/install/flashing/share/flashing/package.bash'
[23.167s] INFO:colcon.colcon_core.shell:Creating package script '/home/ngt/ZENS-Final-AUVC/ros_ws/install/flashing/share/flashing/package.zsh'
[23.170s] Level 1:colcon.colcon_core.environment:create_file_with_runtime_dependencies(/home/ngt/ZENS-Final-AUVC/ros_ws/install/flashing/share/colcon-core/packages/flashing)
[23.171s] DEBUG:colcon.colcon_parallel_executor.executor.parallel:closing loop
[23.172s] DEBUG:colcon.colcon_parallel_executor.executor.parallel:loop closed
[23.173s] DEBUG:colcon.colcon_parallel_executor.executor.parallel:run_until_complete finished with '0'
[23.173s] DEBUG:colcon.colcon_core.event_reactor:joining thread
[23.176s] DEBUG:colcon.colcon_core.event_reactor:joined thread
[23.176s] INFO:colcon.colcon_core.shell:Creating prefix script '/home/ngt/ZENS-Final-AUVC/ros_ws/install/local_setup.ps1'
[23.180s] INFO:colcon.colcon_core.shell:Creating prefix util module '/home/ngt/ZENS-Final-AUVC/ros_ws/install/_local_setup_util_ps1.py'
[23.186s] INFO:colcon.colcon_core.shell:Creating prefix chain script '/home/ngt/ZENS-Final-AUVC/ros_ws/install/setup.ps1'
[23.197s] INFO:colcon.colcon_core.shell:Creating prefix script '/home/ngt/ZENS-Final-AUVC/ros_ws/install/local_setup.sh'
[23.200s] INFO:colcon.colcon_core.shell:Creating prefix util module '/home/ngt/ZENS-Final-AUVC/ros_ws/install/_local_setup_util_sh.py'
[23.203s] INFO:colcon.colcon_core.shell:Creating prefix chain script '/home/ngt/ZENS-Final-AUVC/ros_ws/install/setup.sh'
[23.213s] INFO:colcon.colcon_core.shell:Creating prefix script '/home/ngt/ZENS-Final-AUVC/ros_ws/install/local_setup.bash'
[23.216s] INFO:colcon.colcon_core.shell:Creating prefix chain script '/home/ngt/ZENS-Final-AUVC/ros_ws/install/setup.bash'
[23.225s] INFO:colcon.colcon_core.shell:Creating prefix script '/home/ngt/ZENS-Final-AUVC/ros_ws/install/local_setup.zsh'
[23.228s] INFO:colcon.colcon_core.shell:Creating prefix chain script '/home/ngt/ZENS-Final-AUVC/ros_ws/install/setup.zsh'
