running egg_info
writing ../../build/flashing/flashing.egg-info/PKG-INFO
writing dependency_links to ../../build/flashing/flashing.egg-info/dependency_links.txt
writing entry points to ../../build/flashing/flashing.egg-info/entry_points.txt
writing requirements to ../../build/flashing/flashing.egg-info/requires.txt
writing top-level names to ../../build/flashing/flashing.egg-info/top_level.txt
reading manifest file '../../build/flashing/flashing.egg-info/SOURCES.txt'
writing manifest file '../../build/flashing/flashing.egg-info/SOURCES.txt'
running build
running build_py
copying flashing/lights.py -> /home/ngt/ZENS-Final-AUVC/ros_ws/build/flashing/build/lib/flashing
copying flashing/flashing_node.py -> /home/ngt/ZENS-Final-AUVC/ros_ws/build/flashing/build/lib/flashing
running install
running install_lib
copying /home/ngt/ZENS-Final-AUVC/ros_ws/build/flashing/build/lib/flashing/lights.py -> /home/ngt/ZENS-Final-AUVC/ros_ws/install/flashing/lib/python3.12/site-packages/flashing
copying /home/ngt/ZENS-Final-AUVC/ros_ws/build/flashing/build/lib/flashing/flashing_node.py -> /home/ngt/ZENS-Final-AUVC/ros_ws/install/flashing/lib/python3.12/site-packages/flashing
byte-compiling /home/ngt/ZENS-Final-AUVC/ros_ws/install/flashing/lib/python3.12/site-packages/flashing/lights.py to lights.cpython-312.pyc
byte-compiling /home/ngt/ZENS-Final-AUVC/ros_ws/install/flashing/lib/python3.12/site-packages/flashing/flashing_node.py to flashing_node.cpython-312.pyc
running install_data
running install_egg_info
removing '/home/ngt/ZENS-Final-AUVC/ros_ws/install/flashing/lib/python3.12/site-packages/flashing-0.0.0-py3.12.egg-info' (and everything under it)
Copying ../../build/flashing/flashing.egg-info to /home/ngt/ZENS-Final-AUVC/ros_ws/install/flashing/lib/python3.12/site-packages/flashing-0.0.0-py3.12.egg-info
running install_scripts
Installing flashing_node script to /home/ngt/ZENS-Final-AUVC/ros_ws/install/flashing/lib/flashing
Installing lights script to /home/ngt/ZENS-Final-AUVC/ros_ws/install/flashing/lib/flashing
writing list of installed files to '/home/ngt/ZENS-Final-AUVC/ros_ws/build/flashing/install.log'
