[20.037s] Invoking command in '/home/ngt/ZENS-Final-AUVC/ros_ws/src/flashing': PYTHONPATH=/home/ngt/ZENS-Final-AUVC/build/flashing/prefix_override:/home/ngt/.virtualenvs/ardusub/lib/python3.12/site-packages/colcon_core/task/python/colcon_distutils_commands:/home/ngt/ZENS-Final-AUVC/install/flashing/lib/python3.12/site-packages:${PYTHONPATH} /home/ngt/.virtualenvs/ardusub/bin/python -W ignore:setup.py install is deprecated -W ignore:easy_install command is deprecated setup.py egg_info --egg-base ../../../build/flashing build --build-base /home/ngt/ZENS-Final-AUVC/build/flashing/build install --record /home/ngt/ZENS-Final-AUVC/build/flashing/install.log --install-scripts $base/lib/flashing --single-version-externally-managed install_data
[24.869s] running egg_info
[25.418s] writing ../../../build/flashing/flashing.egg-info/PKG-INFO
[25.428s] writing dependency_links to ../../../build/flashing/flashing.egg-info/dependency_links.txt
[25.440s] writing entry points to ../../../build/flashing/flashing.egg-info/entry_points.txt
[25.447s] writing requirements to ../../../build/flashing/flashing.egg-info/requires.txt
[25.447s] writing top-level names to ../../../build/flashing/flashing.egg-info/top_level.txt
[26.580s] reading manifest file '../../../build/flashing/flashing.egg-info/SOURCES.txt'
[26.619s] writing manifest file '../../../build/flashing/flashing.egg-info/SOURCES.txt'
[26.627s] running build
[26.638s] running build_py
[26.642s] copying flashing/flashing_node.py -> /home/ngt/ZENS-Final-AUVC/build/flashing/build/lib/flashing
[26.643s] copying flashing/__init__.py -> /home/ngt/ZENS-Final-AUVC/build/flashing/build/lib/flashing
[26.666s] running install
[26.800s] running install_lib
[27.364s] running install_data
[27.372s] copying resource/flashing -> /home/ngt/ZENS-Final-AUVC/install/flashing/share/ament_index/resource_index/packages
[27.378s] copying package.xml -> /home/ngt/ZENS-Final-AUVC/install/flashing/share/flashing
[27.381s] running install_egg_info
[27.714s] removing '/home/ngt/ZENS-Final-AUVC/install/flashing/lib/python3.12/site-packages/flashing-0.0.0-py3.12.egg-info' (and everything under it)
[27.721s] Copying ../../../build/flashing/flashing.egg-info to /home/ngt/ZENS-Final-AUVC/install/flashing/lib/python3.12/site-packages/flashing-0.0.0-py3.12.egg-info
[27.752s] running install_scripts
[28.545s] Installing flashing_node script to /home/ngt/ZENS-Final-AUVC/install/flashing/lib/flashing
[28.546s] writing list of installed files to '/home/ngt/ZENS-Final-AUVC/build/flashing/install.log'
[29.149s] Invoked command in '/home/ngt/ZENS-Final-AUVC/ros_ws/src/flashing' returned '0': PYTHONPATH=/home/ngt/ZENS-Final-AUVC/build/flashing/prefix_override:/home/ngt/.virtualenvs/ardusub/lib/python3.12/site-packages/colcon_core/task/python/colcon_distutils_commands:/home/ngt/ZENS-Final-AUVC/install/flashing/lib/python3.12/site-packages:${PYTHONPATH} /home/ngt/.virtualenvs/ardusub/bin/python -W ignore:setup.py install is deprecated -W ignore:easy_install command is deprecated setup.py egg_info --egg-base ../../../build/flashing build --build-base /home/ngt/ZENS-Final-AUVC/build/flashing/build install --record /home/ngt/ZENS-Final-AUVC/build/flashing/install.log --install-scripts $base/lib/flashing --single-version-externally-managed install_data
