[1.055s] DEBUG:colcon:Command line arguments: ['/usr/bin/colcon', 'build']
[1.055s] DEBUG:colcon:Parsed command line arguments: Namespace(log_base=None, log_level=None, verb_name='build', build_base='build', install_base='install', merge_install=False, symlink_install=False, test_result_base=None, continue_on_error=False, executor='parallel', parallel_workers=4, event_handlers=None, ignore_user_meta=False, metas=['./colcon.meta'], base_paths=['.'], packages_ignore=None, packages_ignore_regex=None, paths=None, packages_up_to=None, packages_up_to_regex=None, packages_above=None, packages_above_and_dependencies=None, packages_above_depth=None, packages_select_by_dep=None, packages_skip_by_dep=None, packages_skip_up_to=None, packages_select_build_failed=False, packages_skip_build_finished=False, packages_select_test_failures=False, packages_skip_test_passed=False, packages_select=None, packages_skip=None, packages_select_regex=None, packages_skip_regex=None, packages_start=None, packages_end=None, allow_overriding=[], cmake_args=None, cmake_target=None, cmake_target_skip_unavailable=False, cmake_clean_cache=False, cmake_clean_first=False, cmake_force_configure=False, ament_cmake_args=None, catkin_cmake_args=None, catkin_skip_building_tests=False, mixin_files=None, mixin=None, verb_parser=<colcon_mixin.mixin.mixin_argument.MixinArgumentDecorator object at 0xffff9259e240>, verb_extension=<colcon_core.verb.build.BuildVerb object at 0xffff9259ddc0>, main=<bound method BuildVerb.main of <colcon_core.verb.build.BuildVerb object at 0xffff9259ddc0>>, mixin_verb=('build',))
[1.362s] Level 1:colcon.colcon_core.package_discovery:discover_packages(colcon_meta) check parameters
[1.362s] Level 1:colcon.colcon_core.package_discovery:discover_packages(recursive) check parameters
[1.363s] Level 1:colcon.colcon_core.package_discovery:discover_packages(ignore) check parameters
[1.363s] Level 1:colcon.colcon_core.package_discovery:discover_packages(path) check parameters
[1.363s] Level 1:colcon.colcon_core.package_discovery:discover_packages(colcon_meta) discover
[1.364s] Level 1:colcon.colcon_core.package_discovery:discover_packages(recursive) discover
[1.364s] INFO:colcon.colcon_core.package_discovery:Crawling recursively for packages in '/home/ngt/ZENS-Final-AUVC/ros_ws'
[1.365s] Level 1:colcon.colcon_core.package_identification:_identify(.) by extensions ['ignore', 'ignore_ament_install']
[1.365s] Level 1:colcon.colcon_core.package_identification:_identify(.) by extension 'ignore'
[1.366s] Level 1:colcon.colcon_core.package_identification:_identify(.) by extension 'ignore_ament_install'
[1.366s] Level 1:colcon.colcon_core.package_identification:_identify(.) by extensions ['colcon_pkg']
[1.366s] Level 1:colcon.colcon_core.package_identification:_identify(.) by extension 'colcon_pkg'
[1.367s] Level 1:colcon.colcon_core.package_identification:_identify(.) by extensions ['colcon_meta']
[1.367s] Level 1:colcon.colcon_core.package_identification:_identify(.) by extension 'colcon_meta'
[1.367s] Level 1:colcon.colcon_core.package_identification:_identify(.) by extensions ['ros']
[1.367s] Level 1:colcon.colcon_core.package_identification:_identify(.) by extension 'ros'
[1.531s] Level 1:colcon.colcon_core.package_identification:_identify(.) by extensions ['cmake', 'python']
[1.531s] Level 1:colcon.colcon_core.package_identification:_identify(.) by extension 'cmake'
[1.532s] Level 1:colcon.colcon_core.package_identification:_identify(.) by extension 'python'
[1.532s] Level 1:colcon.colcon_core.package_identification:_identify(.) by extensions ['python_setup_py']
[1.532s] Level 1:colcon.colcon_core.package_identification:_identify(.) by extension 'python_setup_py'
[1.533s] Level 1:colcon.colcon_core.package_identification:_identify(build) by extensions ['ignore', 'ignore_ament_install']
[1.533s] Level 1:colcon.colcon_core.package_identification:_identify(build) by extension 'ignore'
[1.534s] Level 1:colcon.colcon_core.package_identification:_identify(build) ignored
[1.535s] Level 1:colcon.colcon_core.package_identification:_identify(bwsibot) by extensions ['ignore', 'ignore_ament_install']
[1.535s] Level 1:colcon.colcon_core.package_identification:_identify(bwsibot) by extension 'ignore'
[1.536s] Level 1:colcon.colcon_core.package_identification:_identify(bwsibot) by extension 'ignore_ament_install'
[1.536s] Level 1:colcon.colcon_core.package_identification:_identify(bwsibot) by extensions ['colcon_pkg']
[1.536s] Level 1:colcon.colcon_core.package_identification:_identify(bwsibot) by extension 'colcon_pkg'
[1.537s] Level 1:colcon.colcon_core.package_identification:_identify(bwsibot) by extensions ['colcon_meta']
[1.537s] Level 1:colcon.colcon_core.package_identification:_identify(bwsibot) by extension 'colcon_meta'
[1.537s] Level 1:colcon.colcon_core.package_identification:_identify(bwsibot) by extensions ['ros']
[1.537s] Level 1:colcon.colcon_core.package_identification:_identify(bwsibot) by extension 'ros'
[1.538s] Level 1:colcon.colcon_core.package_identification:_identify(bwsibot) by extensions ['cmake', 'python']
[1.538s] Level 1:colcon.colcon_core.package_identification:_identify(bwsibot) by extension 'cmake'
[1.539s] Level 1:colcon.colcon_core.package_identification:_identify(bwsibot) by extension 'python'
[1.539s] Level 1:colcon.colcon_core.package_identification:_identify(bwsibot) by extensions ['python_setup_py']
[1.539s] Level 1:colcon.colcon_core.package_identification:_identify(bwsibot) by extension 'python_setup_py'
[1.540s] Level 1:colcon.colcon_core.package_identification:_identify(bwsibot/logs) by extensions ['ignore', 'ignore_ament_install']
[1.541s] Level 1:colcon.colcon_core.package_identification:_identify(bwsibot/logs) by extension 'ignore'
[1.541s] Level 1:colcon.colcon_core.package_identification:_identify(bwsibot/logs) by extension 'ignore_ament_install'
[1.541s] Level 1:colcon.colcon_core.package_identification:_identify(bwsibot/logs) by extensions ['colcon_pkg']
[1.542s] Level 1:colcon.colcon_core.package_identification:_identify(bwsibot/logs) by extension 'colcon_pkg'
[1.542s] Level 1:colcon.colcon_core.package_identification:_identify(bwsibot/logs) by extensions ['colcon_meta']
[1.542s] Level 1:colcon.colcon_core.package_identification:_identify(bwsibot/logs) by extension 'colcon_meta'
[1.542s] Level 1:colcon.colcon_core.package_identification:_identify(bwsibot/logs) by extensions ['ros']
[1.543s] Level 1:colcon.colcon_core.package_identification:_identify(bwsibot/logs) by extension 'ros'
[1.543s] Level 1:colcon.colcon_core.package_identification:_identify(bwsibot/logs) by extensions ['cmake', 'python']
[1.543s] Level 1:colcon.colcon_core.package_identification:_identify(bwsibot/logs) by extension 'cmake'
[1.544s] Level 1:colcon.colcon_core.package_identification:_identify(bwsibot/logs) by extension 'python'
[1.544s] Level 1:colcon.colcon_core.package_identification:_identify(bwsibot/logs) by extensions ['python_setup_py']
[1.544s] Level 1:colcon.colcon_core.package_identification:_identify(bwsibot/logs) by extension 'python_setup_py'
[1.545s] Level 1:colcon.colcon_core.package_identification:_identify(bwsibot/logs/2026-07-30) by extensions ['ignore', 'ignore_ament_install']
[1.545s] Level 1:colcon.colcon_core.package_identification:_identify(bwsibot/logs/2026-07-30) by extension 'ignore'
[1.546s] Level 1:colcon.colcon_core.package_identification:_identify(bwsibot/logs/2026-07-30) by extension 'ignore_ament_install'
[1.546s] Level 1:colcon.colcon_core.package_identification:_identify(bwsibot/logs/2026-07-30) by extensions ['colcon_pkg']
[1.546s] Level 1:colcon.colcon_core.package_identification:_identify(bwsibot/logs/2026-07-30) by extension 'colcon_pkg'
[1.547s] Level 1:colcon.colcon_core.package_identification:_identify(bwsibot/logs/2026-07-30) by extensions ['colcon_meta']
[1.547s] Level 1:colcon.colcon_core.package_identification:_identify(bwsibot/logs/2026-07-30) by extension 'colcon_meta'
[1.547s] Level 1:colcon.colcon_core.package_identification:_identify(bwsibot/logs/2026-07-30) by extensions ['ros']
[1.547s] Level 1:colcon.colcon_core.package_identification:_identify(bwsibot/logs/2026-07-30) by extension 'ros'
[1.548s] Level 1:colcon.colcon_core.package_identification:_identify(bwsibot/logs/2026-07-30) by extensions ['cmake', 'python']
[1.548s] Level 1:colcon.colcon_core.package_identification:_identify(bwsibot/logs/2026-07-30) by extension 'cmake'
[1.549s] Level 1:colcon.colcon_core.package_identification:_identify(bwsibot/logs/2026-07-30) by extension 'python'
[1.549s] Level 1:colcon.colcon_core.package_identification:_identify(bwsibot/logs/2026-07-30) by extensions ['python_setup_py']
[1.549s] Level 1:colcon.colcon_core.package_identification:_identify(bwsibot/logs/2026-07-30) by extension 'python_setup_py'
[1.550s] Level 1:colcon.colcon_core.package_identification:_identify(bwsibot/logs/2026-07-30/flight1) by extensions ['ignore', 'ignore_ament_install']
[1.551s] Level 1:colcon.colcon_core.package_identification:_identify(bwsibot/logs/2026-07-30/flight1) by extension 'ignore'
[1.551s] Level 1:colcon.colcon_core.package_identification:_identify(bwsibot/logs/2026-07-30/flight1) by extension 'ignore_ament_install'
[1.551s] Level 1:colcon.colcon_core.package_identification:_identify(bwsibot/logs/2026-07-30/flight1) by extensions ['colcon_pkg']
[1.552s] Level 1:colcon.colcon_core.package_identification:_identify(bwsibot/logs/2026-07-30/flight1) by extension 'colcon_pkg'
[1.552s] Level 1:colcon.colcon_core.package_identification:_identify(bwsibot/logs/2026-07-30/flight1) by extensions ['colcon_meta']
[1.552s] Level 1:colcon.colcon_core.package_identification:_identify(bwsibot/logs/2026-07-30/flight1) by extension 'colcon_meta'
[1.552s] Level 1:colcon.colcon_core.package_identification:_identify(bwsibot/logs/2026-07-30/flight1) by extensions ['ros']
[1.553s] Level 1:colcon.colcon_core.package_identification:_identify(bwsibot/logs/2026-07-30/flight1) by extension 'ros'
[1.553s] Level 1:colcon.colcon_core.package_identification:_identify(bwsibot/logs/2026-07-30/flight1) by extensions ['cmake', 'python']
[1.554s] Level 1:colcon.colcon_core.package_identification:_identify(bwsibot/logs/2026-07-30/flight1) by extension 'cmake'
[1.554s] Level 1:colcon.colcon_core.package_identification:_identify(bwsibot/logs/2026-07-30/flight1) by extension 'python'
[1.554s] Level 1:colcon.colcon_core.package_identification:_identify(bwsibot/logs/2026-07-30/flight1) by extensions ['python_setup_py']
[1.554s] Level 1:colcon.colcon_core.package_identification:_identify(bwsibot/logs/2026-07-30/flight1) by extension 'python_setup_py'
[1.555s] Level 1:colcon.colcon_core.package_identification:_identify(bwsibot/logs/2026-07-30/flight2) by extensions ['ignore', 'ignore_ament_install']
[1.556s] Level 1:colcon.colcon_core.package_identification:_identify(bwsibot/logs/2026-07-30/flight2) by extension 'ignore'
[1.557s] Level 1:colcon.colcon_core.package_identification:_identify(bwsibot/logs/2026-07-30/flight2) by extension 'ignore_ament_install'
[1.558s] Level 1:colcon.colcon_core.package_identification:_identify(bwsibot/logs/2026-07-30/flight2) by extensions ['colcon_pkg']
[1.558s] Level 1:colcon.colcon_core.package_identification:_identify(bwsibot/logs/2026-07-30/flight2) by extension 'colcon_pkg'
[1.558s] Level 1:colcon.colcon_core.package_identification:_identify(bwsibot/logs/2026-07-30/flight2) by extensions ['colcon_meta']
[1.559s] Level 1:colcon.colcon_core.package_identification:_identify(bwsibot/logs/2026-07-30/flight2) by extension 'colcon_meta'
[1.559s] Level 1:colcon.colcon_core.package_identification:_identify(bwsibot/logs/2026-07-30/flight2) by extensions ['ros']
[1.559s] Level 1:colcon.colcon_core.package_identification:_identify(bwsibot/logs/2026-07-30/flight2) by extension 'ros'
[1.560s] Level 1:colcon.colcon_core.package_identification:_identify(bwsibot/logs/2026-07-30/flight2) by extensions ['cmake', 'python']
[1.560s] Level 1:colcon.colcon_core.package_identification:_identify(bwsibot/logs/2026-07-30/flight2) by extension 'cmake'
[1.561s] Level 1:colcon.colcon_core.package_identification:_identify(bwsibot/logs/2026-07-30/flight2) by extension 'python'
[1.562s] Level 1:colcon.colcon_core.package_identification:_identify(bwsibot/logs/2026-07-30/flight2) by extensions ['python_setup_py']
[1.562s] Level 1:colcon.colcon_core.package_identification:_identify(bwsibot/logs/2026-07-30/flight2) by extension 'python_setup_py'
[1.564s] Level 1:colcon.colcon_core.package_identification:_identify(bwsibot/logs/2026-07-31) by extensions ['ignore', 'ignore_ament_install']
[1.564s] Level 1:colcon.colcon_core.package_identification:_identify(bwsibot/logs/2026-07-31) by extension 'ignore'
[1.565s] Level 1:colcon.colcon_core.package_identification:_identify(bwsibot/logs/2026-07-31) by extension 'ignore_ament_install'
[1.566s] Level 1:colcon.colcon_core.package_identification:_identify(bwsibot/logs/2026-07-31) by extensions ['colcon_pkg']
[1.566s] Level 1:colcon.colcon_core.package_identification:_identify(bwsibot/logs/2026-07-31) by extension 'colcon_pkg'
[1.567s] Level 1:colcon.colcon_core.package_identification:_identify(bwsibot/logs/2026-07-31) by extensions ['colcon_meta']
[1.567s] Level 1:colcon.colcon_core.package_identification:_identify(bwsibot/logs/2026-07-31) by extension 'colcon_meta'
[1.568s] Level 1:colcon.colcon_core.package_identification:_identify(bwsibot/logs/2026-07-31) by extensions ['ros']
[1.568s] Level 1:colcon.colcon_core.package_identification:_identify(bwsibot/logs/2026-07-31) by extension 'ros'
[1.569s] Level 1:colcon.colcon_core.package_identification:_identify(bwsibot/logs/2026-07-31) by extensions ['cmake', 'python']
[1.569s] Level 1:colcon.colcon_core.package_identification:_identify(bwsibot/logs/2026-07-31) by extension 'cmake'
[1.569s] Level 1:colcon.colcon_core.package_identification:_identify(bwsibot/logs/2026-07-31) by extension 'python'
[1.571s] Level 1:colcon.colcon_core.package_identification:_identify(bwsibot/logs/2026-07-31) by extensions ['python_setup_py']
[1.571s] Level 1:colcon.colcon_core.package_identification:_identify(bwsibot/logs/2026-07-31) by extension 'python_setup_py'
[1.572s] Level 1:colcon.colcon_core.package_identification:_identify(bwsibot/logs/2026-07-31/flight1) by extensions ['ignore', 'ignore_ament_install']
[1.572s] Level 1:colcon.colcon_core.package_identification:_identify(bwsibot/logs/2026-07-31/flight1) by extension 'ignore'
[1.573s] Level 1:colcon.colcon_core.package_identification:_identify(bwsibot/logs/2026-07-31/flight1) by extension 'ignore_ament_install'
[1.573s] Level 1:colcon.colcon_core.package_identification:_identify(bwsibot/logs/2026-07-31/flight1) by extensions ['colcon_pkg']
[1.573s] Level 1:colcon.colcon_core.package_identification:_identify(bwsibot/logs/2026-07-31/flight1) by extension 'colcon_pkg'
[1.574s] Level 1:colcon.colcon_core.package_identification:_identify(bwsibot/logs/2026-07-31/flight1) by extensions ['colcon_meta']
[1.574s] Level 1:colcon.colcon_core.package_identification:_identify(bwsibot/logs/2026-07-31/flight1) by extension 'colcon_meta'
[1.574s] Level 1:colcon.colcon_core.package_identification:_identify(bwsibot/logs/2026-07-31/flight1) by extensions ['ros']
[1.574s] Level 1:colcon.colcon_core.package_identification:_identify(bwsibot/logs/2026-07-31/flight1) by extension 'ros'
[1.575s] Level 1:colcon.colcon_core.package_identification:_identify(bwsibot/logs/2026-07-31/flight1) by extensions ['cmake', 'python']
[1.575s] Level 1:colcon.colcon_core.package_identification:_identify(bwsibot/logs/2026-07-31/flight1) by extension 'cmake'
[1.575s] Level 1:colcon.colcon_core.package_identification:_identify(bwsibot/logs/2026-07-31/flight1) by extension 'python'
[1.576s] Level 1:colcon.colcon_core.package_identification:_identify(bwsibot/logs/2026-07-31/flight1) by extensions ['python_setup_py']
[1.576s] Level 1:colcon.colcon_core.package_identification:_identify(bwsibot/logs/2026-07-31/flight1) by extension 'python_setup_py'
[1.577s] Level 1:colcon.colcon_core.package_identification:_identify(install) by extensions ['ignore', 'ignore_ament_install']
[1.577s] Level 1:colcon.colcon_core.package_identification:_identify(install) by extension 'ignore'
[1.578s] Level 1:colcon.colcon_core.package_identification:_identify(install) ignored
[1.580s] Level 1:colcon.colcon_core.package_identification:_identify(log) by extensions ['ignore', 'ignore_ament_install']
[1.583s] Level 1:colcon.colcon_core.package_identification:_identify(log) by extension 'ignore'
[1.584s] Level 1:colcon.colcon_core.package_identification:_identify(log) ignored
[1.585s] Level 1:colcon.colcon_core.package_identification:_identify(logs) by extensions ['ignore', 'ignore_ament_install']
[1.586s] Level 1:colcon.colcon_core.package_identification:_identify(logs) by extension 'ignore'
[1.587s] Level 1:colcon.colcon_core.package_identification:_identify(logs) by extension 'ignore_ament_install'
[1.588s] Level 1:colcon.colcon_core.package_identification:_identify(logs) by extensions ['colcon_pkg']
[1.589s] Level 1:colcon.colcon_core.package_identification:_identify(logs) by extension 'colcon_pkg'
[1.590s] Level 1:colcon.colcon_core.package_identification:_identify(logs) by extensions ['colcon_meta']
[1.590s] Level 1:colcon.colcon_core.package_identification:_identify(logs) by extension 'colcon_meta'
[1.590s] Level 1:colcon.colcon_core.package_identification:_identify(logs) by extensions ['ros']
[1.590s] Level 1:colcon.colcon_core.package_identification:_identify(logs) by extension 'ros'
[1.591s] Level 1:colcon.colcon_core.package_identification:_identify(logs) by extensions ['cmake', 'python']
[1.591s] Level 1:colcon.colcon_core.package_identification:_identify(logs) by extension 'cmake'
[1.591s] Level 1:colcon.colcon_core.package_identification:_identify(logs) by extension 'python'
[1.592s] Level 1:colcon.colcon_core.package_identification:_identify(logs) by extensions ['python_setup_py']
[1.592s] Level 1:colcon.colcon_core.package_identification:_identify(logs) by extension 'python_setup_py'
[1.593s] Level 1:colcon.colcon_core.package_identification:_identify(src) by extensions ['ignore', 'ignore_ament_install']
[1.593s] Level 1:colcon.colcon_core.package_identification:_identify(src) by extension 'ignore'
[1.594s] Level 1:colcon.colcon_core.package_identification:_identify(src) by extension 'ignore_ament_install'
[1.594s] Level 1:colcon.colcon_core.package_identification:_identify(src) by extensions ['colcon_pkg']
[1.594s] Level 1:colcon.colcon_core.package_identification:_identify(src) by extension 'colcon_pkg'
[1.595s] Level 1:colcon.colcon_core.package_identification:_identify(src) by extensions ['colcon_meta']
[1.595s] Level 1:colcon.colcon_core.package_identification:_identify(src) by extension 'colcon_meta'
[1.595s] Level 1:colcon.colcon_core.package_identification:_identify(src) by extensions ['ros']
[1.596s] Level 1:colcon.colcon_core.package_identification:_identify(src) by extension 'ros'
[1.597s] Level 1:colcon.colcon_core.package_identification:_identify(src) by extensions ['cmake', 'python']
[1.597s] Level 1:colcon.colcon_core.package_identification:_identify(src) by extension 'cmake'
[1.597s] Level 1:colcon.colcon_core.package_identification:_identify(src) by extension 'python'
[1.598s] Level 1:colcon.colcon_core.package_identification:_identify(src) by extensions ['python_setup_py']
[1.598s] Level 1:colcon.colcon_core.package_identification:_identify(src) by extension 'python_setup_py'
[1.599s] Level 1:colcon.colcon_core.package_identification:_identify(src/control) by extensions ['ignore', 'ignore_ament_install']
[1.599s] Level 1:colcon.colcon_core.package_identification:_identify(src/control) by extension 'ignore'
[1.600s] Level 1:colcon.colcon_core.package_identification:_identify(src/control) by extension 'ignore_ament_install'
[1.600s] Level 1:colcon.colcon_core.package_identification:_identify(src/control) by extensions ['colcon_pkg']
[1.601s] Level 1:colcon.colcon_core.package_identification:_identify(src/control) by extension 'colcon_pkg'
[1.601s] Level 1:colcon.colcon_core.package_identification:_identify(src/control) by extensions ['colcon_meta']
[1.601s] Level 1:colcon.colcon_core.package_identification:_identify(src/control) by extension 'colcon_meta'
[1.601s] Level 1:colcon.colcon_core.package_identification:_identify(src/control) by extensions ['ros']
[1.602s] Level 1:colcon.colcon_core.package_identification:_identify(src/control) by extension 'ros'
[1.616s] DEBUG:colcon.colcon_core.package_identification:Package 'src/control' with type 'ros.ament_python' and name 'control'
[1.617s] Level 1:colcon.colcon_core.package_identification:_identify(src/cv) by extensions ['ignore', 'ignore_ament_install']
[1.617s] Level 1:colcon.colcon_core.package_identification:_identify(src/cv) by extension 'ignore'
[1.618s] Level 1:colcon.colcon_core.package_identification:_identify(src/cv) by extension 'ignore_ament_install'
[1.618s] Level 1:colcon.colcon_core.package_identification:_identify(src/cv) by extensions ['colcon_pkg']
[1.619s] Level 1:colcon.colcon_core.package_identification:_identify(src/cv) by extension 'colcon_pkg'
[1.619s] Level 1:colcon.colcon_core.package_identification:_identify(src/cv) by extensions ['colcon_meta']
[1.619s] Level 1:colcon.colcon_core.package_identification:_identify(src/cv) by extension 'colcon_meta'
[1.620s] Level 1:colcon.colcon_core.package_identification:_identify(src/cv) by extensions ['ros']
[1.620s] Level 1:colcon.colcon_core.package_identification:_identify(src/cv) by extension 'ros'
[1.627s] DEBUG:colcon.colcon_core.package_identification:Package 'src/cv' with type 'ros.ament_python' and name 'cv'
[1.628s] Level 1:colcon.colcon_core.package_identification:_identify(src/flashing) by extensions ['ignore', 'ignore_ament_install']
[1.628s] Level 1:colcon.colcon_core.package_identification:_identify(src/flashing) by extension 'ignore'
[1.629s] Level 1:colcon.colcon_core.package_identification:_identify(src/flashing) by extension 'ignore_ament_install'
[1.629s] Level 1:colcon.colcon_core.package_identification:_identify(src/flashing) by extensions ['colcon_pkg']
[1.630s] Level 1:colcon.colcon_core.package_identification:_identify(src/flashing) by extension 'colcon_pkg'
[1.630s] Level 1:colcon.colcon_core.package_identification:_identify(src/flashing) by extensions ['colcon_meta']
[1.630s] Level 1:colcon.colcon_core.package_identification:_identify(src/flashing) by extension 'colcon_meta'
[1.631s] Level 1:colcon.colcon_core.package_identification:_identify(src/flashing) by extensions ['ros']
[1.631s] Level 1:colcon.colcon_core.package_identification:_identify(src/flashing) by extension 'ros'
[1.637s] DEBUG:colcon.colcon_core.package_identification:Package 'src/flashing' with type 'ros.ament_python' and name 'flashing'
[1.638s] Level 1:colcon.colcon_core.package_identification:_identify(src/launcher) by extensions ['ignore', 'ignore_ament_install']
[1.638s] Level 1:colcon.colcon_core.package_identification:_identify(src/launcher) by extension 'ignore'
[1.639s] Level 1:colcon.colcon_core.package_identification:_identify(src/launcher) by extension 'ignore_ament_install'
[1.639s] Level 1:colcon.colcon_core.package_identification:_identify(src/launcher) by extensions ['colcon_pkg']
[1.640s] Level 1:colcon.colcon_core.package_identification:_identify(src/launcher) by extension 'colcon_pkg'
[1.640s] Level 1:colcon.colcon_core.package_identification:_identify(src/launcher) by extensions ['colcon_meta']
[1.640s] Level 1:colcon.colcon_core.package_identification:_identify(src/launcher) by extension 'colcon_meta'
[1.640s] Level 1:colcon.colcon_core.package_identification:_identify(src/launcher) by extensions ['ros']
[1.641s] Level 1:colcon.colcon_core.package_identification:_identify(src/launcher) by extension 'ros'
[1.648s] DEBUG:colcon.colcon_core.package_identification:Package 'src/launcher' with type 'ros.ament_python' and name 'launcher'
[1.648s] Level 1:colcon.colcon_core.package_discovery:discover_packages(recursive) using defaults
[1.649s] Level 1:colcon.colcon_core.package_discovery:discover_packages(ignore) discover
[1.649s] Level 1:colcon.colcon_core.package_discovery:discover_packages(ignore) using defaults
[1.649s] Level 1:colcon.colcon_core.package_discovery:discover_packages(path) discover
[1.649s] Level 1:colcon.colcon_core.package_discovery:discover_packages(path) using defaults
[1.768s] Level 1:colcon.colcon_core.package_discovery:discover_packages(prefix_path) check parameters
[1.768s] Level 1:colcon.colcon_core.package_discovery:discover_packages(prefix_path) discover
[1.790s] DEBUG:colcon.colcon_installed_package_information.package_discovery:Found 7 installed packages in /home/ngt/ZENS-Final-AUVC/ros_ws/install
[1.794s] DEBUG:colcon.colcon_installed_package_information.package_discovery:Found 6 installed packages in /home/ngt/auvc_ws/install
[1.797s] DEBUG:colcon.colcon_installed_package_information.package_discovery:Found 1 installed packages in /home/ngt/cv_ws/install
[1.800s] DEBUG:colcon.colcon_installed_package_information.package_discovery:Found 2 installed packages in /home/ngt/pid_ws/install
[1.803s] DEBUG:colcon.colcon_installed_package_information.package_discovery:Found 1 installed packages in /home/ngt/auv_dancing/install
[1.814s] DEBUG:colcon.colcon_installed_package_information.package_discovery:Found 262 installed packages in /opt/ros/jazzy
[1.818s] Level 1:colcon.colcon_core.package_discovery:discover_packages(prefix_path) using defaults
[2.095s] Level 5:colcon.colcon_core.verb:set package 'control' build argument 'cmake_args' from command line to 'None'
[2.096s] Level 5:colcon.colcon_core.verb:set package 'control' build argument 'cmake_target' from command line to 'None'
[2.096s] Level 5:colcon.colcon_core.verb:set package 'control' build argument 'cmake_target_skip_unavailable' from command line to 'False'
[2.096s] Level 5:colcon.colcon_core.verb:set package 'control' build argument 'cmake_clean_cache' from command line to 'False'
[2.096s] Level 5:colcon.colcon_core.verb:set package 'control' build argument 'cmake_clean_first' from command line to 'False'
[2.097s] Level 5:colcon.colcon_core.verb:set package 'control' build argument 'cmake_force_configure' from command line to 'False'
[2.097s] Level 5:colcon.colcon_core.verb:set package 'control' build argument 'ament_cmake_args' from command line to 'None'
[2.097s] Level 5:colcon.colcon_core.verb:set package 'control' build argument 'catkin_cmake_args' from command line to 'None'
[2.097s] Level 5:colcon.colcon_core.verb:set package 'control' build argument 'catkin_skip_building_tests' from command line to 'False'
[2.097s] DEBUG:colcon.colcon_core.verb:Building package 'control' with the following arguments: {'ament_cmake_args': None, 'build_base': '/home/ngt/ZENS-Final-AUVC/ros_ws/build/control', 'catkin_cmake_args': None, 'catkin_skip_building_tests': False, 'cmake_args': None, 'cmake_clean_cache': False, 'cmake_clean_first': False, 'cmake_force_configure': False, 'cmake_target': None, 'cmake_target_skip_unavailable': False, 'install_base': '/home/ngt/ZENS-Final-AUVC/ros_ws/install/control', 'merge_install': False, 'path': '/home/ngt/ZENS-Final-AUVC/ros_ws/src/control', 'symlink_install': False, 'test_result_base': None}
[2.099s] Level 5:colcon.colcon_core.verb:set package 'cv' build argument 'cmake_args' from command line to 'None'
[2.099s] Level 5:colcon.colcon_core.verb:set package 'cv' build argument 'cmake_target' from command line to 'None'
[2.100s] Level 5:colcon.colcon_core.verb:set package 'cv' build argument 'cmake_target_skip_unavailable' from command line to 'False'
[2.100s] Level 5:colcon.colcon_core.verb:set package 'cv' build argument 'cmake_clean_cache' from command line to 'False'
[2.100s] Level 5:colcon.colcon_core.verb:set package 'cv' build argument 'cmake_clean_first' from command line to 'False'
[2.100s] Level 5:colcon.colcon_core.verb:set package 'cv' build argument 'cmake_force_configure' from command line to 'False'
[2.100s] Level 5:colcon.colcon_core.verb:set package 'cv' build argument 'ament_cmake_args' from command line to 'None'
[2.100s] Level 5:colcon.colcon_core.verb:set package 'cv' build argument 'catkin_cmake_args' from command line to 'None'
[2.101s] Level 5:colcon.colcon_core.verb:set package 'cv' build argument 'catkin_skip_building_tests' from command line to 'False'
[2.101s] DEBUG:colcon.colcon_core.verb:Building package 'cv' with the following arguments: {'ament_cmake_args': None, 'build_base': '/home/ngt/ZENS-Final-AUVC/ros_ws/build/cv', 'catkin_cmake_args': None, 'catkin_skip_building_tests': False, 'cmake_args': None, 'cmake_clean_cache': False, 'cmake_clean_first': False, 'cmake_force_configure': False, 'cmake_target': None, 'cmake_target_skip_unavailable': False, 'install_base': '/home/ngt/ZENS-Final-AUVC/ros_ws/install/cv', 'merge_install': False, 'path': '/home/ngt/ZENS-Final-AUVC/ros_ws/src/cv', 'symlink_install': False, 'test_result_base': None}
[2.102s] Level 5:colcon.colcon_core.verb:set package 'flashing' build argument 'cmake_args' from command line to 'None'
[2.103s] Level 5:colcon.colcon_core.verb:set package 'flashing' build argument 'cmake_target' from command line to 'None'
[2.103s] Level 5:colcon.colcon_core.verb:set package 'flashing' build argument 'cmake_target_skip_unavailable' from command line to 'False'
[2.103s] Level 5:colcon.colcon_core.verb:set package 'flashing' build argument 'cmake_clean_cache' from command line to 'False'
[2.103s] Level 5:colcon.colcon_core.verb:set package 'flashing' build argument 'cmake_clean_first' from command line to 'False'
[2.104s] Level 5:colcon.colcon_core.verb:set package 'flashing' build argument 'cmake_force_configure' from command line to 'False'
[2.104s] Level 5:colcon.colcon_core.verb:set package 'flashing' build argument 'ament_cmake_args' from command line to 'None'
[2.104s] Level 5:colcon.colcon_core.verb:set package 'flashing' build argument 'catkin_cmake_args' from command line to 'None'
[2.104s] Level 5:colcon.colcon_core.verb:set package 'flashing' build argument 'catkin_skip_building_tests' from command line to 'False'
[2.104s] DEBUG:colcon.colcon_core.verb:Building package 'flashing' with the following arguments: {'ament_cmake_args': None, 'build_base': '/home/ngt/ZENS-Final-AUVC/ros_ws/build/flashing', 'catkin_cmake_args': None, 'catkin_skip_building_tests': False, 'cmake_args': None, 'cmake_clean_cache': False, 'cmake_clean_first': False, 'cmake_force_configure': False, 'cmake_target': None, 'cmake_target_skip_unavailable': False, 'install_base': '/home/ngt/ZENS-Final-AUVC/ros_ws/install/flashing', 'merge_install': False, 'path': '/home/ngt/ZENS-Final-AUVC/ros_ws/src/flashing', 'symlink_install': False, 'test_result_base': None}
[2.106s] Level 5:colcon.colcon_core.verb:set package 'launcher' build argument 'cmake_args' from command line to 'None'
[2.106s] Level 5:colcon.colcon_core.verb:set package 'launcher' build argument 'cmake_target' from command line to 'None'
[2.106s] Level 5:colcon.colcon_core.verb:set package 'launcher' build argument 'cmake_target_skip_unavailable' from command line to 'False'
[2.106s] Level 5:colcon.colcon_core.verb:set package 'launcher' build argument 'cmake_clean_cache' from command line to 'False'
[2.106s] Level 5:colcon.colcon_core.verb:set package 'launcher' build argument 'cmake_clean_first' from command line to 'False'
[2.107s] Level 5:colcon.colcon_core.verb:set package 'launcher' build argument 'cmake_force_configure' from command line to 'False'
[2.107s] Level 5:colcon.colcon_core.verb:set package 'launcher' build argument 'ament_cmake_args' from command line to 'None'
[2.107s] Level 5:colcon.colcon_core.verb:set package 'launcher' build argument 'catkin_cmake_args' from command line to 'None'
[2.107s] Level 5:colcon.colcon_core.verb:set package 'launcher' build argument 'catkin_skip_building_tests' from command line to 'False'
[2.107s] DEBUG:colcon.colcon_core.verb:Building package 'launcher' with the following arguments: {'ament_cmake_args': None, 'build_base': '/home/ngt/ZENS-Final-AUVC/ros_ws/build/launcher', 'catkin_cmake_args': None, 'catkin_skip_building_tests': False, 'cmake_args': None, 'cmake_clean_cache': False, 'cmake_clean_first': False, 'cmake_force_configure': False, 'cmake_target': None, 'cmake_target_skip_unavailable': False, 'install_base': '/home/ngt/ZENS-Final-AUVC/ros_ws/install/launcher', 'merge_install': False, 'path': '/home/ngt/ZENS-Final-AUVC/ros_ws/src/launcher', 'symlink_install': False, 'test_result_base': None}
[2.108s] INFO:colcon.colcon_core.executor:Executing jobs using 'parallel' executor
[2.112s] DEBUG:colcon.colcon_parallel_executor.executor.parallel:run_until_complete
[2.113s] INFO:colcon.colcon_ros.task.ament_python.build:Building ROS package in '/home/ngt/ZENS-Final-AUVC/ros_ws/src/control' with build type 'ament_python'
[2.115s] Level 1:colcon.colcon_core.shell:create_environment_hook('control', 'ament_prefix_path')
[2.128s] INFO:colcon.colcon_core.plugin_system:Skipping extension 'colcon_core.shell.bat': Not used on non-Windows systems
[2.129s] INFO:colcon.colcon_core.shell:Creating environment hook '/home/ngt/ZENS-Final-AUVC/ros_ws/install/control/share/control/hook/ament_prefix_path.ps1'
[2.132s] INFO:colcon.colcon_core.shell:Creating environment descriptor '/home/ngt/ZENS-Final-AUVC/ros_ws/install/control/share/control/hook/ament_prefix_path.dsv'
[2.135s] INFO:colcon.colcon_core.shell:Creating environment hook '/home/ngt/ZENS-Final-AUVC/ros_ws/install/control/share/control/hook/ament_prefix_path.sh'
[2.139s] INFO:colcon.colcon_core.shell:Skip shell extension 'powershell' for command environment: Not usable outside of PowerShell
[2.139s] DEBUG:colcon.colcon_core.shell:Skip shell extension 'dsv' for command environment
[2.183s] INFO:colcon.colcon_ros.task.ament_python.build:Building ROS package in '/home/ngt/ZENS-Final-AUVC/ros_ws/src/cv' with build type 'ament_python'
[2.183s] Level 1:colcon.colcon_core.shell:create_environment_hook('cv', 'ament_prefix_path')
[2.186s] INFO:colcon.colcon_core.shell:Creating environment hook '/home/ngt/ZENS-Final-AUVC/ros_ws/install/cv/share/cv/hook/ament_prefix_path.ps1'
[2.189s] INFO:colcon.colcon_core.shell:Creating environment descriptor '/home/ngt/ZENS-Final-AUVC/ros_ws/install/cv/share/cv/hook/ament_prefix_path.dsv'
[2.192s] INFO:colcon.colcon_core.shell:Creating environment hook '/home/ngt/ZENS-Final-AUVC/ros_ws/install/cv/share/cv/hook/ament_prefix_path.sh'
[2.198s] INFO:colcon.colcon_core.shell:Skip shell extension 'powershell' for command environment: Not usable outside of PowerShell
[2.198s] DEBUG:colcon.colcon_core.shell:Skip shell extension 'dsv' for command environment
[2.244s] INFO:colcon.colcon_ros.task.ament_python.build:Building ROS package in '/home/ngt/ZENS-Final-AUVC/ros_ws/src/flashing' with build type 'ament_python'
[2.244s] Level 1:colcon.colcon_core.shell:create_environment_hook('flashing', 'ament_prefix_path')
[2.245s] INFO:colcon.colcon_core.shell:Creating environment hook '/home/ngt/ZENS-Final-AUVC/ros_ws/install/flashing/share/flashing/hook/ament_prefix_path.ps1'
[2.249s] INFO:colcon.colcon_core.shell:Creating environment descriptor '/home/ngt/ZENS-Final-AUVC/ros_ws/install/flashing/share/flashing/hook/ament_prefix_path.dsv'
[2.253s] INFO:colcon.colcon_core.shell:Creating environment hook '/home/ngt/ZENS-Final-AUVC/ros_ws/install/flashing/share/flashing/hook/ament_prefix_path.sh'
[2.257s] INFO:colcon.colcon_core.shell:Skip shell extension 'powershell' for command environment: Not usable outside of PowerShell
[2.257s] DEBUG:colcon.colcon_core.shell:Skip shell extension 'dsv' for command environment
[2.298s] INFO:colcon.colcon_ros.task.ament_python.build:Building ROS package in '/home/ngt/ZENS-Final-AUVC/ros_ws/src/launcher' with build type 'ament_python'
[2.299s] Level 1:colcon.colcon_core.shell:create_environment_hook('launcher', 'ament_prefix_path')
[2.300s] INFO:colcon.colcon_core.shell:Creating environment hook '/home/ngt/ZENS-Final-AUVC/ros_ws/install/launcher/share/launcher/hook/ament_prefix_path.ps1'
[2.303s] INFO:colcon.colcon_core.shell:Creating environment descriptor '/home/ngt/ZENS-Final-AUVC/ros_ws/install/launcher/share/launcher/hook/ament_prefix_path.dsv'
[2.306s] INFO:colcon.colcon_core.shell:Creating environment hook '/home/ngt/ZENS-Final-AUVC/ros_ws/install/launcher/share/launcher/hook/ament_prefix_path.sh'
[2.310s] INFO:colcon.colcon_core.shell:Skip shell extension 'powershell' for command environment: Not usable outside of PowerShell
[2.310s] DEBUG:colcon.colcon_core.shell:Skip shell extension 'dsv' for command environment
[3.833s] INFO:colcon.colcon_core.task.python.build:Building Python package in '/home/ngt/ZENS-Final-AUVC/ros_ws/src/control'
[3.834s] INFO:colcon.colcon_core.shell:Skip shell extension 'powershell' for command environment: Not usable outside of PowerShell
[3.834s] DEBUG:colcon.colcon_core.shell:Skip shell extension 'dsv' for command environment
[5.261s] INFO:colcon.colcon_core.task.python.build:Building Python package in '/home/ngt/ZENS-Final-AUVC/ros_ws/src/cv'
[5.262s] INFO:colcon.colcon_core.shell:Skip shell extension 'powershell' for command environment: Not usable outside of PowerShell
[5.262s] DEBUG:colcon.colcon_core.shell:Skip shell extension 'dsv' for command environment
[6.706s] INFO:colcon.colcon_core.task.python.build:Building Python package in '/home/ngt/ZENS-Final-AUVC/ros_ws/src/flashing'
[6.707s] INFO:colcon.colcon_core.shell:Skip shell extension 'powershell' for command environment: Not usable outside of PowerShell
[6.707s] DEBUG:colcon.colcon_core.shell:Skip shell extension 'dsv' for command environment
[8.118s] INFO:colcon.colcon_core.task.python.build:Building Python package in '/home/ngt/ZENS-Final-AUVC/ros_ws/src/launcher'
[8.119s] INFO:colcon.colcon_core.shell:Skip shell extension 'powershell' for command environment: Not usable outside of PowerShell
[8.119s] DEBUG:colcon.colcon_core.shell:Skip shell extension 'dsv' for command environment
[14.751s] DEBUG:colcon.colcon_core.task.python.build:Available setuptools commands: rotate, build, bdist_egg, build_scripts, build_clib, install_headers, install_lib, upload_docs, editable_wheel, bdist_wheel, saveopts, install_data, bdist_rpm, symlink_data, extract_messages, dist_info, clean, install_egg_info, register, easy_install, build_ext, alias, compile_catalog, bdist, install_scripts, update_catalog, develop, install, init_catalog, sdist, test, bdist_dumb, egg_info, build_py, setopt, check, upload
[14.762s] DEBUG:colcon.colcon_core.event_handler.log_command:Invoking command in '/home/ngt/ZENS-Final-AUVC/ros_ws/src/flashing': PYTHONPATH=/home/ngt/ZENS-Final-AUVC/ros_ws/build/flashing/prefix_override:/usr/lib/python3/dist-packages/colcon_core/task/python/colcon_distutils_commands:/home/ngt/ZENS-Final-AUVC/ros_ws/install/flashing/lib/python3.12/site-packages:${PYTHONPATH} /usr/bin/python3 -W ignore:setup.py install is deprecated -W ignore:easy_install command is deprecated setup.py egg_info --egg-base ../../build/flashing build --build-base /home/ngt/ZENS-Final-AUVC/ros_ws/build/flashing/build install --record /home/ngt/ZENS-Final-AUVC/ros_ws/build/flashing/install.log --install-scripts $base/lib/flashing --single-version-externally-managed install_data
[15.808s] DEBUG:colcon.colcon_core.task.python.build:Available setuptools commands: rotate, build, bdist_egg, build_scripts, build_clib, install_headers, install_lib, upload_docs, editable_wheel, bdist_wheel, saveopts, install_data, bdist_rpm, symlink_data, extract_messages, dist_info, clean, install_egg_info, register, easy_install, build_ext, alias, compile_catalog, bdist, install_scripts, update_catalog, develop, install, init_catalog, sdist, test, bdist_dumb, egg_info, build_py, setopt, check, upload
[15.830s] DEBUG:colcon.colcon_core.event_handler.log_command:Invoking command in '/home/ngt/ZENS-Final-AUVC/ros_ws/src/cv': PYTHONPATH=/home/ngt/ZENS-Final-AUVC/ros_ws/build/cv/prefix_override:/usr/lib/python3/dist-packages/colcon_core/task/python/colcon_distutils_commands:/home/ngt/ZENS-Final-AUVC/ros_ws/install/cv/lib/python3.12/site-packages:${PYTHONPATH} /usr/bin/python3 -W ignore:setup.py install is deprecated -W ignore:easy_install command is deprecated setup.py egg_info --egg-base ../../build/cv build --build-base /home/ngt/ZENS-Final-AUVC/ros_ws/build/cv/build install --record /home/ngt/ZENS-Final-AUVC/ros_ws/build/cv/install.log --install-scripts $base/lib/cv --single-version-externally-managed install_data
[16.283s] DEBUG:colcon.colcon_core.task.python.build:Available setuptools commands: rotate, build, bdist_egg, build_scripts, build_clib, install_headers, install_lib, upload_docs, editable_wheel, bdist_wheel, saveopts, install_data, bdist_rpm, symlink_data, extract_messages, dist_info, clean, install_egg_info, register, easy_install, build_ext, alias, compile_catalog, bdist, install_scripts, update_catalog, develop, install, init_catalog, sdist, test, bdist_dumb, egg_info, build_py, setopt, check, upload
[16.330s] DEBUG:colcon.colcon_core.event_handler.log_command:Invoking command in '/home/ngt/ZENS-Final-AUVC/ros_ws/src/launcher': PYTHONPATH=/home/ngt/ZENS-Final-AUVC/ros_ws/build/launcher/prefix_override:/usr/lib/python3/dist-packages/colcon_core/task/python/colcon_distutils_commands:/home/ngt/ZENS-Final-AUVC/ros_ws/install/launcher/lib/python3.12/site-packages:${PYTHONPATH} /usr/bin/python3 -W ignore:setup.py install is deprecated -W ignore:easy_install command is deprecated setup.py egg_info --egg-base ../../build/launcher build --build-base /home/ngt/ZENS-Final-AUVC/ros_ws/build/launcher/build install --record /home/ngt/ZENS-Final-AUVC/ros_ws/build/launcher/install.log --install-scripts $base/lib/launcher --single-version-externally-managed install_data
[16.480s] DEBUG:colcon.colcon_core.task.python.build:Available setuptools commands: rotate, build, bdist_egg, build_scripts, build_clib, install_headers, install_lib, upload_docs, editable_wheel, bdist_wheel, saveopts, install_data, bdist_rpm, symlink_data, extract_messages, dist_info, clean, install_egg_info, register, easy_install, build_ext, alias, compile_catalog, bdist, install_scripts, update_catalog, develop, install, init_catalog, sdist, test, bdist_dumb, egg_info, build_py, setopt, check, upload
[16.494s] DEBUG:colcon.colcon_core.event_handler.log_command:Invoking command in '/home/ngt/ZENS-Final-AUVC/ros_ws/src/control': PYTHONPATH=/home/ngt/ZENS-Final-AUVC/ros_ws/build/control/prefix_override:/usr/lib/python3/dist-packages/colcon_core/task/python/colcon_distutils_commands:/home/ngt/ZENS-Final-AUVC/ros_ws/install/control/lib/python3.12/site-packages:${PYTHONPATH} /usr/bin/python3 -W ignore:setup.py install is deprecated -W ignore:easy_install command is deprecated setup.py egg_info --egg-base ../../build/control build --build-base /home/ngt/ZENS-Final-AUVC/ros_ws/build/control/build install --record /home/ngt/ZENS-Final-AUVC/ros_ws/build/control/install.log --install-scripts $base/lib/control --single-version-externally-managed install_data
[23.125s] DEBUG:colcon.colcon_core.event_handler.log_command:Invoked command in '/home/ngt/ZENS-Final-AUVC/ros_ws/src/flashing' returned '0': PYTHONPATH=/home/ngt/ZENS-Final-AUVC/ros_ws/build/flashing/prefix_override:/usr/lib/python3/dist-packages/colcon_core/task/python/colcon_distutils_commands:/home/ngt/ZENS-Final-AUVC/ros_ws/install/flashing/lib/python3.12/site-packages:${PYTHONPATH} /usr/bin/python3 -W ignore:setup.py install is deprecated -W ignore:easy_install command is deprecated setup.py egg_info --egg-base ../../build/flashing build --build-base /home/ngt/ZENS-Final-AUVC/ros_ws/build/flashing/build install --record /home/ngt/ZENS-Final-AUVC/ros_ws/build/flashing/install.log --install-scripts $base/lib/flashing --single-version-externally-managed install_data
[23.154s] Level 1:colcon.colcon_core.environment:checking '/home/ngt/ZENS-Final-AUVC/ros_ws/install/flashing' for CMake module files
[23.164s] Level 1:colcon.colcon_core.environment:checking '/home/ngt/ZENS-Final-AUVC/ros_ws/install/flashing' for CMake config files
[23.176s] Level 1:colcon.colcon_core.environment:checking '/home/ngt/ZENS-Final-AUVC/ros_ws/install/flashing/lib'
[23.179s] Level 1:colcon.colcon_core.environment:checking '/home/ngt/ZENS-Final-AUVC/ros_ws/install/flashing/bin'
[23.181s] Level 1:colcon.colcon_core.environment:checking '/home/ngt/ZENS-Final-AUVC/ros_ws/install/flashing/lib/pkgconfig/flashing.pc'
[23.183s] Level 1:colcon.colcon_core.environment:checking '/home/ngt/ZENS-Final-AUVC/ros_ws/install/flashing/lib/python3.12/site-packages'
[23.185s] Level 1:colcon.colcon_core.shell:create_environment_hook('flashing', 'pythonpath')
[23.188s] INFO:colcon.colcon_core.shell:Creating environment hook '/home/ngt/ZENS-Final-AUVC/ros_ws/install/flashing/share/flashing/hook/pythonpath.ps1'
[23.194s] INFO:colcon.colcon_core.shell:Creating environment descriptor '/home/ngt/ZENS-Final-AUVC/ros_ws/install/flashing/share/flashing/hook/pythonpath.dsv'
[23.199s] INFO:colcon.colcon_core.shell:Creating environment hook '/home/ngt/ZENS-Final-AUVC/ros_ws/install/flashing/share/flashing/hook/pythonpath.sh'
[23.210s] Level 1:colcon.colcon_core.environment:checking '/home/ngt/ZENS-Final-AUVC/ros_ws/install/flashing/bin'
[23.212s] Level 1:colcon.colcon_core.environment:create_environment_scripts_only(flashing)
[23.214s] INFO:colcon.colcon_core.shell:Creating package script '/home/ngt/ZENS-Final-AUVC/ros_ws/install/flashing/share/flashing/package.ps1'
[23.223s] INFO:colcon.colcon_core.shell:Creating package descriptor '/home/ngt/ZENS-Final-AUVC/ros_ws/install/flashing/share/flashing/package.dsv'
[23.228s] INFO:colcon.colcon_core.shell:Creating package script '/home/ngt/ZENS-Final-AUVC/ros_ws/install/flashing/share/flashing/package.sh'
[23.235s] INFO:colcon.colcon_core.shell:Creating package script '/home/ngt/ZENS-Final-AUVC/ros_ws/install/flashing/share/flashing/package.bash'
[23.240s] INFO:colcon.colcon_core.shell:Creating package script '/home/ngt/ZENS-Final-AUVC/ros_ws/install/flashing/share/flashing/package.zsh'
[23.245s] Level 1:colcon.colcon_core.environment:create_file_with_runtime_dependencies(/home/ngt/ZENS-Final-AUVC/ros_ws/install/flashing/share/colcon-core/packages/flashing)
[23.794s] Level 1:colcon.colcon_core.environment:checking '/home/ngt/ZENS-Final-AUVC/ros_ws/install/cv' for CMake module files
[23.805s] DEBUG:colcon.colcon_core.event_handler.log_command:Invoked command in '/home/ngt/ZENS-Final-AUVC/ros_ws/src/cv' returned '0': PYTHONPATH=/home/ngt/ZENS-Final-AUVC/ros_ws/build/cv/prefix_override:/usr/lib/python3/dist-packages/colcon_core/task/python/colcon_distutils_commands:/home/ngt/ZENS-Final-AUVC/ros_ws/install/cv/lib/python3.12/site-packages:${PYTHONPATH} /usr/bin/python3 -W ignore:setup.py install is deprecated -W ignore:easy_install command is deprecated setup.py egg_info --egg-base ../../build/cv build --build-base /home/ngt/ZENS-Final-AUVC/ros_ws/build/cv/build install --record /home/ngt/ZENS-Final-AUVC/ros_ws/build/cv/install.log --install-scripts $base/lib/cv --single-version-externally-managed install_data
[23.810s] Level 1:colcon.colcon_core.environment:checking '/home/ngt/ZENS-Final-AUVC/ros_ws/install/cv' for CMake config files
[23.825s] Level 1:colcon.colcon_core.environment:checking '/home/ngt/ZENS-Final-AUVC/ros_ws/install/cv/lib'
[23.826s] Level 1:colcon.colcon_core.environment:checking '/home/ngt/ZENS-Final-AUVC/ros_ws/install/cv/bin'
[23.826s] Level 1:colcon.colcon_core.environment:checking '/home/ngt/ZENS-Final-AUVC/ros_ws/install/cv/lib/pkgconfig/cv.pc'
[23.827s] Level 1:colcon.colcon_core.environment:checking '/home/ngt/ZENS-Final-AUVC/ros_ws/install/cv/lib/python3.12/site-packages'
[23.828s] Level 1:colcon.colcon_core.shell:create_environment_hook('cv', 'pythonpath')
[23.830s] INFO:colcon.colcon_core.shell:Creating environment hook '/home/ngt/ZENS-Final-AUVC/ros_ws/install/cv/share/cv/hook/pythonpath.ps1'
[23.832s] INFO:colcon.colcon_core.shell:Creating environment descriptor '/home/ngt/ZENS-Final-AUVC/ros_ws/install/cv/share/cv/hook/pythonpath.dsv'
[23.834s] INFO:colcon.colcon_core.shell:Creating environment hook '/home/ngt/ZENS-Final-AUVC/ros_ws/install/cv/share/cv/hook/pythonpath.sh'
[23.838s] Level 1:colcon.colcon_core.environment:checking '/home/ngt/ZENS-Final-AUVC/ros_ws/install/cv/bin'
[23.839s] Level 1:colcon.colcon_core.environment:create_environment_scripts_only(cv)
[23.840s] INFO:colcon.colcon_core.shell:Creating package script '/home/ngt/ZENS-Final-AUVC/ros_ws/install/cv/share/cv/package.ps1'
[23.844s] INFO:colcon.colcon_core.shell:Creating package descriptor '/home/ngt/ZENS-Final-AUVC/ros_ws/install/cv/share/cv/package.dsv'
[23.847s] INFO:colcon.colcon_core.shell:Creating package script '/home/ngt/ZENS-Final-AUVC/ros_ws/install/cv/share/cv/package.sh'
[23.850s] INFO:colcon.colcon_core.shell:Creating package script '/home/ngt/ZENS-Final-AUVC/ros_ws/install/cv/share/cv/package.bash'
[23.853s] INFO:colcon.colcon_core.shell:Creating package script '/home/ngt/ZENS-Final-AUVC/ros_ws/install/cv/share/cv/package.zsh'
[23.858s] Level 1:colcon.colcon_core.environment:create_file_with_runtime_dependencies(/home/ngt/ZENS-Final-AUVC/ros_ws/install/cv/share/colcon-core/packages/cv)
[24.091s] Level 1:colcon.colcon_core.environment:checking '/home/ngt/ZENS-Final-AUVC/ros_ws/install/launcher' for CMake module files
[24.094s] DEBUG:colcon.colcon_core.event_handler.log_command:Invoked command in '/home/ngt/ZENS-Final-AUVC/ros_ws/src/launcher' returned '0': PYTHONPATH=/home/ngt/ZENS-Final-AUVC/ros_ws/build/launcher/prefix_override:/usr/lib/python3/dist-packages/colcon_core/task/python/colcon_distutils_commands:/home/ngt/ZENS-Final-AUVC/ros_ws/install/launcher/lib/python3.12/site-packages:${PYTHONPATH} /usr/bin/python3 -W ignore:setup.py install is deprecated -W ignore:easy_install command is deprecated setup.py egg_info --egg-base ../../build/launcher build --build-base /home/ngt/ZENS-Final-AUVC/ros_ws/build/launcher/build install --record /home/ngt/ZENS-Final-AUVC/ros_ws/build/launcher/install.log --install-scripts $base/lib/launcher --single-version-externally-managed install_data
[24.097s] Level 1:colcon.colcon_core.environment:checking '/home/ngt/ZENS-Final-AUVC/ros_ws/install/launcher' for CMake config files
[24.101s] Level 1:colcon.colcon_core.environment:checking '/home/ngt/ZENS-Final-AUVC/ros_ws/install/launcher/lib'
[24.102s] Level 1:colcon.colcon_core.environment:checking '/home/ngt/ZENS-Final-AUVC/ros_ws/install/launcher/bin'
[24.102s] Level 1:colcon.colcon_core.environment:checking '/home/ngt/ZENS-Final-AUVC/ros_ws/install/launcher/lib/pkgconfig/launcher.pc'
[24.104s] Level 1:colcon.colcon_core.environment:checking '/home/ngt/ZENS-Final-AUVC/ros_ws/install/launcher/lib/python3.12/site-packages'
[24.104s] Level 1:colcon.colcon_core.shell:create_environment_hook('launcher', 'pythonpath')
[24.105s] INFO:colcon.colcon_core.shell:Creating environment hook '/home/ngt/ZENS-Final-AUVC/ros_ws/install/launcher/share/launcher/hook/pythonpath.ps1'
[24.108s] INFO:colcon.colcon_core.shell:Creating environment descriptor '/home/ngt/ZENS-Final-AUVC/ros_ws/install/launcher/share/launcher/hook/pythonpath.dsv'
[24.110s] INFO:colcon.colcon_core.shell:Creating environment hook '/home/ngt/ZENS-Final-AUVC/ros_ws/install/launcher/share/launcher/hook/pythonpath.sh'
[24.114s] Level 1:colcon.colcon_core.environment:checking '/home/ngt/ZENS-Final-AUVC/ros_ws/install/launcher/bin'
[24.114s] Level 1:colcon.colcon_core.environment:create_environment_scripts_only(launcher)
[24.115s] INFO:colcon.colcon_core.shell:Creating package script '/home/ngt/ZENS-Final-AUVC/ros_ws/install/launcher/share/launcher/package.ps1'
[24.119s] INFO:colcon.colcon_core.shell:Creating package descriptor '/home/ngt/ZENS-Final-AUVC/ros_ws/install/launcher/share/launcher/package.dsv'
[24.122s] INFO:colcon.colcon_core.shell:Creating package script '/home/ngt/ZENS-Final-AUVC/ros_ws/install/launcher/share/launcher/package.sh'
[24.125s] INFO:colcon.colcon_core.shell:Creating package script '/home/ngt/ZENS-Final-AUVC/ros_ws/install/launcher/share/launcher/package.bash'
[24.127s] INFO:colcon.colcon_core.shell:Creating package script '/home/ngt/ZENS-Final-AUVC/ros_ws/install/launcher/share/launcher/package.zsh'
[24.130s] Level 1:colcon.colcon_core.environment:create_file_with_runtime_dependencies(/home/ngt/ZENS-Final-AUVC/ros_ws/install/launcher/share/colcon-core/packages/launcher)
[24.653s] Level 1:colcon.colcon_core.environment:checking '/home/ngt/ZENS-Final-AUVC/ros_ws/install/control' for CMake module files
[24.658s] DEBUG:colcon.colcon_core.event_handler.log_command:Invoked command in '/home/ngt/ZENS-Final-AUVC/ros_ws/src/control' returned '0': PYTHONPATH=/home/ngt/ZENS-Final-AUVC/ros_ws/build/control/prefix_override:/usr/lib/python3/dist-packages/colcon_core/task/python/colcon_distutils_commands:/home/ngt/ZENS-Final-AUVC/ros_ws/install/control/lib/python3.12/site-packages:${PYTHONPATH} /usr/bin/python3 -W ignore:setup.py install is deprecated -W ignore:easy_install command is deprecated setup.py egg_info --egg-base ../../build/control build --build-base /home/ngt/ZENS-Final-AUVC/ros_ws/build/control/build install --record /home/ngt/ZENS-Final-AUVC/ros_ws/build/control/install.log --install-scripts $base/lib/control --single-version-externally-managed install_data
[24.659s] Level 1:colcon.colcon_core.environment:checking '/home/ngt/ZENS-Final-AUVC/ros_ws/install/control' for CMake config files
[24.665s] Level 1:colcon.colcon_core.environment:checking '/home/ngt/ZENS-Final-AUVC/ros_ws/install/control/lib'
[24.666s] Level 1:colcon.colcon_core.environment:checking '/home/ngt/ZENS-Final-AUVC/ros_ws/install/control/bin'
[24.667s] Level 1:colcon.colcon_core.environment:checking '/home/ngt/ZENS-Final-AUVC/ros_ws/install/control/lib/pkgconfig/control.pc'
[24.671s] Level 1:colcon.colcon_core.environment:checking '/home/ngt/ZENS-Final-AUVC/ros_ws/install/control/lib/python3.12/site-packages'
[24.672s] Level 1:colcon.colcon_core.shell:create_environment_hook('control', 'pythonpath')
[24.674s] INFO:colcon.colcon_core.shell:Creating environment hook '/home/ngt/ZENS-Final-AUVC/ros_ws/install/control/share/control/hook/pythonpath.ps1'
[24.677s] INFO:colcon.colcon_core.shell:Creating environment descriptor '/home/ngt/ZENS-Final-AUVC/ros_ws/install/control/share/control/hook/pythonpath.dsv'
[24.680s] INFO:colcon.colcon_core.shell:Creating environment hook '/home/ngt/ZENS-Final-AUVC/ros_ws/install/control/share/control/hook/pythonpath.sh'
[24.684s] Level 1:colcon.colcon_core.environment:checking '/home/ngt/ZENS-Final-AUVC/ros_ws/install/control/bin'
[24.684s] Level 1:colcon.colcon_core.environment:create_environment_scripts_only(control)
[24.686s] INFO:colcon.colcon_core.shell:Creating package script '/home/ngt/ZENS-Final-AUVC/ros_ws/install/control/share/control/package.ps1'
[24.690s] INFO:colcon.colcon_core.shell:Creating package descriptor '/home/ngt/ZENS-Final-AUVC/ros_ws/install/control/share/control/package.dsv'
[24.693s] INFO:colcon.colcon_core.shell:Creating package script '/home/ngt/ZENS-Final-AUVC/ros_ws/install/control/share/control/package.sh'
[24.696s] INFO:colcon.colcon_core.shell:Creating package script '/home/ngt/ZENS-Final-AUVC/ros_ws/install/control/share/control/package.bash'
[24.699s] INFO:colcon.colcon_core.shell:Creating package script '/home/ngt/ZENS-Final-AUVC/ros_ws/install/control/share/control/package.zsh'
[24.702s] Level 1:colcon.colcon_core.environment:create_file_with_runtime_dependencies(/home/ngt/ZENS-Final-AUVC/ros_ws/install/control/share/colcon-core/packages/control)
[24.705s] DEBUG:colcon.colcon_parallel_executor.executor.parallel:closing loop
[24.709s] DEBUG:colcon.colcon_parallel_executor.executor.parallel:loop closed
[24.709s] DEBUG:colcon.colcon_parallel_executor.executor.parallel:run_until_complete finished with '0'
[24.710s] DEBUG:colcon.colcon_core.event_reactor:joining thread
[24.713s] DEBUG:colcon.colcon_core.event_reactor:joined thread
[24.715s] INFO:colcon.colcon_core.shell:Creating prefix script '/home/ngt/ZENS-Final-AUVC/ros_ws/install/local_setup.ps1'
[24.721s] INFO:colcon.colcon_core.shell:Creating prefix util module '/home/ngt/ZENS-Final-AUVC/ros_ws/install/_local_setup_util_ps1.py'
[24.729s] INFO:colcon.colcon_core.shell:Creating prefix chain script '/home/ngt/ZENS-Final-AUVC/ros_ws/install/setup.ps1'
[24.745s] INFO:colcon.colcon_core.shell:Creating prefix script '/home/ngt/ZENS-Final-AUVC/ros_ws/install/local_setup.sh'
[24.749s] INFO:colcon.colcon_core.shell:Creating prefix util module '/home/ngt/ZENS-Final-AUVC/ros_ws/install/_local_setup_util_sh.py'
[24.754s] INFO:colcon.colcon_core.shell:Creating prefix chain script '/home/ngt/ZENS-Final-AUVC/ros_ws/install/setup.sh'
[24.766s] INFO:colcon.colcon_core.shell:Creating prefix script '/home/ngt/ZENS-Final-AUVC/ros_ws/install/local_setup.bash'
[24.770s] INFO:colcon.colcon_core.shell:Creating prefix chain script '/home/ngt/ZENS-Final-AUVC/ros_ws/install/setup.bash'
[24.788s] INFO:colcon.colcon_core.shell:Creating prefix script '/home/ngt/ZENS-Final-AUVC/ros_ws/install/local_setup.zsh'
[24.793s] INFO:colcon.colcon_core.shell:Creating prefix chain script '/home/ngt/ZENS-Final-AUVC/ros_ws/install/setup.zsh'
