[47.664s] Invoking command in '/home/ngt/ZENS-Final-AUVC/ros_ws/src/control': PYTHONPATH=/home/ngt/ZENS-Final-AUVC/ros_ws/build/control/prefix_override:/usr/lib/python3/dist-packages/colcon_core/task/python/colcon_distutils_commands:/home/ngt/ZENS-Final-AUVC/ros_ws/install/control/lib/python3.12/site-packages:${PYTHONPATH} /usr/bin/python3 -W ignore:setup.py install is deprecated -W ignore:easy_install command is deprecated setup.py egg_info --egg-base ../../build/control build --build-base /home/ngt/ZENS-Final-AUVC/ros_ws/build/control/build install --record /home/ngt/ZENS-Final-AUVC/ros_ws/build/control/install.log --install-scripts $base/lib/control --single-version-externally-managed install_data
[65.250s] running egg_info
[66.892s] writing ../../build/control/control.egg-info/PKG-INFO
[66.908s] writing dependency_links to ../../build/control/control.egg-info/dependency_links.txt
[66.916s] writing entry points to ../../build/control/control.egg-info/entry_points.txt
[66.917s] writing requirements to ../../build/control/control.egg-info/requires.txt
[66.917s] writing top-level names to ../../build/control/control.egg-info/top_level.txt
[74.032s] reading manifest file '../../build/control/control.egg-info/SOURCES.txt'
[74.048s] writing manifest file '../../build/control/control.egg-info/SOURCES.txt'
[74.049s] running build
[74.054s] running build_py
[74.085s] running install
[74.305s] running install_lib
[75.769s] running install_data
[75.769s] running install_egg_info
[77.270s] removing '/home/ngt/ZENS-Final-AUVC/ros_ws/install/control/lib/python3.12/site-packages/control-0.0.0-py3.12.egg-info' (and everything under it)
[77.287s] Copying ../../build/control/control.egg-info to /home/ngt/ZENS-Final-AUVC/ros_ws/install/control/lib/python3.12/site-packages/control-0.0.0-py3.12.egg-info
[77.343s] running install_scripts
[80.209s] Installing depth_pid script to /home/ngt/ZENS-Final-AUVC/ros_ws/install/control/lib/control
[80.209s] Installing heading_pid script to /home/ngt/ZENS-Final-AUVC/ros_ws/install/control/lib/control
[80.228s] Installing self_arm script to /home/ngt/ZENS-Final-AUVC/ros_ws/install/control/lib/control
[80.229s] Installing self_disarm script to /home/ngt/ZENS-Final-AUVC/ros_ws/install/control/lib/control
[80.250s] writing list of installed files to '/home/ngt/ZENS-Final-AUVC/ros_ws/build/control/install.log'
[81.456s] Invoked command in '/home/ngt/ZENS-Final-AUVC/ros_ws/src/control' returned '0': PYTHONPATH=/home/ngt/ZENS-Final-AUVC/ros_ws/build/control/prefix_override:/usr/lib/python3/dist-packages/colcon_core/task/python/colcon_distutils_commands:/home/ngt/ZENS-Final-AUVC/ros_ws/install/control/lib/python3.12/site-packages:${PYTHONPATH} /usr/bin/python3 -W ignore:setup.py install is deprecated -W ignore:easy_install command is deprecated setup.py egg_info --egg-base ../../build/control build --build-base /home/ngt/ZENS-Final-AUVC/ros_ws/build/control/build install --record /home/ngt/ZENS-Final-AUVC/ros_ws/build/control/install.log --install-scripts $base/lib/control --single-version-externally-managed install_data
