[12.012s] Invoking command in '/home/ngt/ZENS-Final-AUVC/ros_ws/src/flashing': PYTHONPATH=/home/ngt/ZENS-Final-AUVC/build/flashing/prefix_override:/home/ngt/.virtualenvs/ardusub/lib/python3.12/site-packages/colcon_core/task/python/colcon_distutils_commands:/home/ngt/ZENS-Final-AUVC/install/flashing/lib/python3.12/site-packages:${PYTHONPATH} /home/ngt/.virtualenvs/ardusub/bin/python -W ignore:setup.py install is deprecated -W ignore:easy_install command is deprecated setup.py egg_info --egg-base ../../../build/flashing build --build-base /home/ngt/ZENS-Final-AUVC/build/flashing/build install --record /home/ngt/ZENS-Final-AUVC/build/flashing/install.log --install-scripts $base/lib/flashing --single-version-externally-managed install_data
[15.997s] running egg_info
[16.214s] writing ../../../build/flashing/flashing.egg-info/PKG-INFO
[16.228s] writing dependency_links to ../../../build/flashing/flashing.egg-info/dependency_links.txt
[16.230s] writing entry points to ../../../build/flashing/flashing.egg-info/entry_points.txt
[16.240s] writing requirements to ../../../build/flashing/flashing.egg-info/requires.txt
[16.241s] writing top-level names to ../../../build/flashing/flashing.egg-info/top_level.txt
[17.155s] reading manifest file '../../../build/flashing/flashing.egg-info/SOURCES.txt'
[17.190s] writing manifest file '../../../build/flashing/flashing.egg-info/SOURCES.txt'
[17.193s] running build
[17.194s] running build_py
[17.200s] copying flashing/flashing_node.py -> /home/ngt/ZENS-Final-AUVC/build/flashing/build/lib/flashing
[17.210s] copying flashing/__init__.py -> /home/ngt/ZENS-Final-AUVC/build/flashing/build/lib/flashing
[17.223s] running install
[17.330s] running install_lib
[17.724s] running install_data
[17.740s] copying resource/flashing -> /home/ngt/ZENS-Final-AUVC/install/flashing/share/ament_index/resource_index/packages
[17.741s] copying package.xml -> /home/ngt/ZENS-Final-AUVC/install/flashing/share/flashing
[17.750s] running install_egg_info
[18.260s] removing '/home/ngt/ZENS-Final-AUVC/install/flashing/lib/python3.12/site-packages/flashing-0.0.0-py3.12.egg-info' (and everything under it)
[18.269s] Copying ../../../build/flashing/flashing.egg-info to /home/ngt/ZENS-Final-AUVC/install/flashing/lib/python3.12/site-packages/flashing-0.0.0-py3.12.egg-info
[18.319s] running install_scripts
[19.396s] Installing flashing_node script to /home/ngt/ZENS-Final-AUVC/install/flashing/lib/flashing
[19.402s] writing list of installed files to '/home/ngt/ZENS-Final-AUVC/build/flashing/install.log'
[23.610s] Invoked command in '/home/ngt/ZENS-Final-AUVC/ros_ws/src/flashing' returned '0': PYTHONPATH=/home/ngt/ZENS-Final-AUVC/build/flashing/prefix_override:/home/ngt/.virtualenvs/ardusub/lib/python3.12/site-packages/colcon_core/task/python/colcon_distutils_commands:/home/ngt/ZENS-Final-AUVC/install/flashing/lib/python3.12/site-packages:${PYTHONPATH} /home/ngt/.virtualenvs/ardusub/bin/python -W ignore:setup.py install is deprecated -W ignore:easy_install command is deprecated setup.py egg_info --egg-base ../../../build/flashing build --build-base /home/ngt/ZENS-Final-AUVC/build/flashing/build install --record /home/ngt/ZENS-Final-AUVC/build/flashing/install.log --install-scripts $base/lib/flashing --single-version-externally-managed install_data
