[13.348s] Invoking command in '/home/ngt/ZENS-Final-AUVC/ros_ws/src/control': PYTHONPATH=/home/ngt/ZENS-Final-AUVC/ros_ws/build/control/prefix_override:/usr/lib/python3/dist-packages/colcon_core/task/python/colcon_distutils_commands:/home/ngt/ZENS-Final-AUVC/ros_ws/install/control/lib/python3.12/site-packages:${PYTHONPATH} /usr/bin/python3 -W ignore:setup.py install is deprecated -W ignore:easy_install command is deprecated setup.py egg_info --egg-base ../../build/control build --build-base /home/ngt/ZENS-Final-AUVC/ros_ws/build/control/build install --record /home/ngt/ZENS-Final-AUVC/ros_ws/build/control/install.log --install-scripts $base/lib/control --single-version-externally-managed install_data
[17.152s] running egg_info
[17.523s] writing ../../build/control/control.egg-info/PKG-INFO
[17.524s] writing dependency_links to ../../build/control/control.egg-info/dependency_links.txt
[17.534s] writing entry points to ../../build/control/control.egg-info/entry_points.txt
[17.535s] writing requirements to ../../build/control/control.egg-info/requires.txt
[17.541s] writing top-level names to ../../build/control/control.egg-info/top_level.txt
[19.760s] reading manifest file '../../build/control/control.egg-info/SOURCES.txt'
[19.768s] writing manifest file '../../build/control/control.egg-info/SOURCES.txt'
[19.770s] running build
[19.772s] running build_py
[19.773s] copying control/finalController.py -> /home/ngt/ZENS-Final-AUVC/ros_ws/build/control/build/lib/control
[19.776s] running install
[19.821s] running install_lib
[20.112s] copying /home/ngt/ZENS-Final-AUVC/ros_ws/build/control/build/lib/control/finalController.py -> /home/ngt/ZENS-Final-AUVC/ros_ws/install/control/lib/python3.12/site-packages/control
[20.126s] byte-compiling /home/ngt/ZENS-Final-AUVC/ros_ws/install/control/lib/python3.12/site-packages/control/finalController.py to finalController.cpython-312.pyc
[20.140s] running install_data
[20.145s] running install_egg_info
[20.537s] removing '/home/ngt/ZENS-Final-AUVC/ros_ws/install/control/lib/python3.12/site-packages/control-0.0.0-py3.12.egg-info' (and everything under it)
[20.557s] Copying ../../build/control/control.egg-info to /home/ngt/ZENS-Final-AUVC/ros_ws/install/control/lib/python3.12/site-packages/control-0.0.0-py3.12.egg-info
[20.558s] running install_scripts
[21.221s] Installing depth_pid script to /home/ngt/ZENS-Final-AUVC/ros_ws/install/control/lib/control
[21.222s] Installing finalController script to /home/ngt/ZENS-Final-AUVC/ros_ws/install/control/lib/control
[21.225s] Installing heading_pid script to /home/ngt/ZENS-Final-AUVC/ros_ws/install/control/lib/control
[21.226s] Installing self_arm script to /home/ngt/ZENS-Final-AUVC/ros_ws/install/control/lib/control
[21.228s] Installing self_disarm script to /home/ngt/ZENS-Final-AUVC/ros_ws/install/control/lib/control
[21.235s] writing list of installed files to '/home/ngt/ZENS-Final-AUVC/ros_ws/build/control/install.log'
[21.536s] Invoked command in '/home/ngt/ZENS-Final-AUVC/ros_ws/src/control' returned '0': PYTHONPATH=/home/ngt/ZENS-Final-AUVC/ros_ws/build/control/prefix_override:/usr/lib/python3/dist-packages/colcon_core/task/python/colcon_distutils_commands:/home/ngt/ZENS-Final-AUVC/ros_ws/install/control/lib/python3.12/site-packages:${PYTHONPATH} /usr/bin/python3 -W ignore:setup.py install is deprecated -W ignore:easy_install command is deprecated setup.py egg_info --egg-base ../../build/control build --build-base /home/ngt/ZENS-Final-AUVC/ros_ws/build/control/build install --record /home/ngt/ZENS-Final-AUVC/ros_ws/build/control/install.log --install-scripts $base/lib/control --single-version-externally-managed install_data
