[8.551s] Invoking command in '/home/ngt/ZENS-Final-AUVC/ros_ws/src/cv': PYTHONPATH=/home/ngt/ZENS-Final-AUVC/build/cv/prefix_override:/home/ngt/.virtualenvs/ardusub/lib/python3.12/site-packages/colcon_core/task/python/colcon_distutils_commands:/home/ngt/ZENS-Final-AUVC/install/cv/lib/python3.12/site-packages:${PYTHONPATH} /home/ngt/.virtualenvs/ardusub/bin/python -W ignore:setup.py install is deprecated -W ignore:easy_install command is deprecated setup.py egg_info --egg-base ../../../build/cv build --build-base /home/ngt/ZENS-Final-AUVC/build/cv/build install --record /home/ngt/ZENS-Final-AUVC/build/cv/install.log --install-scripts $base/lib/cv --single-version-externally-managed install_data
[10.957s] running egg_info
[11.104s] writing ../../../build/cv/cv.egg-info/PKG-INFO
[11.111s] writing dependency_links to ../../../build/cv/cv.egg-info/dependency_links.txt
[11.114s] writing entry points to ../../../build/cv/cv.egg-info/entry_points.txt
[11.121s] writing requirements to ../../../build/cv/cv.egg-info/requires.txt
[11.121s] writing top-level names to ../../../build/cv/cv.egg-info/top_level.txt
[11.470s] reading manifest file '../../../build/cv/cv.egg-info/SOURCES.txt'
[11.481s] writing manifest file '../../../build/cv/cv.egg-info/SOURCES.txt'
[11.484s] running build
[11.491s] running build_py
[11.492s] copying cv/detector.py -> /home/ngt/ZENS-Final-AUVC/build/cv/build/lib/cv
[11.503s] copying cv/visualizer.py -> /home/ngt/ZENS-Final-AUVC/build/cv/build/lib/cv
[11.523s] copying cv/video_logger.py -> /home/ngt/ZENS-Final-AUVC/build/cv/build/lib/cv
[11.532s] copying cv/__init__.py -> /home/ngt/ZENS-Final-AUVC/build/cv/build/lib/cv
[11.534s] copying cv/camera.py -> /home/ngt/ZENS-Final-AUVC/build/cv/build/lib/cv
[11.542s] copying cv/nodes/image_saver_node.py -> /home/ngt/ZENS-Final-AUVC/build/cv/build/lib/cv/nodes
[11.551s] copying cv/nodes/fake_camera_node.py -> /home/ngt/ZENS-Final-AUVC/build/cv/build/lib/cv/nodes
[11.559s] copying cv/nodes/__init__.py -> /home/ngt/ZENS-Final-AUVC/build/cv/build/lib/cv/nodes
[11.571s] copying cv/nodes/detector_node.py -> /home/ngt/ZENS-Final-AUVC/build/cv/build/lib/cv/nodes
[11.578s] copying cv/scripts/detect_from_image.py -> /home/ngt/ZENS-Final-AUVC/build/cv/build/lib/cv/scripts
[11.602s] copying cv/scripts/calibrate_camera.py -> /home/ngt/ZENS-Final-AUVC/build/cv/build/lib/cv/scripts
[11.603s] copying cv/scripts/__init__.py -> /home/ngt/ZENS-Final-AUVC/build/cv/build/lib/cv/scripts
[11.605s] running install
[11.668s] running install_lib
[11.848s] running install_data
[11.864s] copying resource/cv -> /home/ngt/ZENS-Final-AUVC/install/cv/share/ament_index/resource_index/packages
[11.871s] copying package.xml -> /home/ngt/ZENS-Final-AUVC/install/cv/share/cv
[11.883s] copying launch/test_detection.launch.py -> /home/ngt/ZENS-Final-AUVC/install/cv/share/cv/launch
[11.884s] copying launch/detection.launch.py -> /home/ngt/ZENS-Final-AUVC/install/cv/share/cv/launch
[11.885s] copying config/camera_info.yaml -> /home/ngt/ZENS-Final-AUVC/install/cv/share/cv/config
[11.893s] copying config/detector_params.yaml -> /home/ngt/ZENS-Final-AUVC/install/cv/share/cv/config
[11.906s] running install_egg_info
[12.092s] removing '/home/ngt/ZENS-Final-AUVC/install/cv/lib/python3.12/site-packages/cv-0.0.0-py3.12.egg-info' (and everything under it)
[12.113s] Copying ../../../build/cv/cv.egg-info to /home/ngt/ZENS-Final-AUVC/install/cv/lib/python3.12/site-packages/cv-0.0.0-py3.12.egg-info
[12.155s] running install_scripts
[12.597s] Installing apriltag_detector_node script to /home/ngt/ZENS-Final-AUVC/install/cv/lib/cv
[12.598s] Installing calibrate_camera script to /home/ngt/ZENS-Final-AUVC/install/cv/lib/cv
[12.605s] Installing detect_from_image script to /home/ngt/ZENS-Final-AUVC/install/cv/lib/cv
[12.605s] Installing fake_camera_node script to /home/ngt/ZENS-Final-AUVC/install/cv/lib/cv
[12.606s] Installing image_saver_node script to /home/ngt/ZENS-Final-AUVC/install/cv/lib/cv
[12.613s] writing list of installed files to '/home/ngt/ZENS-Final-AUVC/build/cv/install.log'
[12.837s] Invoked command in '/home/ngt/ZENS-Final-AUVC/ros_ws/src/cv' returned '0': PYTHONPATH=/home/ngt/ZENS-Final-AUVC/build/cv/prefix_override:/home/ngt/.virtualenvs/ardusub/lib/python3.12/site-packages/colcon_core/task/python/colcon_distutils_commands:/home/ngt/ZENS-Final-AUVC/install/cv/lib/python3.12/site-packages:${PYTHONPATH} /home/ngt/.virtualenvs/ardusub/bin/python -W ignore:setup.py install is deprecated -W ignore:easy_install command is deprecated setup.py egg_info --egg-base ../../../build/cv build --build-base /home/ngt/ZENS-Final-AUVC/build/cv/build install --record /home/ngt/ZENS-Final-AUVC/build/cv/install.log --install-scripts $base/lib/cv --single-version-externally-managed install_data
