[8.161s] Invoking command in '/home/ngt/ZENS-Final-AUVC/ros_ws/src/bringup': PYTHONPATH=/home/ngt/ZENS-Final-AUVC/build/bringup/prefix_override:/home/ngt/.virtualenvs/ardusub/lib/python3.12/site-packages/colcon_core/task/python/colcon_distutils_commands:/home/ngt/ZENS-Final-AUVC/install/bringup/lib/python3.12/site-packages:${PYTHONPATH} /home/ngt/.virtualenvs/ardusub/bin/python -W ignore:setup.py install is deprecated -W ignore:easy_install command is deprecated setup.py egg_info --egg-base ../../../build/bringup build --build-base /home/ngt/ZENS-Final-AUVC/build/bringup/build install --record /home/ngt/ZENS-Final-AUVC/build/bringup/install.log --single-version-externally-managed install_data
[9.567s] /home/ngt/.virtualenvs/ardusub/lib/python3.12/site-packages/setuptools/_distutils/dist.py:288: UserWarning: Unknown distribution option: 'tests_require'
[9.568s]   warnings.warn(msg)
[10.469s] running egg_info
[10.582s] writing ../../../build/bringup/bringup.egg-info/PKG-INFO
[10.583s] writing dependency_links to ../../../build/bringup/bringup.egg-info/dependency_links.txt
[10.586s] writing requirements to ../../../build/bringup/bringup.egg-info/requires.txt
[10.588s] writing top-level names to ../../../build/bringup/bringup.egg-info/top_level.txt
[10.891s] reading manifest file '../../../build/bringup/bringup.egg-info/SOURCES.txt'
[10.903s] writing manifest file '../../../build/bringup/bringup.egg-info/SOURCES.txt'
[10.903s] running build
[10.908s] running build_py
[10.909s] copying bringup/__init__.py -> /home/ngt/ZENS-Final-AUVC/build/bringup/build/lib/bringup
[10.910s] running install
[10.950s] running install_lib
[11.154s] running install_data
[11.158s] copying resource/bringup -> /home/ngt/ZENS-Final-AUVC/install/bringup/share/ament_index/resource_index/packages
[11.160s] copying package.xml -> /home/ngt/ZENS-Final-AUVC/install/bringup/share/bringup
[11.163s] copying launch/hardware.launch.py -> /home/ngt/ZENS-Final-AUVC/install/bringup/share/bringup/launch
[11.188s] copying launch/control.launch.py -> /home/ngt/ZENS-Final-AUVC/install/bringup/share/bringup/launch
[11.192s] copying launch/all_systems.launch.py -> /home/ngt/ZENS-Final-AUVC/install/bringup/share/bringup/launch
[11.206s] copying launch/cv.launch.py -> /home/ngt/ZENS-Final-AUVC/install/bringup/share/bringup/launch
[11.221s] copying config/params.yaml -> /home/ngt/ZENS-Final-AUVC/install/bringup/share/bringup/config
[11.223s] running install_egg_info
[11.552s] removing '/home/ngt/ZENS-Final-AUVC/install/bringup/lib/python3.12/site-packages/bringup-0.0.0-py3.12.egg-info' (and everything under it)
[11.560s] Copying ../../../build/bringup/bringup.egg-info to /home/ngt/ZENS-Final-AUVC/install/bringup/lib/python3.12/site-packages/bringup-0.0.0-py3.12.egg-info
[11.579s] running install_scripts
[12.214s] writing list of installed files to '/home/ngt/ZENS-Final-AUVC/build/bringup/install.log'
[12.429s] Invoked command in '/home/ngt/ZENS-Final-AUVC/ros_ws/src/bringup' returned '0': PYTHONPATH=/home/ngt/ZENS-Final-AUVC/build/bringup/prefix_override:/home/ngt/.virtualenvs/ardusub/lib/python3.12/site-packages/colcon_core/task/python/colcon_distutils_commands:/home/ngt/ZENS-Final-AUVC/install/bringup/lib/python3.12/site-packages:${PYTHONPATH} /home/ngt/.virtualenvs/ardusub/bin/python -W ignore:setup.py install is deprecated -W ignore:easy_install command is deprecated setup.py egg_info --egg-base ../../../build/bringup build --build-base /home/ngt/ZENS-Final-AUVC/build/bringup/build install --record /home/ngt/ZENS-Final-AUVC/build/bringup/install.log --single-version-externally-managed install_data
