[19.110s] Invoking command in '/home/ngt/ZENS-Final-AUVC/ros_ws/src/flashing': PYTHONPATH=/home/ngt/ZENS-Final-AUVC/build/flashing/prefix_override:/home/ngt/.virtualenvs/ardusub/lib/python3.12/site-packages/colcon_core/task/python/colcon_distutils_commands:/home/ngt/ZENS-Final-AUVC/install/flashing/lib/python3.12/site-packages:${PYTHONPATH} /home/ngt/.virtualenvs/ardusub/bin/python -W ignore:setup.py install is deprecated -W ignore:easy_install command is deprecated setup.py egg_info --egg-base ../../../build/flashing build --build-base /home/ngt/ZENS-Final-AUVC/build/flashing/build install --record /home/ngt/ZENS-Final-AUVC/build/flashing/install.log --install-scripts $base/lib/flashing --single-version-externally-managed install_data
[26.511s] running egg_info
[26.865s] writing ../../../build/flashing/flashing.egg-info/PKG-INFO
[26.882s] writing dependency_links to ../../../build/flashing/flashing.egg-info/dependency_links.txt
[26.899s] writing entry points to ../../../build/flashing/flashing.egg-info/entry_points.txt
[26.902s] writing requirements to ../../../build/flashing/flashing.egg-info/requires.txt
[26.906s] writing top-level names to ../../../build/flashing/flashing.egg-info/top_level.txt
[27.413s] reading manifest file '../../../build/flashing/flashing.egg-info/SOURCES.txt'
[27.418s] writing manifest file '../../../build/flashing/flashing.egg-info/SOURCES.txt'
[27.422s] running build
[27.427s] running build_py
[27.431s] copying flashing/flashing_node.py -> /home/ngt/ZENS-Final-AUVC/build/flashing/build/lib/flashing
[27.433s] copying flashing/__init__.py -> /home/ngt/ZENS-Final-AUVC/build/flashing/build/lib/flashing
[27.438s] running install
[27.486s] running install_lib
[27.681s] running install_data
[27.684s] copying resource/flashing -> /home/ngt/ZENS-Final-AUVC/install/flashing/share/ament_index/resource_index/packages
[27.701s] copying package.xml -> /home/ngt/ZENS-Final-AUVC/install/flashing/share/flashing
[27.704s] running install_egg_info
[27.968s] removing '/home/ngt/ZENS-Final-AUVC/install/flashing/lib/python3.12/site-packages/flashing-0.0.0-py3.12.egg-info' (and everything under it)
[27.977s] Copying ../../../build/flashing/flashing.egg-info to /home/ngt/ZENS-Final-AUVC/install/flashing/lib/python3.12/site-packages/flashing-0.0.0-py3.12.egg-info
[28.001s] running install_scripts
[28.873s] Installing flashing_node script to /home/ngt/ZENS-Final-AUVC/install/flashing/lib/flashing
[28.886s] writing list of installed files to '/home/ngt/ZENS-Final-AUVC/build/flashing/install.log'
[29.665s] Invoked command in '/home/ngt/ZENS-Final-AUVC/ros_ws/src/flashing' returned '0': PYTHONPATH=/home/ngt/ZENS-Final-AUVC/build/flashing/prefix_override:/home/ngt/.virtualenvs/ardusub/lib/python3.12/site-packages/colcon_core/task/python/colcon_distutils_commands:/home/ngt/ZENS-Final-AUVC/install/flashing/lib/python3.12/site-packages:${PYTHONPATH} /home/ngt/.virtualenvs/ardusub/bin/python -W ignore:setup.py install is deprecated -W ignore:easy_install command is deprecated setup.py egg_info --egg-base ../../../build/flashing build --build-base /home/ngt/ZENS-Final-AUVC/build/flashing/build install --record /home/ngt/ZENS-Final-AUVC/build/flashing/install.log --install-scripts $base/lib/flashing --single-version-externally-managed install_data
