[8.730s] Invoking command in '/home/ngt/ZENS-Final-AUVC/ros_ws/src/flashing': PYTHONPATH=/home/ngt/ZENS-Final-AUVC/build/flashing/prefix_override:/home/ngt/.virtualenvs/ardusub/lib/python3.12/site-packages/colcon_core/task/python/colcon_distutils_commands:/home/ngt/ZENS-Final-AUVC/install/flashing/lib/python3.12/site-packages:${PYTHONPATH} /home/ngt/.virtualenvs/ardusub/bin/python -W ignore:setup.py install is deprecated -W ignore:easy_install command is deprecated setup.py egg_info --egg-base ../../../build/flashing build --build-base /home/ngt/ZENS-Final-AUVC/build/flashing/build install --record /home/ngt/ZENS-Final-AUVC/build/flashing/install.log --install-scripts $base/lib/flashing --single-version-externally-managed install_data
[10.827s] running egg_info
[11.112s] writing ../../../build/flashing/flashing.egg-info/PKG-INFO
[11.115s] writing dependency_links to ../../../build/flashing/flashing.egg-info/dependency_links.txt
[11.119s] writing entry points to ../../../build/flashing/flashing.egg-info/entry_points.txt
[11.125s] writing requirements to ../../../build/flashing/flashing.egg-info/requires.txt
[11.126s] writing top-level names to ../../../build/flashing/flashing.egg-info/top_level.txt
[11.587s] reading manifest file '../../../build/flashing/flashing.egg-info/SOURCES.txt'
[11.610s] writing manifest file '../../../build/flashing/flashing.egg-info/SOURCES.txt'
[11.614s] running build
[11.614s] running build_py
[11.615s] copying flashing/flashing_node.py -> /home/ngt/ZENS-Final-AUVC/build/flashing/build/lib/flashing
[11.624s] copying flashing/__init__.py -> /home/ngt/ZENS-Final-AUVC/build/flashing/build/lib/flashing
[11.628s] running install
[11.673s] running install_lib
[11.939s] running install_data
[11.943s] copying resource/flashing -> /home/ngt/ZENS-Final-AUVC/install/flashing/share/ament_index/resource_index/packages
[11.947s] copying package.xml -> /home/ngt/ZENS-Final-AUVC/install/flashing/share/flashing
[11.948s] running install_egg_info
[12.200s] removing '/home/ngt/ZENS-Final-AUVC/install/flashing/lib/python3.12/site-packages/flashing-0.0.0-py3.12.egg-info' (and everything under it)
[12.206s] Copying ../../../build/flashing/flashing.egg-info to /home/ngt/ZENS-Final-AUVC/install/flashing/lib/python3.12/site-packages/flashing-0.0.0-py3.12.egg-info
[12.223s] running install_scripts
[12.515s] Installing flashing_node script to /home/ngt/ZENS-Final-AUVC/install/flashing/lib/flashing
[12.518s] writing list of installed files to '/home/ngt/ZENS-Final-AUVC/build/flashing/install.log'
[13.713s] Invoked command in '/home/ngt/ZENS-Final-AUVC/ros_ws/src/flashing' returned '0': PYTHONPATH=/home/ngt/ZENS-Final-AUVC/build/flashing/prefix_override:/home/ngt/.virtualenvs/ardusub/lib/python3.12/site-packages/colcon_core/task/python/colcon_distutils_commands:/home/ngt/ZENS-Final-AUVC/install/flashing/lib/python3.12/site-packages:${PYTHONPATH} /home/ngt/.virtualenvs/ardusub/bin/python -W ignore:setup.py install is deprecated -W ignore:easy_install command is deprecated setup.py egg_info --egg-base ../../../build/flashing build --build-base /home/ngt/ZENS-Final-AUVC/build/flashing/build install --record /home/ngt/ZENS-Final-AUVC/build/flashing/install.log --install-scripts $base/lib/flashing --single-version-externally-managed install_data
