[12.947s] Invoking command in '/home/ngt/ZENS-Final-AUVC/ros_ws/src/flashing': PYTHONPATH=/home/ngt/ZENS-Final-AUVC/ros_ws/build/flashing/prefix_override:/usr/lib/python3/dist-packages/colcon_core/task/python/colcon_distutils_commands:/home/ngt/ZENS-Final-AUVC/ros_ws/install/flashing/lib/python3.12/site-packages:${PYTHONPATH} /usr/bin/python3 -W ignore:setup.py install is deprecated -W ignore:easy_install command is deprecated setup.py egg_info --egg-base ../../build/flashing build --build-base /home/ngt/ZENS-Final-AUVC/ros_ws/build/flashing/build install --record /home/ngt/ZENS-Final-AUVC/ros_ws/build/flashing/install.log --install-scripts $base/lib/flashing --single-version-externally-managed install_data
[15.970s] running egg_info
[15.971s] creating ../../build/flashing/flashing.egg-info
[16.250s] writing ../../build/flashing/flashing.egg-info/PKG-INFO
[16.255s] writing dependency_links to ../../build/flashing/flashing.egg-info/dependency_links.txt
[16.258s] writing entry points to ../../build/flashing/flashing.egg-info/entry_points.txt
[16.259s] writing requirements to ../../build/flashing/flashing.egg-info/requires.txt
[16.264s] writing top-level names to ../../build/flashing/flashing.egg-info/top_level.txt
[17.884s] writing manifest file '../../build/flashing/flashing.egg-info/SOURCES.txt'
[18.864s] reading manifest file '../../build/flashing/flashing.egg-info/SOURCES.txt'
[18.870s] writing manifest file '../../build/flashing/flashing.egg-info/SOURCES.txt'
[18.871s] running build
[18.878s] running build_py
[18.879s] creating /home/ngt/ZENS-Final-AUVC/ros_ws/build/flashing/build
[18.880s] creating /home/ngt/ZENS-Final-AUVC/ros_ws/build/flashing/build/lib
[18.881s] creating /home/ngt/ZENS-Final-AUVC/ros_ws/build/flashing/build/lib/flashing
[18.891s] copying flashing/flashing_node.py -> /home/ngt/ZENS-Final-AUVC/ros_ws/build/flashing/build/lib/flashing
[18.891s] copying flashing/__init__.py -> /home/ngt/ZENS-Final-AUVC/ros_ws/build/flashing/build/lib/flashing
[18.892s] running install
[18.921s] running install_lib
[19.546s] creating /home/ngt/ZENS-Final-AUVC/ros_ws/install/flashing/lib/python3.12/site-packages/flashing
[19.551s] copying /home/ngt/ZENS-Final-AUVC/ros_ws/build/flashing/build/lib/flashing/flashing_node.py -> /home/ngt/ZENS-Final-AUVC/ros_ws/install/flashing/lib/python3.12/site-packages/flashing
[19.552s] copying /home/ngt/ZENS-Final-AUVC/ros_ws/build/flashing/build/lib/flashing/__init__.py -> /home/ngt/ZENS-Final-AUVC/ros_ws/install/flashing/lib/python3.12/site-packages/flashing
[19.564s] byte-compiling /home/ngt/ZENS-Final-AUVC/ros_ws/install/flashing/lib/python3.12/site-packages/flashing/flashing_node.py to flashing_node.cpython-312.pyc
[19.580s] byte-compiling /home/ngt/ZENS-Final-AUVC/ros_ws/install/flashing/lib/python3.12/site-packages/flashing/__init__.py to __init__.cpython-312.pyc
[19.580s] running install_data
[19.592s] creating /home/ngt/ZENS-Final-AUVC/ros_ws/install/flashing/share/ament_index
[19.594s] creating /home/ngt/ZENS-Final-AUVC/ros_ws/install/flashing/share/ament_index/resource_index
[19.601s] creating /home/ngt/ZENS-Final-AUVC/ros_ws/install/flashing/share/ament_index/resource_index/packages
[19.607s] copying resource/flashing -> /home/ngt/ZENS-Final-AUVC/ros_ws/install/flashing/share/ament_index/resource_index/packages
[19.607s] copying package.xml -> /home/ngt/ZENS-Final-AUVC/ros_ws/install/flashing/share/flashing
[19.608s] running install_egg_info
[20.309s] Copying ../../build/flashing/flashing.egg-info to /home/ngt/ZENS-Final-AUVC/ros_ws/install/flashing/lib/python3.12/site-packages/flashing-0.0.0-py3.12.egg-info
[20.332s] running install_scripts
[21.756s] Installing flashing_node script to /home/ngt/ZENS-Final-AUVC/ros_ws/install/flashing/lib/flashing
[21.777s] writing list of installed files to '/home/ngt/ZENS-Final-AUVC/ros_ws/build/flashing/install.log'
[24.960s] Invoked command in '/home/ngt/ZENS-Final-AUVC/ros_ws/src/flashing' returned '0': PYTHONPATH=/home/ngt/ZENS-Final-AUVC/ros_ws/build/flashing/prefix_override:/usr/lib/python3/dist-packages/colcon_core/task/python/colcon_distutils_commands:/home/ngt/ZENS-Final-AUVC/ros_ws/install/flashing/lib/python3.12/site-packages:${PYTHONPATH} /usr/bin/python3 -W ignore:setup.py install is deprecated -W ignore:easy_install command is deprecated setup.py egg_info --egg-base ../../build/flashing build --build-base /home/ngt/ZENS-Final-AUVC/ros_ws/build/flashing/build install --record /home/ngt/ZENS-Final-AUVC/ros_ws/build/flashing/install.log --install-scripts $base/lib/flashing --single-version-externally-managed install_data
