[14.452s] Invoking command in '/home/ngt/ZENS-Final-AUVC/ros_ws/src/flashing': PYTHONPATH=/home/ngt/ZENS-Final-AUVC/ros_ws/build/flashing/prefix_override:/usr/lib/python3/dist-packages/colcon_core/task/python/colcon_distutils_commands:/home/ngt/ZENS-Final-AUVC/ros_ws/install/flashing/lib/python3.12/site-packages:${PYTHONPATH} /usr/bin/python3 -W ignore:setup.py install is deprecated -W ignore:easy_install command is deprecated setup.py egg_info --egg-base ../../build/flashing build --build-base /home/ngt/ZENS-Final-AUVC/ros_ws/build/flashing/build install --record /home/ngt/ZENS-Final-AUVC/ros_ws/build/flashing/install.log --install-scripts $base/lib/flashing --single-version-externally-managed install_data
[17.750s] running egg_info
[18.107s] writing ../../build/flashing/flashing.egg-info/PKG-INFO
[18.111s] writing dependency_links to ../../build/flashing/flashing.egg-info/dependency_links.txt
[18.114s] writing entry points to ../../build/flashing/flashing.egg-info/entry_points.txt
[18.114s] writing requirements to ../../build/flashing/flashing.egg-info/requires.txt
[18.115s] writing top-level names to ../../build/flashing/flashing.egg-info/top_level.txt
[19.802s] reading manifest file '../../build/flashing/flashing.egg-info/SOURCES.txt'
[19.812s] writing manifest file '../../build/flashing/flashing.egg-info/SOURCES.txt'
[19.813s] running build
[19.818s] running build_py
[19.819s] running install
[19.857s] running install_lib
[20.151s] running install_data
[20.153s] running install_egg_info
[20.744s] removing '/home/ngt/ZENS-Final-AUVC/ros_ws/install/flashing/lib/python3.12/site-packages/flashing-0.0.0-py3.12.egg-info' (and everything under it)
[20.751s] Copying ../../build/flashing/flashing.egg-info to /home/ngt/ZENS-Final-AUVC/ros_ws/install/flashing/lib/python3.12/site-packages/flashing-0.0.0-py3.12.egg-info
[20.767s] running install_scripts
[21.845s] Installing flashing_node script to /home/ngt/ZENS-Final-AUVC/ros_ws/install/flashing/lib/flashing
[21.855s] writing list of installed files to '/home/ngt/ZENS-Final-AUVC/ros_ws/build/flashing/install.log'
[23.651s] Invoked command in '/home/ngt/ZENS-Final-AUVC/ros_ws/src/flashing' returned '0': PYTHONPATH=/home/ngt/ZENS-Final-AUVC/ros_ws/build/flashing/prefix_override:/usr/lib/python3/dist-packages/colcon_core/task/python/colcon_distutils_commands:/home/ngt/ZENS-Final-AUVC/ros_ws/install/flashing/lib/python3.12/site-packages:${PYTHONPATH} /usr/bin/python3 -W ignore:setup.py install is deprecated -W ignore:easy_install command is deprecated setup.py egg_info --egg-base ../../build/flashing build --build-base /home/ngt/ZENS-Final-AUVC/ros_ws/build/flashing/build install --record /home/ngt/ZENS-Final-AUVC/ros_ws/build/flashing/install.log --install-scripts $base/lib/flashing --single-version-externally-managed install_data
