running develop
Removing /home/ngt/ZENS-Final-AUVC/ros_ws/install/cv/lib/python3.12/site-packages/cv.egg-link (link to .)
running egg_info
writing ../../build/cv/cv.egg-info/PKG-INFO
writing dependency_links to ../../build/cv/cv.egg-info/dependency_links.txt
writing entry points to ../../build/cv/cv.egg-info/entry_points.txt
writing requirements to ../../build/cv/cv.egg-info/requires.txt
writing top-level names to ../../build/cv/cv.egg-info/top_level.txt
reading manifest file '../../build/cv/cv.egg-info/SOURCES.txt'
writing manifest file '../../build/cv/cv.egg-info/SOURCES.txt'
running build
running build_py
running install
running install_lib
copying /home/ngt/ZENS-Final-AUVC/ros_ws/build/cv/build/lib/cv/visualizer.py -> /home/ngt/ZENS-Final-AUVC/ros_ws/install/cv/lib/python3.12/site-packages/cv
copying /home/ngt/ZENS-Final-AUVC/ros_ws/build/cv/build/lib/cv/apriltag_detection.py -> /home/ngt/ZENS-Final-AUVC/ros_ws/install/cv/lib/python3.12/site-packages/cv
copying /home/ngt/ZENS-Final-AUVC/ros_ws/build/cv/build/lib/cv/yolo_detection.py -> /home/ngt/ZENS-Final-AUVC/ros_ws/install/cv/lib/python3.12/site-packages/cv
copying /home/ngt/ZENS-Final-AUVC/ros_ws/build/cv/build/lib/cv/nodes/detection_node.py -> /home/ngt/ZENS-Final-AUVC/ros_ws/install/cv/lib/python3.12/site-packages/cv/nodes
copying /home/ngt/ZENS-Final-AUVC/ros_ws/build/cv/build/lib/cv/nodes/tag_heading_node.py -> /home/ngt/ZENS-Final-AUVC/ros_ws/install/cv/lib/python3.12/site-packages/cv/nodes
copying /home/ngt/ZENS-Final-AUVC/ros_ws/build/cv/build/lib/cv/nodes/web_streamer_node.py -> /home/ngt/ZENS-Final-AUVC/ros_ws/install/cv/lib/python3.12/site-packages/cv/nodes
copying /home/ngt/ZENS-Final-AUVC/ros_ws/build/cv/build/lib/cv/nodes/__init__.py -> /home/ngt/ZENS-Final-AUVC/ros_ws/install/cv/lib/python3.12/site-packages/cv/nodes
copying /home/ngt/ZENS-Final-AUVC/ros_ws/build/cv/build/lib/cv/scripts/calibrate_camera.py -> /home/ngt/ZENS-Final-AUVC/ros_ws/install/cv/lib/python3.12/site-packages/cv/scripts
copying /home/ngt/ZENS-Final-AUVC/ros_ws/build/cv/build/lib/cv/scripts/__init__.py -> /home/ngt/ZENS-Final-AUVC/ros_ws/install/cv/lib/python3.12/site-packages/cv/scripts
copying /home/ngt/ZENS-Final-AUVC/ros_ws/build/cv/build/lib/cv/__init__.py -> /home/ngt/ZENS-Final-AUVC/ros_ws/install/cv/lib/python3.12/site-packages/cv
copying /home/ngt/ZENS-Final-AUVC/ros_ws/build/cv/build/lib/cv/camera.py -> /home/ngt/ZENS-Final-AUVC/ros_ws/install/cv/lib/python3.12/site-packages/cv
byte-compiling /home/ngt/ZENS-Final-AUVC/ros_ws/install/cv/lib/python3.12/site-packages/cv/visualizer.py to visualizer.cpython-312.pyc
byte-compiling /home/ngt/ZENS-Final-AUVC/ros_ws/install/cv/lib/python3.12/site-packages/cv/apriltag_detection.py to apriltag_detection.cpython-312.pyc
byte-compiling /home/ngt/ZENS-Final-AUVC/ros_ws/install/cv/lib/python3.12/site-packages/cv/yolo_detection.py to yolo_detection.cpython-312.pyc
byte-compiling /home/ngt/ZENS-Final-AUVC/ros_ws/install/cv/lib/python3.12/site-packages/cv/nodes/detection_node.py to detection_node.cpython-312.pyc
byte-compiling /home/ngt/ZENS-Final-AUVC/ros_ws/install/cv/lib/python3.12/site-packages/cv/nodes/tag_heading_node.py to tag_heading_node.cpython-312.pyc
byte-compiling /home/ngt/ZENS-Final-AUVC/ros_ws/install/cv/lib/python3.12/site-packages/cv/nodes/web_streamer_node.py to web_streamer_node.cpython-312.pyc
byte-compiling /home/ngt/ZENS-Final-AUVC/ros_ws/install/cv/lib/python3.12/site-packages/cv/nodes/__init__.py to __init__.cpython-312.pyc
byte-compiling /home/ngt/ZENS-Final-AUVC/ros_ws/install/cv/lib/python3.12/site-packages/cv/scripts/calibrate_camera.py to calibrate_camera.cpython-312.pyc
byte-compiling /home/ngt/ZENS-Final-AUVC/ros_ws/install/cv/lib/python3.12/site-packages/cv/scripts/__init__.py to __init__.cpython-312.pyc
byte-compiling /home/ngt/ZENS-Final-AUVC/ros_ws/install/cv/lib/python3.12/site-packages/cv/__init__.py to __init__.cpython-312.pyc
byte-compiling /home/ngt/ZENS-Final-AUVC/ros_ws/install/cv/lib/python3.12/site-packages/cv/camera.py to camera.cpython-312.pyc
running install_data
copying resource/cv -> /home/ngt/ZENS-Final-AUVC/ros_ws/install/cv/share/ament_index/resource_index/packages
copying package.xml -> /home/ngt/ZENS-Final-AUVC/ros_ws/install/cv/share/cv
copying launch/tag_heading.launch.yaml -> /home/ngt/ZENS-Final-AUVC/ros_ws/install/cv/share/cv/launch
copying config/detector_params.yaml -> /home/ngt/ZENS-Final-AUVC/ros_ws/install/cv/share/cv/config
copying models/auv_detector.onnx -> /home/ngt/ZENS-Final-AUVC/ros_ws/install/cv/share/cv/models
copying models/auv_detector_v3_int8.onnx -> /home/ngt/ZENS-Final-AUVC/ros_ws/install/cv/share/cv/models
copying models/auv_detector_v3.onnx -> /home/ngt/ZENS-Final-AUVC/ros_ws/install/cv/share/cv/models
copying models/auv_detector_v2.onnx -> /home/ngt/ZENS-Final-AUVC/ros_ws/install/cv/share/cv/models
running install_egg_info
Copying ../../build/cv/cv.egg-info to /home/ngt/ZENS-Final-AUVC/ros_ws/install/cv/lib/python3.12/site-packages/cv-0.0.0-py3.12.egg-info
running install_scripts
Installing calibrate_camera script to /home/ngt/ZENS-Final-AUVC/ros_ws/install/cv/lib/cv
Installing detection_node script to /home/ngt/ZENS-Final-AUVC/ros_ws/install/cv/lib/cv
Installing tag_heading_node script to /home/ngt/ZENS-Final-AUVC/ros_ws/install/cv/lib/cv
Installing web_streamer_node script to /home/ngt/ZENS-Final-AUVC/ros_ws/install/cv/lib/cv
writing list of installed files to '/home/ngt/ZENS-Final-AUVC/ros_ws/build/cv/install.log'
