[0.133s] Invoking command in '/home/ngt/ZENS-Final-AUVC/build/msgs': CMAKE_PREFIX_PATH=${CMAKE_PREFIX_PATH}:/home/ngt/auvc_ws/install/tutorial_virtualenvs:/home/ngt/auvc_ws/install/tutorial_pid:/home/ngt/auvc_ws/install/tutorial_ardusub:/home/ngt/auvc_ws/install/tutorial:/home/ngt/auvc_ws/install/rosmav:/home/ngt/cv_ws/install/cv:/home/ngt/pid_ws/install/pid:/home/ngt/auv_dancing/install/tutorial:/opt/ros/jazzy /usr/bin/cmake /home/ngt/ZENS-Final-AUVC/ros_ws/src/msgs -DCMAKE_INSTALL_PREFIX=/home/ngt/ZENS-Final-AUVC/install/msgs
[1.037s] -- Found ament_cmake: 2.5.6 (/opt/ros/jazzy/share/ament_cmake/cmake)
[2.662s] -- Found std_msgs: 5.3.8 (/opt/ros/jazzy/share/std_msgs/cmake)
[2.868s] -- Found rosidl_generator_c: 4.6.9 (/opt/ros/jazzy/share/rosidl_generator_c/cmake)
[2.924s] -- Found rosidl_generator_cpp: 4.6.9 (/opt/ros/jazzy/share/rosidl_generator_cpp/cmake)
[2.996s] -- Using all available rosidl_typesupport_c: rosidl_typesupport_fastrtps_c;rosidl_typesupport_introspection_c
[3.107s] -- Using all available rosidl_typesupport_cpp: rosidl_typesupport_fastrtps_cpp;rosidl_typesupport_introspection_cpp
[3.325s] -- Found rosidl_default_generators: 1.6.1 (/opt/ros/jazzy/share/rosidl_default_generators/cmake)
[3.673s] -- Found rosidl_adapter: 4.6.9 (/opt/ros/jazzy/share/rosidl_adapter/cmake)
[7.798s] -- Found ament_cmake_ros: 0.12.1 (/opt/ros/jazzy/share/ament_cmake_ros/cmake)
[13.054s] -- Using all available rosidl_typesupport_c: rosidl_typesupport_fastrtps_c;rosidl_typesupport_introspection_c
[15.122s] -- Using all available rosidl_typesupport_cpp: rosidl_typesupport_fastrtps_cpp;rosidl_typesupport_introspection_cpp
[15.181s] -- Found python_cmake_module: 0.11.1 (/opt/ros/jazzy/share/python_cmake_module/cmake)
[16.121s] -- Found PythonExtra: /home/ngt/.virtualenvs/rosmav/bin/python3  
[18.899s] -- Found Python3: /home/ngt/.virtualenvs/rosmav/bin/python3 (found version "3.12.3") found components: Interpreter Development NumPy Development.Module Development.Embed 
[19.414s] -- Found Python3: /home/ngt/.virtualenvs/rosmav/bin/python3 (found version "3.12.3") found components: Interpreter 
[19.505s] -- Configuring done (19.3s)
[19.769s] -- Generating done (0.2s)
[19.826s] -- Build files have been written to: /home/ngt/ZENS-Final-AUVC/build/msgs
[19.862s] Invoked command in '/home/ngt/ZENS-Final-AUVC/build/msgs' returned '0': CMAKE_PREFIX_PATH=${CMAKE_PREFIX_PATH}:/home/ngt/auvc_ws/install/tutorial_virtualenvs:/home/ngt/auvc_ws/install/tutorial_pid:/home/ngt/auvc_ws/install/tutorial_ardusub:/home/ngt/auvc_ws/install/tutorial:/home/ngt/auvc_ws/install/rosmav:/home/ngt/cv_ws/install/cv:/home/ngt/pid_ws/install/pid:/home/ngt/auv_dancing/install/tutorial:/opt/ros/jazzy /usr/bin/cmake /home/ngt/ZENS-Final-AUVC/ros_ws/src/msgs -DCMAKE_INSTALL_PREFIX=/home/ngt/ZENS-Final-AUVC/install/msgs
[19.870s] Invoking command in '/home/ngt/ZENS-Final-AUVC/build/msgs': CMAKE_PREFIX_PATH=${CMAKE_PREFIX_PATH}:/home/ngt/auvc_ws/install/tutorial_virtualenvs:/home/ngt/auvc_ws/install/tutorial_pid:/home/ngt/auvc_ws/install/tutorial_ardusub:/home/ngt/auvc_ws/install/tutorial:/home/ngt/auvc_ws/install/rosmav:/home/ngt/cv_ws/install/cv:/home/ngt/pid_ws/install/pid:/home/ngt/auv_dancing/install/tutorial:/opt/ros/jazzy /usr/bin/cmake --build /home/ngt/ZENS-Final-AUVC/build/msgs -- -j4 -l4
[20.281s] [  2%] [34m[1mGenerating type hashes for ROS interfaces[0m
[21.290s] [  2%] Built target msgs__rosidl_generator_type_description
[21.532s] [  2%] Built target ament_cmake_python_copy_msgs
[21.723s] [  5%] [34m[1mGenerating C++ code for ROS interfaces[0m
[23.300s] [  5%] Built target msgs__cpp
[24.880s] running egg_info
[24.884s] creating msgs.egg-info
[25.108s] writing msgs.egg-info/PKG-INFO
[25.110s] writing dependency_links to msgs.egg-info/dependency_links.txt
[25.112s] writing top-level names to msgs.egg-info/top_level.txt
[26.061s] writing manifest file 'msgs.egg-info/SOURCES.txt'
[26.553s] reading manifest file 'msgs.egg-info/SOURCES.txt'
[26.555s] writing manifest file 'msgs.egg-info/SOURCES.txt'
[26.750s] [  5%] Built target ament_cmake_python_build_msgs_egg
[26.828s] [  8%] [34m[1mGenerating C code for ROS interfaces[0m
[28.463s] [ 11%] [32mBuilding C object CMakeFiles/msgs__rosidl_generator_c.dir/rosidl_generator_c/msgs/msg/detail/target_depth__description.c.o[0m
[28.870s] [ 14%] [32mBuilding C object CMakeFiles/msgs__rosidl_generator_c.dir/rosidl_generator_c/msgs/msg/detail/target_depth__type_support.c.o[0m
[29.245s] [ 17%] [32mBuilding C object CMakeFiles/msgs__rosidl_generator_c.dir/rosidl_generator_c/msgs/msg/detail/target_depth__functions.c.o[0m
[29.715s] [ 20%] [32m[1mLinking C shared library libmsgs__rosidl_generator_c.so[0m
[30.009s] [ 20%] Built target msgs__rosidl_generator_c
[30.173s] [ 22%] [34m[1mGenerating Rust code for ROS interfaces[0m
[31.444s] [ 22%] Built target msgs__rs
[31.529s] [ 25%] [34m[1mGenerating C introspection for ROS interfaces[0m
[32.729s] [ 28%] [32mBuilding C object CMakeFiles/msgs__rosidl_typesupport_introspection_c.dir/rosidl_typesupport_introspection_c/msgs/msg/detail/target_depth__type_support.c.o[0m
[33.197s] [ 31%] [32m[1mLinking C shared library libmsgs__rosidl_typesupport_introspection_c.so[0m
[33.440s] [ 31%] Built target msgs__rosidl_typesupport_introspection_c
[33.527s] [ 34%] [34m[1mGenerating C type support dispatch for ROS interfaces[0m
[34.638s] [ 37%] [32mBuilding CXX object CMakeFiles/msgs__rosidl_typesupport_c.dir/rosidl_typesupport_c/msgs/msg/target_depth__type_support.cpp.o[0m
[35.094s] [ 40%] [32m[1mLinking CXX shared library libmsgs__rosidl_typesupport_c.so[0m
[35.374s] [ 40%] Built target msgs__rosidl_typesupport_c
[35.451s] [ 42%] [34m[1mGenerating C++ introspection for ROS interfaces[0m
[36.644s] [ 45%] [32mBuilding CXX object CMakeFiles/msgs__rosidl_typesupport_introspection_cpp.dir/rosidl_typesupport_introspection_cpp/msgs/msg/detail/target_depth__type_support.cpp.o[0m
[38.751s] [ 48%] [32m[1mLinking CXX shared library libmsgs__rosidl_typesupport_introspection_cpp.so[0m
[39.047s] [ 48%] Built target msgs__rosidl_typesupport_introspection_cpp
[39.124s] [ 51%] [34m[1mGenerating C++ type support dispatch for ROS interfaces[0m
[40.244s] [ 54%] [32mBuilding CXX object CMakeFiles/msgs__rosidl_typesupport_cpp.dir/rosidl_typesupport_cpp/msgs/msg/target_depth__type_support.cpp.o[0m
[42.326s] [ 57%] [32m[1mLinking CXX shared library libmsgs__rosidl_typesupport_cpp.so[0m
[42.615s] [ 57%] Built target msgs__rosidl_typesupport_cpp
[42.698s] [ 60%] [34m[1mGenerating C++ type support for eProsima Fast-RTPS[0m
[43.974s] [ 62%] [32mBuilding CXX object CMakeFiles/msgs__rosidl_typesupport_fastrtps_cpp.dir/rosidl_typesupport_fastrtps_cpp/msgs/msg/detail/dds_fastrtps/target_depth__type_support.cpp.o[0m
[46.934s] [ 65%] [32m[1mLinking CXX shared library libmsgs__rosidl_typesupport_fastrtps_cpp.so[0m
[47.263s] [ 65%] Built target msgs__rosidl_typesupport_fastrtps_cpp
[47.347s] [ 68%] [34m[1mGenerating C type support for eProsima Fast-RTPS[0m
[48.609s] [ 71%] [32mBuilding CXX object CMakeFiles/msgs__rosidl_typesupport_fastrtps_c.dir/rosidl_typesupport_fastrtps_c/msgs/msg/detail/target_depth__type_support_c.cpp.o[0m
[51.548s] [ 74%] [32m[1mLinking CXX shared library libmsgs__rosidl_typesupport_fastrtps_c.so[0m
[51.878s] [ 74%] Built target msgs__rosidl_typesupport_fastrtps_c
[52.045s] [ 74%] Built target msgs
[52.206s] [ 77%] [34m[1mGenerating Python code for ROS interfaces[0m
[53.721s] [ 77%] Built target msgs__py
[53.887s] [ 80%] [32mBuilding C object CMakeFiles/msgs__rosidl_generator_py.dir/rosidl_generator_py/msgs/msg/_target_depth_s.c.o[0m
[55.508s] [ 82%] [32m[1mLinking C shared library libmsgs__rosidl_generator_py.so[0m
[56.017s] [ 82%] Built target msgs__rosidl_generator_py
[56.178s] [ 85%] [32mBuilding C object CMakeFiles/msgs_s__rosidl_typesupport_fastrtps_c.dir/rosidl_generator_py/msgs/_msgs_s.ep.rosidl_typesupport_fastrtps_c.c.o[0m
[57.250s] [ 88%] [32m[1mLinking C shared module rosidl_generator_py/msgs/msgs_s__rosidl_typesupport_fastrtps_c.so[0m
[57.501s] [ 88%] Built target msgs_s__rosidl_typesupport_fastrtps_c
[57.658s] [ 91%] [32mBuilding C object CMakeFiles/msgs_s__rosidl_typesupport_c.dir/rosidl_generator_py/msgs/_msgs_s.ep.rosidl_typesupport_c.c.o[0m
[58.619s] [ 94%] [32m[1mLinking C shared module rosidl_generator_py/msgs/msgs_s__rosidl_typesupport_c.so[0m
[58.858s] [ 94%] Built target msgs_s__rosidl_typesupport_c
[59.028s] [ 97%] [32mBuilding C object CMakeFiles/msgs_s__rosidl_typesupport_introspection_c.dir/rosidl_generator_py/msgs/_msgs_s.ep.rosidl_typesupport_introspection_c.c.o[0m
[60.046s] [100%] [32m[1mLinking C shared module rosidl_generator_py/msgs/msgs_s__rosidl_typesupport_introspection_c.so[0m
[60.308s] [100%] Built target msgs_s__rosidl_typesupport_introspection_c
[60.390s] Invoked command in '/home/ngt/ZENS-Final-AUVC/build/msgs' returned '0': CMAKE_PREFIX_PATH=${CMAKE_PREFIX_PATH}:/home/ngt/auvc_ws/install/tutorial_virtualenvs:/home/ngt/auvc_ws/install/tutorial_pid:/home/ngt/auvc_ws/install/tutorial_ardusub:/home/ngt/auvc_ws/install/tutorial:/home/ngt/auvc_ws/install/rosmav:/home/ngt/cv_ws/install/cv:/home/ngt/pid_ws/install/pid:/home/ngt/auv_dancing/install/tutorial:/opt/ros/jazzy /usr/bin/cmake --build /home/ngt/ZENS-Final-AUVC/build/msgs -- -j4 -l4
[60.400s] Invoking command in '/home/ngt/ZENS-Final-AUVC/build/msgs': CMAKE_PREFIX_PATH=${CMAKE_PREFIX_PATH}:/home/ngt/auvc_ws/install/tutorial_virtualenvs:/home/ngt/auvc_ws/install/tutorial_pid:/home/ngt/auvc_ws/install/tutorial_ardusub:/home/ngt/auvc_ws/install/tutorial:/home/ngt/auvc_ws/install/rosmav:/home/ngt/cv_ws/install/cv:/home/ngt/pid_ws/install/pid:/home/ngt/auv_dancing/install/tutorial:/opt/ros/jazzy /usr/bin/cmake --install /home/ngt/ZENS-Final-AUVC/build/msgs
[60.464s] -- Install configuration: ""
[60.465s] -- Installing: /home/ngt/ZENS-Final-AUVC/install/msgs/share/ament_index/resource_index/rosidl_interfaces/msgs
[60.467s] -- Installing: /home/ngt/ZENS-Final-AUVC/install/msgs/share/msgs/msg/TargetDepth.json
[60.468s] -- Installing: /home/ngt/ZENS-Final-AUVC/install/msgs/include/msgs/msgs
[60.469s] -- Installing: /home/ngt/ZENS-Final-AUVC/install/msgs/include/msgs/msgs/msg
[60.470s] -- Installing: /home/ngt/ZENS-Final-AUVC/install/msgs/include/msgs/msgs/msg/detail
[60.471s] -- Installing: /home/ngt/ZENS-Final-AUVC/install/msgs/include/msgs/msgs/msg/detail/target_depth__struct.h
[60.472s] -- Installing: /home/ngt/ZENS-Final-AUVC/install/msgs/include/msgs/msgs/msg/detail/target_depth__type_support.c
[60.473s] -- Installing: /home/ngt/ZENS-Final-AUVC/install/msgs/include/msgs/msgs/msg/detail/target_depth__functions.c
[60.474s] -- Installing: /home/ngt/ZENS-Final-AUVC/install/msgs/include/msgs/msgs/msg/detail/target_depth__functions.h
[60.475s] -- Installing: /home/ngt/ZENS-Final-AUVC/install/msgs/include/msgs/msgs/msg/detail/target_depth__description.c
[60.476s] -- Installing: /home/ngt/ZENS-Final-AUVC/install/msgs/include/msgs/msgs/msg/detail/target_depth__type_support.h
[60.477s] -- Installing: /home/ngt/ZENS-Final-AUVC/install/msgs/include/msgs/msgs/msg/target_depth.h
[60.478s] -- Installing: /home/ngt/ZENS-Final-AUVC/install/msgs/include/msgs/msgs/msg/rosidl_generator_c__visibility_control.h
[60.480s] -- Installing: /home/ngt/ZENS-Final-AUVC/install/msgs/share/msgs/environment/library_path.sh
[60.481s] -- Installing: /home/ngt/ZENS-Final-AUVC/install/msgs/share/msgs/environment/library_path.dsv
[60.483s] -- Installing: /home/ngt/ZENS-Final-AUVC/install/msgs/lib/libmsgs__rosidl_generator_c.so
[60.486s] -- Set non-toolchain portion of runtime path of "/home/ngt/ZENS-Final-AUVC/install/msgs/lib/libmsgs__rosidl_generator_c.so" to ""
[60.487s] -- Up-to-date: /home/ngt/ZENS-Final-AUVC/install/msgs/include/msgs/msgs
[60.487s] -- Up-to-date: /home/ngt/ZENS-Final-AUVC/install/msgs/include/msgs/msgs/msg
[60.488s] -- Installing: /home/ngt/ZENS-Final-AUVC/install/msgs/include/msgs/msgs/msg/rosidl_typesupport_fastrtps_c__visibility_control.h
[60.489s] -- Up-to-date: /home/ngt/ZENS-Final-AUVC/install/msgs/include/msgs/msgs/msg/detail
[60.489s] -- Installing: /home/ngt/ZENS-Final-AUVC/install/msgs/include/msgs/msgs/msg/detail/target_depth__rosidl_typesupport_fastrtps_c.h
[60.490s] -- Installing: /home/ngt/ZENS-Final-AUVC/install/msgs/lib/libmsgs__rosidl_typesupport_fastrtps_c.so
[60.493s] -- Set non-toolchain portion of runtime path of "/home/ngt/ZENS-Final-AUVC/install/msgs/lib/libmsgs__rosidl_typesupport_fastrtps_c.so" to ""
[60.494s] -- Up-to-date: /home/ngt/ZENS-Final-AUVC/install/msgs/include/msgs/msgs
[60.494s] -- Up-to-date: /home/ngt/ZENS-Final-AUVC/install/msgs/include/msgs/msgs/msg
[60.495s] -- Installing: /home/ngt/ZENS-Final-AUVC/install/msgs/include/msgs/msgs/msg/rosidl_generator_cpp__visibility_control.hpp
[60.496s] -- Up-to-date: /home/ngt/ZENS-Final-AUVC/install/msgs/include/msgs/msgs/msg/detail
[60.496s] -- Installing: /home/ngt/ZENS-Final-AUVC/install/msgs/include/msgs/msgs/msg/detail/target_depth__traits.hpp
[60.497s] -- Installing: /home/ngt/ZENS-Final-AUVC/install/msgs/include/msgs/msgs/msg/detail/target_depth__type_support.hpp
[60.500s] -- Installing: /home/ngt/ZENS-Final-AUVC/install/msgs/include/msgs/msgs/msg/detail/target_depth__builder.hpp
[60.501s] -- Installing: /home/ngt/ZENS-Final-AUVC/install/msgs/include/msgs/msgs/msg/detail/target_depth__struct.hpp
[60.502s] -- Installing: /home/ngt/ZENS-Final-AUVC/install/msgs/include/msgs/msgs/msg/target_depth.hpp
[60.503s] -- Up-to-date: /home/ngt/ZENS-Final-AUVC/install/msgs/include/msgs/msgs
[60.504s] -- Up-to-date: /home/ngt/ZENS-Final-AUVC/install/msgs/include/msgs/msgs/msg
[60.505s] -- Installing: /home/ngt/ZENS-Final-AUVC/install/msgs/include/msgs/msgs/msg/rosidl_typesupport_fastrtps_cpp__visibility_control.h
[60.506s] -- Up-to-date: /home/ngt/ZENS-Final-AUVC/install/msgs/include/msgs/msgs/msg/detail
[60.506s] -- Installing: /home/ngt/ZENS-Final-AUVC/install/msgs/include/msgs/msgs/msg/detail/dds_fastrtps
[60.508s] -- Installing: /home/ngt/ZENS-Final-AUVC/install/msgs/include/msgs/msgs/msg/detail/target_depth__rosidl_typesupport_fastrtps_cpp.hpp
[60.508s] -- Installing: /home/ngt/ZENS-Final-AUVC/install/msgs/lib/libmsgs__rosidl_typesupport_fastrtps_cpp.so
[60.512s] -- Set non-toolchain portion of runtime path of "/home/ngt/ZENS-Final-AUVC/install/msgs/lib/libmsgs__rosidl_typesupport_fastrtps_cpp.so" to ""
[60.513s] -- Up-to-date: /home/ngt/ZENS-Final-AUVC/install/msgs/include/msgs/msgs
[60.514s] -- Up-to-date: /home/ngt/ZENS-Final-AUVC/install/msgs/include/msgs/msgs/msg
[60.516s] -- Installing: /home/ngt/ZENS-Final-AUVC/install/msgs/include/msgs/msgs/msg/rosidl_typesupport_introspection_c__visibility_control.h
[60.516s] -- Up-to-date: /home/ngt/ZENS-Final-AUVC/install/msgs/include/msgs/msgs/msg/detail
[60.519s] -- Installing: /home/ngt/ZENS-Final-AUVC/install/msgs/include/msgs/msgs/msg/detail/target_depth__type_support.c
[60.519s] -- Installing: /home/ngt/ZENS-Final-AUVC/install/msgs/include/msgs/msgs/msg/detail/target_depth__rosidl_typesupport_introspection_c.h
[60.520s] -- Installing: /home/ngt/ZENS-Final-AUVC/install/msgs/lib/libmsgs__rosidl_typesupport_introspection_c.so
[60.522s] -- Set non-toolchain portion of runtime path of "/home/ngt/ZENS-Final-AUVC/install/msgs/lib/libmsgs__rosidl_typesupport_introspection_c.so" to ""
[60.523s] -- Installing: /home/ngt/ZENS-Final-AUVC/install/msgs/lib/libmsgs__rosidl_typesupport_c.so
[60.525s] -- Set non-toolchain portion of runtime path of "/home/ngt/ZENS-Final-AUVC/install/msgs/lib/libmsgs__rosidl_typesupport_c.so" to ""
[60.526s] -- Up-to-date: /home/ngt/ZENS-Final-AUVC/install/msgs/include/msgs/msgs
[60.527s] -- Up-to-date: /home/ngt/ZENS-Final-AUVC/install/msgs/include/msgs/msgs/msg
[60.528s] -- Up-to-date: /home/ngt/ZENS-Final-AUVC/install/msgs/include/msgs/msgs/msg/detail
[60.530s] -- Installing: /home/ngt/ZENS-Final-AUVC/install/msgs/include/msgs/msgs/msg/detail/target_depth__rosidl_typesupport_introspection_cpp.hpp
[60.530s] -- Installing: /home/ngt/ZENS-Final-AUVC/install/msgs/include/msgs/msgs/msg/detail/target_depth__type_support.cpp
[60.531s] -- Installing: /home/ngt/ZENS-Final-AUVC/install/msgs/lib/libmsgs__rosidl_typesupport_introspection_cpp.so
[60.533s] -- Set non-toolchain portion of runtime path of "/home/ngt/ZENS-Final-AUVC/install/msgs/lib/libmsgs__rosidl_typesupport_introspection_cpp.so" to ""
[60.534s] -- Installing: /home/ngt/ZENS-Final-AUVC/install/msgs/lib/libmsgs__rosidl_typesupport_cpp.so
[60.537s] -- Set non-toolchain portion of runtime path of "/home/ngt/ZENS-Final-AUVC/install/msgs/lib/libmsgs__rosidl_typesupport_cpp.so" to ""
[60.538s] -- Installing: /home/ngt/ZENS-Final-AUVC/install/msgs/share/msgs/environment/pythonpath.sh
[60.539s] -- Installing: /home/ngt/ZENS-Final-AUVC/install/msgs/share/msgs/environment/pythonpath.dsv
[60.541s] -- Installing: /home/ngt/ZENS-Final-AUVC/install/msgs/lib/python3.12/site-packages/msgs-0.0.0-py3.12.egg-info
[60.541s] -- Installing: /home/ngt/ZENS-Final-AUVC/install/msgs/lib/python3.12/site-packages/msgs-0.0.0-py3.12.egg-info/SOURCES.txt
[60.543s] -- Installing: /home/ngt/ZENS-Final-AUVC/install/msgs/lib/python3.12/site-packages/msgs-0.0.0-py3.12.egg-info/top_level.txt
[60.544s] -- Installing: /home/ngt/ZENS-Final-AUVC/install/msgs/lib/python3.12/site-packages/msgs-0.0.0-py3.12.egg-info/dependency_links.txt
[60.545s] -- Installing: /home/ngt/ZENS-Final-AUVC/install/msgs/lib/python3.12/site-packages/msgs-0.0.0-py3.12.egg-info/PKG-INFO
[60.546s] -- Installing: /home/ngt/ZENS-Final-AUVC/install/msgs/lib/python3.12/site-packages/msgs
[60.547s] -- Installing: /home/ngt/ZENS-Final-AUVC/install/msgs/lib/python3.12/site-packages/msgs/msgs_s__rosidl_typesupport_fastrtps_c.so
[60.549s] -- Installing: /home/ngt/ZENS-Final-AUVC/install/msgs/lib/python3.12/site-packages/msgs/msgs_s__rosidl_typesupport_c.so
[60.551s] -- Installing: /home/ngt/ZENS-Final-AUVC/install/msgs/lib/python3.12/site-packages/msgs/msg
[60.552s] -- Installing: /home/ngt/ZENS-Final-AUVC/install/msgs/lib/python3.12/site-packages/msgs/msg/_target_depth.py
[60.553s] -- Installing: /home/ngt/ZENS-Final-AUVC/install/msgs/lib/python3.12/site-packages/msgs/msg/_target_depth_s.c
[60.554s] -- Installing: /home/ngt/ZENS-Final-AUVC/install/msgs/lib/python3.12/site-packages/msgs/msg/__init__.py
[60.555s] -- Installing: /home/ngt/ZENS-Final-AUVC/install/msgs/lib/python3.12/site-packages/msgs/_msgs_s.ep.rosidl_typesupport_introspection_c.c
[60.556s] -- Installing: /home/ngt/ZENS-Final-AUVC/install/msgs/lib/python3.12/site-packages/msgs/_msgs_s.ep.rosidl_typesupport_fastrtps_c.c
[60.557s] -- Installing: /home/ngt/ZENS-Final-AUVC/install/msgs/lib/python3.12/site-packages/msgs/msgs_s__rosidl_typesupport_introspection_c.so
[60.559s] -- Installing: /home/ngt/ZENS-Final-AUVC/install/msgs/lib/python3.12/site-packages/msgs/_msgs_s.ep.rosidl_typesupport_c.c
[60.560s] -- Installing: /home/ngt/ZENS-Final-AUVC/install/msgs/lib/python3.12/site-packages/msgs/__init__.py
[60.830s] Listing '/home/ngt/ZENS-Final-AUVC/install/msgs/lib/python3.12/site-packages/msgs'...
[60.832s] Compiling '/home/ngt/ZENS-Final-AUVC/install/msgs/lib/python3.12/site-packages/msgs/__init__.py'...
[60.837s] Listing '/home/ngt/ZENS-Final-AUVC/install/msgs/lib/python3.12/site-packages/msgs/msg'...
[60.840s] Compiling '/home/ngt/ZENS-Final-AUVC/install/msgs/lib/python3.12/site-packages/msgs/msg/__init__.py'...
[60.843s] Compiling '/home/ngt/ZENS-Final-AUVC/install/msgs/lib/python3.12/site-packages/msgs/msg/_target_depth.py'...
[60.868s] -- Installing: /home/ngt/ZENS-Final-AUVC/install/msgs/lib/python3.12/site-packages/msgs/msgs_s__rosidl_typesupport_fastrtps_c.so
[60.872s] -- Set non-toolchain portion of runtime path of "/home/ngt/ZENS-Final-AUVC/install/msgs/lib/python3.12/site-packages/msgs/msgs_s__rosidl_typesupport_fastrtps_c.so" to ""
[60.878s] -- Installing: /home/ngt/ZENS-Final-AUVC/install/msgs/lib/python3.12/site-packages/msgs/msgs_s__rosidl_typesupport_introspection_c.so
[60.881s] -- Set non-toolchain portion of runtime path of "/home/ngt/ZENS-Final-AUVC/install/msgs/lib/python3.12/site-packages/msgs/msgs_s__rosidl_typesupport_introspection_c.so" to ""
[60.886s] -- Installing: /home/ngt/ZENS-Final-AUVC/install/msgs/lib/python3.12/site-packages/msgs/msgs_s__rosidl_typesupport_c.so
[60.892s] -- Set non-toolchain portion of runtime path of "/home/ngt/ZENS-Final-AUVC/install/msgs/lib/python3.12/site-packages/msgs/msgs_s__rosidl_typesupport_c.so" to ""
[60.893s] -- Installing: /home/ngt/ZENS-Final-AUVC/install/msgs/lib/libmsgs__rosidl_generator_py.so
[60.900s] -- Set non-toolchain portion of runtime path of "/home/ngt/ZENS-Final-AUVC/install/msgs/lib/libmsgs__rosidl_generator_py.so" to ""
[60.902s] -- Installing: /home/ngt/ZENS-Final-AUVC/install/msgs/share/ament_index/resource_index/rust_packages/msgs
[60.903s] -- Installing: /home/ngt/ZENS-Final-AUVC/install/msgs/share/msgs/rust
[60.904s] -- Installing: /home/ngt/ZENS-Final-AUVC/install/msgs/share/msgs/rust/build.rs
[60.905s] -- Installing: /home/ngt/ZENS-Final-AUVC/install/msgs/share/msgs/rust/Cargo.toml
[60.910s] -- Installing: /home/ngt/ZENS-Final-AUVC/install/msgs/share/msgs/rust/src
[60.911s] -- Installing: /home/ngt/ZENS-Final-AUVC/install/msgs/share/msgs/rust/src/lib.rs
[60.912s] -- Installing: /home/ngt/ZENS-Final-AUVC/install/msgs/share/msgs/rust/src/msg.rs
[60.913s] -- Installing: /home/ngt/ZENS-Final-AUVC/install/msgs/share/msgs/rust/src/msg
[60.914s] -- Installing: /home/ngt/ZENS-Final-AUVC/install/msgs/share/msgs/rust/src/msg/rmw.rs
[60.920s] -- Installing: /home/ngt/ZENS-Final-AUVC/install/msgs/share/msgs/msg/TargetDepth.idl
[60.922s] -- Installing: /home/ngt/ZENS-Final-AUVC/install/msgs/share/msgs/msg/TargetDepth.msg
[60.926s] -- Installing: /home/ngt/ZENS-Final-AUVC/install/msgs/share/ament_index/resource_index/package_run_dependencies/msgs
[60.932s] -- Installing: /home/ngt/ZENS-Final-AUVC/install/msgs/share/ament_index/resource_index/parent_prefix_path/msgs
[60.934s] -- Installing: /home/ngt/ZENS-Final-AUVC/install/msgs/share/msgs/environment/ament_prefix_path.sh
[60.936s] -- Installing: /home/ngt/ZENS-Final-AUVC/install/msgs/share/msgs/environment/ament_prefix_path.dsv
[60.942s] -- Installing: /home/ngt/ZENS-Final-AUVC/install/msgs/share/msgs/environment/path.sh
[60.944s] -- Installing: /home/ngt/ZENS-Final-AUVC/install/msgs/share/msgs/environment/path.dsv
[60.948s] -- Installing: /home/ngt/ZENS-Final-AUVC/install/msgs/share/msgs/local_setup.bash
[60.955s] -- Installing: /home/ngt/ZENS-Final-AUVC/install/msgs/share/msgs/local_setup.sh
[60.956s] -- Installing: /home/ngt/ZENS-Final-AUVC/install/msgs/share/msgs/local_setup.zsh
[60.961s] -- Installing: /home/ngt/ZENS-Final-AUVC/install/msgs/share/msgs/local_setup.dsv
[60.962s] -- Installing: /home/ngt/ZENS-Final-AUVC/install/msgs/share/msgs/package.dsv
[60.969s] -- Installing: /home/ngt/ZENS-Final-AUVC/install/msgs/share/ament_index/resource_index/packages/msgs
[60.972s] -- Installing: /home/ngt/ZENS-Final-AUVC/install/msgs/share/msgs/cmake/export_msgs__rosidl_generator_cExport.cmake
[60.974s] -- Installing: /home/ngt/ZENS-Final-AUVC/install/msgs/share/msgs/cmake/export_msgs__rosidl_generator_cExport-noconfig.cmake
[60.981s] -- Installing: /home/ngt/ZENS-Final-AUVC/install/msgs/share/msgs/cmake/export_msgs__rosidl_typesupport_fastrtps_cExport.cmake
[60.982s] -- Installing: /home/ngt/ZENS-Final-AUVC/install/msgs/share/msgs/cmake/export_msgs__rosidl_typesupport_fastrtps_cExport-noconfig.cmake
[60.984s] -- Installing: /home/ngt/ZENS-Final-AUVC/install/msgs/share/msgs/cmake/export_msgs__rosidl_generator_cppExport.cmake
[60.989s] -- Installing: /home/ngt/ZENS-Final-AUVC/install/msgs/share/msgs/cmake/export_msgs__rosidl_typesupport_fastrtps_cppExport.cmake
[60.994s] -- Installing: /home/ngt/ZENS-Final-AUVC/install/msgs/share/msgs/cmake/export_msgs__rosidl_typesupport_fastrtps_cppExport-noconfig.cmake
[60.997s] -- Installing: /home/ngt/ZENS-Final-AUVC/install/msgs/share/msgs/cmake/msgs__rosidl_typesupport_introspection_cExport.cmake
[61.001s] -- Installing: /home/ngt/ZENS-Final-AUVC/install/msgs/share/msgs/cmake/msgs__rosidl_typesupport_introspection_cExport-noconfig.cmake
[61.004s] -- Installing: /home/ngt/ZENS-Final-AUVC/install/msgs/share/msgs/cmake/msgs__rosidl_typesupport_cExport.cmake
[61.006s] -- Installing: /home/ngt/ZENS-Final-AUVC/install/msgs/share/msgs/cmake/msgs__rosidl_typesupport_cExport-noconfig.cmake
[61.014s] -- Installing: /home/ngt/ZENS-Final-AUVC/install/msgs/share/msgs/cmake/msgs__rosidl_typesupport_introspection_cppExport.cmake
[61.016s] -- Installing: /home/ngt/ZENS-Final-AUVC/install/msgs/share/msgs/cmake/msgs__rosidl_typesupport_introspection_cppExport-noconfig.cmake
[61.018s] -- Installing: /home/ngt/ZENS-Final-AUVC/install/msgs/share/msgs/cmake/msgs__rosidl_typesupport_cppExport.cmake
[61.024s] -- Installing: /home/ngt/ZENS-Final-AUVC/install/msgs/share/msgs/cmake/msgs__rosidl_typesupport_cppExport-noconfig.cmake
[61.030s] -- Installing: /home/ngt/ZENS-Final-AUVC/install/msgs/share/msgs/cmake/export_msgs__rosidl_generator_pyExport.cmake
[61.031s] -- Installing: /home/ngt/ZENS-Final-AUVC/install/msgs/share/msgs/cmake/export_msgs__rosidl_generator_pyExport-noconfig.cmake
[61.035s] -- Installing: /home/ngt/ZENS-Final-AUVC/install/msgs/share/msgs/cmake/rosidl_cmake-extras.cmake
[61.036s] -- Installing: /home/ngt/ZENS-Final-AUVC/install/msgs/share/msgs/cmake/ament_cmake_export_dependencies-extras.cmake
[61.038s] -- Installing: /home/ngt/ZENS-Final-AUVC/install/msgs/share/msgs/cmake/ament_cmake_export_include_directories-extras.cmake
[61.040s] -- Installing: /home/ngt/ZENS-Final-AUVC/install/msgs/share/msgs/cmake/ament_cmake_export_libraries-extras.cmake
[61.045s] -- Installing: /home/ngt/ZENS-Final-AUVC/install/msgs/share/msgs/cmake/ament_cmake_export_targets-extras.cmake
[61.049s] -- Installing: /home/ngt/ZENS-Final-AUVC/install/msgs/share/msgs/cmake/rosidl_cmake_export_typesupport_targets-extras.cmake
[61.049s] -- Installing: /home/ngt/ZENS-Final-AUVC/install/msgs/share/msgs/cmake/rosidl_cmake_export_typesupport_libraries-extras.cmake
[61.054s] -- Installing: /home/ngt/ZENS-Final-AUVC/install/msgs/share/msgs/cmake/rosidl_cmake_aggregate_target-extras.cmake
[61.055s] -- Installing: /home/ngt/ZENS-Final-AUVC/install/msgs/share/msgs/cmake/msgsConfig.cmake
[61.059s] -- Installing: /home/ngt/ZENS-Final-AUVC/install/msgs/share/msgs/cmake/msgsConfig-version.cmake
[61.061s] -- Installing: /home/ngt/ZENS-Final-AUVC/install/msgs/share/msgs/package.xml
[61.097s] Invoked command in '/home/ngt/ZENS-Final-AUVC/build/msgs' returned '0': CMAKE_PREFIX_PATH=${CMAKE_PREFIX_PATH}:/home/ngt/auvc_ws/install/tutorial_virtualenvs:/home/ngt/auvc_ws/install/tutorial_pid:/home/ngt/auvc_ws/install/tutorial_ardusub:/home/ngt/auvc_ws/install/tutorial:/home/ngt/auvc_ws/install/rosmav:/home/ngt/cv_ws/install/cv:/home/ngt/pid_ws/install/pid:/home/ngt/auv_dancing/install/tutorial:/opt/ros/jazzy /usr/bin/cmake --install /home/ngt/ZENS-Final-AUVC/build/msgs
