[15.024s] Invoking command in '/home/ngt/ZENS-Final-AUVC/ros_ws/build/control': PYTHONPATH=/home/ngt/ZENS-Final-AUVC/ros_ws/build/control/prefix_override:/usr/lib/python3/dist-packages/colcon_core/task/python/colcon_distutils_commands:/home/ngt/ZENS-Final-AUVC/ros_ws/install/control/lib/python3.12/site-packages:${PYTHONPATH} /usr/bin/python3 -W ignore:setup.py install is deprecated -W ignore:easy_install command is deprecated setup.py develop --uninstall --editable --build-directory /home/ngt/ZENS-Final-AUVC/ros_ws/build/control/build
[20.095s] running develop
[23.234s] Removing /home/ngt/ZENS-Final-AUVC/ros_ws/install/control/lib/python3.12/site-packages/control.egg-link (link to .)
[23.539s] Invoked command in '/home/ngt/ZENS-Final-AUVC/ros_ws/build/control' returned '0': PYTHONPATH=/home/ngt/ZENS-Final-AUVC/ros_ws/build/control/prefix_override:/usr/lib/python3/dist-packages/colcon_core/task/python/colcon_distutils_commands:/home/ngt/ZENS-Final-AUVC/ros_ws/install/control/lib/python3.12/site-packages:${PYTHONPATH} /usr/bin/python3 -W ignore:setup.py install is deprecated -W ignore:easy_install command is deprecated setup.py develop --uninstall --editable --build-directory /home/ngt/ZENS-Final-AUVC/ros_ws/build/control/build
[23.553s] Invoking command in '/home/ngt/ZENS-Final-AUVC/ros_ws/src/control': PYTHONPATH=/home/ngt/ZENS-Final-AUVC/ros_ws/build/control/prefix_override:/usr/lib/python3/dist-packages/colcon_core/task/python/colcon_distutils_commands:/home/ngt/ZENS-Final-AUVC/ros_ws/install/control/lib/python3.12/site-packages:${PYTHONPATH} /usr/bin/python3 -W ignore:setup.py install is deprecated -W ignore:easy_install command is deprecated setup.py egg_info --egg-base ../../build/control build --build-base /home/ngt/ZENS-Final-AUVC/ros_ws/build/control/build install --record /home/ngt/ZENS-Final-AUVC/ros_ws/build/control/install.log --install-scripts $base/lib/control --single-version-externally-managed install_data --force
[28.098s] running egg_info
[28.508s] writing ../../build/control/control.egg-info/PKG-INFO
[28.510s] writing dependency_links to ../../build/control/control.egg-info/dependency_links.txt
[28.514s] writing entry points to ../../build/control/control.egg-info/entry_points.txt
[28.517s] writing requirements to ../../build/control/control.egg-info/requires.txt
[28.520s] writing top-level names to ../../build/control/control.egg-info/top_level.txt
[31.469s] reading manifest file '../../build/control/control.egg-info/SOURCES.txt'
[31.476s] writing manifest file '../../build/control/control.egg-info/SOURCES.txt'
[31.476s] running build
[31.480s] running build_py
[31.481s] running install
[31.515s] running install_lib
[31.976s] creating /home/ngt/ZENS-Final-AUVC/ros_ws/install/control/lib/python3.12/site-packages/control
[31.978s] copying /home/ngt/ZENS-Final-AUVC/ros_ws/build/control/build/lib/control/self_arm.py -> /home/ngt/ZENS-Final-AUVC/ros_ws/install/control/lib/python3.12/site-packages/control
[31.981s] copying /home/ngt/ZENS-Final-AUVC/ros_ws/build/control/build/lib/control/finalController.py -> /home/ngt/ZENS-Final-AUVC/ros_ws/install/control/lib/python3.12/site-packages/control
[31.982s] copying /home/ngt/ZENS-Final-AUVC/ros_ws/build/control/build/lib/control/heading_pid.py -> /home/ngt/ZENS-Final-AUVC/ros_ws/install/control/lib/python3.12/site-packages/control
[31.988s] copying /home/ngt/ZENS-Final-AUVC/ros_ws/build/control/build/lib/control/self_disarm.py -> /home/ngt/ZENS-Final-AUVC/ros_ws/install/control/lib/python3.12/site-packages/control
[31.991s] copying /home/ngt/ZENS-Final-AUVC/ros_ws/build/control/build/lib/control/depth_pid.py -> /home/ngt/ZENS-Final-AUVC/ros_ws/install/control/lib/python3.12/site-packages/control
[31.995s] copying /home/ngt/ZENS-Final-AUVC/ros_ws/build/control/build/lib/control/__init__.py -> /home/ngt/ZENS-Final-AUVC/ros_ws/install/control/lib/python3.12/site-packages/control
[32.006s] byte-compiling /home/ngt/ZENS-Final-AUVC/ros_ws/install/control/lib/python3.12/site-packages/control/self_arm.py to self_arm.cpython-312.pyc
[32.014s] byte-compiling /home/ngt/ZENS-Final-AUVC/ros_ws/install/control/lib/python3.12/site-packages/control/finalController.py to finalController.cpython-312.pyc
[32.035s] byte-compiling /home/ngt/ZENS-Final-AUVC/ros_ws/install/control/lib/python3.12/site-packages/control/heading_pid.py to heading_pid.cpython-312.pyc
[32.051s] byte-compiling /home/ngt/ZENS-Final-AUVC/ros_ws/install/control/lib/python3.12/site-packages/control/self_disarm.py to self_disarm.cpython-312.pyc
[32.057s] byte-compiling /home/ngt/ZENS-Final-AUVC/ros_ws/install/control/lib/python3.12/site-packages/control/depth_pid.py to depth_pid.cpython-312.pyc
[32.078s] byte-compiling /home/ngt/ZENS-Final-AUVC/ros_ws/install/control/lib/python3.12/site-packages/control/__init__.py to __init__.cpython-312.pyc
[32.080s] running install_data
[32.080s] copying resource/control -> /home/ngt/ZENS-Final-AUVC/ros_ws/install/control/share/ament_index/resource_index/packages
[32.087s] copying package.xml -> /home/ngt/ZENS-Final-AUVC/ros_ws/install/control/share/control
[32.088s] running install_egg_info
[32.727s] Copying ../../build/control/control.egg-info to /home/ngt/ZENS-Final-AUVC/ros_ws/install/control/lib/python3.12/site-packages/control-0.0.0-py3.12.egg-info
[32.747s] running install_scripts
[33.838s] Installing depth_pid script to /home/ngt/ZENS-Final-AUVC/ros_ws/install/control/lib/control
[33.845s] Installing finalController script to /home/ngt/ZENS-Final-AUVC/ros_ws/install/control/lib/control
[33.848s] Installing heading_pid script to /home/ngt/ZENS-Final-AUVC/ros_ws/install/control/lib/control
[33.855s] Installing self_arm script to /home/ngt/ZENS-Final-AUVC/ros_ws/install/control/lib/control
[33.866s] Installing self_disarm script to /home/ngt/ZENS-Final-AUVC/ros_ws/install/control/lib/control
[33.878s] writing list of installed files to '/home/ngt/ZENS-Final-AUVC/ros_ws/build/control/install.log'
[34.198s] Invoked command in '/home/ngt/ZENS-Final-AUVC/ros_ws/src/control' returned '0': PYTHONPATH=/home/ngt/ZENS-Final-AUVC/ros_ws/build/control/prefix_override:/usr/lib/python3/dist-packages/colcon_core/task/python/colcon_distutils_commands:/home/ngt/ZENS-Final-AUVC/ros_ws/install/control/lib/python3.12/site-packages:${PYTHONPATH} /usr/bin/python3 -W ignore:setup.py install is deprecated -W ignore:easy_install command is deprecated setup.py egg_info --egg-base ../../build/control build --build-base /home/ngt/ZENS-Final-AUVC/ros_ws/build/control/build install --record /home/ngt/ZENS-Final-AUVC/ros_ws/build/control/install.log --install-scripts $base/lib/control --single-version-externally-managed install_data --force
