[27.320s] Invoking command in '/home/ngt/ZENS-Final-AUVC/ros_ws/src/hardware': PYTHONPATH=/home/ngt/ZENS-Final-AUVC/ros_ws/build/hardware/prefix_override:/usr/lib/python3/dist-packages/colcon_core/task/python/colcon_distutils_commands:/home/ngt/ZENS-Final-AUVC/ros_ws/install/hardware/lib/python3.12/site-packages:${PYTHONPATH} /usr/bin/python3 -W ignore:setup.py install is deprecated -W ignore:easy_install command is deprecated setup.py egg_info --egg-base ../../build/hardware build --build-base /home/ngt/ZENS-Final-AUVC/ros_ws/build/hardware/build install --record /home/ngt/ZENS-Final-AUVC/ros_ws/build/hardware/install.log --install-scripts $base/lib/hardware --single-version-externally-managed install_data
[39.240s] running egg_info
[40.142s] writing ../../build/hardware/hardware.egg-info/PKG-INFO
[40.151s] writing dependency_links to ../../build/hardware/hardware.egg-info/dependency_links.txt
[40.151s] writing entry points to ../../build/hardware/hardware.egg-info/entry_points.txt
[40.162s] writing requirements to ../../build/hardware/hardware.egg-info/requires.txt
[40.165s] writing top-level names to ../../build/hardware/hardware.egg-info/top_level.txt
[44.075s] reading manifest file '../../build/hardware/hardware.egg-info/SOURCES.txt'
[44.082s] writing manifest file '../../build/hardware/hardware.egg-info/SOURCES.txt'
[44.090s] running build
[44.094s] running build_py
[44.097s] running install
[44.169s] running install_lib
[44.876s] running install_data
[44.877s] running install_egg_info
[45.301s] removing '/home/ngt/ZENS-Final-AUVC/ros_ws/install/hardware/lib/python3.12/site-packages/hardware-0.0.0-py3.12.egg-info' (and everything under it)
[45.321s] Copying ../../build/hardware/hardware.egg-info to /home/ngt/ZENS-Final-AUVC/ros_ws/install/hardware/lib/python3.12/site-packages/hardware-0.0.0-py3.12.egg-info
[45.362s] running install_scripts
[46.602s] Installing bluerov2_camera_interface script to /home/ngt/ZENS-Final-AUVC/ros_ws/install/hardware/lib/hardware
[46.611s] Installing bluerov2_hardware_interface script to /home/ngt/ZENS-Final-AUVC/ros_ws/install/hardware/lib/hardware
[46.612s] Installing bluerov2_simulation_interface script to /home/ngt/ZENS-Final-AUVC/ros_ws/install/hardware/lib/hardware
[46.635s] writing list of installed files to '/home/ngt/ZENS-Final-AUVC/ros_ws/build/hardware/install.log'
[47.472s] Invoked command in '/home/ngt/ZENS-Final-AUVC/ros_ws/src/hardware' returned '0': PYTHONPATH=/home/ngt/ZENS-Final-AUVC/ros_ws/build/hardware/prefix_override:/usr/lib/python3/dist-packages/colcon_core/task/python/colcon_distutils_commands:/home/ngt/ZENS-Final-AUVC/ros_ws/install/hardware/lib/python3.12/site-packages:${PYTHONPATH} /usr/bin/python3 -W ignore:setup.py install is deprecated -W ignore:easy_install command is deprecated setup.py egg_info --egg-base ../../build/hardware build --build-base /home/ngt/ZENS-Final-AUVC/ros_ws/build/hardware/build install --record /home/ngt/ZENS-Final-AUVC/ros_ws/build/hardware/install.log --install-scripts $base/lib/hardware --single-version-externally-managed install_data
