[10.629s] Invoking command in '/home/ngt/ZENS-Final-AUVC/ros_ws/src/flashing': PYTHONPATH=/home/ngt/ZENS-Final-AUVC/build/flashing/prefix_override:/home/ngt/.virtualenvs/ardusub/lib/python3.12/site-packages/colcon_core/task/python/colcon_distutils_commands:/home/ngt/ZENS-Final-AUVC/install/flashing/lib/python3.12/site-packages:${PYTHONPATH} /home/ngt/.virtualenvs/ardusub/bin/python -W ignore:setup.py install is deprecated -W ignore:easy_install command is deprecated setup.py egg_info --egg-base ../../../build/flashing build --build-base /home/ngt/ZENS-Final-AUVC/build/flashing/build install --record /home/ngt/ZENS-Final-AUVC/build/flashing/install.log --install-scripts $base/lib/flashing --single-version-externally-managed install_data
[14.892s] running egg_info
[15.149s] writing ../../../build/flashing/flashing.egg-info/PKG-INFO
[15.162s] writing dependency_links to ../../../build/flashing/flashing.egg-info/dependency_links.txt
[15.169s] writing entry points to ../../../build/flashing/flashing.egg-info/entry_points.txt
[15.169s] writing requirements to ../../../build/flashing/flashing.egg-info/requires.txt
[15.178s] writing top-level names to ../../../build/flashing/flashing.egg-info/top_level.txt
[15.610s] reading manifest file '../../../build/flashing/flashing.egg-info/SOURCES.txt'
[15.629s] writing manifest file '../../../build/flashing/flashing.egg-info/SOURCES.txt'
[15.640s] running build
[15.641s] running build_py
[15.652s] copying flashing/flashing_node.py -> /home/ngt/ZENS-Final-AUVC/build/flashing/build/lib/flashing
[15.658s] copying flashing/__init__.py -> /home/ngt/ZENS-Final-AUVC/build/flashing/build/lib/flashing
[15.663s] running install
[15.763s] running install_lib
[15.973s] running install_data
[15.974s] copying resource/flashing -> /home/ngt/ZENS-Final-AUVC/install/flashing/share/ament_index/resource_index/packages
[15.984s] copying package.xml -> /home/ngt/ZENS-Final-AUVC/install/flashing/share/flashing
[15.985s] running install_egg_info
[16.309s] removing '/home/ngt/ZENS-Final-AUVC/install/flashing/lib/python3.12/site-packages/flashing-0.0.0-py3.12.egg-info' (and everything under it)
[16.326s] Copying ../../../build/flashing/flashing.egg-info to /home/ngt/ZENS-Final-AUVC/install/flashing/lib/python3.12/site-packages/flashing-0.0.0-py3.12.egg-info
[16.365s] running install_scripts
[16.926s] Installing flashing_node script to /home/ngt/ZENS-Final-AUVC/install/flashing/lib/flashing
[16.928s] writing list of installed files to '/home/ngt/ZENS-Final-AUVC/build/flashing/install.log'
[17.189s] Invoked command in '/home/ngt/ZENS-Final-AUVC/ros_ws/src/flashing' returned '0': PYTHONPATH=/home/ngt/ZENS-Final-AUVC/build/flashing/prefix_override:/home/ngt/.virtualenvs/ardusub/lib/python3.12/site-packages/colcon_core/task/python/colcon_distutils_commands:/home/ngt/ZENS-Final-AUVC/install/flashing/lib/python3.12/site-packages:${PYTHONPATH} /home/ngt/.virtualenvs/ardusub/bin/python -W ignore:setup.py install is deprecated -W ignore:easy_install command is deprecated setup.py egg_info --egg-base ../../../build/flashing build --build-base /home/ngt/ZENS-Final-AUVC/build/flashing/build install --record /home/ngt/ZENS-Final-AUVC/build/flashing/install.log --install-scripts $base/lib/flashing --single-version-externally-managed install_data
