[12.529s] Invoking command in '/home/ngt/ZENS-Final-AUVC/ros_ws/src/cv': PYTHONPATH=/home/ngt/ZENS-Final-AUVC/ros_ws/build/cv/prefix_override:/usr/lib/python3/dist-packages/colcon_core/task/python/colcon_distutils_commands:/home/ngt/ZENS-Final-AUVC/ros_ws/install/cv/lib/python3.12/site-packages:${PYTHONPATH} /usr/bin/python3 -W ignore:setup.py install is deprecated -W ignore:easy_install command is deprecated setup.py egg_info --egg-base ../../build/cv build --build-base /home/ngt/ZENS-Final-AUVC/ros_ws/build/cv/build install --record /home/ngt/ZENS-Final-AUVC/ros_ws/build/cv/install.log --install-scripts $base/lib/cv --single-version-externally-managed install_data
[15.548s] running egg_info
[15.770s] writing ../../build/cv/cv.egg-info/PKG-INFO
[15.773s] writing dependency_links to ../../build/cv/cv.egg-info/dependency_links.txt
[15.778s] writing entry points to ../../build/cv/cv.egg-info/entry_points.txt
[15.779s] writing requirements to ../../build/cv/cv.egg-info/requires.txt
[15.783s] writing top-level names to ../../build/cv/cv.egg-info/top_level.txt
[17.216s] reading manifest file '../../build/cv/cv.egg-info/SOURCES.txt'
[17.220s] writing manifest file '../../build/cv/cv.egg-info/SOURCES.txt'
[17.225s] running build
[17.226s] running build_py
[17.231s] copying cv/yolo_detection.py -> /home/ngt/ZENS-Final-AUVC/ros_ws/build/cv/build/lib/cv
[17.237s] copying cv/nodes/detection_node.py -> /home/ngt/ZENS-Final-AUVC/ros_ws/build/cv/build/lib/cv/nodes
[17.247s] running install
[17.284s] running install_lib
[17.508s] copying /home/ngt/ZENS-Final-AUVC/ros_ws/build/cv/build/lib/cv/yolo_detection.py -> /home/ngt/ZENS-Final-AUVC/ros_ws/install/cv/lib/python3.12/site-packages/cv
[17.514s] copying /home/ngt/ZENS-Final-AUVC/ros_ws/build/cv/build/lib/cv/nodes/detection_node.py -> /home/ngt/ZENS-Final-AUVC/ros_ws/install/cv/lib/python3.12/site-packages/cv/nodes
[17.521s] byte-compiling /home/ngt/ZENS-Final-AUVC/ros_ws/install/cv/lib/python3.12/site-packages/cv/yolo_detection.py to yolo_detection.cpython-312.pyc
[17.535s] byte-compiling /home/ngt/ZENS-Final-AUVC/ros_ws/install/cv/lib/python3.12/site-packages/cv/nodes/detection_node.py to detection_node.cpython-312.pyc
[17.545s] running install_data
[17.548s] copying config/detector_params.yaml -> /home/ngt/ZENS-Final-AUVC/ros_ws/install/cv/share/cv/config
[17.549s] running install_egg_info
[17.811s] removing '/home/ngt/ZENS-Final-AUVC/ros_ws/install/cv/lib/python3.12/site-packages/cv-0.0.0-py3.12.egg-info' (and everything under it)
[17.812s] Copying ../../build/cv/cv.egg-info to /home/ngt/ZENS-Final-AUVC/ros_ws/install/cv/lib/python3.12/site-packages/cv-0.0.0-py3.12.egg-info
[17.831s] running install_scripts
[18.698s] Installing calibrate_camera script to /home/ngt/ZENS-Final-AUVC/ros_ws/install/cv/lib/cv
[18.707s] Installing detection_node script to /home/ngt/ZENS-Final-AUVC/ros_ws/install/cv/lib/cv
[18.717s] Installing tag_heading_node script to /home/ngt/ZENS-Final-AUVC/ros_ws/install/cv/lib/cv
[18.723s] Installing web_streamer_node script to /home/ngt/ZENS-Final-AUVC/ros_ws/install/cv/lib/cv
[18.724s] writing list of installed files to '/home/ngt/ZENS-Final-AUVC/ros_ws/build/cv/install.log'
[19.090s] Invoked command in '/home/ngt/ZENS-Final-AUVC/ros_ws/src/cv' returned '0': PYTHONPATH=/home/ngt/ZENS-Final-AUVC/ros_ws/build/cv/prefix_override:/usr/lib/python3/dist-packages/colcon_core/task/python/colcon_distutils_commands:/home/ngt/ZENS-Final-AUVC/ros_ws/install/cv/lib/python3.12/site-packages:${PYTHONPATH} /usr/bin/python3 -W ignore:setup.py install is deprecated -W ignore:easy_install command is deprecated setup.py egg_info --egg-base ../../build/cv build --build-base /home/ngt/ZENS-Final-AUVC/ros_ws/build/cv/build install --record /home/ngt/ZENS-Final-AUVC/ros_ws/build/cv/install.log --install-scripts $base/lib/cv --single-version-externally-managed install_data
