[19.109s] Invoking command in '/home/ngt/ZENS-Final-AUVC/ros_ws/src/hardware': PYTHONPATH=/home/ngt/ZENS-Final-AUVC/ros_ws/build/hardware/prefix_override:/usr/lib/python3/dist-packages/colcon_core/task/python/colcon_distutils_commands:/home/ngt/ZENS-Final-AUVC/ros_ws/install/hardware/lib/python3.12/site-packages:${PYTHONPATH} /usr/bin/python3 -W ignore:setup.py install is deprecated -W ignore:easy_install command is deprecated setup.py egg_info --egg-base ../../build/hardware build --build-base /home/ngt/ZENS-Final-AUVC/ros_ws/build/hardware/build install --record /home/ngt/ZENS-Final-AUVC/ros_ws/build/hardware/install.log --install-scripts $base/lib/hardware --single-version-externally-managed install_data
[23.297s] running egg_info
[23.552s] writing ../../build/hardware/hardware.egg-info/PKG-INFO
[23.555s] writing dependency_links to ../../build/hardware/hardware.egg-info/dependency_links.txt
[23.558s] writing entry points to ../../build/hardware/hardware.egg-info/entry_points.txt
[23.562s] writing requirements to ../../build/hardware/hardware.egg-info/requires.txt
[23.562s] writing top-level names to ../../build/hardware/hardware.egg-info/top_level.txt
[25.802s] reading manifest file '../../build/hardware/hardware.egg-info/SOURCES.txt'
[25.811s] writing manifest file '../../build/hardware/hardware.egg-info/SOURCES.txt'
[25.811s] running build
[25.815s] running build_py
[25.815s] running install
[25.853s] running install_lib
[26.179s] running install_data
[26.179s] running install_egg_info
[26.492s] removing '/home/ngt/ZENS-Final-AUVC/ros_ws/install/hardware/lib/python3.12/site-packages/hardware-0.0.0-py3.12.egg-info' (and everything under it)
[26.496s] Copying ../../build/hardware/hardware.egg-info to /home/ngt/ZENS-Final-AUVC/ros_ws/install/hardware/lib/python3.12/site-packages/hardware-0.0.0-py3.12.egg-info
[26.508s] running install_scripts
[27.582s] Installing bluerov2_camera_interface script to /home/ngt/ZENS-Final-AUVC/ros_ws/install/hardware/lib/hardware
[27.598s] Installing bluerov2_hardware_interface script to /home/ngt/ZENS-Final-AUVC/ros_ws/install/hardware/lib/hardware
[27.613s] Installing bluerov2_simulation_interface script to /home/ngt/ZENS-Final-AUVC/ros_ws/install/hardware/lib/hardware
[27.621s] writing list of installed files to '/home/ngt/ZENS-Final-AUVC/ros_ws/build/hardware/install.log'
[28.216s] Invoked command in '/home/ngt/ZENS-Final-AUVC/ros_ws/src/hardware' returned '0': PYTHONPATH=/home/ngt/ZENS-Final-AUVC/ros_ws/build/hardware/prefix_override:/usr/lib/python3/dist-packages/colcon_core/task/python/colcon_distutils_commands:/home/ngt/ZENS-Final-AUVC/ros_ws/install/hardware/lib/python3.12/site-packages:${PYTHONPATH} /usr/bin/python3 -W ignore:setup.py install is deprecated -W ignore:easy_install command is deprecated setup.py egg_info --egg-base ../../build/hardware build --build-base /home/ngt/ZENS-Final-AUVC/ros_ws/build/hardware/build install --record /home/ngt/ZENS-Final-AUVC/ros_ws/build/hardware/install.log --install-scripts $base/lib/hardware --single-version-externally-managed install_data
