[  2%] Built target msgs__rosidl_generator_type_description
[  5%] Built target msgs__rs
[  5%] Built target ament_cmake_python_copy_msgs
[ 20%] Built target msgs__rosidl_generator_c
[ 22%] Built target msgs__cpp
[ 31%] Built target msgs__rosidl_typesupport_fastrtps_c
[ 40%] Built target msgs__rosidl_typesupport_introspection_c
[ 48%] Built target msgs__rosidl_typesupport_c
[ 57%] Built target msgs__rosidl_typesupport_introspection_cpp
[ 65%] Built target msgs__rosidl_typesupport_cpp
[ 74%] Built target msgs__rosidl_typesupport_fastrtps_cpp
[ 74%] Built target msgs
[ 77%] Built target msgs__py
[ 82%] Built target msgs__rosidl_generator_py
[ 88%] Built target msgs_s__rosidl_typesupport_introspection_c
[ 94%] Built target msgs_s__rosidl_typesupport_fastrtps_c
[100%] Built target msgs_s__rosidl_typesupport_c
running egg_info
writing msgs.egg-info/PKG-INFO
writing dependency_links to msgs.egg-info/dependency_links.txt
writing top-level names to msgs.egg-info/top_level.txt
reading manifest file 'msgs.egg-info/SOURCES.txt'
writing manifest file 'msgs.egg-info/SOURCES.txt'
[100%] Built target ament_cmake_python_build_msgs_egg
