running develop
running egg_info
writing cv.egg-info/PKG-INFO
writing dependency_links to cv.egg-info/dependency_links.txt
writing entry points to cv.egg-info/entry_points.txt
writing requirements to cv.egg-info/requires.txt
writing top-level names to cv.egg-info/top_level.txt
reading manifest file 'cv.egg-info/SOURCES.txt'
writing manifest file 'cv.egg-info/SOURCES.txt'
running build_ext
Creating /home/ngt/ZENS-Final-AUVC/ros_ws/install/cv/lib/python3.12/site-packages/cv.egg-link (link to .)
Installing calibrate_camera script to /home/ngt/ZENS-Final-AUVC/ros_ws/install/cv/lib/cv
Installing detection_node script to /home/ngt/ZENS-Final-AUVC/ros_ws/install/cv/lib/cv
Installing tag_heading_node script to /home/ngt/ZENS-Final-AUVC/ros_ws/install/cv/lib/cv
Installing web_streamer_node script to /home/ngt/ZENS-Final-AUVC/ros_ws/install/cv/lib/cv

Installed /home/ngt/ZENS-Final-AUVC/ros_ws/build/cv
running symlink_data
symbolically linking /home/ngt/ZENS-Final-AUVC/ros_ws/build/cv/resource/cv -> /home/ngt/ZENS-Final-AUVC/ros_ws/install/cv/share/ament_index/resource_index/packages
symbolically linking /home/ngt/ZENS-Final-AUVC/ros_ws/build/cv/package.xml -> /home/ngt/ZENS-Final-AUVC/ros_ws/install/cv/share/cv
symbolically linking /home/ngt/ZENS-Final-AUVC/ros_ws/build/cv/launch/tag_heading.launch.yaml -> /home/ngt/ZENS-Final-AUVC/ros_ws/install/cv/share/cv/launch
