[15.498s] Invoking command in '/home/ngt/ZENS-Final-AUVC/ros_ws/src/launcher': PYTHONPATH=/home/ngt/ZENS-Final-AUVC/ros_ws/build/launcher/prefix_override:/usr/lib/python3/dist-packages/colcon_core/task/python/colcon_distutils_commands:/home/ngt/ZENS-Final-AUVC/ros_ws/install/launcher/lib/python3.12/site-packages:${PYTHONPATH} /usr/bin/python3 -W ignore:setup.py install is deprecated -W ignore:easy_install command is deprecated setup.py egg_info --egg-base ../../build/launcher build --build-base /home/ngt/ZENS-Final-AUVC/ros_ws/build/launcher/build install --record /home/ngt/ZENS-Final-AUVC/ros_ws/build/launcher/install.log --install-scripts $base/lib/launcher --single-version-externally-managed install_data
[19.310s] running egg_info
[19.584s] writing ../../build/launcher/launcher.egg-info/PKG-INFO
[19.594s] writing dependency_links to ../../build/launcher/launcher.egg-info/dependency_links.txt
[19.595s] writing requirements to ../../build/launcher/launcher.egg-info/requires.txt
[19.595s] writing top-level names to ../../build/launcher/launcher.egg-info/top_level.txt
[21.515s] reading manifest file '../../build/launcher/launcher.egg-info/SOURCES.txt'
[21.522s] writing manifest file '../../build/launcher/launcher.egg-info/SOURCES.txt'
[21.522s] running build
[21.525s] running build_py
[21.531s] running install
[21.583s] running install_lib
[22.088s] running install_data
[22.089s] copying config/params.yaml -> /home/ngt/ZENS-Final-AUVC/ros_ws/install/launcher/share/launcher/config
[22.094s] running install_egg_info
[22.462s] removing '/home/ngt/ZENS-Final-AUVC/ros_ws/install/launcher/lib/python3.12/site-packages/launcher-0.0.0-py3.12.egg-info' (and everything under it)
[22.462s] Copying ../../build/launcher/launcher.egg-info to /home/ngt/ZENS-Final-AUVC/ros_ws/install/launcher/lib/python3.12/site-packages/launcher-0.0.0-py3.12.egg-info
[22.483s] running install_scripts
[23.048s] writing list of installed files to '/home/ngt/ZENS-Final-AUVC/ros_ws/build/launcher/install.log'
[23.253s] Invoked command in '/home/ngt/ZENS-Final-AUVC/ros_ws/src/launcher' returned '0': PYTHONPATH=/home/ngt/ZENS-Final-AUVC/ros_ws/build/launcher/prefix_override:/usr/lib/python3/dist-packages/colcon_core/task/python/colcon_distutils_commands:/home/ngt/ZENS-Final-AUVC/ros_ws/install/launcher/lib/python3.12/site-packages:${PYTHONPATH} /usr/bin/python3 -W ignore:setup.py install is deprecated -W ignore:easy_install command is deprecated setup.py egg_info --egg-base ../../build/launcher build --build-base /home/ngt/ZENS-Final-AUVC/ros_ws/build/launcher/build install --record /home/ngt/ZENS-Final-AUVC/ros_ws/build/launcher/install.log --install-scripts $base/lib/launcher --single-version-externally-managed install_data
