[8.911s] Invoking command in '/home/ngt/ZENS-Final-AUVC/ros_ws/src/flashing': PYTHONPATH=/home/ngt/ZENS-Final-AUVC/build/flashing/prefix_override:/home/ngt/.virtualenvs/ardusub/lib/python3.12/site-packages/colcon_core/task/python/colcon_distutils_commands:/home/ngt/ZENS-Final-AUVC/install/flashing/lib/python3.12/site-packages:${PYTHONPATH} /home/ngt/.virtualenvs/ardusub/bin/python -W ignore:setup.py install is deprecated -W ignore:easy_install command is deprecated setup.py egg_info --egg-base ../../../build/flashing build --build-base /home/ngt/ZENS-Final-AUVC/build/flashing/build install --record /home/ngt/ZENS-Final-AUVC/build/flashing/install.log --single-version-externally-managed install_data
[10.976s] running egg_info
[11.241s] writing ../../../build/flashing/flashing.egg-info/PKG-INFO
[11.258s] writing dependency_links to ../../../build/flashing/flashing.egg-info/dependency_links.txt
[11.271s] writing entry points to ../../../build/flashing/flashing.egg-info/entry_points.txt
[11.272s] writing requirements to ../../../build/flashing/flashing.egg-info/requires.txt
[11.284s] writing top-level names to ../../../build/flashing/flashing.egg-info/top_level.txt
[11.613s] reading manifest file '../../../build/flashing/flashing.egg-info/SOURCES.txt'
[11.627s] writing manifest file '../../../build/flashing/flashing.egg-info/SOURCES.txt'
[11.630s] running build
[11.630s] running build_py
[11.640s] copying flashing/flashing_node.py -> /home/ngt/ZENS-Final-AUVC/build/flashing/build/lib/flashing
[11.641s] copying flashing/__init__.py -> /home/ngt/ZENS-Final-AUVC/build/flashing/build/lib/flashing
[11.648s] running install
[11.679s] running install_lib
[11.897s] running install_data
[11.901s] copying resource/flashing -> /home/ngt/ZENS-Final-AUVC/install/flashing/share/ament_index/resource_index/packages
[11.905s] copying package.xml -> /home/ngt/ZENS-Final-AUVC/install/flashing/share/flashing
[11.906s] running install_egg_info
[12.194s] removing '/home/ngt/ZENS-Final-AUVC/install/flashing/lib/python3.12/site-packages/flashing-0.0.0-py3.12.egg-info' (and everything under it)
[12.211s] Copying ../../../build/flashing/flashing.egg-info to /home/ngt/ZENS-Final-AUVC/install/flashing/lib/python3.12/site-packages/flashing-0.0.0-py3.12.egg-info
[12.254s] running install_scripts
[12.847s] Installing flashing_node script to /home/ngt/ZENS-Final-AUVC/install/flashing/bin
[12.861s] writing list of installed files to '/home/ngt/ZENS-Final-AUVC/build/flashing/install.log'
[13.197s] Invoked command in '/home/ngt/ZENS-Final-AUVC/ros_ws/src/flashing' returned '0': PYTHONPATH=/home/ngt/ZENS-Final-AUVC/build/flashing/prefix_override:/home/ngt/.virtualenvs/ardusub/lib/python3.12/site-packages/colcon_core/task/python/colcon_distutils_commands:/home/ngt/ZENS-Final-AUVC/install/flashing/lib/python3.12/site-packages:${PYTHONPATH} /home/ngt/.virtualenvs/ardusub/bin/python -W ignore:setup.py install is deprecated -W ignore:easy_install command is deprecated setup.py egg_info --egg-base ../../../build/flashing build --build-base /home/ngt/ZENS-Final-AUVC/build/flashing/build install --record /home/ngt/ZENS-Final-AUVC/build/flashing/install.log --single-version-externally-managed install_data
