[0.084s] Invoking command in '/home/ngt/ZENS-Final-AUVC/build/msgs': CMAKE_PREFIX_PATH=${CMAKE_PREFIX_PATH}:/home/ngt/ZENS-Final-AUVC/install/hardware:/home/ngt/ZENS-Final-AUVC/install/flashing:/home/ngt/ZENS-Final-AUVC/install/cv:/home/ngt/ZENS-Final-AUVC/install/control:/home/ngt/ZENS-Final-AUVC/install/bringup:/home/ngt/auvc_ws/install/tutorial_virtualenvs:/home/ngt/auvc_ws/install/tutorial_pid:/home/ngt/auvc_ws/install/tutorial_ardusub:/home/ngt/auvc_ws/install/tutorial:/home/ngt/auvc_ws/install/rosmav:/home/ngt/cv_ws/install/cv:/home/ngt/pid_ws/install/pid:/home/ngt/auv_dancing/install/tutorial:/opt/ros/jazzy /usr/bin/cmake /home/ngt/ZENS-Final-AUVC/ros_ws/src/msgs -DCMAKE_INSTALL_PREFIX=/home/ngt/ZENS-Final-AUVC/install/msgs
[0.908s] -- The C compiler identification is GNU 13.3.0
[1.492s] -- The CXX compiler identification is GNU 13.3.0
[1.860s] -- Detecting C compiler ABI info
[2.854s] -- Detecting C compiler ABI info - done
[2.929s] -- Check for working C compiler: /usr/lib/ccache/cc - skipped
[2.930s] -- Detecting C compile features
[2.933s] -- Detecting C compile features - done
[3.136s] -- Detecting CXX compiler ABI info
[4.515s] -- Detecting CXX compiler ABI info - done
[4.621s] -- Check for working CXX compiler: /usr/lib/ccache/c++ - skipped
[4.622s] -- Detecting CXX compile features
[4.631s] -- Detecting CXX compile features - done
[4.789s] -- Found ament_cmake: 2.5.6 (/opt/ros/jazzy/share/ament_cmake/cmake)
[6.600s] -- Found Python3: /home/ngt/.virtualenvs/ardusub/bin/python3 (found version "3.12.3") found components: Interpreter 
[8.853s] -- Found std_msgs: 5.3.8 (/opt/ros/jazzy/share/std_msgs/cmake)
[9.933s] -- Found rosidl_generator_c: 4.6.9 (/opt/ros/jazzy/share/rosidl_generator_c/cmake)
[10.258s] -- Found rosidl_generator_cpp: 4.6.9 (/opt/ros/jazzy/share/rosidl_generator_cpp/cmake)
[10.582s] -- Using all available rosidl_typesupport_c: rosidl_typesupport_fastrtps_c;rosidl_typesupport_introspection_c
[10.899s] -- Using all available rosidl_typesupport_cpp: rosidl_typesupport_fastrtps_cpp;rosidl_typesupport_introspection_cpp
[11.765s] -- Found rosidl_default_generators: 1.6.1 (/opt/ros/jazzy/share/rosidl_default_generators/cmake)
[12.330s] -- Found rosidl_adapter: 4.6.9 (/opt/ros/jazzy/share/rosidl_adapter/cmake)
[17.625s] -- Found ament_cmake_ros: 0.12.1 (/opt/ros/jazzy/share/ament_cmake_ros/cmake)
[25.198s] -- Using all available rosidl_typesupport_c: rosidl_typesupport_fastrtps_c;rosidl_typesupport_introspection_c
[27.817s] -- Using all available rosidl_typesupport_cpp: rosidl_typesupport_fastrtps_cpp;rosidl_typesupport_introspection_cpp
[27.905s] -- Found python_cmake_module: 0.11.1 (/opt/ros/jazzy/share/python_cmake_module/cmake)
[29.268s] -- Found PythonExtra: /home/ngt/.virtualenvs/ardusub/bin/python3  
[33.604s] -- Found Python3: /home/ngt/.virtualenvs/ardusub/bin/python3 (found version "3.12.3") found components: Interpreter Development NumPy Development.Module Development.Embed 
[34.340s] -- Found Python3: /home/ngt/.virtualenvs/ardusub/bin/python3 (found version "3.12.3") found components: Interpreter 
[34.431s] -- Configuring done (34.2s)
[35.012s] -- Generating done (0.4s)
[35.123s] -- Build files have been written to: /home/ngt/ZENS-Final-AUVC/build/msgs
