[21.199s] Invoking command in '/home/ngt/ZENS-Final-AUVC/ros_ws/src/control': PYTHONPATH=/home/ngt/ZENS-Final-AUVC/ros_ws/build/control/prefix_override:/usr/lib/python3/dist-packages/colcon_core/task/python/colcon_distutils_commands:/home/ngt/ZENS-Final-AUVC/ros_ws/install/control/lib/python3.12/site-packages:${PYTHONPATH} /usr/bin/python3 -W ignore:setup.py install is deprecated -W ignore:easy_install command is deprecated setup.py egg_info --egg-base ../../build/control build --build-base /home/ngt/ZENS-Final-AUVC/ros_ws/build/control/build install --record /home/ngt/ZENS-Final-AUVC/ros_ws/build/control/install.log --install-scripts $base/lib/control --single-version-externally-managed install_data
[29.366s] running egg_info
[30.034s] writing ../../build/control/control.egg-info/PKG-INFO
[30.038s] writing dependency_links to ../../build/control/control.egg-info/dependency_links.txt
[30.040s] writing entry points to ../../build/control/control.egg-info/entry_points.txt
[30.043s] writing requirements to ../../build/control/control.egg-info/requires.txt
[30.049s] writing top-level names to ../../build/control/control.egg-info/top_level.txt
[33.473s] reading manifest file '../../build/control/control.egg-info/SOURCES.txt'
[33.492s] writing manifest file '../../build/control/control.egg-info/SOURCES.txt'
[33.497s] running build
[33.498s] running build_py
[33.508s] running install
[33.560s] running install_lib
[34.092s] running install_data
[34.095s] running install_egg_info
[34.740s] removing '/home/ngt/ZENS-Final-AUVC/ros_ws/install/control/lib/python3.12/site-packages/control-0.0.0-py3.12.egg-info' (and everything under it)
[34.747s] Copying ../../build/control/control.egg-info to /home/ngt/ZENS-Final-AUVC/ros_ws/install/control/lib/python3.12/site-packages/control-0.0.0-py3.12.egg-info
[34.764s] running install_scripts
[35.618s] Installing depth_pid script to /home/ngt/ZENS-Final-AUVC/ros_ws/install/control/lib/control
[35.619s] Installing finalController script to /home/ngt/ZENS-Final-AUVC/ros_ws/install/control/lib/control
[35.620s] Installing heading_pid script to /home/ngt/ZENS-Final-AUVC/ros_ws/install/control/lib/control
[35.621s] Installing self_arm script to /home/ngt/ZENS-Final-AUVC/ros_ws/install/control/lib/control
[35.622s] Installing self_disarm script to /home/ngt/ZENS-Final-AUVC/ros_ws/install/control/lib/control
[35.624s] writing list of installed files to '/home/ngt/ZENS-Final-AUVC/ros_ws/build/control/install.log'
[35.865s] Invoked command in '/home/ngt/ZENS-Final-AUVC/ros_ws/src/control' returned '0': PYTHONPATH=/home/ngt/ZENS-Final-AUVC/ros_ws/build/control/prefix_override:/usr/lib/python3/dist-packages/colcon_core/task/python/colcon_distutils_commands:/home/ngt/ZENS-Final-AUVC/ros_ws/install/control/lib/python3.12/site-packages:${PYTHONPATH} /usr/bin/python3 -W ignore:setup.py install is deprecated -W ignore:easy_install command is deprecated setup.py egg_info --egg-base ../../build/control build --build-base /home/ngt/ZENS-Final-AUVC/ros_ws/build/control/build install --record /home/ngt/ZENS-Final-AUVC/ros_ws/build/control/install.log --install-scripts $base/lib/control --single-version-externally-managed install_data
