[16.343s] Invoking command in '/home/ngt/ZENS-Final-AUVC/ros_ws/src/flashing': PYTHONPATH=/home/ngt/ZENS-Final-AUVC/ros_ws/build/flashing/prefix_override:/usr/lib/python3/dist-packages/colcon_core/task/python/colcon_distutils_commands:/home/ngt/ZENS-Final-AUVC/ros_ws/install/flashing/lib/python3.12/site-packages:${PYTHONPATH} /usr/bin/python3 -W ignore:setup.py install is deprecated -W ignore:easy_install command is deprecated setup.py egg_info --egg-base ../../build/flashing build --build-base /home/ngt/ZENS-Final-AUVC/ros_ws/build/flashing/build install --record /home/ngt/ZENS-Final-AUVC/ros_ws/build/flashing/install.log --install-scripts $base/lib/flashing --single-version-externally-managed install_data
[20.654s] running egg_info
[21.021s] writing ../../build/flashing/flashing.egg-info/PKG-INFO
[21.028s] writing dependency_links to ../../build/flashing/flashing.egg-info/dependency_links.txt
[21.029s] writing entry points to ../../build/flashing/flashing.egg-info/entry_points.txt
[21.033s] writing requirements to ../../build/flashing/flashing.egg-info/requires.txt
[21.034s] writing top-level names to ../../build/flashing/flashing.egg-info/top_level.txt
[23.241s] reading manifest file '../../build/flashing/flashing.egg-info/SOURCES.txt'
[23.242s] writing manifest file '../../build/flashing/flashing.egg-info/SOURCES.txt'
[23.249s] running build
[23.250s] running build_py
[23.251s] running install
[23.344s] running install_lib
[23.794s] running install_data
[23.795s] running install_egg_info
[24.278s] removing '/home/ngt/ZENS-Final-AUVC/ros_ws/install/flashing/lib/python3.12/site-packages/flashing-0.0.0-py3.12.egg-info' (and everything under it)
[24.287s] Copying ../../build/flashing/flashing.egg-info to /home/ngt/ZENS-Final-AUVC/ros_ws/install/flashing/lib/python3.12/site-packages/flashing-0.0.0-py3.12.egg-info
[24.316s] running install_scripts
[25.393s] Installing flashing_node script to /home/ngt/ZENS-Final-AUVC/ros_ws/install/flashing/lib/flashing
[25.395s] Installing lights script to /home/ngt/ZENS-Final-AUVC/ros_ws/install/flashing/lib/flashing
[25.397s] writing list of installed files to '/home/ngt/ZENS-Final-AUVC/ros_ws/build/flashing/install.log'
[25.674s] Invoked command in '/home/ngt/ZENS-Final-AUVC/ros_ws/src/flashing' returned '0': PYTHONPATH=/home/ngt/ZENS-Final-AUVC/ros_ws/build/flashing/prefix_override:/usr/lib/python3/dist-packages/colcon_core/task/python/colcon_distutils_commands:/home/ngt/ZENS-Final-AUVC/ros_ws/install/flashing/lib/python3.12/site-packages:${PYTHONPATH} /usr/bin/python3 -W ignore:setup.py install is deprecated -W ignore:easy_install command is deprecated setup.py egg_info --egg-base ../../build/flashing build --build-base /home/ngt/ZENS-Final-AUVC/ros_ws/build/flashing/build install --record /home/ngt/ZENS-Final-AUVC/ros_ws/build/flashing/install.log --install-scripts $base/lib/flashing --single-version-externally-managed install_data
