[0.188s] Invoking command in '/home/ngt/ZENS-Final-AUVC/build/gazebo_bluerov2': CMAKE_PREFIX_PATH=${CMAKE_PREFIX_PATH}:/home/ngt/auvc_ws/install/tutorial_virtualenvs:/home/ngt/auvc_ws/install/tutorial_pid:/home/ngt/auvc_ws/install/tutorial_ardusub:/home/ngt/auvc_ws/install/tutorial:/home/ngt/auvc_ws/install/rosmav:/home/ngt/cv_ws/install/cv:/home/ngt/pid_ws/install/pid:/home/ngt/auv_dancing/install/tutorial:/opt/ros/jazzy /usr/bin/cmake /home/ngt/ZENS-Final-AUVC/simulation/gazebo_bluerov2 -DCMAKE_INSTALL_PREFIX=/home/ngt/ZENS-Final-AUVC/install/gazebo_bluerov2
[2.912s] -- The C compiler identification is GNU 13.3.0
[4.388s] -- The CXX compiler identification is GNU 13.3.0
[4.732s] -- Detecting C compiler ABI info
[6.090s] -- Detecting C compiler ABI info - done
[6.155s] -- Check for working C compiler: /usr/lib/ccache/cc - skipped
[6.177s] -- Detecting C compile features
[6.178s] -- Detecting C compile features - done
[6.377s] -- Detecting CXX compiler ABI info
[7.462s] -- Detecting CXX compiler ABI info - done
[7.521s] -- Check for working CXX compiler: /usr/lib/ccache/c++ - skipped
[7.522s] -- Detecting CXX compile features
[7.525s] -- Detecting CXX compile features - done
[7.556s] -- Downloading CPM.cmake to /home/ngt/ZENS-Final-AUVC/build/gazebo_bluerov2/cmake/CPM_0.38.2.cmake
[10.463s] -- Found Python3: /home/ngt/.virtualenvs/rosmav/bin/python3 (found version "3.12.3") found components: Interpreter 
[13.210s] [0mBuilding gazebo_bluerov2 with ament_cmake_auto[0m
[14.131s] -- CPM: Adding package ardupilot_gazebo@4 (4f933e1)
[34.903s] [0mBuilding ardupilot_gazebo as an `ament_cmake` project.[0m
[34.946s] -- Looking for gz-common5 -- found version 5.8.0
[34.952s] -- Searching for dependencies of gz-common5
[35.000s] -- Looking for gz-utils2 -- found version 2.2.1
[35.004s] -- Searching for dependencies of gz-utils2
[35.060s] -- Looking for dlfcn.h - found
[35.163s] -- Looking for libdl - found
[35.173s] -- Found DL: TRUE  
[35.225s] -- Checking for module 'uuid'
[35.355s] --   Found uuid, version 2.39.3
[35.666s] -- Found UUID: TRUE  
[35.677s] -- Looking for gz-common5 - found
[35.678s] 
[35.712s] -- Looking for gz-rendering8 -- found version 8.2.3
[35.712s] -- Searching for dependencies of gz-rendering8
[35.751s] -- Looking for gz-math7 -- found version 7.6.0
[35.754s] -- Searching for dependencies of gz-math7
[35.757s] -- Looking for gz-utils2 -- found version 2.2.1
[35.762s] -- Searching for <gz-math7> component [eigen3]
[35.793s] -- Looking for gz-math7-eigen3 -- found version 7.6.0
[35.794s] -- Searching for dependencies of gz-math7-eigen3
[35.959s] -- Looking for gz-common5 -- found version 5.8.0
[35.961s] -- Searching for dependencies of gz-common5
[35.963s] -- Looking for gz-utils2 -- found version 2.2.1
[35.964s] -- Looking for dlfcn.h - found
[35.965s] -- Looking for libdl - found
[36.003s] -- Searching for <gz-common5> component [graphics]
[36.041s] -- Looking for gz-common5-graphics -- found version 5.8.0
[36.053s] -- Searching for dependencies of gz-common5-graphics
[36.055s] -- Looking for gz-math7 -- found version 7.6.0
[36.143s] -- Found GzAssimp: TRUE (found version "5.3.0") 
[36.149s] -- Searching for <gz-common5> component [events]
[36.190s] -- Looking for gz-common5-events -- found version 5.8.0
[36.192s] -- Searching for dependencies of gz-common5-events
[36.206s] -- Looking for gz-math7 -- found version 7.6.0
[36.207s] -- Searching for <gz-common5> component [geospatial]
[36.262s] -- Looking for gz-common5-geospatial -- found version 5.8.0
[36.263s] -- Searching for dependencies of gz-common5-geospatial
[36.265s] -- Looking for gz-math7 -- found version 7.6.0
[36.268s] -- Looking for gz-common5 -- found version 5.8.0
[36.300s] -- Looking for gz-plugin2 -- found version 2.0.4
[36.301s] -- Searching for dependencies of gz-plugin2
[36.303s] -- Looking for gz-utils2 -- found version 2.2.1
[36.305s] -- Searching for dependencies of gz-utils2
[36.306s] -- Searching for <gz-utils2> component [cli]
[36.338s] -- Looking for gz-utils2-cli -- found version 2.2.1
[36.339s] -- Searching for dependencies of gz-utils2-cli
[36.347s] -- Searching for <gz-plugin2> component [all]
[36.373s] -- Looking for all libraries of gz-plugin2 -- found version 2.0.4
[36.376s] -- Looking for gz-plugin2 -- found version 2.0.4
[36.401s] -- Looking for gz-plugin2-loader -- found version 2.0.4
[36.405s] -- Searching for dependencies of gz-plugin2-loader
[36.440s] -- Looking for gz-plugin2-register -- found version 2.0.4
[36.441s] -- Searching for dependencies of gz-plugin2-register
[36.451s] -- Looking for gz-utils2 -- found version 2.2.1
[36.575s] -- Found OpenGL: /usr/lib/aarch64-linux-gnu/libOpenGL.so  found components: OpenGL 
[36.580s] -- Looking for gz-rendering8 - found
[36.581s] 
[36.651s] -- Looking for gz-sim8 -- found version 8.11.0
[36.652s] -- Searching for dependencies of gz-sim8
[36.680s] -- Looking for sdformat14 -- found version 14.9.0
[36.681s] -- Searching for dependencies of sdformat14
[36.714s] -- Checking for module 'tinyxml2'
[36.857s] --   Found tinyxml2, version 10.0.0
[37.176s] -- Looking for gz-math7 -- found version 7.6.0
[37.182s] -- Looking for gz-utils2 -- found version 2.2.1
[37.193s] -- Looking for gz-plugin2 -- found version 2.0.4
[37.231s] -- Looking for gz-transport13 -- found version 13.5.0
[37.238s] -- Searching for dependencies of gz-transport13
[38.764s] -- Found Protobuf: /usr/lib/aarch64-linux-gnu/libprotobuf.so (found version "3.21.12") 
[39.078s] -- Config-file not installed for ZeroMQ -- checking for pkg-config
[39.108s] -- Checking for module 'libzmq >= 4'
[39.230s] --   Found libzmq, version 4.3.5
[39.622s] -- Found ZeroMQ: TRUE (Required is at least version "4") 
[39.667s] -- Looking for gz-utils2 -- found version 2.2.1
[39.726s] -- Looking for gz-msgs10 -- found version 10.3.2
[39.730s] -- Searching for dependencies of gz-msgs10
[40.013s] -- Looking for gz-utils2 -- found version 2.2.1
[40.016s] -- Looking for gz-math7 -- found version 7.6.0
[40.066s] -- Searching for <gz-transport13> component [log]
[40.087s] -- Looking for gz-transport13-log -- found version 13.5.0
[40.088s] -- Searching for dependencies of gz-transport13-log
[40.092s] -- Searching for <gz-transport13> component [parameters]
[40.114s] -- Looking for gz-transport13-parameters -- found version 13.5.0
[40.115s] -- Searching for dependencies of gz-transport13-parameters
[40.122s] -- Looking for gz-msgs10 -- found version 10.3.2
[40.124s] -- Looking for gz-common5 -- found version 5.8.0
[40.125s] -- Searching for dependencies of gz-common5
[40.127s] -- Looking for gz-utils2 -- found version 2.2.1
[40.128s] -- Looking for dlfcn.h - found
[40.129s] -- Looking for libdl - found
[40.168s] -- Searching for <gz-common5> component [av]
[40.197s] -- Looking for gz-common5-av -- found version 5.8.0
[40.197s] -- Searching for dependencies of gz-common5-av
[40.228s] -- Checking for module 'libswscale'
[40.345s] --   Found libswscale, version 7.5.100
[40.663s] -- Found SWSCALE: TRUE  
[40.692s] -- Checking for module 'libavdevice >= 56.4.100'
[40.807s] --   Found libavdevice, version 60.3.100
[41.202s] -- Found AVDEVICE: TRUE (Required is at least version "56.4.100") 
[41.256s] -- Checking for module 'libavformat'
[41.381s] --   Found libavformat, version 60.16.100
[41.688s] -- Found AVFORMAT: TRUE  
[41.720s] -- Checking for module 'libavcodec'
[41.888s] --   Found libavcodec, version 60.31.102
[42.196s] -- Found AVCODEC: TRUE  
[42.227s] -- Checking for module 'libavutil'
[42.341s] --   Found libavutil, version 58.29.100
[42.653s] -- Found AVUTIL: TRUE  
[42.659s] -- Searching for <gz-common5> component [events]
[42.660s] -- Searching for <gz-common5> component [graphics]
[42.661s] -- Searching for <gz-common5> component [io]
[42.690s] -- Looking for gz-common5-io -- found version 5.8.0
[42.691s] -- Searching for dependencies of gz-common5-io
[42.696s] -- Searching for <gz-common5> component [profiler]
[42.726s] -- Looking for gz-common5-profiler -- found version 5.8.0
[42.728s] -- Searching for dependencies of gz-common5-profiler
[42.762s] -- Looking for gz-fuel_tools9 -- found version 9.1.1
[42.763s] -- Searching for dependencies of gz-fuel_tools9
[43.572s] -- Found CURL: /usr/lib/aarch64-linux-gnu/libcurl.so (found version "8.5.0")  
[43.685s] -- Checking for module 'jsoncpp'
[43.799s] --   Found jsoncpp, version 1.9.5
[44.076s] -- Found JSONCPP: TRUE  
[44.366s] -- Checking for module 'yaml-0.1'
[44.477s] --   Found yaml-0.1, version 0.2.5
[44.754s] -- Found YAML: TRUE  
[44.787s] -- Checking for module 'libzip'
[44.903s] --   Found libzip, version 1.7.3
[45.194s] -- Found ZIP: TRUE  
[45.196s] -- Looking for gz-utils2 -- found version 2.2.1
[45.199s] -- Looking for gz-common5 -- found version 5.8.0
[45.200s] -- Searching for dependencies of gz-common5
[45.203s] -- Looking for gz-utils2 -- found version 2.2.1
[45.205s] -- Looking for dlfcn.h - found
[45.205s] -- Looking for libdl - found
[45.243s] -- Searching for <gz-common5> component [testing]
[45.272s] -- Looking for gz-common5-testing -- found version 5.8.0
[45.273s] -- Searching for dependencies of gz-common5-testing
[45.280s] -- Looking for gz-math7 -- found version 7.6.0
[45.282s] -- Looking for gz-msgs10 -- found version 10.3.2
[45.309s] -- Looking for gz-gui8 -- found version 8.4.0
[45.309s] -- Searching for dependencies of gz-gui8
[45.625s] -- Looking for gz-utils2 -- found version 2.2.1
[45.628s] -- Looking for gz-math7 -- found version 7.6.0
[45.630s] -- Looking for gz-common5 -- found version 5.8.0
[45.633s] -- Looking for gz-plugin2 -- found version 2.0.4
[45.636s] -- Looking for gz-transport13 -- found version 13.5.0
[45.641s] -- Looking for gz-rendering8 -- found version 8.2.3
[45.642s] -- Looking for gz-msgs10 -- found version 10.3.2
[46.016s] -- Looking for gz-physics7 -- found version 7.6.0
[46.018s] -- Searching for dependencies of gz-physics7
[46.020s] -- Looking for gz-common5 -- found version 5.8.0
[46.025s] -- Looking for gz-math7 -- found version 7.6.0
[46.027s] -- Looking for gz-plugin2 -- found version 2.0.4
[46.028s] -- Looking for gz-utils2 -- found version 2.2.1
[46.039s] -- Searching for <gz-physics7> component [heightmap]
[46.056s] -- Looking for gz-physics7-heightmap -- found version 7.6.0
[46.060s] -- Searching for dependencies of gz-physics7-heightmap
[46.060s] -- Looking for gz-common5 -- found version 5.8.0
[46.063s] -- Searching for <gz-physics7> component [mesh]
[46.083s] -- Looking for gz-physics7-mesh -- found version 7.6.0
[46.085s] -- Searching for dependencies of gz-physics7-mesh
[46.087s] -- Looking for gz-common5 -- found version 5.8.0
[46.093s] -- Searching for <gz-physics7> component [sdf]
[46.108s] -- Looking for gz-physics7-sdf -- found version 7.6.0
[46.109s] -- Searching for dependencies of gz-physics7-sdf
[46.111s] -- Looking for sdformat14 -- found version 14.9.0
[46.135s] -- Looking for gz-sensors8 -- found version 8.2.2
[46.136s] -- Searching for dependencies of gz-sensors8
[46.398s] -- Looking for gz-math7 -- found version 7.6.0
[46.400s] -- Looking for gz-common5 -- found version 5.8.0
[46.403s] -- Looking for gz-transport13 -- found version 13.5.0
[46.405s] -- Looking for gz-rendering8 -- found version 8.2.3
[46.408s] -- Looking for gz-msgs10 -- found version 10.3.2
[46.410s] -- Looking for sdformat14 -- found version 14.9.0
[46.415s] -- Searching for <gz-sensors8> component [air_pressure]
[46.430s] -- Looking for gz-sensors8-air_pressure -- found version 8.2.2
[46.431s] -- Searching for dependencies of gz-sensors8-air_pressure
[46.436s] -- Searching for <gz-sensors8> component [air_speed]
[46.451s] -- Looking for gz-sensors8-air_speed -- found version 8.2.2
[46.452s] -- Searching for dependencies of gz-sensors8-air_speed
[46.457s] -- Searching for <gz-sensors8> component [altimeter]
[46.484s] -- Looking for gz-sensors8-altimeter -- found version 8.2.2
[46.485s] -- Searching for dependencies of gz-sensors8-altimeter
[46.489s] -- Searching for <gz-sensors8> component [imu]
[46.505s] -- Looking for gz-sensors8-imu -- found version 8.2.2
[46.506s] -- Searching for dependencies of gz-sensors8-imu
[46.509s] -- Searching for <gz-sensors8> component [force_torque]
[46.524s] -- Looking for gz-sensors8-force_torque -- found version 8.2.2
[46.525s] -- Searching for dependencies of gz-sensors8-force_torque
[46.529s] -- Searching for <gz-sensors8> component [logical_camera]
[46.545s] -- Looking for gz-sensors8-logical_camera -- found version 8.2.2
[46.546s] -- Searching for dependencies of gz-sensors8-logical_camera
[46.551s] -- Searching for <gz-sensors8> component [magnetometer]
[46.566s] -- Looking for gz-sensors8-magnetometer -- found version 8.2.2
[46.568s] -- Searching for dependencies of gz-sensors8-magnetometer
[46.572s] -- Searching for <gz-sensors8> component [navsat]
[46.587s] -- Looking for gz-sensors8-navsat -- found version 8.2.2
[46.588s] -- Searching for dependencies of gz-sensors8-navsat
[46.593s] -- Searching for <gz-sensors8> component [dvl]
[46.608s] -- Looking for gz-sensors8-dvl -- found version 8.2.2
[46.609s] -- Searching for dependencies of gz-sensors8-dvl
[46.612s] -- Looking for gz-sensors8 -- found version 8.2.2
[46.613s] -- Searching for dependencies of gz-sensors8
[46.901s] -- Looking for gz-math7 -- found version 7.6.0
[46.904s] -- Looking for gz-common5 -- found version 5.8.0
[46.905s] -- Looking for gz-transport13 -- found version 13.5.0
[46.907s] -- Looking for gz-rendering8 -- found version 8.2.3
[46.911s] -- Looking for gz-msgs10 -- found version 10.3.2
[46.913s] -- Looking for sdformat14 -- found version 14.9.0
[46.914s] -- Searching for <gz-sensors8> component [rendering]
[46.930s] -- Looking for gz-sensors8-rendering -- found version 8.2.2
[46.931s] -- Searching for dependencies of gz-sensors8-rendering
[46.941s] -- Searching for <gz-sensors8> component [rendering]
[46.942s] -- Searching for <gz-sensors8> component [lidar]
[46.957s] -- Looking for gz-sensors8-lidar -- found version 8.2.2
[46.958s] -- Searching for dependencies of gz-sensors8-lidar
[46.961s] -- Looking for gz-sensors8 -- found version 8.2.2
[46.966s] -- Searching for <gz-sensors8> component [gpu_lidar]
[46.982s] -- Looking for gz-sensors8-gpu_lidar -- found version 8.2.2
[46.983s] -- Searching for dependencies of gz-sensors8-gpu_lidar
[46.985s] -- Looking for gz-sensors8 -- found version 8.2.2
[46.990s] -- Searching for <gz-sensors8> component [camera]
[47.006s] -- Looking for gz-sensors8-camera -- found version 8.2.2
[47.007s] -- Searching for dependencies of gz-sensors8-camera
[47.009s] -- Looking for gz-sensors8 -- found version 8.2.2
[47.014s] -- Searching for <gz-sensors8> component [boundingbox_camera]
[47.031s] -- Looking for gz-sensors8-boundingbox_camera -- found version 8.2.2
[47.035s] -- Searching for dependencies of gz-sensors8-boundingbox_camera
[47.039s] -- Searching for <gz-sensors8> component [segmentation_camera]
[47.052s] -- Looking for gz-sensors8-segmentation_camera -- found version 8.2.2
[47.054s] -- Searching for dependencies of gz-sensors8-segmentation_camera
[47.058s] -- Searching for <gz-sensors8> component [depth_camera]
[47.074s] -- Looking for gz-sensors8-depth_camera -- found version 8.2.2
[47.075s] -- Searching for dependencies of gz-sensors8-depth_camera
[47.077s] -- Looking for gz-sensors8 -- found version 8.2.2
[47.084s] -- Searching for <gz-sensors8> component [rgbd_camera]
[47.098s] -- Looking for gz-sensors8-rgbd_camera -- found version 8.2.2
[47.099s] -- Searching for dependencies of gz-sensors8-rgbd_camera
[47.101s] -- Looking for gz-sensors8 -- found version 8.2.2
[47.106s] -- Searching for <gz-sensors8> component [thermal_camera]
[47.122s] -- Looking for gz-sensors8-thermal_camera -- found version 8.2.2
[47.123s] -- Searching for dependencies of gz-sensors8-thermal_camera
[47.126s] -- Looking for gz-sensors8 -- found version 8.2.2
[47.132s] -- Searching for <gz-sensors8> component [wide_angle_camera]
[47.146s] -- Looking for gz-sensors8-wide_angle_camera -- found version 8.2.2
[47.147s] -- Searching for dependencies of gz-sensors8-wide_angle_camera
[47.155s] -- Looking for gz-rendering8 -- found version 8.2.3
[47.157s] -- Looking for gz-math7 -- found version 7.6.0
[47.159s] -- Looking for gz-utils2 -- found version 2.2.1
[47.436s] -- Looking for gz-sim8 - found
[47.437s] 
[47.438s] -- Compiling against Gazebo Harmonic
[47.535s] -- RapidJSON found. Headers: /usr/include
[47.665s] -- Found OpenCV: /usr (found version "4.6.0") 
[47.666s] -- Checking for modules 'gstreamer-1.0;gstreamer-app-1.0'
[47.857s] --   Found gstreamer-1.0, version 1.24.2
[47.968s] --   Found gstreamer-app-1.0, version 1.24.2
[48.458s] [0mSuccessfully added ardupilot_gazebo[0m
[48.501s] -- Looking for gz-sim8 -- found version 8.11.0
[48.504s] -- Searching for dependencies of gz-sim8
[48.506s] -- Looking for sdformat14 -- found version 14.9.0
[48.507s] -- Searching for dependencies of sdformat14
[48.539s] -- Checking for module 'tinyxml2'
[48.662s] --   Found tinyxml2, version 10.0.0
[48.940s] -- Looking for gz-math7 -- found version 7.6.0
[48.942s] -- Searching for dependencies of gz-math7
[48.945s] -- Looking for gz-utils2 -- found version 2.2.1
[48.946s] -- Searching for dependencies of gz-utils2
[48.954s] -- Looking for gz-utils2 -- found version 2.2.1
[48.955s] -- Searching for dependencies of gz-utils2
[48.960s] -- Searching for <gz-utils2> component [cli]
[48.961s] -- Looking for gz-utils2-cli -- found version 2.2.1
[48.965s] -- Searching for dependencies of gz-utils2-cli
[48.967s] -- Looking for gz-plugin2 -- found version 2.0.4
[48.968s] -- Searching for dependencies of gz-plugin2
[48.971s] -- Looking for gz-utils2 -- found version 2.2.1
[48.974s] -- Searching for <gz-plugin2> component [loader]
[48.976s] -- Looking for gz-plugin2-loader -- found version 2.0.4
[48.978s] -- Searching for dependencies of gz-plugin2-loader
[48.981s] -- Searching for <gz-plugin2> component [register]
[48.983s] -- Looking for gz-plugin2-register -- found version 2.0.4
[48.984s] -- Searching for dependencies of gz-plugin2-register
[48.989s] -- Looking for gz-transport13 -- found version 13.5.0
[48.991s] -- Searching for dependencies of gz-transport13
[49.488s] -- Config-file not installed for ZeroMQ -- checking for pkg-config
[49.517s] -- Checking for module 'libzmq >= 4'
[49.638s] --   Found libzmq, version 4.3.5
[50.067s] -- Checking for module 'uuid'
[50.180s] --   Found uuid, version 2.39.3
[50.466s] -- Looking for gz-utils2 -- found version 2.2.1
[50.469s] -- Looking for gz-msgs10 -- found version 10.3.2
[50.471s] -- Searching for dependencies of gz-msgs10
[50.781s] -- Looking for gz-utils2 -- found version 2.2.1
[50.782s] -- Looking for gz-math7 -- found version 7.6.0
[50.876s] -- Searching for <gz-transport13> component [log]
[50.876s] -- Looking for gz-transport13-log -- found version 13.5.0
[50.877s] -- Searching for dependencies of gz-transport13-log
[50.886s] -- Searching for <gz-transport13> component [parameters]
[50.888s] -- Looking for gz-transport13-parameters -- found version 13.5.0
[50.889s] -- Searching for dependencies of gz-transport13-parameters
[50.907s] -- Looking for gz-msgs10 -- found version 10.3.2
[50.907s] -- Looking for gz-common5 -- found version 5.8.0
[50.914s] -- Searching for dependencies of gz-common5
[50.920s] -- Looking for gz-utils2 -- found version 2.2.1
[50.921s] -- Looking for dlfcn.h - found
[50.922s] -- Looking for libdl - found
[51.019s] -- Searching for <gz-common5> component [av]
[51.026s] -- Looking for gz-common5-av -- found version 5.8.0
[51.026s] -- Searching for dependencies of gz-common5-av
[51.090s] -- Checking for module 'libswscale'
[51.353s] --   Found libswscale, version 7.5.100
[51.854s] -- Checking for module 'libavdevice >= 56.4.100'
[51.980s] --   Found libavdevice, version 60.3.100
[52.416s] -- Checking for module 'libavformat'
[52.543s] --   Found libavformat, version 60.16.100
[52.929s] -- Checking for module 'libavcodec'
[53.054s] --   Found libavcodec, version 60.31.102
[53.484s] -- Checking for module 'libavutil'
[53.613s] --   Found libavutil, version 58.29.100
[53.949s] -- Searching for <gz-common5> component [events]
[53.952s] -- Looking for gz-common5-events -- found version 5.8.0
[53.953s] -- Searching for dependencies of gz-common5-events
[53.956s] -- Looking for gz-math7 -- found version 7.6.0
[53.959s] -- Searching for <gz-common5> component [graphics]
[53.962s] -- Looking for gz-common5-graphics -- found version 5.8.0
[53.963s] -- Searching for dependencies of gz-common5-graphics
[53.965s] -- Looking for gz-math7 -- found version 7.6.0
[53.980s] -- Searching for <gz-common5> component [io]
[53.982s] -- Looking for gz-common5-io -- found version 5.8.0
[53.983s] -- Searching for dependencies of gz-common5-io
[53.986s] -- Searching for <gz-common5> component [profiler]
[53.989s] -- Looking for gz-common5-profiler -- found version 5.8.0
[53.990s] -- Searching for dependencies of gz-common5-profiler
[53.995s] -- Looking for gz-fuel_tools9 -- found version 9.1.1
[53.996s] -- Searching for dependencies of gz-fuel_tools9
[54.412s] -- Checking for module 'jsoncpp'
[54.595s] --   Found jsoncpp, version 1.9.5
[55.208s] -- Checking for module 'yaml-0.1'
[55.329s] --   Found yaml-0.1, version 0.2.5
[55.692s] -- Checking for module 'libzip'
[55.815s] --   Found libzip, version 1.7.3
[56.143s] -- Looking for gz-utils2 -- found version 2.2.1
[56.153s] -- Looking for gz-common5 -- found version 5.8.0
[56.159s] -- Searching for dependencies of gz-common5
[56.167s] -- Looking for gz-utils2 -- found version 2.2.1
[56.173s] -- Looking for dlfcn.h - found
[56.178s] -- Looking for libdl - found
[56.223s] -- Searching for <gz-common5> component [testing]
[56.227s] -- Looking for gz-common5-testing -- found version 5.8.0
[56.228s] -- Searching for dependencies of gz-common5-testing
[56.234s] -- Looking for gz-math7 -- found version 7.6.0
[56.239s] -- Looking for gz-msgs10 -- found version 10.3.2
[56.242s] -- Looking for gz-gui8 -- found version 8.4.0
[56.243s] -- Searching for dependencies of gz-gui8
[56.545s] -- Looking for gz-utils2 -- found version 2.2.1
[56.550s] -- Looking for gz-math7 -- found version 7.6.0
[56.556s] -- Looking for gz-common5 -- found version 5.8.0
[56.558s] -- Looking for gz-plugin2 -- found version 2.0.4
[56.561s] -- Looking for gz-transport13 -- found version 13.5.0
[56.564s] -- Looking for gz-rendering8 -- found version 8.2.3
[56.565s] -- Searching for dependencies of gz-rendering8
[56.567s] -- Looking for gz-math7 -- found version 7.6.0
[56.568s] -- Searching for dependencies of gz-math7
[56.571s] -- Looking for gz-utils2 -- found version 2.2.1
[56.572s] -- Searching for <gz-math7> component [eigen3]
[56.574s] -- Looking for gz-math7-eigen3 -- found version 7.6.0
[56.575s] -- Searching for dependencies of gz-math7-eigen3
[56.585s] -- Looking for gz-common5 -- found version 5.8.0
[56.586s] -- Searching for dependencies of gz-common5
[56.587s] -- Looking for gz-utils2 -- found version 2.2.1
[56.588s] -- Looking for dlfcn.h - found
[56.590s] -- Looking for libdl - found
[56.631s] -- Searching for <gz-common5> component [graphics]
[56.633s] -- Searching for <gz-common5> component [events]
[56.633s] -- Searching for <gz-common5> component [geospatial]
[56.634s] -- Looking for gz-common5-geospatial -- found version 5.8.0
[56.636s] -- Searching for dependencies of gz-common5-geospatial
[56.638s] -- Looking for gz-math7 -- found version 7.6.0
[56.640s] -- Looking for gz-common5 -- found version 5.8.0
[56.648s] -- Looking for gz-plugin2 -- found version 2.0.4
[56.649s] -- Searching for dependencies of gz-plugin2
[56.651s] -- Looking for gz-utils2 -- found version 2.2.1
[56.652s] -- Searching for <gz-plugin2> component [all]
[56.654s] -- Looking for all libraries of gz-plugin2 -- found version 2.0.4
[56.657s] -- Looking for gz-plugin2 -- found version 2.0.4
[56.663s] -- Looking for gz-utils2 -- found version 2.2.1
[56.688s] -- Looking for gz-msgs10 -- found version 10.3.2
[56.784s] -- Looking for gz-physics7 -- found version 7.6.0
[56.786s] -- Searching for dependencies of gz-physics7
[56.787s] -- Looking for gz-common5 -- found version 5.8.0
[56.790s] -- Looking for gz-math7 -- found version 7.6.0
[56.795s] -- Looking for gz-plugin2 -- found version 2.0.4
[56.797s] -- Looking for gz-utils2 -- found version 2.2.1
[56.802s] -- Searching for <gz-physics7> component [heightmap]
[56.804s] -- Looking for gz-physics7-heightmap -- found version 7.6.0
[56.805s] -- Searching for dependencies of gz-physics7-heightmap
[56.808s] -- Looking for gz-common5 -- found version 5.8.0
[56.810s] -- Searching for <gz-physics7> component [mesh]
[56.813s] -- Looking for gz-physics7-mesh -- found version 7.6.0
[56.814s] -- Searching for dependencies of gz-physics7-mesh
[56.816s] -- Looking for gz-common5 -- found version 5.8.0
[56.819s] -- Searching for <gz-physics7> component [sdf]
[56.821s] -- Looking for gz-physics7-sdf -- found version 7.6.0
[56.822s] -- Searching for dependencies of gz-physics7-sdf
[56.824s] -- Looking for sdformat14 -- found version 14.9.0
[56.830s] -- Looking for gz-sensors8 -- found version 8.2.2
[56.831s] -- Searching for dependencies of gz-sensors8
[57.106s] -- Looking for gz-math7 -- found version 7.6.0
[57.111s] -- Looking for gz-common5 -- found version 5.8.0
[57.112s] -- Looking for gz-transport13 -- found version 13.5.0
[57.116s] -- Looking for gz-rendering8 -- found version 8.2.3
[57.120s] -- Looking for gz-msgs10 -- found version 10.3.2
[57.123s] -- Looking for sdformat14 -- found version 14.9.0
[57.127s] -- Searching for <gz-sensors8> component [air_pressure]
[57.129s] -- Looking for gz-sensors8-air_pressure -- found version 8.2.2
[57.131s] -- Searching for dependencies of gz-sensors8-air_pressure
[57.134s] -- Searching for <gz-sensors8> component [air_speed]
[57.136s] -- Looking for gz-sensors8-air_speed -- found version 8.2.2
[57.137s] -- Searching for dependencies of gz-sensors8-air_speed
[57.141s] -- Searching for <gz-sensors8> component [altimeter]
[57.143s] -- Looking for gz-sensors8-altimeter -- found version 8.2.2
[57.144s] -- Searching for dependencies of gz-sensors8-altimeter
[57.147s] -- Searching for <gz-sensors8> component [imu]
[57.150s] -- Looking for gz-sensors8-imu -- found version 8.2.2
[57.151s] -- Searching for dependencies of gz-sensors8-imu
[57.155s] -- Searching for <gz-sensors8> component [force_torque]
[57.157s] -- Looking for gz-sensors8-force_torque -- found version 8.2.2
[57.159s] -- Searching for dependencies of gz-sensors8-force_torque
[57.162s] -- Searching for <gz-sensors8> component [logical_camera]
[57.165s] -- Looking for gz-sensors8-logical_camera -- found version 8.2.2
[57.166s] -- Searching for dependencies of gz-sensors8-logical_camera
[57.170s] -- Searching for <gz-sensors8> component [magnetometer]
[57.173s] -- Looking for gz-sensors8-magnetometer -- found version 8.2.2
[57.174s] -- Searching for dependencies of gz-sensors8-magnetometer
[57.183s] -- Searching for <gz-sensors8> component [navsat]
[57.184s] -- Looking for gz-sensors8-navsat -- found version 8.2.2
[57.187s] -- Searching for dependencies of gz-sensors8-navsat
[57.193s] -- Searching for <gz-sensors8> component [dvl]
[57.197s] -- Looking for gz-sensors8-dvl -- found version 8.2.2
[57.201s] -- Searching for dependencies of gz-sensors8-dvl
[57.202s] -- Looking for gz-sensors8 -- found version 8.2.2
[57.203s] -- Searching for dependencies of gz-sensors8
[57.481s] -- Looking for gz-math7 -- found version 7.6.0
[57.484s] -- Looking for gz-common5 -- found version 5.8.0
[57.486s] -- Looking for gz-transport13 -- found version 13.5.0
[57.489s] -- Looking for gz-rendering8 -- found version 8.2.3
[57.492s] -- Looking for gz-msgs10 -- found version 10.3.2
[57.494s] -- Looking for sdformat14 -- found version 14.9.0
[57.495s] -- Searching for <gz-sensors8> component [rendering]
[57.499s] -- Looking for gz-sensors8-rendering -- found version 8.2.2
[57.501s] -- Searching for dependencies of gz-sensors8-rendering
[57.508s] -- Searching for <gz-sensors8> component [rendering]
[57.509s] -- Searching for <gz-sensors8> component [lidar]
[57.512s] -- Looking for gz-sensors8-lidar -- found version 8.2.2
[57.513s] -- Searching for dependencies of gz-sensors8-lidar
[57.516s] -- Looking for gz-sensors8 -- found version 8.2.2
[57.518s] -- Searching for <gz-sensors8> component [gpu_lidar]
[57.520s] -- Looking for gz-sensors8-gpu_lidar -- found version 8.2.2
[57.521s] -- Searching for dependencies of gz-sensors8-gpu_lidar
[57.524s] -- Looking for gz-sensors8 -- found version 8.2.2
[57.527s] -- Searching for <gz-sensors8> component [camera]
[57.530s] -- Looking for gz-sensors8-camera -- found version 8.2.2
[57.531s] -- Searching for dependencies of gz-sensors8-camera
[57.533s] -- Looking for gz-sensors8 -- found version 8.2.2
[57.536s] -- Searching for <gz-sensors8> component [boundingbox_camera]
[57.539s] -- Looking for gz-sensors8-boundingbox_camera -- found version 8.2.2
[57.540s] -- Searching for dependencies of gz-sensors8-boundingbox_camera
[57.543s] -- Searching for <gz-sensors8> component [segmentation_camera]
[57.546s] -- Looking for gz-sensors8-segmentation_camera -- found version 8.2.2
[57.547s] -- Searching for dependencies of gz-sensors8-segmentation_camera
[57.550s] -- Searching for <gz-sensors8> component [depth_camera]
[57.553s] -- Looking for gz-sensors8-depth_camera -- found version 8.2.2
[57.554s] -- Searching for dependencies of gz-sensors8-depth_camera
[57.556s] -- Looking for gz-sensors8 -- found version 8.2.2
[57.560s] -- Searching for <gz-sensors8> component [rgbd_camera]
[57.562s] -- Looking for gz-sensors8-rgbd_camera -- found version 8.2.2
[57.563s] -- Searching for dependencies of gz-sensors8-rgbd_camera
[57.565s] -- Looking for gz-sensors8 -- found version 8.2.2
[57.569s] -- Searching for <gz-sensors8> component [thermal_camera]
[57.571s] -- Looking for gz-sensors8-thermal_camera -- found version 8.2.2
[57.573s] -- Searching for dependencies of gz-sensors8-thermal_camera
[57.575s] -- Looking for gz-sensors8 -- found version 8.2.2
[57.579s] -- Searching for <gz-sensors8> component [wide_angle_camera]
[57.585s] -- Looking for gz-sensors8-wide_angle_camera -- found version 8.2.2
[57.586s] -- Searching for dependencies of gz-sensors8-wide_angle_camera
[57.590s] -- Looking for gz-rendering8 -- found version 8.2.3
[57.593s] -- Looking for gz-math7 -- found version 7.6.0
[57.595s] -- Looking for gz-utils2 -- found version 2.2.1
[57.883s] -- Looking for gz-sim8 - found
[57.884s] 
[57.887s] -- Looking for gz-transport13 -- found version 13.5.0
[57.888s] -- Looking for gz-transport13 - found
[57.889s] 
[57.892s] -- Looking for gz-msgs10 -- found version 10.3.2
[57.893s] -- Looking for gz-msgs10 - found
[57.894s] 
[57.904s] -- Looking for gz-sim8 -- found version 8.11.0
[57.907s] -- Searching for dependencies of gz-sim8
[57.909s] -- Looking for sdformat14 -- found version 14.9.0
[57.910s] -- Searching for dependencies of sdformat14
[57.951s] -- Checking for module 'tinyxml2'
[58.080s] --   Found tinyxml2, version 10.0.0
[58.355s] -- Looking for gz-math7 -- found version 7.6.0
[58.356s] -- Searching for dependencies of gz-math7
[58.359s] -- Looking for gz-utils2 -- found version 2.2.1
[58.364s] -- Searching for dependencies of gz-utils2
[58.373s] -- Looking for gz-utils2 -- found version 2.2.1
[58.375s] -- Searching for dependencies of gz-utils2
[58.379s] -- Searching for <gz-utils2> component [cli]
[58.380s] -- Looking for gz-utils2-cli -- found version 2.2.1
[58.382s] -- Searching for dependencies of gz-utils2-cli
[58.392s] -- Looking for gz-plugin2 -- found version 2.0.4
[58.393s] -- Searching for dependencies of gz-plugin2
[58.398s] -- Looking for gz-utils2 -- found version 2.2.1
[58.401s] -- Searching for <gz-plugin2> component [loader]
[58.404s] -- Looking for gz-plugin2-loader -- found version 2.0.4
[58.408s] -- Searching for dependencies of gz-plugin2-loader
[58.414s] -- Searching for <gz-plugin2> component [register]
[58.415s] -- Looking for gz-plugin2-register -- found version 2.0.4
[58.417s] -- Searching for dependencies of gz-plugin2-register
[58.425s] -- Looking for gz-transport13 -- found version 13.5.0
[58.426s] -- Searching for dependencies of gz-transport13
[58.929s] -- Config-file not installed for ZeroMQ -- checking for pkg-config
[58.969s] -- Checking for module 'libzmq >= 4'
[59.082s] --   Found libzmq, version 4.3.5
[59.612s] -- Checking for module 'uuid'
[59.748s] --   Found uuid, version 2.39.3
[60.052s] -- Looking for gz-utils2 -- found version 2.2.1
[60.057s] -- Looking for gz-msgs10 -- found version 10.3.2
[60.061s] -- Searching for dependencies of gz-msgs10
[60.384s] -- Looking for gz-utils2 -- found version 2.2.1
[60.385s] -- Looking for gz-math7 -- found version 7.6.0
[60.444s] -- Searching for <gz-transport13> component [log]
[60.450s] -- Looking for gz-transport13-log -- found version 13.5.0
[60.451s] -- Searching for dependencies of gz-transport13-log
[60.458s] -- Searching for <gz-transport13> component [parameters]
[60.459s] -- Looking for gz-transport13-parameters -- found version 13.5.0
[60.463s] -- Searching for dependencies of gz-transport13-parameters
[60.470s] -- Looking for gz-msgs10 -- found version 10.3.2
[60.471s] -- Looking for gz-common5 -- found version 5.8.0
[60.472s] -- Searching for dependencies of gz-common5
[60.478s] -- Looking for gz-utils2 -- found version 2.2.1
[60.479s] -- Looking for dlfcn.h - found
[60.480s] -- Looking for libdl - found
[60.532s] -- Searching for <gz-common5> component [av]
[60.533s] -- Looking for gz-common5-av -- found version 5.8.0
[60.537s] -- Searching for dependencies of gz-common5-av
[60.574s] -- Checking for module 'libswscale'
[60.695s] --   Found libswscale, version 7.5.100
[61.027s] -- Checking for module 'libavdevice >= 56.4.100'
[61.195s] --   Found libavdevice, version 60.3.100
[61.601s] -- Checking for module 'libavformat'
[61.729s] --   Found libavformat, version 60.16.100
[62.142s] -- Checking for module 'libavcodec'
[62.300s] --   Found libavcodec, version 60.31.102
[62.725s] -- Checking for module 'libavutil'
[62.853s] --   Found libavutil, version 58.29.100
[63.149s] -- Searching for <gz-common5> component [events]
[63.154s] -- Looking for gz-common5-events -- found version 5.8.0
[63.155s] -- Searching for dependencies of gz-common5-events
[63.157s] -- Looking for gz-math7 -- found version 7.6.0
[63.160s] -- Searching for <gz-common5> component [graphics]
[63.163s] -- Looking for gz-common5-graphics -- found version 5.8.0
[63.164s] -- Searching for dependencies of gz-common5-graphics
[63.166s] -- Looking for gz-math7 -- found version 7.6.0
[63.180s] -- Searching for <gz-common5> component [io]
[63.182s] -- Looking for gz-common5-io -- found version 5.8.0
[63.184s] -- Searching for dependencies of gz-common5-io
[63.187s] -- Searching for <gz-common5> component [profiler]
[63.190s] -- Looking for gz-common5-profiler -- found version 5.8.0
[63.191s] -- Searching for dependencies of gz-common5-profiler
[63.200s] -- Looking for gz-fuel_tools9 -- found version 9.1.1
[63.205s] -- Searching for dependencies of gz-fuel_tools9
[63.654s] -- Checking for module 'jsoncpp'
[63.785s] --   Found jsoncpp, version 1.9.5
[64.835s] -- Checking for module 'yaml-0.1'
[64.836s] --   Found yaml-0.1, version 0.2.5
[64.883s] -- Checking for module 'libzip'
[65.038s] --   Found libzip, version 1.7.3
[65.363s] -- Looking for gz-utils2 -- found version 2.2.1
[65.366s] -- Looking for gz-common5 -- found version 5.8.0
[65.367s] -- Searching for dependencies of gz-common5
[65.373s] -- Looking for gz-utils2 -- found version 2.2.1
[65.374s] -- Looking for dlfcn.h - found
[65.375s] -- Looking for libdl - found
[65.427s] -- Searching for <gz-common5> component [testing]
[65.429s] -- Looking for gz-common5-testing -- found version 5.8.0
[65.433s] -- Searching for dependencies of gz-common5-testing
[65.438s] -- Looking for gz-math7 -- found version 7.6.0
[65.442s] -- Looking for gz-msgs10 -- found version 10.3.2
[65.451s] -- Looking for gz-gui8 -- found version 8.4.0
[65.453s] -- Searching for dependencies of gz-gui8
[65.818s] -- Looking for gz-utils2 -- found version 2.2.1
[65.820s] -- Looking for gz-math7 -- found version 7.6.0
[65.823s] -- Looking for gz-common5 -- found version 5.8.0
[65.828s] -- Looking for gz-plugin2 -- found version 2.0.4
[65.830s] -- Looking for gz-transport13 -- found version 13.5.0
[65.831s] -- Looking for gz-rendering8 -- found version 8.2.3
[65.833s] -- Searching for dependencies of gz-rendering8
[65.836s] -- Looking for gz-math7 -- found version 7.6.0
[65.837s] -- Searching for dependencies of gz-math7
[65.840s] -- Looking for gz-utils2 -- found version 2.2.1
[65.841s] -- Searching for <gz-math7> component [eigen3]
[65.843s] -- Looking for gz-math7-eigen3 -- found version 7.6.0
[65.844s] -- Searching for dependencies of gz-math7-eigen3
[65.853s] -- Looking for gz-common5 -- found version 5.8.0
[65.856s] -- Searching for dependencies of gz-common5
[65.857s] -- Looking for gz-utils2 -- found version 2.2.1
[65.858s] -- Looking for dlfcn.h - found
[65.859s] -- Looking for libdl - found
[65.906s] -- Searching for <gz-common5> component [graphics]
[65.907s] -- Searching for <gz-common5> component [events]
[65.908s] -- Searching for <gz-common5> component [geospatial]
[65.910s] -- Looking for gz-common5-geospatial -- found version 5.8.0
[65.914s] -- Searching for dependencies of gz-common5-geospatial
[65.915s] -- Looking for gz-math7 -- found version 7.6.0
[65.917s] -- Looking for gz-common5 -- found version 5.8.0
[65.924s] -- Looking for gz-plugin2 -- found version 2.0.4
[65.925s] -- Searching for dependencies of gz-plugin2
[65.928s] -- Looking for gz-utils2 -- found version 2.2.1
[65.929s] -- Searching for <gz-plugin2> component [all]
[65.932s] -- Looking for all libraries of gz-plugin2 -- found version 2.0.4
[65.936s] -- Looking for gz-plugin2 -- found version 2.0.4
[65.941s] -- Looking for gz-utils2 -- found version 2.2.1
[65.961s] -- Looking for gz-msgs10 -- found version 10.3.2
[66.062s] -- Looking for gz-physics7 -- found version 7.6.0
[66.064s] -- Searching for dependencies of gz-physics7
[66.067s] -- Looking for gz-common5 -- found version 5.8.0
[66.068s] -- Looking for gz-math7 -- found version 7.6.0
[66.071s] -- Looking for gz-plugin2 -- found version 2.0.4
[66.073s] -- Looking for gz-utils2 -- found version 2.2.1
[66.081s] -- Searching for <gz-physics7> component [heightmap]
[66.084s] -- Looking for gz-physics7-heightmap -- found version 7.6.0
[66.084s] -- Searching for dependencies of gz-physics7-heightmap
[66.086s] -- Looking for gz-common5 -- found version 5.8.0
[66.089s] -- Searching for <gz-physics7> component [mesh]
[66.091s] -- Looking for gz-physics7-mesh -- found version 7.6.0
[66.092s] -- Searching for dependencies of gz-physics7-mesh
[66.094s] -- Looking for gz-common5 -- found version 5.8.0
[66.097s] -- Searching for <gz-physics7> component [sdf]
[66.100s] -- Looking for gz-physics7-sdf -- found version 7.6.0
[66.101s] -- Searching for dependencies of gz-physics7-sdf
[66.103s] -- Looking for sdformat14 -- found version 14.9.0
[66.108s] -- Looking for gz-sensors8 -- found version 8.2.2
[66.110s] -- Searching for dependencies of gz-sensors8
[66.436s] -- Looking for gz-math7 -- found version 7.6.0
[66.437s] -- Looking for gz-common5 -- found version 5.8.0
[66.442s] -- Looking for gz-transport13 -- found version 13.5.0
[66.443s] -- Looking for gz-rendering8 -- found version 8.2.3
[66.445s] -- Looking for gz-msgs10 -- found version 10.3.2
[66.447s] -- Looking for sdformat14 -- found version 14.9.0
[66.450s] -- Searching for <gz-sensors8> component [air_pressure]
[66.453s] -- Looking for gz-sensors8-air_pressure -- found version 8.2.2
[66.454s] -- Searching for dependencies of gz-sensors8-air_pressure
[66.457s] -- Searching for <gz-sensors8> component [air_speed]
[66.460s] -- Looking for gz-sensors8-air_speed -- found version 8.2.2
[66.461s] -- Searching for dependencies of gz-sensors8-air_speed
[66.465s] -- Searching for <gz-sensors8> component [altimeter]
[66.467s] -- Looking for gz-sensors8-altimeter -- found version 8.2.2
[66.468s] -- Searching for dependencies of gz-sensors8-altimeter
[66.470s] -- Searching for <gz-sensors8> component [imu]
[66.473s] -- Looking for gz-sensors8-imu -- found version 8.2.2
[66.474s] -- Searching for dependencies of gz-sensors8-imu
[66.477s] -- Searching for <gz-sensors8> component [force_torque]
[66.479s] -- Looking for gz-sensors8-force_torque -- found version 8.2.2
[66.480s] -- Searching for dependencies of gz-sensors8-force_torque
[66.484s] -- Searching for <gz-sensors8> component [logical_camera]
[66.487s] -- Looking for gz-sensors8-logical_camera -- found version 8.2.2
[66.489s] -- Searching for dependencies of gz-sensors8-logical_camera
[66.491s] -- Searching for <gz-sensors8> component [magnetometer]
[66.493s] -- Looking for gz-sensors8-magnetometer -- found version 8.2.2
[66.494s] -- Searching for dependencies of gz-sensors8-magnetometer
[66.497s] -- Searching for <gz-sensors8> component [navsat]
[66.500s] -- Looking for gz-sensors8-navsat -- found version 8.2.2
[66.501s] -- Searching for dependencies of gz-sensors8-navsat
[66.504s] -- Searching for <gz-sensors8> component [dvl]
[66.506s] -- Looking for gz-sensors8-dvl -- found version 8.2.2
[66.507s] -- Searching for dependencies of gz-sensors8-dvl
[66.509s] -- Looking for gz-sensors8 -- found version 8.2.2
[66.510s] -- Searching for dependencies of gz-sensors8
[66.791s] -- Looking for gz-math7 -- found version 7.6.0
[66.792s] -- Looking for gz-common5 -- found version 5.8.0
[66.795s] -- Looking for gz-transport13 -- found version 13.5.0
[66.801s] -- Looking for gz-rendering8 -- found version 8.2.3
[66.801s] -- Looking for gz-msgs10 -- found version 10.3.2
[66.805s] -- Looking for sdformat14 -- found version 14.9.0
[66.807s] -- Searching for <gz-sensors8> component [rendering]
[66.810s] -- Looking for gz-sensors8-rendering -- found version 8.2.2
[66.813s] -- Searching for dependencies of gz-sensors8-rendering
[66.820s] -- Searching for <gz-sensors8> component [rendering]
[66.821s] -- Searching for <gz-sensors8> component [lidar]
[66.825s] -- Looking for gz-sensors8-lidar -- found version 8.2.2
[66.826s] -- Searching for dependencies of gz-sensors8-lidar
[66.831s] -- Looking for gz-sensors8 -- found version 8.2.2
[66.833s] -- Searching for <gz-sensors8> component [gpu_lidar]
[66.836s] -- Looking for gz-sensors8-gpu_lidar -- found version 8.2.2
[66.838s] -- Searching for dependencies of gz-sensors8-gpu_lidar
[66.839s] -- Looking for gz-sensors8 -- found version 8.2.2
[66.842s] -- Searching for <gz-sensors8> component [camera]
[66.845s] -- Looking for gz-sensors8-camera -- found version 8.2.2
[66.846s] -- Searching for dependencies of gz-sensors8-camera
[66.848s] -- Looking for gz-sensors8 -- found version 8.2.2
[66.851s] -- Searching for <gz-sensors8> component [boundingbox_camera]
[66.854s] -- Looking for gz-sensors8-boundingbox_camera -- found version 8.2.2
[66.855s] -- Searching for dependencies of gz-sensors8-boundingbox_camera
[66.858s] -- Searching for <gz-sensors8> component [segmentation_camera]
[66.860s] -- Looking for gz-sensors8-segmentation_camera -- found version 8.2.2
[66.861s] -- Searching for dependencies of gz-sensors8-segmentation_camera
[66.864s] -- Searching for <gz-sensors8> component [depth_camera]
[66.867s] -- Looking for gz-sensors8-depth_camera -- found version 8.2.2
[66.868s] -- Searching for dependencies of gz-sensors8-depth_camera
[66.871s] -- Looking for gz-sensors8 -- found version 8.2.2
[66.873s] -- Searching for <gz-sensors8> component [rgbd_camera]
[66.876s] -- Looking for gz-sensors8-rgbd_camera -- found version 8.2.2
[66.876s] -- Searching for dependencies of gz-sensors8-rgbd_camera
[66.879s] -- Looking for gz-sensors8 -- found version 8.2.2
[66.882s] -- Searching for <gz-sensors8> component [thermal_camera]
[66.884s] -- Looking for gz-sensors8-thermal_camera -- found version 8.2.2
[66.885s] -- Searching for dependencies of gz-sensors8-thermal_camera
[66.887s] -- Looking for gz-sensors8 -- found version 8.2.2
[66.891s] -- Searching for <gz-sensors8> component [wide_angle_camera]
[66.893s] -- Looking for gz-sensors8-wide_angle_camera -- found version 8.2.2
[66.894s] -- Searching for dependencies of gz-sensors8-wide_angle_camera
[66.900s] -- Looking for gz-rendering8 -- found version 8.2.3
[66.902s] -- Looking for gz-math7 -- found version 7.6.0
[66.904s] -- Looking for gz-utils2 -- found version 2.2.1
[67.171s] -- Looking for gz-sim8 - found
[67.171s] 
[67.178s] -- Looking for gz-sensors8 -- found version 8.2.2
[67.181s] -- Looking for gz-sensors8 - found
[67.181s] 
[67.184s] -- Looking for gz-plugin2 -- found version 2.0.4
[67.188s] -- Looking for gz-plugin2 - found
[67.188s] 
[67.193s] -- Configuring done (66.5s)
[68.018s] -- Generating done (0.7s)
[68.162s] -- Build files have been written to: /home/ngt/ZENS-Final-AUVC/build/gazebo_bluerov2
