[13.428s] Invoking command in '/home/ngt/ZENS-Final-AUVC/ros_ws/src/launcher': PYTHONPATH=/home/ngt/ZENS-Final-AUVC/ros_ws/build/launcher/prefix_override:/usr/lib/python3/dist-packages/colcon_core/task/python/colcon_distutils_commands:/home/ngt/ZENS-Final-AUVC/ros_ws/install/launcher/lib/python3.12/site-packages:${PYTHONPATH} /usr/bin/python3 -W ignore:setup.py install is deprecated -W ignore:easy_install command is deprecated setup.py egg_info --egg-base ../../build/launcher build --build-base /home/ngt/ZENS-Final-AUVC/ros_ws/build/launcher/build install --record /home/ngt/ZENS-Final-AUVC/ros_ws/build/launcher/install.log --install-scripts $base/lib/launcher --single-version-externally-managed install_data
[16.907s] running egg_info
[17.178s] writing ../../build/launcher/launcher.egg-info/PKG-INFO
[17.181s] writing dependency_links to ../../build/launcher/launcher.egg-info/dependency_links.txt
[17.183s] writing requirements to ../../build/launcher/launcher.egg-info/requires.txt
[17.184s] writing top-level names to ../../build/launcher/launcher.egg-info/top_level.txt
[18.992s] reading manifest file '../../build/launcher/launcher.egg-info/SOURCES.txt'
[18.998s] writing manifest file '../../build/launcher/launcher.egg-info/SOURCES.txt'
[19.002s] running build
[19.003s] running build_py
[19.012s] running install
[19.035s] running install_lib
[19.519s] running install_data
[19.525s] copying launch/all_systems.launch.yaml -> /home/ngt/ZENS-Final-AUVC/ros_ws/install/launcher/share/launcher/launch
[19.529s] running install_egg_info
[20.033s] removing '/home/ngt/ZENS-Final-AUVC/ros_ws/install/launcher/lib/python3.12/site-packages/launcher-0.0.0-py3.12.egg-info' (and everything under it)
[20.045s] Copying ../../build/launcher/launcher.egg-info to /home/ngt/ZENS-Final-AUVC/ros_ws/install/launcher/lib/python3.12/site-packages/launcher-0.0.0-py3.12.egg-info
[20.080s] running install_scripts
[20.783s] writing list of installed files to '/home/ngt/ZENS-Final-AUVC/ros_ws/build/launcher/install.log'
[20.977s] Invoked command in '/home/ngt/ZENS-Final-AUVC/ros_ws/src/launcher' returned '0': PYTHONPATH=/home/ngt/ZENS-Final-AUVC/ros_ws/build/launcher/prefix_override:/usr/lib/python3/dist-packages/colcon_core/task/python/colcon_distutils_commands:/home/ngt/ZENS-Final-AUVC/ros_ws/install/launcher/lib/python3.12/site-packages:${PYTHONPATH} /usr/bin/python3 -W ignore:setup.py install is deprecated -W ignore:easy_install command is deprecated setup.py egg_info --egg-base ../../build/launcher build --build-base /home/ngt/ZENS-Final-AUVC/ros_ws/build/launcher/build install --record /home/ngt/ZENS-Final-AUVC/ros_ws/build/launcher/install.log --install-scripts $base/lib/launcher --single-version-externally-managed install_data
