[0.603s] DEBUG:colcon:Command line arguments: ['/usr/bin/colcon', 'build']
[0.603s] DEBUG:colcon:Parsed command line arguments: Namespace(log_base=None, log_level=None, verb_name='build', build_base='build', install_base='install', merge_install=False, symlink_install=False, test_result_base=None, continue_on_error=False, executor='parallel', parallel_workers=4, event_handlers=None, ignore_user_meta=False, metas=['./colcon.meta'], base_paths=['.'], packages_ignore=None, packages_ignore_regex=None, paths=None, packages_up_to=None, packages_up_to_regex=None, packages_above=None, packages_above_and_dependencies=None, packages_above_depth=None, packages_select_by_dep=None, packages_skip_by_dep=None, packages_skip_up_to=None, packages_select_build_failed=False, packages_skip_build_finished=False, packages_select_test_failures=False, packages_skip_test_passed=False, packages_select=None, packages_skip=None, packages_select_regex=None, packages_skip_regex=None, packages_start=None, packages_end=None, allow_overriding=[], cmake_args=None, cmake_target=None, cmake_target_skip_unavailable=False, cmake_clean_cache=False, cmake_clean_first=False, cmake_force_configure=False, ament_cmake_args=None, catkin_cmake_args=None, catkin_skip_building_tests=False, mixin_files=None, mixin=None, verb_parser=<colcon_mixin.mixin.mixin_argument.MixinArgumentDecorator object at 0xffff9e2ca180>, verb_extension=<colcon_core.verb.build.BuildVerb object at 0xffff9e2c9e80>, main=<bound method BuildVerb.main of <colcon_core.verb.build.BuildVerb object at 0xffff9e2c9e80>>, mixin_verb=('build',))
[0.811s] Level 1:colcon.colcon_core.package_discovery:discover_packages(colcon_meta) check parameters
[0.812s] Level 1:colcon.colcon_core.package_discovery:discover_packages(recursive) check parameters
[0.812s] Level 1:colcon.colcon_core.package_discovery:discover_packages(ignore) check parameters
[0.812s] Level 1:colcon.colcon_core.package_discovery:discover_packages(path) check parameters
[0.813s] Level 1:colcon.colcon_core.package_discovery:discover_packages(colcon_meta) discover
[0.813s] Level 1:colcon.colcon_core.package_discovery:discover_packages(recursive) discover
[0.813s] INFO:colcon.colcon_core.package_discovery:Crawling recursively for packages in '/home/ngt/ZENS-Final-AUVC/ros_ws'
[0.814s] Level 1:colcon.colcon_core.package_identification:_identify(.) by extensions ['ignore', 'ignore_ament_install']
[0.814s] Level 1:colcon.colcon_core.package_identification:_identify(.) by extension 'ignore'
[0.814s] Level 1:colcon.colcon_core.package_identification:_identify(.) by extension 'ignore_ament_install'
[0.815s] Level 1:colcon.colcon_core.package_identification:_identify(.) by extensions ['colcon_pkg']
[0.815s] Level 1:colcon.colcon_core.package_identification:_identify(.) by extension 'colcon_pkg'
[0.815s] Level 1:colcon.colcon_core.package_identification:_identify(.) by extensions ['colcon_meta']
[0.815s] Level 1:colcon.colcon_core.package_identification:_identify(.) by extension 'colcon_meta'
[0.815s] Level 1:colcon.colcon_core.package_identification:_identify(.) by extensions ['ros']
[0.816s] Level 1:colcon.colcon_core.package_identification:_identify(.) by extension 'ros'
[0.941s] Level 1:colcon.colcon_core.package_identification:_identify(.) by extensions ['cmake', 'python']
[0.941s] Level 1:colcon.colcon_core.package_identification:_identify(.) by extension 'cmake'
[0.942s] Level 1:colcon.colcon_core.package_identification:_identify(.) by extension 'python'
[0.942s] Level 1:colcon.colcon_core.package_identification:_identify(.) by extensions ['python_setup_py']
[0.943s] Level 1:colcon.colcon_core.package_identification:_identify(.) by extension 'python_setup_py'
[0.944s] Level 1:colcon.colcon_core.package_identification:_identify(build) by extensions ['ignore', 'ignore_ament_install']
[0.944s] Level 1:colcon.colcon_core.package_identification:_identify(build) by extension 'ignore'
[0.945s] Level 1:colcon.colcon_core.package_identification:_identify(build) ignored
[0.946s] Level 1:colcon.colcon_core.package_identification:_identify(bwsibot) by extensions ['ignore', 'ignore_ament_install']
[0.947s] Level 1:colcon.colcon_core.package_identification:_identify(bwsibot) by extension 'ignore'
[0.947s] Level 1:colcon.colcon_core.package_identification:_identify(bwsibot) by extension 'ignore_ament_install'
[0.948s] Level 1:colcon.colcon_core.package_identification:_identify(bwsibot) by extensions ['colcon_pkg']
[0.948s] Level 1:colcon.colcon_core.package_identification:_identify(bwsibot) by extension 'colcon_pkg'
[0.949s] Level 1:colcon.colcon_core.package_identification:_identify(bwsibot) by extensions ['colcon_meta']
[0.949s] Level 1:colcon.colcon_core.package_identification:_identify(bwsibot) by extension 'colcon_meta'
[0.949s] Level 1:colcon.colcon_core.package_identification:_identify(bwsibot) by extensions ['ros']
[0.949s] Level 1:colcon.colcon_core.package_identification:_identify(bwsibot) by extension 'ros'
[0.950s] Level 1:colcon.colcon_core.package_identification:_identify(bwsibot) by extensions ['cmake', 'python']
[0.950s] Level 1:colcon.colcon_core.package_identification:_identify(bwsibot) by extension 'cmake'
[0.951s] Level 1:colcon.colcon_core.package_identification:_identify(bwsibot) by extension 'python'
[0.952s] Level 1:colcon.colcon_core.package_identification:_identify(bwsibot) by extensions ['python_setup_py']
[0.952s] Level 1:colcon.colcon_core.package_identification:_identify(bwsibot) by extension 'python_setup_py'
[0.953s] Level 1:colcon.colcon_core.package_identification:_identify(bwsibot/logs) by extensions ['ignore', 'ignore_ament_install']
[0.953s] Level 1:colcon.colcon_core.package_identification:_identify(bwsibot/logs) by extension 'ignore'
[0.953s] Level 1:colcon.colcon_core.package_identification:_identify(bwsibot/logs) by extension 'ignore_ament_install'
[0.954s] Level 1:colcon.colcon_core.package_identification:_identify(bwsibot/logs) by extensions ['colcon_pkg']
[0.954s] Level 1:colcon.colcon_core.package_identification:_identify(bwsibot/logs) by extension 'colcon_pkg'
[0.954s] Level 1:colcon.colcon_core.package_identification:_identify(bwsibot/logs) by extensions ['colcon_meta']
[0.955s] Level 1:colcon.colcon_core.package_identification:_identify(bwsibot/logs) by extension 'colcon_meta'
[0.955s] Level 1:colcon.colcon_core.package_identification:_identify(bwsibot/logs) by extensions ['ros']
[0.955s] Level 1:colcon.colcon_core.package_identification:_identify(bwsibot/logs) by extension 'ros'
[0.955s] Level 1:colcon.colcon_core.package_identification:_identify(bwsibot/logs) by extensions ['cmake', 'python']
[0.956s] Level 1:colcon.colcon_core.package_identification:_identify(bwsibot/logs) by extension 'cmake'
[0.956s] Level 1:colcon.colcon_core.package_identification:_identify(bwsibot/logs) by extension 'python'
[0.956s] Level 1:colcon.colcon_core.package_identification:_identify(bwsibot/logs) by extensions ['python_setup_py']
[0.956s] Level 1:colcon.colcon_core.package_identification:_identify(bwsibot/logs) by extension 'python_setup_py'
[0.957s] Level 1:colcon.colcon_core.package_identification:_identify(bwsibot/logs/2026-07-30) by extensions ['ignore', 'ignore_ament_install']
[0.957s] Level 1:colcon.colcon_core.package_identification:_identify(bwsibot/logs/2026-07-30) by extension 'ignore'
[0.958s] Level 1:colcon.colcon_core.package_identification:_identify(bwsibot/logs/2026-07-30) by extension 'ignore_ament_install'
[0.958s] Level 1:colcon.colcon_core.package_identification:_identify(bwsibot/logs/2026-07-30) by extensions ['colcon_pkg']
[0.958s] Level 1:colcon.colcon_core.package_identification:_identify(bwsibot/logs/2026-07-30) by extension 'colcon_pkg'
[0.958s] Level 1:colcon.colcon_core.package_identification:_identify(bwsibot/logs/2026-07-30) by extensions ['colcon_meta']
[0.958s] Level 1:colcon.colcon_core.package_identification:_identify(bwsibot/logs/2026-07-30) by extension 'colcon_meta'
[0.959s] Level 1:colcon.colcon_core.package_identification:_identify(bwsibot/logs/2026-07-30) by extensions ['ros']
[0.959s] Level 1:colcon.colcon_core.package_identification:_identify(bwsibot/logs/2026-07-30) by extension 'ros'
[0.959s] Level 1:colcon.colcon_core.package_identification:_identify(bwsibot/logs/2026-07-30) by extensions ['cmake', 'python']
[0.960s] Level 1:colcon.colcon_core.package_identification:_identify(bwsibot/logs/2026-07-30) by extension 'cmake'
[0.960s] Level 1:colcon.colcon_core.package_identification:_identify(bwsibot/logs/2026-07-30) by extension 'python'
[0.960s] Level 1:colcon.colcon_core.package_identification:_identify(bwsibot/logs/2026-07-30) by extensions ['python_setup_py']
[0.960s] Level 1:colcon.colcon_core.package_identification:_identify(bwsibot/logs/2026-07-30) by extension 'python_setup_py'
[0.961s] Level 1:colcon.colcon_core.package_identification:_identify(bwsibot/logs/2026-07-30/flight1) by extensions ['ignore', 'ignore_ament_install']
[0.961s] Level 1:colcon.colcon_core.package_identification:_identify(bwsibot/logs/2026-07-30/flight1) by extension 'ignore'
[0.962s] Level 1:colcon.colcon_core.package_identification:_identify(bwsibot/logs/2026-07-30/flight1) by extension 'ignore_ament_install'
[0.962s] Level 1:colcon.colcon_core.package_identification:_identify(bwsibot/logs/2026-07-30/flight1) by extensions ['colcon_pkg']
[0.962s] Level 1:colcon.colcon_core.package_identification:_identify(bwsibot/logs/2026-07-30/flight1) by extension 'colcon_pkg'
[0.963s] Level 1:colcon.colcon_core.package_identification:_identify(bwsibot/logs/2026-07-30/flight1) by extensions ['colcon_meta']
[0.963s] Level 1:colcon.colcon_core.package_identification:_identify(bwsibot/logs/2026-07-30/flight1) by extension 'colcon_meta'
[0.963s] Level 1:colcon.colcon_core.package_identification:_identify(bwsibot/logs/2026-07-30/flight1) by extensions ['ros']
[0.963s] Level 1:colcon.colcon_core.package_identification:_identify(bwsibot/logs/2026-07-30/flight1) by extension 'ros'
[0.964s] Level 1:colcon.colcon_core.package_identification:_identify(bwsibot/logs/2026-07-30/flight1) by extensions ['cmake', 'python']
[0.964s] Level 1:colcon.colcon_core.package_identification:_identify(bwsibot/logs/2026-07-30/flight1) by extension 'cmake'
[0.964s] Level 1:colcon.colcon_core.package_identification:_identify(bwsibot/logs/2026-07-30/flight1) by extension 'python'
[0.964s] Level 1:colcon.colcon_core.package_identification:_identify(bwsibot/logs/2026-07-30/flight1) by extensions ['python_setup_py']
[0.965s] Level 1:colcon.colcon_core.package_identification:_identify(bwsibot/logs/2026-07-30/flight1) by extension 'python_setup_py'
[0.965s] Level 1:colcon.colcon_core.package_identification:_identify(install) by extensions ['ignore', 'ignore_ament_install']
[0.966s] Level 1:colcon.colcon_core.package_identification:_identify(install) by extension 'ignore'
[0.966s] Level 1:colcon.colcon_core.package_identification:_identify(install) ignored
[0.967s] Level 1:colcon.colcon_core.package_identification:_identify(log) by extensions ['ignore', 'ignore_ament_install']
[0.967s] Level 1:colcon.colcon_core.package_identification:_identify(log) by extension 'ignore'
[0.968s] Level 1:colcon.colcon_core.package_identification:_identify(log) ignored
[0.968s] Level 1:colcon.colcon_core.package_identification:_identify(src) by extensions ['ignore', 'ignore_ament_install']
[0.969s] Level 1:colcon.colcon_core.package_identification:_identify(src) by extension 'ignore'
[0.969s] Level 1:colcon.colcon_core.package_identification:_identify(src) by extension 'ignore_ament_install'
[0.969s] Level 1:colcon.colcon_core.package_identification:_identify(src) by extensions ['colcon_pkg']
[0.969s] Level 1:colcon.colcon_core.package_identification:_identify(src) by extension 'colcon_pkg'
[0.970s] Level 1:colcon.colcon_core.package_identification:_identify(src) by extensions ['colcon_meta']
[0.970s] Level 1:colcon.colcon_core.package_identification:_identify(src) by extension 'colcon_meta'
[0.970s] Level 1:colcon.colcon_core.package_identification:_identify(src) by extensions ['ros']
[0.970s] Level 1:colcon.colcon_core.package_identification:_identify(src) by extension 'ros'
[0.970s] Level 1:colcon.colcon_core.package_identification:_identify(src) by extensions ['cmake', 'python']
[0.971s] Level 1:colcon.colcon_core.package_identification:_identify(src) by extension 'cmake'
[0.971s] Level 1:colcon.colcon_core.package_identification:_identify(src) by extension 'python'
[0.971s] Level 1:colcon.colcon_core.package_identification:_identify(src) by extensions ['python_setup_py']
[0.971s] Level 1:colcon.colcon_core.package_identification:_identify(src) by extension 'python_setup_py'
[0.972s] Level 1:colcon.colcon_core.package_identification:_identify(src/control) by extensions ['ignore', 'ignore_ament_install']
[0.972s] Level 1:colcon.colcon_core.package_identification:_identify(src/control) by extension 'ignore'
[0.973s] Level 1:colcon.colcon_core.package_identification:_identify(src/control) by extension 'ignore_ament_install'
[0.973s] Level 1:colcon.colcon_core.package_identification:_identify(src/control) by extensions ['colcon_pkg']
[0.973s] Level 1:colcon.colcon_core.package_identification:_identify(src/control) by extension 'colcon_pkg'
[0.973s] Level 1:colcon.colcon_core.package_identification:_identify(src/control) by extensions ['colcon_meta']
[0.973s] Level 1:colcon.colcon_core.package_identification:_identify(src/control) by extension 'colcon_meta'
[0.974s] Level 1:colcon.colcon_core.package_identification:_identify(src/control) by extensions ['ros']
[0.974s] Level 1:colcon.colcon_core.package_identification:_identify(src/control) by extension 'ros'
[0.986s] DEBUG:colcon.colcon_core.package_identification:Package 'src/control' with type 'ros.ament_python' and name 'control'
[0.987s] Level 1:colcon.colcon_core.package_identification:_identify(src/cv) by extensions ['ignore', 'ignore_ament_install']
[0.987s] Level 1:colcon.colcon_core.package_identification:_identify(src/cv) by extension 'ignore'
[0.988s] Level 1:colcon.colcon_core.package_identification:_identify(src/cv) by extension 'ignore_ament_install'
[0.988s] Level 1:colcon.colcon_core.package_identification:_identify(src/cv) by extensions ['colcon_pkg']
[0.988s] Level 1:colcon.colcon_core.package_identification:_identify(src/cv) by extension 'colcon_pkg'
[0.989s] Level 1:colcon.colcon_core.package_identification:_identify(src/cv) by extensions ['colcon_meta']
[0.989s] Level 1:colcon.colcon_core.package_identification:_identify(src/cv) by extension 'colcon_meta'
[0.989s] Level 1:colcon.colcon_core.package_identification:_identify(src/cv) by extensions ['ros']
[0.989s] Level 1:colcon.colcon_core.package_identification:_identify(src/cv) by extension 'ros'
[0.996s] DEBUG:colcon.colcon_core.package_identification:Package 'src/cv' with type 'ros.ament_python' and name 'cv'
[0.997s] Level 1:colcon.colcon_core.package_identification:_identify(src/flashing) by extensions ['ignore', 'ignore_ament_install']
[0.997s] Level 1:colcon.colcon_core.package_identification:_identify(src/flashing) by extension 'ignore'
[0.997s] Level 1:colcon.colcon_core.package_identification:_identify(src/flashing) by extension 'ignore_ament_install'
[0.998s] Level 1:colcon.colcon_core.package_identification:_identify(src/flashing) by extensions ['colcon_pkg']
[0.998s] Level 1:colcon.colcon_core.package_identification:_identify(src/flashing) by extension 'colcon_pkg'
[0.998s] Level 1:colcon.colcon_core.package_identification:_identify(src/flashing) by extensions ['colcon_meta']
[0.998s] Level 1:colcon.colcon_core.package_identification:_identify(src/flashing) by extension 'colcon_meta'
[0.998s] Level 1:colcon.colcon_core.package_identification:_identify(src/flashing) by extensions ['ros']
[0.998s] Level 1:colcon.colcon_core.package_identification:_identify(src/flashing) by extension 'ros'
[1.004s] DEBUG:colcon.colcon_core.package_identification:Package 'src/flashing' with type 'ros.ament_python' and name 'flashing'
[1.005s] Level 1:colcon.colcon_core.package_identification:_identify(src/launcher) by extensions ['ignore', 'ignore_ament_install']
[1.005s] Level 1:colcon.colcon_core.package_identification:_identify(src/launcher) by extension 'ignore'
[1.005s] Level 1:colcon.colcon_core.package_identification:_identify(src/launcher) by extension 'ignore_ament_install'
[1.006s] Level 1:colcon.colcon_core.package_identification:_identify(src/launcher) by extensions ['colcon_pkg']
[1.006s] Level 1:colcon.colcon_core.package_identification:_identify(src/launcher) by extension 'colcon_pkg'
[1.006s] Level 1:colcon.colcon_core.package_identification:_identify(src/launcher) by extensions ['colcon_meta']
[1.006s] Level 1:colcon.colcon_core.package_identification:_identify(src/launcher) by extension 'colcon_meta'
[1.007s] Level 1:colcon.colcon_core.package_identification:_identify(src/launcher) by extensions ['ros']
[1.007s] Level 1:colcon.colcon_core.package_identification:_identify(src/launcher) by extension 'ros'
[1.013s] DEBUG:colcon.colcon_core.package_identification:Package 'src/launcher' with type 'ros.ament_python' and name 'launcher'
[1.013s] Level 1:colcon.colcon_core.package_discovery:discover_packages(recursive) using defaults
[1.013s] Level 1:colcon.colcon_core.package_discovery:discover_packages(ignore) discover
[1.013s] Level 1:colcon.colcon_core.package_discovery:discover_packages(ignore) using defaults
[1.014s] Level 1:colcon.colcon_core.package_discovery:discover_packages(path) discover
[1.014s] Level 1:colcon.colcon_core.package_discovery:discover_packages(path) using defaults
[1.109s] Level 1:colcon.colcon_core.package_discovery:discover_packages(prefix_path) check parameters
[1.109s] Level 1:colcon.colcon_core.package_discovery:discover_packages(prefix_path) discover
[1.125s] DEBUG:colcon.colcon_installed_package_information.package_discovery:Found 7 installed packages in /home/ngt/ZENS-Final-AUVC/ros_ws/install
[1.128s] DEBUG:colcon.colcon_installed_package_information.package_discovery:Found 6 installed packages in /home/ngt/auvc_ws/install
[1.130s] DEBUG:colcon.colcon_installed_package_information.package_discovery:Found 1 installed packages in /home/ngt/cv_ws/install
[1.133s] DEBUG:colcon.colcon_installed_package_information.package_discovery:Found 2 installed packages in /home/ngt/pid_ws/install
[1.135s] DEBUG:colcon.colcon_installed_package_information.package_discovery:Found 1 installed packages in /home/ngt/auv_dancing/install
[1.146s] DEBUG:colcon.colcon_installed_package_information.package_discovery:Found 262 installed packages in /opt/ros/jazzy
[1.149s] Level 1:colcon.colcon_core.package_discovery:discover_packages(prefix_path) using defaults
[1.353s] Level 5:colcon.colcon_core.verb:set package 'control' build argument 'cmake_args' from command line to 'None'
[1.353s] Level 5:colcon.colcon_core.verb:set package 'control' build argument 'cmake_target' from command line to 'None'
[1.353s] Level 5:colcon.colcon_core.verb:set package 'control' build argument 'cmake_target_skip_unavailable' from command line to 'False'
[1.353s] Level 5:colcon.colcon_core.verb:set package 'control' build argument 'cmake_clean_cache' from command line to 'False'
[1.353s] Level 5:colcon.colcon_core.verb:set package 'control' build argument 'cmake_clean_first' from command line to 'False'
[1.353s] Level 5:colcon.colcon_core.verb:set package 'control' build argument 'cmake_force_configure' from command line to 'False'
[1.354s] Level 5:colcon.colcon_core.verb:set package 'control' build argument 'ament_cmake_args' from command line to 'None'
[1.354s] Level 5:colcon.colcon_core.verb:set package 'control' build argument 'catkin_cmake_args' from command line to 'None'
[1.354s] Level 5:colcon.colcon_core.verb:set package 'control' build argument 'catkin_skip_building_tests' from command line to 'False'
[1.354s] DEBUG:colcon.colcon_core.verb:Building package 'control' with the following arguments: {'ament_cmake_args': None, 'build_base': '/home/ngt/ZENS-Final-AUVC/ros_ws/build/control', 'catkin_cmake_args': None, 'catkin_skip_building_tests': False, 'cmake_args': None, 'cmake_clean_cache': False, 'cmake_clean_first': False, 'cmake_force_configure': False, 'cmake_target': None, 'cmake_target_skip_unavailable': False, 'install_base': '/home/ngt/ZENS-Final-AUVC/ros_ws/install/control', 'merge_install': False, 'path': '/home/ngt/ZENS-Final-AUVC/ros_ws/src/control', 'symlink_install': False, 'test_result_base': None}
[1.355s] Level 5:colcon.colcon_core.verb:set package 'cv' build argument 'cmake_args' from command line to 'None'
[1.356s] Level 5:colcon.colcon_core.verb:set package 'cv' build argument 'cmake_target' from command line to 'None'
[1.356s] Level 5:colcon.colcon_core.verb:set package 'cv' build argument 'cmake_target_skip_unavailable' from command line to 'False'
[1.356s] Level 5:colcon.colcon_core.verb:set package 'cv' build argument 'cmake_clean_cache' from command line to 'False'
[1.356s] Level 5:colcon.colcon_core.verb:set package 'cv' build argument 'cmake_clean_first' from command line to 'False'
[1.356s] Level 5:colcon.colcon_core.verb:set package 'cv' build argument 'cmake_force_configure' from command line to 'False'
[1.356s] Level 5:colcon.colcon_core.verb:set package 'cv' build argument 'ament_cmake_args' from command line to 'None'
[1.356s] Level 5:colcon.colcon_core.verb:set package 'cv' build argument 'catkin_cmake_args' from command line to 'None'
[1.357s] Level 5:colcon.colcon_core.verb:set package 'cv' build argument 'catkin_skip_building_tests' from command line to 'False'
[1.357s] DEBUG:colcon.colcon_core.verb:Building package 'cv' with the following arguments: {'ament_cmake_args': None, 'build_base': '/home/ngt/ZENS-Final-AUVC/ros_ws/build/cv', 'catkin_cmake_args': None, 'catkin_skip_building_tests': False, 'cmake_args': None, 'cmake_clean_cache': False, 'cmake_clean_first': False, 'cmake_force_configure': False, 'cmake_target': None, 'cmake_target_skip_unavailable': False, 'install_base': '/home/ngt/ZENS-Final-AUVC/ros_ws/install/cv', 'merge_install': False, 'path': '/home/ngt/ZENS-Final-AUVC/ros_ws/src/cv', 'symlink_install': False, 'test_result_base': None}
[1.358s] Level 5:colcon.colcon_core.verb:set package 'flashing' build argument 'cmake_args' from command line to 'None'
[1.358s] Level 5:colcon.colcon_core.verb:set package 'flashing' build argument 'cmake_target' from command line to 'None'
[1.359s] Level 5:colcon.colcon_core.verb:set package 'flashing' build argument 'cmake_target_skip_unavailable' from command line to 'False'
[1.359s] Level 5:colcon.colcon_core.verb:set package 'flashing' build argument 'cmake_clean_cache' from command line to 'False'
[1.359s] Level 5:colcon.colcon_core.verb:set package 'flashing' build argument 'cmake_clean_first' from command line to 'False'
[1.359s] Level 5:colcon.colcon_core.verb:set package 'flashing' build argument 'cmake_force_configure' from command line to 'False'
[1.359s] Level 5:colcon.colcon_core.verb:set package 'flashing' build argument 'ament_cmake_args' from command line to 'None'
[1.359s] Level 5:colcon.colcon_core.verb:set package 'flashing' build argument 'catkin_cmake_args' from command line to 'None'
[1.359s] Level 5:colcon.colcon_core.verb:set package 'flashing' build argument 'catkin_skip_building_tests' from command line to 'False'
[1.359s] DEBUG:colcon.colcon_core.verb:Building package 'flashing' with the following arguments: {'ament_cmake_args': None, 'build_base': '/home/ngt/ZENS-Final-AUVC/ros_ws/build/flashing', 'catkin_cmake_args': None, 'catkin_skip_building_tests': False, 'cmake_args': None, 'cmake_clean_cache': False, 'cmake_clean_first': False, 'cmake_force_configure': False, 'cmake_target': None, 'cmake_target_skip_unavailable': False, 'install_base': '/home/ngt/ZENS-Final-AUVC/ros_ws/install/flashing', 'merge_install': False, 'path': '/home/ngt/ZENS-Final-AUVC/ros_ws/src/flashing', 'symlink_install': False, 'test_result_base': None}
[1.361s] Level 5:colcon.colcon_core.verb:set package 'launcher' build argument 'cmake_args' from command line to 'None'
[1.361s] Level 5:colcon.colcon_core.verb:set package 'launcher' build argument 'cmake_target' from command line to 'None'
[1.361s] Level 5:colcon.colcon_core.verb:set package 'launcher' build argument 'cmake_target_skip_unavailable' from command line to 'False'
[1.361s] Level 5:colcon.colcon_core.verb:set package 'launcher' build argument 'cmake_clean_cache' from command line to 'False'
[1.361s] Level 5:colcon.colcon_core.verb:set package 'launcher' build argument 'cmake_clean_first' from command line to 'False'
[1.362s] Level 5:colcon.colcon_core.verb:set package 'launcher' build argument 'cmake_force_configure' from command line to 'False'
[1.362s] Level 5:colcon.colcon_core.verb:set package 'launcher' build argument 'ament_cmake_args' from command line to 'None'
[1.362s] Level 5:colcon.colcon_core.verb:set package 'launcher' build argument 'catkin_cmake_args' from command line to 'None'
[1.362s] Level 5:colcon.colcon_core.verb:set package 'launcher' build argument 'catkin_skip_building_tests' from command line to 'False'
[1.362s] DEBUG:colcon.colcon_core.verb:Building package 'launcher' with the following arguments: {'ament_cmake_args': None, 'build_base': '/home/ngt/ZENS-Final-AUVC/ros_ws/build/launcher', 'catkin_cmake_args': None, 'catkin_skip_building_tests': False, 'cmake_args': None, 'cmake_clean_cache': False, 'cmake_clean_first': False, 'cmake_force_configure': False, 'cmake_target': None, 'cmake_target_skip_unavailable': False, 'install_base': '/home/ngt/ZENS-Final-AUVC/ros_ws/install/launcher', 'merge_install': False, 'path': '/home/ngt/ZENS-Final-AUVC/ros_ws/src/launcher', 'symlink_install': False, 'test_result_base': None}
[1.363s] INFO:colcon.colcon_core.executor:Executing jobs using 'parallel' executor
[1.366s] DEBUG:colcon.colcon_parallel_executor.executor.parallel:run_until_complete
[1.367s] INFO:colcon.colcon_ros.task.ament_python.build:Building ROS package in '/home/ngt/ZENS-Final-AUVC/ros_ws/src/control' with build type 'ament_python'
[1.368s] Level 1:colcon.colcon_core.shell:create_environment_hook('control', 'ament_prefix_path')
[1.379s] INFO:colcon.colcon_core.plugin_system:Skipping extension 'colcon_core.shell.bat': Not used on non-Windows systems
[1.380s] INFO:colcon.colcon_core.shell:Creating environment hook '/home/ngt/ZENS-Final-AUVC/ros_ws/install/control/share/control/hook/ament_prefix_path.ps1'
[1.383s] INFO:colcon.colcon_core.shell:Creating environment descriptor '/home/ngt/ZENS-Final-AUVC/ros_ws/install/control/share/control/hook/ament_prefix_path.dsv'
[1.385s] INFO:colcon.colcon_core.shell:Creating environment hook '/home/ngt/ZENS-Final-AUVC/ros_ws/install/control/share/control/hook/ament_prefix_path.sh'
[1.389s] INFO:colcon.colcon_core.shell:Skip shell extension 'powershell' for command environment: Not usable outside of PowerShell
[1.389s] DEBUG:colcon.colcon_core.shell:Skip shell extension 'dsv' for command environment
[1.426s] INFO:colcon.colcon_ros.task.ament_python.build:Building ROS package in '/home/ngt/ZENS-Final-AUVC/ros_ws/src/cv' with build type 'ament_python'
[1.427s] Level 1:colcon.colcon_core.shell:create_environment_hook('cv', 'ament_prefix_path')
[1.428s] INFO:colcon.colcon_core.shell:Creating environment hook '/home/ngt/ZENS-Final-AUVC/ros_ws/install/cv/share/cv/hook/ament_prefix_path.ps1'
[1.430s] INFO:colcon.colcon_core.shell:Creating environment descriptor '/home/ngt/ZENS-Final-AUVC/ros_ws/install/cv/share/cv/hook/ament_prefix_path.dsv'
[1.433s] INFO:colcon.colcon_core.shell:Creating environment hook '/home/ngt/ZENS-Final-AUVC/ros_ws/install/cv/share/cv/hook/ament_prefix_path.sh'
[1.438s] INFO:colcon.colcon_core.shell:Skip shell extension 'powershell' for command environment: Not usable outside of PowerShell
[1.440s] DEBUG:colcon.colcon_core.shell:Skip shell extension 'dsv' for command environment
[1.485s] INFO:colcon.colcon_ros.task.ament_python.build:Building ROS package in '/home/ngt/ZENS-Final-AUVC/ros_ws/src/flashing' with build type 'ament_python'
[1.486s] Level 1:colcon.colcon_core.shell:create_environment_hook('flashing', 'ament_prefix_path')
[1.487s] INFO:colcon.colcon_core.shell:Creating environment hook '/home/ngt/ZENS-Final-AUVC/ros_ws/install/flashing/share/flashing/hook/ament_prefix_path.ps1'
[1.489s] INFO:colcon.colcon_core.shell:Creating environment descriptor '/home/ngt/ZENS-Final-AUVC/ros_ws/install/flashing/share/flashing/hook/ament_prefix_path.dsv'
[1.491s] INFO:colcon.colcon_core.shell:Creating environment hook '/home/ngt/ZENS-Final-AUVC/ros_ws/install/flashing/share/flashing/hook/ament_prefix_path.sh'
[1.494s] INFO:colcon.colcon_core.shell:Skip shell extension 'powershell' for command environment: Not usable outside of PowerShell
[1.494s] DEBUG:colcon.colcon_core.shell:Skip shell extension 'dsv' for command environment
[1.531s] INFO:colcon.colcon_ros.task.ament_python.build:Building ROS package in '/home/ngt/ZENS-Final-AUVC/ros_ws/src/launcher' with build type 'ament_python'
[1.531s] Level 1:colcon.colcon_core.shell:create_environment_hook('launcher', 'ament_prefix_path')
[1.532s] INFO:colcon.colcon_core.shell:Creating environment hook '/home/ngt/ZENS-Final-AUVC/ros_ws/install/launcher/share/launcher/hook/ament_prefix_path.ps1'
[1.535s] INFO:colcon.colcon_core.shell:Creating environment descriptor '/home/ngt/ZENS-Final-AUVC/ros_ws/install/launcher/share/launcher/hook/ament_prefix_path.dsv'
[1.537s] INFO:colcon.colcon_core.shell:Creating environment hook '/home/ngt/ZENS-Final-AUVC/ros_ws/install/launcher/share/launcher/hook/ament_prefix_path.sh'
[1.541s] INFO:colcon.colcon_core.shell:Skip shell extension 'powershell' for command environment: Not usable outside of PowerShell
[1.541s] DEBUG:colcon.colcon_core.shell:Skip shell extension 'dsv' for command environment
[3.040s] INFO:colcon.colcon_core.task.python.build:Building Python package in '/home/ngt/ZENS-Final-AUVC/ros_ws/src/control'
[3.042s] INFO:colcon.colcon_core.shell:Skip shell extension 'powershell' for command environment: Not usable outside of PowerShell
[3.042s] DEBUG:colcon.colcon_core.shell:Skip shell extension 'dsv' for command environment
[4.586s] INFO:colcon.colcon_core.task.python.build:Building Python package in '/home/ngt/ZENS-Final-AUVC/ros_ws/src/cv'
[4.589s] INFO:colcon.colcon_core.shell:Skip shell extension 'powershell' for command environment: Not usable outside of PowerShell
[4.590s] DEBUG:colcon.colcon_core.shell:Skip shell extension 'dsv' for command environment
[6.088s] INFO:colcon.colcon_core.task.python.build:Building Python package in '/home/ngt/ZENS-Final-AUVC/ros_ws/src/flashing'
[6.089s] INFO:colcon.colcon_core.shell:Skip shell extension 'powershell' for command environment: Not usable outside of PowerShell
[6.090s] DEBUG:colcon.colcon_core.shell:Skip shell extension 'dsv' for command environment
[7.666s] INFO:colcon.colcon_core.task.python.build:Building Python package in '/home/ngt/ZENS-Final-AUVC/ros_ws/src/launcher'
[7.667s] INFO:colcon.colcon_core.shell:Skip shell extension 'powershell' for command environment: Not usable outside of PowerShell
[7.667s] DEBUG:colcon.colcon_core.shell:Skip shell extension 'dsv' for command environment
[15.545s] DEBUG:colcon.colcon_core.task.python.build:Available setuptools commands: init_catalog, easy_install, register, build_clib, egg_info, editable_wheel, install_lib, extract_messages, alias, install_egg_info, clean, test, build, build_ext, bdist_egg, compile_catalog, develop, bdist_wheel, build_py, saveopts, install_data, upload, rotate, install_headers, dist_info, bdist, sdist, build_scripts, bdist_dumb, setopt, install_scripts, upload_docs, bdist_rpm, check, symlink_data, update_catalog, install
[15.578s] DEBUG:colcon.colcon_core.event_handler.log_command:Invoking command in '/home/ngt/ZENS-Final-AUVC/ros_ws/src/flashing': PYTHONPATH=/home/ngt/ZENS-Final-AUVC/ros_ws/build/flashing/prefix_override:/usr/lib/python3/dist-packages/colcon_core/task/python/colcon_distutils_commands:/home/ngt/ZENS-Final-AUVC/ros_ws/install/flashing/lib/python3.12/site-packages:${PYTHONPATH} /usr/bin/python3 -W ignore:setup.py install is deprecated -W ignore:easy_install command is deprecated setup.py egg_info --egg-base ../../build/flashing build --build-base /home/ngt/ZENS-Final-AUVC/ros_ws/build/flashing/build install --record /home/ngt/ZENS-Final-AUVC/ros_ws/build/flashing/install.log --install-scripts $base/lib/flashing --single-version-externally-managed install_data
[16.629s] DEBUG:colcon.colcon_core.task.python.build:Available setuptools commands: init_catalog, easy_install, register, build_clib, egg_info, editable_wheel, install_lib, extract_messages, alias, install_egg_info, clean, test, build, build_ext, bdist_egg, compile_catalog, develop, bdist_wheel, build_py, saveopts, install_data, upload, rotate, install_headers, dist_info, bdist, sdist, build_scripts, bdist_dumb, setopt, install_scripts, upload_docs, bdist_rpm, check, symlink_data, update_catalog, install
[16.666s] DEBUG:colcon.colcon_core.event_handler.log_command:Invoking command in '/home/ngt/ZENS-Final-AUVC/ros_ws/src/launcher': PYTHONPATH=/home/ngt/ZENS-Final-AUVC/ros_ws/build/launcher/prefix_override:/usr/lib/python3/dist-packages/colcon_core/task/python/colcon_distutils_commands:/home/ngt/ZENS-Final-AUVC/ros_ws/install/launcher/lib/python3.12/site-packages:${PYTHONPATH} /usr/bin/python3 -W ignore:setup.py install is deprecated -W ignore:easy_install command is deprecated setup.py egg_info --egg-base ../../build/launcher build --build-base /home/ngt/ZENS-Final-AUVC/ros_ws/build/launcher/build install --record /home/ngt/ZENS-Final-AUVC/ros_ws/build/launcher/install.log --install-scripts $base/lib/launcher --single-version-externally-managed install_data
[16.969s] DEBUG:colcon.colcon_core.task.python.build:Available setuptools commands: init_catalog, easy_install, register, build_clib, egg_info, editable_wheel, install_lib, extract_messages, alias, install_egg_info, clean, test, build, build_ext, bdist_egg, compile_catalog, develop, bdist_wheel, build_py, saveopts, install_data, upload, rotate, install_headers, dist_info, bdist, sdist, build_scripts, bdist_dumb, setopt, install_scripts, upload_docs, bdist_rpm, check, symlink_data, update_catalog, install
[16.997s] DEBUG:colcon.colcon_core.event_handler.log_command:Invoking command in '/home/ngt/ZENS-Final-AUVC/ros_ws/src/control': PYTHONPATH=/home/ngt/ZENS-Final-AUVC/ros_ws/build/control/prefix_override:/usr/lib/python3/dist-packages/colcon_core/task/python/colcon_distutils_commands:/home/ngt/ZENS-Final-AUVC/ros_ws/install/control/lib/python3.12/site-packages:${PYTHONPATH} /usr/bin/python3 -W ignore:setup.py install is deprecated -W ignore:easy_install command is deprecated setup.py egg_info --egg-base ../../build/control build --build-base /home/ngt/ZENS-Final-AUVC/ros_ws/build/control/build install --record /home/ngt/ZENS-Final-AUVC/ros_ws/build/control/install.log --install-scripts $base/lib/control --single-version-externally-managed install_data
[17.151s] DEBUG:colcon.colcon_core.task.python.build:Available setuptools commands: init_catalog, easy_install, register, build_clib, egg_info, editable_wheel, install_lib, extract_messages, alias, install_egg_info, clean, test, build, build_ext, bdist_egg, compile_catalog, develop, bdist_wheel, build_py, saveopts, install_data, upload, rotate, install_headers, dist_info, bdist, sdist, build_scripts, bdist_dumb, setopt, install_scripts, upload_docs, bdist_rpm, check, symlink_data, update_catalog, install
[17.178s] DEBUG:colcon.colcon_core.event_handler.log_command:Invoking command in '/home/ngt/ZENS-Final-AUVC/ros_ws/src/cv': PYTHONPATH=/home/ngt/ZENS-Final-AUVC/ros_ws/build/cv/prefix_override:/usr/lib/python3/dist-packages/colcon_core/task/python/colcon_distutils_commands:/home/ngt/ZENS-Final-AUVC/ros_ws/install/cv/lib/python3.12/site-packages:${PYTHONPATH} /usr/bin/python3 -W ignore:setup.py install is deprecated -W ignore:easy_install command is deprecated setup.py egg_info --egg-base ../../build/cv build --build-base /home/ngt/ZENS-Final-AUVC/ros_ws/build/cv/build install --record /home/ngt/ZENS-Final-AUVC/ros_ws/build/cv/install.log --install-scripts $base/lib/cv --single-version-externally-managed install_data
[23.501s] DEBUG:colcon.colcon_core.event_handler.log_command:Invoked command in '/home/ngt/ZENS-Final-AUVC/ros_ws/src/flashing' returned '0': PYTHONPATH=/home/ngt/ZENS-Final-AUVC/ros_ws/build/flashing/prefix_override:/usr/lib/python3/dist-packages/colcon_core/task/python/colcon_distutils_commands:/home/ngt/ZENS-Final-AUVC/ros_ws/install/flashing/lib/python3.12/site-packages:${PYTHONPATH} /usr/bin/python3 -W ignore:setup.py install is deprecated -W ignore:easy_install command is deprecated setup.py egg_info --egg-base ../../build/flashing build --build-base /home/ngt/ZENS-Final-AUVC/ros_ws/build/flashing/build install --record /home/ngt/ZENS-Final-AUVC/ros_ws/build/flashing/install.log --install-scripts $base/lib/flashing --single-version-externally-managed install_data
[23.517s] Level 1:colcon.colcon_core.environment:checking '/home/ngt/ZENS-Final-AUVC/ros_ws/install/flashing' for CMake module files
[23.522s] Level 1:colcon.colcon_core.environment:checking '/home/ngt/ZENS-Final-AUVC/ros_ws/install/flashing' for CMake config files
[23.530s] Level 1:colcon.colcon_core.environment:checking '/home/ngt/ZENS-Final-AUVC/ros_ws/install/flashing/lib'
[23.531s] Level 1:colcon.colcon_core.environment:checking '/home/ngt/ZENS-Final-AUVC/ros_ws/install/flashing/bin'
[23.532s] Level 1:colcon.colcon_core.environment:checking '/home/ngt/ZENS-Final-AUVC/ros_ws/install/flashing/lib/pkgconfig/flashing.pc'
[23.537s] Level 1:colcon.colcon_core.environment:checking '/home/ngt/ZENS-Final-AUVC/ros_ws/install/flashing/lib/python3.12/site-packages'
[23.539s] Level 1:colcon.colcon_core.shell:create_environment_hook('flashing', 'pythonpath')
[23.543s] INFO:colcon.colcon_core.shell:Creating environment hook '/home/ngt/ZENS-Final-AUVC/ros_ws/install/flashing/share/flashing/hook/pythonpath.ps1'
[23.548s] INFO:colcon.colcon_core.shell:Creating environment descriptor '/home/ngt/ZENS-Final-AUVC/ros_ws/install/flashing/share/flashing/hook/pythonpath.dsv'
[23.553s] INFO:colcon.colcon_core.shell:Creating environment hook '/home/ngt/ZENS-Final-AUVC/ros_ws/install/flashing/share/flashing/hook/pythonpath.sh'
[23.558s] Level 1:colcon.colcon_core.environment:checking '/home/ngt/ZENS-Final-AUVC/ros_ws/install/flashing/bin'
[23.562s] Level 1:colcon.colcon_core.environment:create_environment_scripts_only(flashing)
[23.564s] INFO:colcon.colcon_core.shell:Creating package script '/home/ngt/ZENS-Final-AUVC/ros_ws/install/flashing/share/flashing/package.ps1'
[23.572s] INFO:colcon.colcon_core.shell:Creating package descriptor '/home/ngt/ZENS-Final-AUVC/ros_ws/install/flashing/share/flashing/package.dsv'
[23.577s] INFO:colcon.colcon_core.shell:Creating package script '/home/ngt/ZENS-Final-AUVC/ros_ws/install/flashing/share/flashing/package.sh'
[23.584s] INFO:colcon.colcon_core.shell:Creating package script '/home/ngt/ZENS-Final-AUVC/ros_ws/install/flashing/share/flashing/package.bash'
[23.589s] INFO:colcon.colcon_core.shell:Creating package script '/home/ngt/ZENS-Final-AUVC/ros_ws/install/flashing/share/flashing/package.zsh'
[23.594s] Level 1:colcon.colcon_core.environment:create_file_with_runtime_dependencies(/home/ngt/ZENS-Final-AUVC/ros_ws/install/flashing/share/colcon-core/packages/flashing)
[25.509s] Level 1:colcon.colcon_core.environment:checking '/home/ngt/ZENS-Final-AUVC/ros_ws/install/launcher' for CMake module files
[25.516s] DEBUG:colcon.colcon_core.event_handler.log_command:Invoked command in '/home/ngt/ZENS-Final-AUVC/ros_ws/src/launcher' returned '0': PYTHONPATH=/home/ngt/ZENS-Final-AUVC/ros_ws/build/launcher/prefix_override:/usr/lib/python3/dist-packages/colcon_core/task/python/colcon_distutils_commands:/home/ngt/ZENS-Final-AUVC/ros_ws/install/launcher/lib/python3.12/site-packages:${PYTHONPATH} /usr/bin/python3 -W ignore:setup.py install is deprecated -W ignore:easy_install command is deprecated setup.py egg_info --egg-base ../../build/launcher build --build-base /home/ngt/ZENS-Final-AUVC/ros_ws/build/launcher/build install --record /home/ngt/ZENS-Final-AUVC/ros_ws/build/launcher/install.log --install-scripts $base/lib/launcher --single-version-externally-managed install_data
[25.519s] Level 1:colcon.colcon_core.environment:checking '/home/ngt/ZENS-Final-AUVC/ros_ws/install/launcher' for CMake config files
[25.527s] Level 1:colcon.colcon_core.environment:checking '/home/ngt/ZENS-Final-AUVC/ros_ws/install/launcher/lib'
[25.528s] Level 1:colcon.colcon_core.environment:checking '/home/ngt/ZENS-Final-AUVC/ros_ws/install/launcher/bin'
[25.529s] Level 1:colcon.colcon_core.environment:checking '/home/ngt/ZENS-Final-AUVC/ros_ws/install/launcher/lib/pkgconfig/launcher.pc'
[25.532s] Level 1:colcon.colcon_core.environment:checking '/home/ngt/ZENS-Final-AUVC/ros_ws/install/launcher/lib/python3.12/site-packages'
[25.534s] Level 1:colcon.colcon_core.shell:create_environment_hook('launcher', 'pythonpath')
[25.536s] INFO:colcon.colcon_core.shell:Creating environment hook '/home/ngt/ZENS-Final-AUVC/ros_ws/install/launcher/share/launcher/hook/pythonpath.ps1'
[25.541s] INFO:colcon.colcon_core.shell:Creating environment descriptor '/home/ngt/ZENS-Final-AUVC/ros_ws/install/launcher/share/launcher/hook/pythonpath.dsv'
[25.547s] INFO:colcon.colcon_core.shell:Creating environment hook '/home/ngt/ZENS-Final-AUVC/ros_ws/install/launcher/share/launcher/hook/pythonpath.sh'
[25.556s] Level 1:colcon.colcon_core.environment:checking '/home/ngt/ZENS-Final-AUVC/ros_ws/install/launcher/bin'
[25.557s] Level 1:colcon.colcon_core.environment:create_environment_scripts_only(launcher)
[25.559s] INFO:colcon.colcon_core.shell:Creating package script '/home/ngt/ZENS-Final-AUVC/ros_ws/install/launcher/share/launcher/package.ps1'
[25.566s] INFO:colcon.colcon_core.shell:Creating package descriptor '/home/ngt/ZENS-Final-AUVC/ros_ws/install/launcher/share/launcher/package.dsv'
[25.570s] INFO:colcon.colcon_core.shell:Creating package script '/home/ngt/ZENS-Final-AUVC/ros_ws/install/launcher/share/launcher/package.sh'
[25.577s] INFO:colcon.colcon_core.shell:Creating package script '/home/ngt/ZENS-Final-AUVC/ros_ws/install/launcher/share/launcher/package.bash'
[25.581s] INFO:colcon.colcon_core.shell:Creating package script '/home/ngt/ZENS-Final-AUVC/ros_ws/install/launcher/share/launcher/package.zsh'
[25.584s] Level 1:colcon.colcon_core.environment:create_file_with_runtime_dependencies(/home/ngt/ZENS-Final-AUVC/ros_ws/install/launcher/share/colcon-core/packages/launcher)
[25.642s] Level 1:colcon.colcon_core.environment:checking '/home/ngt/ZENS-Final-AUVC/ros_ws/install/cv' for CMake module files
[25.643s] DEBUG:colcon.colcon_core.event_handler.log_command:Invoked command in '/home/ngt/ZENS-Final-AUVC/ros_ws/src/cv' returned '0': PYTHONPATH=/home/ngt/ZENS-Final-AUVC/ros_ws/build/cv/prefix_override:/usr/lib/python3/dist-packages/colcon_core/task/python/colcon_distutils_commands:/home/ngt/ZENS-Final-AUVC/ros_ws/install/cv/lib/python3.12/site-packages:${PYTHONPATH} /usr/bin/python3 -W ignore:setup.py install is deprecated -W ignore:easy_install command is deprecated setup.py egg_info --egg-base ../../build/cv build --build-base /home/ngt/ZENS-Final-AUVC/ros_ws/build/cv/build install --record /home/ngt/ZENS-Final-AUVC/ros_ws/build/cv/install.log --install-scripts $base/lib/cv --single-version-externally-managed install_data
[25.650s] Level 1:colcon.colcon_core.environment:checking '/home/ngt/ZENS-Final-AUVC/ros_ws/install/cv' for CMake config files
[25.664s] Level 1:colcon.colcon_core.environment:checking '/home/ngt/ZENS-Final-AUVC/ros_ws/install/cv/lib'
[25.665s] Level 1:colcon.colcon_core.environment:checking '/home/ngt/ZENS-Final-AUVC/ros_ws/install/cv/bin'
[25.666s] Level 1:colcon.colcon_core.environment:checking '/home/ngt/ZENS-Final-AUVC/ros_ws/install/cv/lib/pkgconfig/cv.pc'
[25.668s] Level 1:colcon.colcon_core.environment:checking '/home/ngt/ZENS-Final-AUVC/ros_ws/install/cv/lib/python3.12/site-packages'
[25.669s] Level 1:colcon.colcon_core.shell:create_environment_hook('cv', 'pythonpath')
[25.671s] INFO:colcon.colcon_core.shell:Creating environment hook '/home/ngt/ZENS-Final-AUVC/ros_ws/install/cv/share/cv/hook/pythonpath.ps1'
[25.674s] INFO:colcon.colcon_core.shell:Creating environment descriptor '/home/ngt/ZENS-Final-AUVC/ros_ws/install/cv/share/cv/hook/pythonpath.dsv'
[25.677s] INFO:colcon.colcon_core.shell:Creating environment hook '/home/ngt/ZENS-Final-AUVC/ros_ws/install/cv/share/cv/hook/pythonpath.sh'
[25.683s] Level 1:colcon.colcon_core.environment:checking '/home/ngt/ZENS-Final-AUVC/ros_ws/install/cv/bin'
[25.683s] Level 1:colcon.colcon_core.environment:create_environment_scripts_only(cv)
[25.685s] INFO:colcon.colcon_core.shell:Creating package script '/home/ngt/ZENS-Final-AUVC/ros_ws/install/cv/share/cv/package.ps1'
[25.690s] INFO:colcon.colcon_core.shell:Creating package descriptor '/home/ngt/ZENS-Final-AUVC/ros_ws/install/cv/share/cv/package.dsv'
[25.694s] INFO:colcon.colcon_core.shell:Creating package script '/home/ngt/ZENS-Final-AUVC/ros_ws/install/cv/share/cv/package.sh'
[25.698s] INFO:colcon.colcon_core.shell:Creating package script '/home/ngt/ZENS-Final-AUVC/ros_ws/install/cv/share/cv/package.bash'
[25.700s] INFO:colcon.colcon_core.shell:Creating package script '/home/ngt/ZENS-Final-AUVC/ros_ws/install/cv/share/cv/package.zsh'
[25.703s] Level 1:colcon.colcon_core.environment:create_file_with_runtime_dependencies(/home/ngt/ZENS-Final-AUVC/ros_ws/install/cv/share/colcon-core/packages/cv)
[25.969s] Level 1:colcon.colcon_core.environment:checking '/home/ngt/ZENS-Final-AUVC/ros_ws/install/control' for CMake module files
[25.975s] DEBUG:colcon.colcon_core.event_handler.log_command:Invoked command in '/home/ngt/ZENS-Final-AUVC/ros_ws/src/control' returned '0': PYTHONPATH=/home/ngt/ZENS-Final-AUVC/ros_ws/build/control/prefix_override:/usr/lib/python3/dist-packages/colcon_core/task/python/colcon_distutils_commands:/home/ngt/ZENS-Final-AUVC/ros_ws/install/control/lib/python3.12/site-packages:${PYTHONPATH} /usr/bin/python3 -W ignore:setup.py install is deprecated -W ignore:easy_install command is deprecated setup.py egg_info --egg-base ../../build/control build --build-base /home/ngt/ZENS-Final-AUVC/ros_ws/build/control/build install --record /home/ngt/ZENS-Final-AUVC/ros_ws/build/control/install.log --install-scripts $base/lib/control --single-version-externally-managed install_data
[25.977s] Level 1:colcon.colcon_core.environment:checking '/home/ngt/ZENS-Final-AUVC/ros_ws/install/control' for CMake config files
[25.982s] Level 1:colcon.colcon_core.environment:checking '/home/ngt/ZENS-Final-AUVC/ros_ws/install/control/lib'
[25.983s] Level 1:colcon.colcon_core.environment:checking '/home/ngt/ZENS-Final-AUVC/ros_ws/install/control/bin'
[25.983s] Level 1:colcon.colcon_core.environment:checking '/home/ngt/ZENS-Final-AUVC/ros_ws/install/control/lib/pkgconfig/control.pc'
[25.984s] Level 1:colcon.colcon_core.environment:checking '/home/ngt/ZENS-Final-AUVC/ros_ws/install/control/lib/python3.12/site-packages'
[25.985s] Level 1:colcon.colcon_core.shell:create_environment_hook('control', 'pythonpath')
[25.986s] INFO:colcon.colcon_core.shell:Creating environment hook '/home/ngt/ZENS-Final-AUVC/ros_ws/install/control/share/control/hook/pythonpath.ps1'
[25.989s] INFO:colcon.colcon_core.shell:Creating environment descriptor '/home/ngt/ZENS-Final-AUVC/ros_ws/install/control/share/control/hook/pythonpath.dsv'
[25.992s] INFO:colcon.colcon_core.shell:Creating environment hook '/home/ngt/ZENS-Final-AUVC/ros_ws/install/control/share/control/hook/pythonpath.sh'
[25.996s] Level 1:colcon.colcon_core.environment:checking '/home/ngt/ZENS-Final-AUVC/ros_ws/install/control/bin'
[25.997s] Level 1:colcon.colcon_core.environment:create_environment_scripts_only(control)
[25.998s] INFO:colcon.colcon_core.shell:Creating package script '/home/ngt/ZENS-Final-AUVC/ros_ws/install/control/share/control/package.ps1'
[26.001s] INFO:colcon.colcon_core.shell:Creating package descriptor '/home/ngt/ZENS-Final-AUVC/ros_ws/install/control/share/control/package.dsv'
[26.004s] INFO:colcon.colcon_core.shell:Creating package script '/home/ngt/ZENS-Final-AUVC/ros_ws/install/control/share/control/package.sh'
[26.007s] INFO:colcon.colcon_core.shell:Creating package script '/home/ngt/ZENS-Final-AUVC/ros_ws/install/control/share/control/package.bash'
[26.010s] INFO:colcon.colcon_core.shell:Creating package script '/home/ngt/ZENS-Final-AUVC/ros_ws/install/control/share/control/package.zsh'
[26.013s] Level 1:colcon.colcon_core.environment:create_file_with_runtime_dependencies(/home/ngt/ZENS-Final-AUVC/ros_ws/install/control/share/colcon-core/packages/control)
[26.015s] DEBUG:colcon.colcon_parallel_executor.executor.parallel:closing loop
[26.017s] DEBUG:colcon.colcon_parallel_executor.executor.parallel:loop closed
[26.018s] DEBUG:colcon.colcon_parallel_executor.executor.parallel:run_until_complete finished with '0'
[26.018s] DEBUG:colcon.colcon_core.event_reactor:joining thread
[26.021s] DEBUG:colcon.colcon_core.event_reactor:joined thread
[26.022s] INFO:colcon.colcon_core.shell:Creating prefix script '/home/ngt/ZENS-Final-AUVC/ros_ws/install/local_setup.ps1'
[26.031s] INFO:colcon.colcon_core.shell:Creating prefix util module '/home/ngt/ZENS-Final-AUVC/ros_ws/install/_local_setup_util_ps1.py'
[26.040s] INFO:colcon.colcon_core.shell:Creating prefix chain script '/home/ngt/ZENS-Final-AUVC/ros_ws/install/setup.ps1'
[26.059s] INFO:colcon.colcon_core.shell:Creating prefix script '/home/ngt/ZENS-Final-AUVC/ros_ws/install/local_setup.sh'
[26.063s] INFO:colcon.colcon_core.shell:Creating prefix util module '/home/ngt/ZENS-Final-AUVC/ros_ws/install/_local_setup_util_sh.py'
[26.067s] INFO:colcon.colcon_core.shell:Creating prefix chain script '/home/ngt/ZENS-Final-AUVC/ros_ws/install/setup.sh'
[26.081s] INFO:colcon.colcon_core.shell:Creating prefix script '/home/ngt/ZENS-Final-AUVC/ros_ws/install/local_setup.bash'
[26.085s] INFO:colcon.colcon_core.shell:Creating prefix chain script '/home/ngt/ZENS-Final-AUVC/ros_ws/install/setup.bash'
[26.101s] INFO:colcon.colcon_core.shell:Creating prefix script '/home/ngt/ZENS-Final-AUVC/ros_ws/install/local_setup.zsh'
[26.105s] INFO:colcon.colcon_core.shell:Creating prefix chain script '/home/ngt/ZENS-Final-AUVC/ros_ws/install/setup.zsh'
