[15.139s] Invoking command in '/home/ngt/ZENS-Final-AUVC/ros_ws/src/cv': PYTHONPATH=/home/ngt/ZENS-Final-AUVC/build/cv/prefix_override:/home/ngt/.virtualenvs/ardusub/lib/python3.12/site-packages/colcon_core/task/python/colcon_distutils_commands:/home/ngt/ZENS-Final-AUVC/install/cv/lib/python3.12/site-packages:${PYTHONPATH} /home/ngt/.virtualenvs/ardusub/bin/python -W ignore:setup.py install is deprecated -W ignore:easy_install command is deprecated setup.py egg_info --egg-base ../../../build/cv build --build-base /home/ngt/ZENS-Final-AUVC/build/cv/build install --record /home/ngt/ZENS-Final-AUVC/build/cv/install.log --single-version-externally-managed install_data
[21.136s] running egg_info
[21.305s] writing ../../../build/cv/cv.egg-info/PKG-INFO
[21.313s] writing dependency_links to ../../../build/cv/cv.egg-info/dependency_links.txt
[21.316s] writing entry points to ../../../build/cv/cv.egg-info/entry_points.txt
[21.320s] writing requirements to ../../../build/cv/cv.egg-info/requires.txt
[21.321s] writing top-level names to ../../../build/cv/cv.egg-info/top_level.txt
[21.619s] reading manifest file '../../../build/cv/cv.egg-info/SOURCES.txt'
[21.623s] writing manifest file '../../../build/cv/cv.egg-info/SOURCES.txt'
[21.625s] running build
[21.626s] running build_py
[21.640s] copying cv/detector.py -> /home/ngt/ZENS-Final-AUVC/build/cv/build/lib/cv
[21.646s] copying cv/visualizer.py -> /home/ngt/ZENS-Final-AUVC/build/cv/build/lib/cv
[21.647s] copying cv/video_logger.py -> /home/ngt/ZENS-Final-AUVC/build/cv/build/lib/cv
[21.647s] copying cv/__init__.py -> /home/ngt/ZENS-Final-AUVC/build/cv/build/lib/cv
[21.648s] copying cv/camera.py -> /home/ngt/ZENS-Final-AUVC/build/cv/build/lib/cv
[21.650s] copying cv/nodes/image_saver_node.py -> /home/ngt/ZENS-Final-AUVC/build/cv/build/lib/cv/nodes
[21.652s] copying cv/nodes/fake_camera_node.py -> /home/ngt/ZENS-Final-AUVC/build/cv/build/lib/cv/nodes
[21.656s] copying cv/nodes/__init__.py -> /home/ngt/ZENS-Final-AUVC/build/cv/build/lib/cv/nodes
[21.658s] copying cv/nodes/detector_node.py -> /home/ngt/ZENS-Final-AUVC/build/cv/build/lib/cv/nodes
[21.661s] copying cv/scripts/detect_from_image.py -> /home/ngt/ZENS-Final-AUVC/build/cv/build/lib/cv/scripts
[21.703s] copying cv/scripts/calibrate_camera.py -> /home/ngt/ZENS-Final-AUVC/build/cv/build/lib/cv/scripts
[21.703s] copying cv/scripts/__init__.py -> /home/ngt/ZENS-Final-AUVC/build/cv/build/lib/cv/scripts
[21.704s] running install
[21.705s] running install_lib
[21.775s] running install_data
[21.776s] copying resource/cv -> /home/ngt/ZENS-Final-AUVC/install/cv/share/ament_index/resource_index/packages
[21.778s] copying package.xml -> /home/ngt/ZENS-Final-AUVC/install/cv/share/cv
[21.781s] copying launch/test_detection.launch.py -> /home/ngt/ZENS-Final-AUVC/install/cv/share/cv/launch
[21.797s] copying launch/detection.launch.py -> /home/ngt/ZENS-Final-AUVC/install/cv/share/cv/launch
[21.798s] copying config/camera_info.yaml -> /home/ngt/ZENS-Final-AUVC/install/cv/share/cv/config
[21.799s] copying config/detector_params.yaml -> /home/ngt/ZENS-Final-AUVC/install/cv/share/cv/config
[21.800s] running install_egg_info
[21.905s] removing '/home/ngt/ZENS-Final-AUVC/install/cv/lib/python3.12/site-packages/cv-0.0.0-py3.12.egg-info' (and everything under it)
[21.914s] Copying ../../../build/cv/cv.egg-info to /home/ngt/ZENS-Final-AUVC/install/cv/lib/python3.12/site-packages/cv-0.0.0-py3.12.egg-info
[21.927s] running install_scripts
[22.273s] Installing apriltag_detector_node script to /home/ngt/ZENS-Final-AUVC/install/cv/bin
[22.274s] Installing calibrate_camera script to /home/ngt/ZENS-Final-AUVC/install/cv/bin
[22.276s] Installing detect_from_image script to /home/ngt/ZENS-Final-AUVC/install/cv/bin
[22.288s] Installing fake_camera_node script to /home/ngt/ZENS-Final-AUVC/install/cv/bin
[22.295s] Installing image_saver_node script to /home/ngt/ZENS-Final-AUVC/install/cv/bin
[22.304s] writing list of installed files to '/home/ngt/ZENS-Final-AUVC/build/cv/install.log'
[23.502s] Invoked command in '/home/ngt/ZENS-Final-AUVC/ros_ws/src/cv' returned '0': PYTHONPATH=/home/ngt/ZENS-Final-AUVC/build/cv/prefix_override:/home/ngt/.virtualenvs/ardusub/lib/python3.12/site-packages/colcon_core/task/python/colcon_distutils_commands:/home/ngt/ZENS-Final-AUVC/install/cv/lib/python3.12/site-packages:${PYTHONPATH} /home/ngt/.virtualenvs/ardusub/bin/python -W ignore:setup.py install is deprecated -W ignore:easy_install command is deprecated setup.py egg_info --egg-base ../../../build/cv build --build-base /home/ngt/ZENS-Final-AUVC/build/cv/build install --record /home/ngt/ZENS-Final-AUVC/build/cv/install.log --single-version-externally-managed install_data
