[6.875s] Invoking command in '/home/ngt/ZENS-Final-AUVC/ros_ws/src/cv': PYTHONPATH=/home/ngt/ZENS-Final-AUVC/build/cv/prefix_override:/home/ngt/.virtualenvs/ardusub/lib/python3.12/site-packages/colcon_core/task/python/colcon_distutils_commands:/home/ngt/ZENS-Final-AUVC/install/cv/lib/python3.12/site-packages:${PYTHONPATH} /home/ngt/.virtualenvs/ardusub/bin/python -W ignore:setup.py install is deprecated -W ignore:easy_install command is deprecated setup.py egg_info --egg-base ../../../build/cv build --build-base /home/ngt/ZENS-Final-AUVC/build/cv/build install --record /home/ngt/ZENS-Final-AUVC/build/cv/install.log --install-scripts $base/lib/cv --single-version-externally-managed install_data
[9.526s] running egg_info
[9.649s] writing ../../../build/cv/cv.egg-info/PKG-INFO
[9.651s] writing dependency_links to ../../../build/cv/cv.egg-info/dependency_links.txt
[9.654s] writing entry points to ../../../build/cv/cv.egg-info/entry_points.txt
[9.657s] writing requirements to ../../../build/cv/cv.egg-info/requires.txt
[9.659s] writing top-level names to ../../../build/cv/cv.egg-info/top_level.txt
[10.016s] reading manifest file '../../../build/cv/cv.egg-info/SOURCES.txt'
[10.031s] writing manifest file '../../../build/cv/cv.egg-info/SOURCES.txt'
[10.032s] running build
[10.032s] running build_py
[10.048s] copying cv/detector.py -> /home/ngt/ZENS-Final-AUVC/build/cv/build/lib/cv
[10.049s] copying cv/visualizer.py -> /home/ngt/ZENS-Final-AUVC/build/cv/build/lib/cv
[10.050s] copying cv/video_logger.py -> /home/ngt/ZENS-Final-AUVC/build/cv/build/lib/cv
[10.050s] copying cv/__init__.py -> /home/ngt/ZENS-Final-AUVC/build/cv/build/lib/cv
[10.060s] copying cv/camera.py -> /home/ngt/ZENS-Final-AUVC/build/cv/build/lib/cv
[10.068s] copying cv/nodes/tag_heading_node.py -> /home/ngt/ZENS-Final-AUVC/build/cv/build/lib/cv/nodes
[10.069s] copying cv/nodes/image_saver_node.py -> /home/ngt/ZENS-Final-AUVC/build/cv/build/lib/cv/nodes
[10.071s] copying cv/nodes/fake_camera_node.py -> /home/ngt/ZENS-Final-AUVC/build/cv/build/lib/cv/nodes
[10.082s] copying cv/nodes/__init__.py -> /home/ngt/ZENS-Final-AUVC/build/cv/build/lib/cv/nodes
[10.082s] copying cv/nodes/detector_node.py -> /home/ngt/ZENS-Final-AUVC/build/cv/build/lib/cv/nodes
[10.087s] copying cv/scripts/detect_from_image.py -> /home/ngt/ZENS-Final-AUVC/build/cv/build/lib/cv/scripts
[10.091s] copying cv/scripts/calibrate_camera.py -> /home/ngt/ZENS-Final-AUVC/build/cv/build/lib/cv/scripts
[10.092s] copying cv/scripts/__init__.py -> /home/ngt/ZENS-Final-AUVC/build/cv/build/lib/cv/scripts
[10.130s] running install
[10.144s] running install_lib
[10.265s] copying /home/ngt/ZENS-Final-AUVC/build/cv/build/lib/cv/nodes/tag_heading_node.py -> /home/ngt/ZENS-Final-AUVC/install/cv/lib/python3.12/site-packages/cv/nodes
[10.276s] byte-compiling /home/ngt/ZENS-Final-AUVC/install/cv/lib/python3.12/site-packages/cv/nodes/tag_heading_node.py to tag_heading_node.cpython-312.pyc
[10.291s] running install_data
[10.292s] copying resource/cv -> /home/ngt/ZENS-Final-AUVC/install/cv/share/ament_index/resource_index/packages
[10.298s] copying package.xml -> /home/ngt/ZENS-Final-AUVC/install/cv/share/cv
[10.302s] copying launch/test_detection.launch.py -> /home/ngt/ZENS-Final-AUVC/install/cv/share/cv/launch
[10.304s] copying launch/detection.launch.py -> /home/ngt/ZENS-Final-AUVC/install/cv/share/cv/launch
[10.307s] copying launch/tag_heading.launch.py -> /home/ngt/ZENS-Final-AUVC/install/cv/share/cv/launch
[10.312s] copying config/camera_info.yaml -> /home/ngt/ZENS-Final-AUVC/install/cv/share/cv/config
[10.316s] copying config/detector_params.yaml -> /home/ngt/ZENS-Final-AUVC/install/cv/share/cv/config
[10.317s] running install_egg_info
[10.467s] removing '/home/ngt/ZENS-Final-AUVC/install/cv/lib/python3.12/site-packages/cv-0.0.0-py3.12.egg-info' (and everything under it)
[10.468s] Copying ../../../build/cv/cv.egg-info to /home/ngt/ZENS-Final-AUVC/install/cv/lib/python3.12/site-packages/cv-0.0.0-py3.12.egg-info
[10.480s] running install_scripts
[10.890s] Installing apriltag_detector_node script to /home/ngt/ZENS-Final-AUVC/install/cv/lib/cv
[10.895s] Installing calibrate_camera script to /home/ngt/ZENS-Final-AUVC/install/cv/lib/cv
[10.896s] Installing detect_from_image script to /home/ngt/ZENS-Final-AUVC/install/cv/lib/cv
[10.921s] Installing fake_camera_node script to /home/ngt/ZENS-Final-AUVC/install/cv/lib/cv
[10.922s] Installing image_saver_node script to /home/ngt/ZENS-Final-AUVC/install/cv/lib/cv
[10.922s] Installing tag_heading_node script to /home/ngt/ZENS-Final-AUVC/install/cv/lib/cv
[10.935s] writing list of installed files to '/home/ngt/ZENS-Final-AUVC/build/cv/install.log'
[11.336s] Invoked command in '/home/ngt/ZENS-Final-AUVC/ros_ws/src/cv' returned '0': PYTHONPATH=/home/ngt/ZENS-Final-AUVC/build/cv/prefix_override:/home/ngt/.virtualenvs/ardusub/lib/python3.12/site-packages/colcon_core/task/python/colcon_distutils_commands:/home/ngt/ZENS-Final-AUVC/install/cv/lib/python3.12/site-packages:${PYTHONPATH} /home/ngt/.virtualenvs/ardusub/bin/python -W ignore:setup.py install is deprecated -W ignore:easy_install command is deprecated setup.py egg_info --egg-base ../../../build/cv build --build-base /home/ngt/ZENS-Final-AUVC/build/cv/build install --record /home/ngt/ZENS-Final-AUVC/build/cv/install.log --install-scripts $base/lib/cv --single-version-externally-managed install_data
