[19.402s] Invoking command in '/home/ngt/ZENS-Final-AUVC/ros_ws/src/launcher': PYTHONPATH=/home/ngt/ZENS-Final-AUVC/ros_ws/build/launcher/prefix_override:/usr/lib/python3/dist-packages/colcon_core/task/python/colcon_distutils_commands:/home/ngt/ZENS-Final-AUVC/ros_ws/install/launcher/lib/python3.12/site-packages:${PYTHONPATH} /usr/bin/python3 -W ignore:setup.py install is deprecated -W ignore:easy_install command is deprecated setup.py egg_info --egg-base ../../build/launcher build --build-base /home/ngt/ZENS-Final-AUVC/ros_ws/build/launcher/build install --record /home/ngt/ZENS-Final-AUVC/ros_ws/build/launcher/install.log --install-scripts $base/lib/launcher --single-version-externally-managed install_data
[23.761s] running egg_info
[23.985s] writing ../../build/launcher/launcher.egg-info/PKG-INFO
[23.992s] writing dependency_links to ../../build/launcher/launcher.egg-info/dependency_links.txt
[23.992s] writing requirements to ../../build/launcher/launcher.egg-info/requires.txt
[23.993s] writing top-level names to ../../build/launcher/launcher.egg-info/top_level.txt
[25.820s] reading manifest file '../../build/launcher/launcher.egg-info/SOURCES.txt'
[25.834s] writing manifest file '../../build/launcher/launcher.egg-info/SOURCES.txt'
[25.835s] running build
[25.835s] running build_py
[25.836s] running install
[25.881s] running install_lib
[26.354s] running install_data
[26.364s] copying launch/all_systems.launch.yaml -> /home/ngt/ZENS-Final-AUVC/ros_ws/install/launcher/share/launcher/launch
[26.367s] running install_egg_info
[26.843s] removing '/home/ngt/ZENS-Final-AUVC/ros_ws/install/launcher/lib/python3.12/site-packages/launcher-0.0.0-py3.12.egg-info' (and everything under it)
[26.848s] Copying ../../build/launcher/launcher.egg-info to /home/ngt/ZENS-Final-AUVC/ros_ws/install/launcher/lib/python3.12/site-packages/launcher-0.0.0-py3.12.egg-info
[26.852s] running install_scripts
[27.593s] writing list of installed files to '/home/ngt/ZENS-Final-AUVC/ros_ws/build/launcher/install.log'
[28.242s] Invoked command in '/home/ngt/ZENS-Final-AUVC/ros_ws/src/launcher' returned '0': PYTHONPATH=/home/ngt/ZENS-Final-AUVC/ros_ws/build/launcher/prefix_override:/usr/lib/python3/dist-packages/colcon_core/task/python/colcon_distutils_commands:/home/ngt/ZENS-Final-AUVC/ros_ws/install/launcher/lib/python3.12/site-packages:${PYTHONPATH} /usr/bin/python3 -W ignore:setup.py install is deprecated -W ignore:easy_install command is deprecated setup.py egg_info --egg-base ../../build/launcher build --build-base /home/ngt/ZENS-Final-AUVC/ros_ws/build/launcher/build install --record /home/ngt/ZENS-Final-AUVC/ros_ws/build/launcher/install.log --install-scripts $base/lib/launcher --single-version-externally-managed install_data
