[5.095s] Invoking command in '/home/ngt/ZENS-Final-AUVC/ros_ws/src/hardware': PYTHONPATH=/home/ngt/ZENS-Final-AUVC/build/hardware/prefix_override:/home/ngt/.virtualenvs/ardusub/lib/python3.12/site-packages/colcon_core/task/python/colcon_distutils_commands:/home/ngt/ZENS-Final-AUVC/install/hardware/lib/python3.12/site-packages:${PYTHONPATH} /home/ngt/.virtualenvs/ardusub/bin/python -W ignore:setup.py install is deprecated -W ignore:easy_install command is deprecated setup.py egg_info --egg-base ../../../build/hardware build --build-base /home/ngt/ZENS-Final-AUVC/build/hardware/build install --record /home/ngt/ZENS-Final-AUVC/build/hardware/install.log --single-version-externally-managed install_data
[5.995s] /home/ngt/.virtualenvs/ardusub/lib/python3.12/site-packages/setuptools/_distutils/dist.py:288: UserWarning: Unknown distribution option: 'tests_require'
[5.995s]   warnings.warn(msg)
[6.632s] running egg_info
[6.727s] writing ../../../build/hardware/hardware.egg-info/PKG-INFO
[6.729s] writing dependency_links to ../../../build/hardware/hardware.egg-info/dependency_links.txt
[6.733s] writing entry points to ../../../build/hardware/hardware.egg-info/entry_points.txt
[6.734s] writing requirements to ../../../build/hardware/hardware.egg-info/requires.txt
[6.734s] writing top-level names to ../../../build/hardware/hardware.egg-info/top_level.txt
[6.955s] reading manifest file '../../../build/hardware/hardware.egg-info/SOURCES.txt'
[6.961s] writing manifest file '../../../build/hardware/hardware.egg-info/SOURCES.txt'
[6.964s] running build
[6.965s] running build_py
[6.965s] copying hardware/bluerov2_simulation_interface.py -> /home/ngt/ZENS-Final-AUVC/build/hardware/build/lib/hardware
[6.973s] copying hardware/bluerov2_hardware_interface.py -> /home/ngt/ZENS-Final-AUVC/build/hardware/build/lib/hardware
[6.974s] copying hardware/bluerov2_camera_interface.py -> /home/ngt/ZENS-Final-AUVC/build/hardware/build/lib/hardware
[6.981s] copying hardware/__init__.py -> /home/ngt/ZENS-Final-AUVC/build/hardware/build/lib/hardware
[6.990s] running install
[7.005s] running install_lib
[7.114s] running install_data
[7.116s] copying resource/hardware -> /home/ngt/ZENS-Final-AUVC/install/hardware/share/ament_index/resource_index/packages
[7.119s] copying package.xml -> /home/ngt/ZENS-Final-AUVC/install/hardware/share/hardware
[7.120s] copying launch/simulation.launch.py -> /home/ngt/ZENS-Final-AUVC/install/hardware/share/hardware/launch
[7.121s] copying config/bridge.yaml -> /home/ngt/ZENS-Final-AUVC/install/hardware/share/hardware/config
[7.123s] running install_egg_info
[7.221s] removing '/home/ngt/ZENS-Final-AUVC/install/hardware/lib/python3.12/site-packages/hardware-0.0.0-py3.12.egg-info' (and everything under it)
[7.223s] Copying ../../../build/hardware/hardware.egg-info to /home/ngt/ZENS-Final-AUVC/install/hardware/lib/python3.12/site-packages/hardware-0.0.0-py3.12.egg-info
[7.231s] running install_scripts
[7.452s] Installing bluerov2_camera_interface script to /home/ngt/ZENS-Final-AUVC/install/hardware/bin
[7.455s] Installing bluerov2_hardware_interface script to /home/ngt/ZENS-Final-AUVC/install/hardware/bin
[7.455s] Installing bluerov2_simulation_interface script to /home/ngt/ZENS-Final-AUVC/install/hardware/bin
[7.459s] writing list of installed files to '/home/ngt/ZENS-Final-AUVC/build/hardware/install.log'
[7.651s] Invoked command in '/home/ngt/ZENS-Final-AUVC/ros_ws/src/hardware' returned '0': PYTHONPATH=/home/ngt/ZENS-Final-AUVC/build/hardware/prefix_override:/home/ngt/.virtualenvs/ardusub/lib/python3.12/site-packages/colcon_core/task/python/colcon_distutils_commands:/home/ngt/ZENS-Final-AUVC/install/hardware/lib/python3.12/site-packages:${PYTHONPATH} /home/ngt/.virtualenvs/ardusub/bin/python -W ignore:setup.py install is deprecated -W ignore:easy_install command is deprecated setup.py egg_info --egg-base ../../../build/hardware build --build-base /home/ngt/ZENS-Final-AUVC/build/hardware/build install --record /home/ngt/ZENS-Final-AUVC/build/hardware/install.log --single-version-externally-managed install_data
