[0.917s] DEBUG:colcon:Command line arguments: ['/usr/bin/colcon', 'build']
[0.917s] DEBUG:colcon:Parsed command line arguments: Namespace(log_base=None, log_level=None, verb_name='build', build_base='build', install_base='install', merge_install=False, symlink_install=False, test_result_base=None, continue_on_error=False, executor='parallel', parallel_workers=4, event_handlers=None, ignore_user_meta=False, metas=['./colcon.meta'], base_paths=['.'], packages_ignore=None, packages_ignore_regex=None, paths=None, packages_up_to=None, packages_up_to_regex=None, packages_above=None, packages_above_and_dependencies=None, packages_above_depth=None, packages_select_by_dep=None, packages_skip_by_dep=None, packages_skip_up_to=None, packages_select_build_failed=False, packages_skip_build_finished=False, packages_select_test_failures=False, packages_skip_test_passed=False, packages_select=None, packages_skip=None, packages_select_regex=None, packages_skip_regex=None, packages_start=None, packages_end=None, allow_overriding=[], cmake_args=None, cmake_target=None, cmake_target_skip_unavailable=False, cmake_clean_cache=False, cmake_clean_first=False, cmake_force_configure=False, ament_cmake_args=None, catkin_cmake_args=None, catkin_skip_building_tests=False, mixin_files=None, mixin=None, verb_parser=<colcon_mixin.mixin.mixin_argument.MixinArgumentDecorator object at 0xffff91bca390>, verb_extension=<colcon_core.verb.build.BuildVerb object at 0xffff91bca0c0>, main=<bound method BuildVerb.main of <colcon_core.verb.build.BuildVerb object at 0xffff91bca0c0>>, mixin_verb=('build',))
[1.230s] Level 1:colcon.colcon_core.package_discovery:discover_packages(colcon_meta) check parameters
[1.231s] Level 1:colcon.colcon_core.package_discovery:discover_packages(recursive) check parameters
[1.231s] Level 1:colcon.colcon_core.package_discovery:discover_packages(ignore) check parameters
[1.231s] Level 1:colcon.colcon_core.package_discovery:discover_packages(path) check parameters
[1.232s] Level 1:colcon.colcon_core.package_discovery:discover_packages(colcon_meta) discover
[1.232s] Level 1:colcon.colcon_core.package_discovery:discover_packages(recursive) discover
[1.232s] INFO:colcon.colcon_core.package_discovery:Crawling recursively for packages in '/home/ngt/ZENS-Final-AUVC/ros_ws'
[1.233s] Level 1:colcon.colcon_core.package_identification:_identify(.) by extensions ['ignore', 'ignore_ament_install']
[1.233s] Level 1:colcon.colcon_core.package_identification:_identify(.) by extension 'ignore'
[1.234s] Level 1:colcon.colcon_core.package_identification:_identify(.) by extension 'ignore_ament_install'
[1.234s] Level 1:colcon.colcon_core.package_identification:_identify(.) by extensions ['colcon_pkg']
[1.235s] Level 1:colcon.colcon_core.package_identification:_identify(.) by extension 'colcon_pkg'
[1.235s] Level 1:colcon.colcon_core.package_identification:_identify(.) by extensions ['colcon_meta']
[1.236s] Level 1:colcon.colcon_core.package_identification:_identify(.) by extension 'colcon_meta'
[1.236s] Level 1:colcon.colcon_core.package_identification:_identify(.) by extensions ['ros']
[1.236s] Level 1:colcon.colcon_core.package_identification:_identify(.) by extension 'ros'
[1.406s] Level 1:colcon.colcon_core.package_identification:_identify(.) by extensions ['cmake', 'python']
[1.406s] Level 1:colcon.colcon_core.package_identification:_identify(.) by extension 'cmake'
[1.407s] Level 1:colcon.colcon_core.package_identification:_identify(.) by extension 'python'
[1.408s] Level 1:colcon.colcon_core.package_identification:_identify(.) by extensions ['python_setup_py']
[1.408s] Level 1:colcon.colcon_core.package_identification:_identify(.) by extension 'python_setup_py'
[1.412s] Level 1:colcon.colcon_core.package_identification:_identify(build) by extensions ['ignore', 'ignore_ament_install']
[1.414s] Level 1:colcon.colcon_core.package_identification:_identify(build) by extension 'ignore'
[1.415s] Level 1:colcon.colcon_core.package_identification:_identify(build) ignored
[1.417s] Level 1:colcon.colcon_core.package_identification:_identify(bwsibot) by extensions ['ignore', 'ignore_ament_install']
[1.418s] Level 1:colcon.colcon_core.package_identification:_identify(bwsibot) by extension 'ignore'
[1.419s] Level 1:colcon.colcon_core.package_identification:_identify(bwsibot) by extension 'ignore_ament_install'
[1.420s] Level 1:colcon.colcon_core.package_identification:_identify(bwsibot) by extensions ['colcon_pkg']
[1.420s] Level 1:colcon.colcon_core.package_identification:_identify(bwsibot) by extension 'colcon_pkg'
[1.421s] Level 1:colcon.colcon_core.package_identification:_identify(bwsibot) by extensions ['colcon_meta']
[1.421s] Level 1:colcon.colcon_core.package_identification:_identify(bwsibot) by extension 'colcon_meta'
[1.422s] Level 1:colcon.colcon_core.package_identification:_identify(bwsibot) by extensions ['ros']
[1.423s] Level 1:colcon.colcon_core.package_identification:_identify(bwsibot) by extension 'ros'
[1.425s] Level 1:colcon.colcon_core.package_identification:_identify(bwsibot) by extensions ['cmake', 'python']
[1.426s] Level 1:colcon.colcon_core.package_identification:_identify(bwsibot) by extension 'cmake'
[1.426s] Level 1:colcon.colcon_core.package_identification:_identify(bwsibot) by extension 'python'
[1.427s] Level 1:colcon.colcon_core.package_identification:_identify(bwsibot) by extensions ['python_setup_py']
[1.428s] Level 1:colcon.colcon_core.package_identification:_identify(bwsibot) by extension 'python_setup_py'
[1.429s] Level 1:colcon.colcon_core.package_identification:_identify(bwsibot/logs) by extensions ['ignore', 'ignore_ament_install']
[1.430s] Level 1:colcon.colcon_core.package_identification:_identify(bwsibot/logs) by extension 'ignore'
[1.431s] Level 1:colcon.colcon_core.package_identification:_identify(bwsibot/logs) by extension 'ignore_ament_install'
[1.432s] Level 1:colcon.colcon_core.package_identification:_identify(bwsibot/logs) by extensions ['colcon_pkg']
[1.433s] Level 1:colcon.colcon_core.package_identification:_identify(bwsibot/logs) by extension 'colcon_pkg'
[1.433s] Level 1:colcon.colcon_core.package_identification:_identify(bwsibot/logs) by extensions ['colcon_meta']
[1.433s] Level 1:colcon.colcon_core.package_identification:_identify(bwsibot/logs) by extension 'colcon_meta'
[1.434s] Level 1:colcon.colcon_core.package_identification:_identify(bwsibot/logs) by extensions ['ros']
[1.434s] Level 1:colcon.colcon_core.package_identification:_identify(bwsibot/logs) by extension 'ros'
[1.435s] Level 1:colcon.colcon_core.package_identification:_identify(bwsibot/logs) by extensions ['cmake', 'python']
[1.436s] Level 1:colcon.colcon_core.package_identification:_identify(bwsibot/logs) by extension 'cmake'
[1.436s] Level 1:colcon.colcon_core.package_identification:_identify(bwsibot/logs) by extension 'python'
[1.437s] Level 1:colcon.colcon_core.package_identification:_identify(bwsibot/logs) by extensions ['python_setup_py']
[1.437s] Level 1:colcon.colcon_core.package_identification:_identify(bwsibot/logs) by extension 'python_setup_py'
[1.438s] Level 1:colcon.colcon_core.package_identification:_identify(bwsibot/logs/2026-07-30) by extensions ['ignore', 'ignore_ament_install']
[1.439s] Level 1:colcon.colcon_core.package_identification:_identify(bwsibot/logs/2026-07-30) by extension 'ignore'
[1.440s] Level 1:colcon.colcon_core.package_identification:_identify(bwsibot/logs/2026-07-30) by extension 'ignore_ament_install'
[1.441s] Level 1:colcon.colcon_core.package_identification:_identify(bwsibot/logs/2026-07-30) by extensions ['colcon_pkg']
[1.441s] Level 1:colcon.colcon_core.package_identification:_identify(bwsibot/logs/2026-07-30) by extension 'colcon_pkg'
[1.442s] Level 1:colcon.colcon_core.package_identification:_identify(bwsibot/logs/2026-07-30) by extensions ['colcon_meta']
[1.443s] Level 1:colcon.colcon_core.package_identification:_identify(bwsibot/logs/2026-07-30) by extension 'colcon_meta'
[1.443s] Level 1:colcon.colcon_core.package_identification:_identify(bwsibot/logs/2026-07-30) by extensions ['ros']
[1.444s] Level 1:colcon.colcon_core.package_identification:_identify(bwsibot/logs/2026-07-30) by extension 'ros'
[1.445s] Level 1:colcon.colcon_core.package_identification:_identify(bwsibot/logs/2026-07-30) by extensions ['cmake', 'python']
[1.446s] Level 1:colcon.colcon_core.package_identification:_identify(bwsibot/logs/2026-07-30) by extension 'cmake'
[1.446s] Level 1:colcon.colcon_core.package_identification:_identify(bwsibot/logs/2026-07-30) by extension 'python'
[1.447s] Level 1:colcon.colcon_core.package_identification:_identify(bwsibot/logs/2026-07-30) by extensions ['python_setup_py']
[1.448s] Level 1:colcon.colcon_core.package_identification:_identify(bwsibot/logs/2026-07-30) by extension 'python_setup_py'
[1.449s] Level 1:colcon.colcon_core.package_identification:_identify(bwsibot/logs/2026-07-30/flight1) by extensions ['ignore', 'ignore_ament_install']
[1.451s] Level 1:colcon.colcon_core.package_identification:_identify(bwsibot/logs/2026-07-30/flight1) by extension 'ignore'
[1.452s] Level 1:colcon.colcon_core.package_identification:_identify(bwsibot/logs/2026-07-30/flight1) by extension 'ignore_ament_install'
[1.453s] Level 1:colcon.colcon_core.package_identification:_identify(bwsibot/logs/2026-07-30/flight1) by extensions ['colcon_pkg']
[1.454s] Level 1:colcon.colcon_core.package_identification:_identify(bwsibot/logs/2026-07-30/flight1) by extension 'colcon_pkg'
[1.455s] Level 1:colcon.colcon_core.package_identification:_identify(bwsibot/logs/2026-07-30/flight1) by extensions ['colcon_meta']
[1.455s] Level 1:colcon.colcon_core.package_identification:_identify(bwsibot/logs/2026-07-30/flight1) by extension 'colcon_meta'
[1.456s] Level 1:colcon.colcon_core.package_identification:_identify(bwsibot/logs/2026-07-30/flight1) by extensions ['ros']
[1.457s] Level 1:colcon.colcon_core.package_identification:_identify(bwsibot/logs/2026-07-30/flight1) by extension 'ros'
[1.458s] Level 1:colcon.colcon_core.package_identification:_identify(bwsibot/logs/2026-07-30/flight1) by extensions ['cmake', 'python']
[1.459s] Level 1:colcon.colcon_core.package_identification:_identify(bwsibot/logs/2026-07-30/flight1) by extension 'cmake'
[1.459s] Level 1:colcon.colcon_core.package_identification:_identify(bwsibot/logs/2026-07-30/flight1) by extension 'python'
[1.460s] Level 1:colcon.colcon_core.package_identification:_identify(bwsibot/logs/2026-07-30/flight1) by extensions ['python_setup_py']
[1.461s] Level 1:colcon.colcon_core.package_identification:_identify(bwsibot/logs/2026-07-30/flight1) by extension 'python_setup_py'
[1.462s] Level 1:colcon.colcon_core.package_identification:_identify(bwsibot/logs/2026-07-30/flight2) by extensions ['ignore', 'ignore_ament_install']
[1.463s] Level 1:colcon.colcon_core.package_identification:_identify(bwsibot/logs/2026-07-30/flight2) by extension 'ignore'
[1.464s] Level 1:colcon.colcon_core.package_identification:_identify(bwsibot/logs/2026-07-30/flight2) by extension 'ignore_ament_install'
[1.465s] Level 1:colcon.colcon_core.package_identification:_identify(bwsibot/logs/2026-07-30/flight2) by extensions ['colcon_pkg']
[1.465s] Level 1:colcon.colcon_core.package_identification:_identify(bwsibot/logs/2026-07-30/flight2) by extension 'colcon_pkg'
[1.466s] Level 1:colcon.colcon_core.package_identification:_identify(bwsibot/logs/2026-07-30/flight2) by extensions ['colcon_meta']
[1.467s] Level 1:colcon.colcon_core.package_identification:_identify(bwsibot/logs/2026-07-30/flight2) by extension 'colcon_meta'
[1.468s] Level 1:colcon.colcon_core.package_identification:_identify(bwsibot/logs/2026-07-30/flight2) by extensions ['ros']
[1.468s] Level 1:colcon.colcon_core.package_identification:_identify(bwsibot/logs/2026-07-30/flight2) by extension 'ros'
[1.470s] Level 1:colcon.colcon_core.package_identification:_identify(bwsibot/logs/2026-07-30/flight2) by extensions ['cmake', 'python']
[1.470s] Level 1:colcon.colcon_core.package_identification:_identify(bwsibot/logs/2026-07-30/flight2) by extension 'cmake'
[1.471s] Level 1:colcon.colcon_core.package_identification:_identify(bwsibot/logs/2026-07-30/flight2) by extension 'python'
[1.472s] Level 1:colcon.colcon_core.package_identification:_identify(bwsibot/logs/2026-07-30/flight2) by extensions ['python_setup_py']
[1.472s] Level 1:colcon.colcon_core.package_identification:_identify(bwsibot/logs/2026-07-30/flight2) by extension 'python_setup_py'
[1.474s] Level 1:colcon.colcon_core.package_identification:_identify(install) by extensions ['ignore', 'ignore_ament_install']
[1.475s] Level 1:colcon.colcon_core.package_identification:_identify(install) by extension 'ignore'
[1.476s] Level 1:colcon.colcon_core.package_identification:_identify(install) ignored
[1.478s] Level 1:colcon.colcon_core.package_identification:_identify(log) by extensions ['ignore', 'ignore_ament_install']
[1.479s] Level 1:colcon.colcon_core.package_identification:_identify(log) by extension 'ignore'
[1.480s] Level 1:colcon.colcon_core.package_identification:_identify(log) ignored
[1.481s] Level 1:colcon.colcon_core.package_identification:_identify(logs) by extensions ['ignore', 'ignore_ament_install']
[1.482s] Level 1:colcon.colcon_core.package_identification:_identify(logs) by extension 'ignore'
[1.483s] Level 1:colcon.colcon_core.package_identification:_identify(logs) by extension 'ignore_ament_install'
[1.483s] Level 1:colcon.colcon_core.package_identification:_identify(logs) by extensions ['colcon_pkg']
[1.484s] Level 1:colcon.colcon_core.package_identification:_identify(logs) by extension 'colcon_pkg'
[1.484s] Level 1:colcon.colcon_core.package_identification:_identify(logs) by extensions ['colcon_meta']
[1.485s] Level 1:colcon.colcon_core.package_identification:_identify(logs) by extension 'colcon_meta'
[1.485s] Level 1:colcon.colcon_core.package_identification:_identify(logs) by extensions ['ros']
[1.486s] Level 1:colcon.colcon_core.package_identification:_identify(logs) by extension 'ros'
[1.487s] Level 1:colcon.colcon_core.package_identification:_identify(logs) by extensions ['cmake', 'python']
[1.487s] Level 1:colcon.colcon_core.package_identification:_identify(logs) by extension 'cmake'
[1.488s] Level 1:colcon.colcon_core.package_identification:_identify(logs) by extension 'python'
[1.488s] Level 1:colcon.colcon_core.package_identification:_identify(logs) by extensions ['python_setup_py']
[1.489s] Level 1:colcon.colcon_core.package_identification:_identify(logs) by extension 'python_setup_py'
[1.490s] Level 1:colcon.colcon_core.package_identification:_identify(src) by extensions ['ignore', 'ignore_ament_install']
[1.490s] Level 1:colcon.colcon_core.package_identification:_identify(src) by extension 'ignore'
[1.491s] Level 1:colcon.colcon_core.package_identification:_identify(src) by extension 'ignore_ament_install'
[1.492s] Level 1:colcon.colcon_core.package_identification:_identify(src) by extensions ['colcon_pkg']
[1.492s] Level 1:colcon.colcon_core.package_identification:_identify(src) by extension 'colcon_pkg'
[1.493s] Level 1:colcon.colcon_core.package_identification:_identify(src) by extensions ['colcon_meta']
[1.494s] Level 1:colcon.colcon_core.package_identification:_identify(src) by extension 'colcon_meta'
[1.494s] Level 1:colcon.colcon_core.package_identification:_identify(src) by extensions ['ros']
[1.495s] Level 1:colcon.colcon_core.package_identification:_identify(src) by extension 'ros'
[1.496s] Level 1:colcon.colcon_core.package_identification:_identify(src) by extensions ['cmake', 'python']
[1.496s] Level 1:colcon.colcon_core.package_identification:_identify(src) by extension 'cmake'
[1.497s] Level 1:colcon.colcon_core.package_identification:_identify(src) by extension 'python'
[1.497s] Level 1:colcon.colcon_core.package_identification:_identify(src) by extensions ['python_setup_py']
[1.498s] Level 1:colcon.colcon_core.package_identification:_identify(src) by extension 'python_setup_py'
[1.499s] Level 1:colcon.colcon_core.package_identification:_identify(src/control) by extensions ['ignore', 'ignore_ament_install']
[1.500s] Level 1:colcon.colcon_core.package_identification:_identify(src/control) by extension 'ignore'
[1.500s] Level 1:colcon.colcon_core.package_identification:_identify(src/control) by extension 'ignore_ament_install'
[1.501s] Level 1:colcon.colcon_core.package_identification:_identify(src/control) by extensions ['colcon_pkg']
[1.501s] Level 1:colcon.colcon_core.package_identification:_identify(src/control) by extension 'colcon_pkg'
[1.502s] Level 1:colcon.colcon_core.package_identification:_identify(src/control) by extensions ['colcon_meta']
[1.502s] Level 1:colcon.colcon_core.package_identification:_identify(src/control) by extension 'colcon_meta'
[1.503s] Level 1:colcon.colcon_core.package_identification:_identify(src/control) by extensions ['ros']
[1.503s] Level 1:colcon.colcon_core.package_identification:_identify(src/control) by extension 'ros'
[1.523s] DEBUG:colcon.colcon_core.package_identification:Package 'src/control' with type 'ros.ament_python' and name 'control'
[1.525s] Level 1:colcon.colcon_core.package_identification:_identify(src/cv) by extensions ['ignore', 'ignore_ament_install']
[1.525s] Level 1:colcon.colcon_core.package_identification:_identify(src/cv) by extension 'ignore'
[1.526s] Level 1:colcon.colcon_core.package_identification:_identify(src/cv) by extension 'ignore_ament_install'
[1.526s] Level 1:colcon.colcon_core.package_identification:_identify(src/cv) by extensions ['colcon_pkg']
[1.527s] Level 1:colcon.colcon_core.package_identification:_identify(src/cv) by extension 'colcon_pkg'
[1.527s] Level 1:colcon.colcon_core.package_identification:_identify(src/cv) by extensions ['colcon_meta']
[1.527s] Level 1:colcon.colcon_core.package_identification:_identify(src/cv) by extension 'colcon_meta'
[1.528s] Level 1:colcon.colcon_core.package_identification:_identify(src/cv) by extensions ['ros']
[1.528s] Level 1:colcon.colcon_core.package_identification:_identify(src/cv) by extension 'ros'
[1.536s] DEBUG:colcon.colcon_core.package_identification:Package 'src/cv' with type 'ros.ament_python' and name 'cv'
[1.536s] Level 1:colcon.colcon_core.package_identification:_identify(src/flashing) by extensions ['ignore', 'ignore_ament_install']
[1.537s] Level 1:colcon.colcon_core.package_identification:_identify(src/flashing) by extension 'ignore'
[1.537s] Level 1:colcon.colcon_core.package_identification:_identify(src/flashing) by extension 'ignore_ament_install'
[1.538s] Level 1:colcon.colcon_core.package_identification:_identify(src/flashing) by extensions ['colcon_pkg']
[1.538s] Level 1:colcon.colcon_core.package_identification:_identify(src/flashing) by extension 'colcon_pkg'
[1.539s] Level 1:colcon.colcon_core.package_identification:_identify(src/flashing) by extensions ['colcon_meta']
[1.539s] Level 1:colcon.colcon_core.package_identification:_identify(src/flashing) by extension 'colcon_meta'
[1.539s] Level 1:colcon.colcon_core.package_identification:_identify(src/flashing) by extensions ['ros']
[1.539s] Level 1:colcon.colcon_core.package_identification:_identify(src/flashing) by extension 'ros'
[1.546s] DEBUG:colcon.colcon_core.package_identification:Package 'src/flashing' with type 'ros.ament_python' and name 'flashing'
[1.547s] Level 1:colcon.colcon_core.package_identification:_identify(src/launcher) by extensions ['ignore', 'ignore_ament_install']
[1.547s] Level 1:colcon.colcon_core.package_identification:_identify(src/launcher) by extension 'ignore'
[1.548s] Level 1:colcon.colcon_core.package_identification:_identify(src/launcher) by extension 'ignore_ament_install'
[1.548s] Level 1:colcon.colcon_core.package_identification:_identify(src/launcher) by extensions ['colcon_pkg']
[1.548s] Level 1:colcon.colcon_core.package_identification:_identify(src/launcher) by extension 'colcon_pkg'
[1.554s] Level 1:colcon.colcon_core.package_identification:_identify(src/launcher) by extensions ['colcon_meta']
[1.554s] Level 1:colcon.colcon_core.package_identification:_identify(src/launcher) by extension 'colcon_meta'
[1.554s] Level 1:colcon.colcon_core.package_identification:_identify(src/launcher) by extensions ['ros']
[1.555s] Level 1:colcon.colcon_core.package_identification:_identify(src/launcher) by extension 'ros'
[1.568s] DEBUG:colcon.colcon_core.package_identification:Package 'src/launcher' with type 'ros.ament_python' and name 'launcher'
[1.568s] Level 1:colcon.colcon_core.package_discovery:discover_packages(recursive) using defaults
[1.572s] Level 1:colcon.colcon_core.package_discovery:discover_packages(ignore) discover
[1.573s] Level 1:colcon.colcon_core.package_discovery:discover_packages(ignore) using defaults
[1.573s] Level 1:colcon.colcon_core.package_discovery:discover_packages(path) discover
[1.573s] Level 1:colcon.colcon_core.package_discovery:discover_packages(path) using defaults
[1.840s] Level 1:colcon.colcon_core.package_discovery:discover_packages(prefix_path) check parameters
[1.841s] Level 1:colcon.colcon_core.package_discovery:discover_packages(prefix_path) discover
[1.882s] DEBUG:colcon.colcon_installed_package_information.package_discovery:Found 7 installed packages in /home/ngt/ZENS-Final-AUVC/ros_ws/install
[1.892s] DEBUG:colcon.colcon_installed_package_information.package_discovery:Found 6 installed packages in /home/ngt/auvc_ws/install
[1.898s] DEBUG:colcon.colcon_installed_package_information.package_discovery:Found 1 installed packages in /home/ngt/cv_ws/install
[1.904s] DEBUG:colcon.colcon_installed_package_information.package_discovery:Found 2 installed packages in /home/ngt/pid_ws/install
[1.912s] DEBUG:colcon.colcon_installed_package_information.package_discovery:Found 1 installed packages in /home/ngt/auv_dancing/install
[1.940s] DEBUG:colcon.colcon_installed_package_information.package_discovery:Found 262 installed packages in /opt/ros/jazzy
[1.947s] Level 1:colcon.colcon_core.package_discovery:discover_packages(prefix_path) using defaults
[2.729s] Level 5:colcon.colcon_core.verb:set package 'control' build argument 'cmake_args' from command line to 'None'
[2.730s] Level 5:colcon.colcon_core.verb:set package 'control' build argument 'cmake_target' from command line to 'None'
[2.730s] Level 5:colcon.colcon_core.verb:set package 'control' build argument 'cmake_target_skip_unavailable' from command line to 'False'
[2.730s] Level 5:colcon.colcon_core.verb:set package 'control' build argument 'cmake_clean_cache' from command line to 'False'
[2.731s] Level 5:colcon.colcon_core.verb:set package 'control' build argument 'cmake_clean_first' from command line to 'False'
[2.731s] Level 5:colcon.colcon_core.verb:set package 'control' build argument 'cmake_force_configure' from command line to 'False'
[2.731s] Level 5:colcon.colcon_core.verb:set package 'control' build argument 'ament_cmake_args' from command line to 'None'
[2.731s] Level 5:colcon.colcon_core.verb:set package 'control' build argument 'catkin_cmake_args' from command line to 'None'
[2.735s] Level 5:colcon.colcon_core.verb:set package 'control' build argument 'catkin_skip_building_tests' from command line to 'False'
[2.737s] DEBUG:colcon.colcon_core.verb:Building package 'control' with the following arguments: {'ament_cmake_args': None, 'build_base': '/home/ngt/ZENS-Final-AUVC/ros_ws/build/control', 'catkin_cmake_args': None, 'catkin_skip_building_tests': False, 'cmake_args': None, 'cmake_clean_cache': False, 'cmake_clean_first': False, 'cmake_force_configure': False, 'cmake_target': None, 'cmake_target_skip_unavailable': False, 'install_base': '/home/ngt/ZENS-Final-AUVC/ros_ws/install/control', 'merge_install': False, 'path': '/home/ngt/ZENS-Final-AUVC/ros_ws/src/control', 'symlink_install': False, 'test_result_base': None}
[2.742s] Level 5:colcon.colcon_core.verb:set package 'cv' build argument 'cmake_args' from command line to 'None'
[2.746s] Level 5:colcon.colcon_core.verb:set package 'cv' build argument 'cmake_target' from command line to 'None'
[2.746s] Level 5:colcon.colcon_core.verb:set package 'cv' build argument 'cmake_target_skip_unavailable' from command line to 'False'
[2.746s] Level 5:colcon.colcon_core.verb:set package 'cv' build argument 'cmake_clean_cache' from command line to 'False'
[2.746s] Level 5:colcon.colcon_core.verb:set package 'cv' build argument 'cmake_clean_first' from command line to 'False'
[2.747s] Level 5:colcon.colcon_core.verb:set package 'cv' build argument 'cmake_force_configure' from command line to 'False'
[2.747s] Level 5:colcon.colcon_core.verb:set package 'cv' build argument 'ament_cmake_args' from command line to 'None'
[2.747s] Level 5:colcon.colcon_core.verb:set package 'cv' build argument 'catkin_cmake_args' from command line to 'None'
[2.747s] Level 5:colcon.colcon_core.verb:set package 'cv' build argument 'catkin_skip_building_tests' from command line to 'False'
[2.748s] DEBUG:colcon.colcon_core.verb:Building package 'cv' with the following arguments: {'ament_cmake_args': None, 'build_base': '/home/ngt/ZENS-Final-AUVC/ros_ws/build/cv', 'catkin_cmake_args': None, 'catkin_skip_building_tests': False, 'cmake_args': None, 'cmake_clean_cache': False, 'cmake_clean_first': False, 'cmake_force_configure': False, 'cmake_target': None, 'cmake_target_skip_unavailable': False, 'install_base': '/home/ngt/ZENS-Final-AUVC/ros_ws/install/cv', 'merge_install': False, 'path': '/home/ngt/ZENS-Final-AUVC/ros_ws/src/cv', 'symlink_install': False, 'test_result_base': None}
[2.750s] Level 5:colcon.colcon_core.verb:set package 'flashing' build argument 'cmake_args' from command line to 'None'
[2.753s] Level 5:colcon.colcon_core.verb:set package 'flashing' build argument 'cmake_target' from command line to 'None'
[2.753s] Level 5:colcon.colcon_core.verb:set package 'flashing' build argument 'cmake_target_skip_unavailable' from command line to 'False'
[2.754s] Level 5:colcon.colcon_core.verb:set package 'flashing' build argument 'cmake_clean_cache' from command line to 'False'
[2.755s] Level 5:colcon.colcon_core.verb:set package 'flashing' build argument 'cmake_clean_first' from command line to 'False'
[2.755s] Level 5:colcon.colcon_core.verb:set package 'flashing' build argument 'cmake_force_configure' from command line to 'False'
[2.755s] Level 5:colcon.colcon_core.verb:set package 'flashing' build argument 'ament_cmake_args' from command line to 'None'
[2.755s] Level 5:colcon.colcon_core.verb:set package 'flashing' build argument 'catkin_cmake_args' from command line to 'None'
[2.756s] Level 5:colcon.colcon_core.verb:set package 'flashing' build argument 'catkin_skip_building_tests' from command line to 'False'
[2.756s] DEBUG:colcon.colcon_core.verb:Building package 'flashing' with the following arguments: {'ament_cmake_args': None, 'build_base': '/home/ngt/ZENS-Final-AUVC/ros_ws/build/flashing', 'catkin_cmake_args': None, 'catkin_skip_building_tests': False, 'cmake_args': None, 'cmake_clean_cache': False, 'cmake_clean_first': False, 'cmake_force_configure': False, 'cmake_target': None, 'cmake_target_skip_unavailable': False, 'install_base': '/home/ngt/ZENS-Final-AUVC/ros_ws/install/flashing', 'merge_install': False, 'path': '/home/ngt/ZENS-Final-AUVC/ros_ws/src/flashing', 'symlink_install': False, 'test_result_base': None}
[2.761s] Level 5:colcon.colcon_core.verb:set package 'launcher' build argument 'cmake_args' from command line to 'None'
[2.763s] Level 5:colcon.colcon_core.verb:set package 'launcher' build argument 'cmake_target' from command line to 'None'
[2.763s] Level 5:colcon.colcon_core.verb:set package 'launcher' build argument 'cmake_target_skip_unavailable' from command line to 'False'
[2.765s] Level 5:colcon.colcon_core.verb:set package 'launcher' build argument 'cmake_clean_cache' from command line to 'False'
[2.765s] Level 5:colcon.colcon_core.verb:set package 'launcher' build argument 'cmake_clean_first' from command line to 'False'
[2.765s] Level 5:colcon.colcon_core.verb:set package 'launcher' build argument 'cmake_force_configure' from command line to 'False'
[2.765s] Level 5:colcon.colcon_core.verb:set package 'launcher' build argument 'ament_cmake_args' from command line to 'None'
[2.765s] Level 5:colcon.colcon_core.verb:set package 'launcher' build argument 'catkin_cmake_args' from command line to 'None'
[2.766s] Level 5:colcon.colcon_core.verb:set package 'launcher' build argument 'catkin_skip_building_tests' from command line to 'False'
[2.766s] DEBUG:colcon.colcon_core.verb:Building package 'launcher' with the following arguments: {'ament_cmake_args': None, 'build_base': '/home/ngt/ZENS-Final-AUVC/ros_ws/build/launcher', 'catkin_cmake_args': None, 'catkin_skip_building_tests': False, 'cmake_args': None, 'cmake_clean_cache': False, 'cmake_clean_first': False, 'cmake_force_configure': False, 'cmake_target': None, 'cmake_target_skip_unavailable': False, 'install_base': '/home/ngt/ZENS-Final-AUVC/ros_ws/install/launcher', 'merge_install': False, 'path': '/home/ngt/ZENS-Final-AUVC/ros_ws/src/launcher', 'symlink_install': False, 'test_result_base': None}
[2.771s] INFO:colcon.colcon_core.executor:Executing jobs using 'parallel' executor
[2.779s] DEBUG:colcon.colcon_parallel_executor.executor.parallel:run_until_complete
[2.783s] INFO:colcon.colcon_ros.task.ament_python.build:Building ROS package in '/home/ngt/ZENS-Final-AUVC/ros_ws/src/control' with build type 'ament_python'
[2.783s] Level 1:colcon.colcon_core.shell:create_environment_hook('control', 'ament_prefix_path')
[2.821s] INFO:colcon.colcon_core.plugin_system:Skipping extension 'colcon_core.shell.bat': Not used on non-Windows systems
[2.822s] INFO:colcon.colcon_core.shell:Creating environment hook '/home/ngt/ZENS-Final-AUVC/ros_ws/install/control/share/control/hook/ament_prefix_path.ps1'
[2.829s] INFO:colcon.colcon_core.shell:Creating environment descriptor '/home/ngt/ZENS-Final-AUVC/ros_ws/install/control/share/control/hook/ament_prefix_path.dsv'
[2.837s] INFO:colcon.colcon_core.shell:Creating environment hook '/home/ngt/ZENS-Final-AUVC/ros_ws/install/control/share/control/hook/ament_prefix_path.sh'
[2.848s] INFO:colcon.colcon_core.shell:Skip shell extension 'powershell' for command environment: Not usable outside of PowerShell
[2.852s] DEBUG:colcon.colcon_core.shell:Skip shell extension 'dsv' for command environment
[2.947s] INFO:colcon.colcon_ros.task.ament_python.build:Building ROS package in '/home/ngt/ZENS-Final-AUVC/ros_ws/src/cv' with build type 'ament_python'
[2.950s] Level 1:colcon.colcon_core.shell:create_environment_hook('cv', 'ament_prefix_path')
[2.951s] INFO:colcon.colcon_core.shell:Creating environment hook '/home/ngt/ZENS-Final-AUVC/ros_ws/install/cv/share/cv/hook/ament_prefix_path.ps1'
[2.961s] INFO:colcon.colcon_core.shell:Creating environment descriptor '/home/ngt/ZENS-Final-AUVC/ros_ws/install/cv/share/cv/hook/ament_prefix_path.dsv'
[2.968s] INFO:colcon.colcon_core.shell:Creating environment hook '/home/ngt/ZENS-Final-AUVC/ros_ws/install/cv/share/cv/hook/ament_prefix_path.sh'
[2.974s] INFO:colcon.colcon_core.shell:Skip shell extension 'powershell' for command environment: Not usable outside of PowerShell
[2.974s] DEBUG:colcon.colcon_core.shell:Skip shell extension 'dsv' for command environment
[3.075s] INFO:colcon.colcon_ros.task.ament_python.build:Building ROS package in '/home/ngt/ZENS-Final-AUVC/ros_ws/src/flashing' with build type 'ament_python'
[3.076s] Level 1:colcon.colcon_core.shell:create_environment_hook('flashing', 'ament_prefix_path')
[3.078s] INFO:colcon.colcon_core.shell:Creating environment hook '/home/ngt/ZENS-Final-AUVC/ros_ws/install/flashing/share/flashing/hook/ament_prefix_path.ps1'
[3.086s] INFO:colcon.colcon_core.shell:Creating environment descriptor '/home/ngt/ZENS-Final-AUVC/ros_ws/install/flashing/share/flashing/hook/ament_prefix_path.dsv'
[3.095s] INFO:colcon.colcon_core.shell:Creating environment hook '/home/ngt/ZENS-Final-AUVC/ros_ws/install/flashing/share/flashing/hook/ament_prefix_path.sh'
[3.103s] INFO:colcon.colcon_core.shell:Skip shell extension 'powershell' for command environment: Not usable outside of PowerShell
[3.108s] DEBUG:colcon.colcon_core.shell:Skip shell extension 'dsv' for command environment
[3.225s] INFO:colcon.colcon_ros.task.ament_python.build:Building ROS package in '/home/ngt/ZENS-Final-AUVC/ros_ws/src/launcher' with build type 'ament_python'
[3.226s] Level 1:colcon.colcon_core.shell:create_environment_hook('launcher', 'ament_prefix_path')
[3.227s] INFO:colcon.colcon_core.shell:Creating environment hook '/home/ngt/ZENS-Final-AUVC/ros_ws/install/launcher/share/launcher/hook/ament_prefix_path.ps1'
[3.238s] INFO:colcon.colcon_core.shell:Creating environment descriptor '/home/ngt/ZENS-Final-AUVC/ros_ws/install/launcher/share/launcher/hook/ament_prefix_path.dsv'
[3.240s] INFO:colcon.colcon_core.shell:Creating environment hook '/home/ngt/ZENS-Final-AUVC/ros_ws/install/launcher/share/launcher/hook/ament_prefix_path.sh'
[3.244s] INFO:colcon.colcon_core.shell:Skip shell extension 'powershell' for command environment: Not usable outside of PowerShell
[3.245s] DEBUG:colcon.colcon_core.shell:Skip shell extension 'dsv' for command environment
[6.544s] INFO:colcon.colcon_core.task.python.build:Building Python package in '/home/ngt/ZENS-Final-AUVC/ros_ws/src/control'
[6.545s] INFO:colcon.colcon_core.shell:Skip shell extension 'powershell' for command environment: Not usable outside of PowerShell
[6.546s] DEBUG:colcon.colcon_core.shell:Skip shell extension 'dsv' for command environment
[10.589s] INFO:colcon.colcon_core.task.python.build:Building Python package in '/home/ngt/ZENS-Final-AUVC/ros_ws/src/cv'
[10.590s] INFO:colcon.colcon_core.shell:Skip shell extension 'powershell' for command environment: Not usable outside of PowerShell
[10.591s] DEBUG:colcon.colcon_core.shell:Skip shell extension 'dsv' for command environment
[14.646s] INFO:colcon.colcon_core.task.python.build:Building Python package in '/home/ngt/ZENS-Final-AUVC/ros_ws/src/flashing'
[14.648s] INFO:colcon.colcon_core.shell:Skip shell extension 'powershell' for command environment: Not usable outside of PowerShell
[14.648s] DEBUG:colcon.colcon_core.shell:Skip shell extension 'dsv' for command environment
[22.734s] INFO:colcon.colcon_core.task.python.build:Building Python package in '/home/ngt/ZENS-Final-AUVC/ros_ws/src/launcher'
[22.743s] INFO:colcon.colcon_core.shell:Skip shell extension 'powershell' for command environment: Not usable outside of PowerShell
[22.744s] DEBUG:colcon.colcon_core.shell:Skip shell extension 'dsv' for command environment
[50.224s] DEBUG:colcon.colcon_core.task.python.build:Available setuptools commands: rotate, sdist, test, bdist_rpm, easy_install, editable_wheel, setopt, build, update_catalog, symlink_data, install_headers, build_ext, bdist_dumb, extract_messages, bdist_egg, compile_catalog, upload, install_scripts, install, build_py, develop, clean, alias, check, install_egg_info, build_scripts, install_lib, install_data, bdist, egg_info, dist_info, bdist_wheel, saveopts, build_clib, register, upload_docs, init_catalog
[50.268s] DEBUG:colcon.colcon_core.event_handler.log_command:Invoking command in '/home/ngt/ZENS-Final-AUVC/ros_ws/src/flashing': PYTHONPATH=/home/ngt/ZENS-Final-AUVC/ros_ws/build/flashing/prefix_override:/usr/lib/python3/dist-packages/colcon_core/task/python/colcon_distutils_commands:/home/ngt/ZENS-Final-AUVC/ros_ws/install/flashing/lib/python3.12/site-packages:${PYTHONPATH} /usr/bin/python3 -W ignore:setup.py install is deprecated -W ignore:easy_install command is deprecated setup.py egg_info --egg-base ../../build/flashing build --build-base /home/ngt/ZENS-Final-AUVC/ros_ws/build/flashing/build install --record /home/ngt/ZENS-Final-AUVC/ros_ws/build/flashing/install.log --install-scripts $base/lib/flashing --single-version-externally-managed install_data
[55.414s] DEBUG:colcon.colcon_core.task.python.build:Available setuptools commands: rotate, sdist, test, bdist_rpm, easy_install, editable_wheel, setopt, build, update_catalog, symlink_data, install_headers, build_ext, bdist_dumb, extract_messages, bdist_egg, compile_catalog, upload, install_scripts, install, build_py, develop, clean, alias, check, install_egg_info, build_scripts, install_lib, install_data, bdist, egg_info, dist_info, bdist_wheel, saveopts, build_clib, register, upload_docs, init_catalog
[55.465s] DEBUG:colcon.colcon_core.event_handler.log_command:Invoking command in '/home/ngt/ZENS-Final-AUVC/ros_ws/src/control': PYTHONPATH=/home/ngt/ZENS-Final-AUVC/ros_ws/build/control/prefix_override:/usr/lib/python3/dist-packages/colcon_core/task/python/colcon_distutils_commands:/home/ngt/ZENS-Final-AUVC/ros_ws/install/control/lib/python3.12/site-packages:${PYTHONPATH} /usr/bin/python3 -W ignore:setup.py install is deprecated -W ignore:easy_install command is deprecated setup.py egg_info --egg-base ../../build/control build --build-base /home/ngt/ZENS-Final-AUVC/ros_ws/build/control/build install --record /home/ngt/ZENS-Final-AUVC/ros_ws/build/control/install.log --install-scripts $base/lib/control --single-version-externally-managed install_data
[56.462s] DEBUG:colcon.colcon_core.task.python.build:Available setuptools commands: rotate, sdist, test, bdist_rpm, easy_install, editable_wheel, setopt, build, update_catalog, symlink_data, install_headers, build_ext, bdist_dumb, extract_messages, bdist_egg, compile_catalog, upload, install_scripts, install, build_py, develop, clean, alias, check, install_egg_info, build_scripts, install_lib, install_data, bdist, egg_info, dist_info, bdist_wheel, saveopts, build_clib, register, upload_docs, init_catalog
[56.515s] DEBUG:colcon.colcon_core.event_handler.log_command:Invoking command in '/home/ngt/ZENS-Final-AUVC/ros_ws/src/launcher': PYTHONPATH=/home/ngt/ZENS-Final-AUVC/ros_ws/build/launcher/prefix_override:/usr/lib/python3/dist-packages/colcon_core/task/python/colcon_distutils_commands:/home/ngt/ZENS-Final-AUVC/ros_ws/install/launcher/lib/python3.12/site-packages:${PYTHONPATH} /usr/bin/python3 -W ignore:setup.py install is deprecated -W ignore:easy_install command is deprecated setup.py egg_info --egg-base ../../build/launcher build --build-base /home/ngt/ZENS-Final-AUVC/ros_ws/build/launcher/build install --record /home/ngt/ZENS-Final-AUVC/ros_ws/build/launcher/install.log --install-scripts $base/lib/launcher --single-version-externally-managed install_data
[57.671s] DEBUG:colcon.colcon_core.task.python.build:Available setuptools commands: rotate, sdist, test, bdist_rpm, easy_install, editable_wheel, setopt, build, update_catalog, symlink_data, install_headers, build_ext, bdist_dumb, extract_messages, bdist_egg, compile_catalog, upload, install_scripts, install, build_py, develop, clean, alias, check, install_egg_info, build_scripts, install_lib, install_data, bdist, egg_info, dist_info, bdist_wheel, saveopts, build_clib, register, upload_docs, init_catalog
[57.738s] DEBUG:colcon.colcon_core.event_handler.log_command:Invoking command in '/home/ngt/ZENS-Final-AUVC/ros_ws/src/cv': PYTHONPATH=/home/ngt/ZENS-Final-AUVC/ros_ws/build/cv/prefix_override:/usr/lib/python3/dist-packages/colcon_core/task/python/colcon_distutils_commands:/home/ngt/ZENS-Final-AUVC/ros_ws/install/cv/lib/python3.12/site-packages:${PYTHONPATH} /usr/bin/python3 -W ignore:setup.py install is deprecated -W ignore:easy_install command is deprecated setup.py egg_info --egg-base ../../build/cv build --build-base /home/ngt/ZENS-Final-AUVC/ros_ws/build/cv/build install --record /home/ngt/ZENS-Final-AUVC/ros_ws/build/cv/install.log --install-scripts $base/lib/cv --single-version-externally-managed install_data
[69.551s] DEBUG:colcon.colcon_core.event_handler.log_command:Invoked command in '/home/ngt/ZENS-Final-AUVC/ros_ws/src/flashing' returned '0': PYTHONPATH=/home/ngt/ZENS-Final-AUVC/ros_ws/build/flashing/prefix_override:/usr/lib/python3/dist-packages/colcon_core/task/python/colcon_distutils_commands:/home/ngt/ZENS-Final-AUVC/ros_ws/install/flashing/lib/python3.12/site-packages:${PYTHONPATH} /usr/bin/python3 -W ignore:setup.py install is deprecated -W ignore:easy_install command is deprecated setup.py egg_info --egg-base ../../build/flashing build --build-base /home/ngt/ZENS-Final-AUVC/ros_ws/build/flashing/build install --record /home/ngt/ZENS-Final-AUVC/ros_ws/build/flashing/install.log --install-scripts $base/lib/flashing --single-version-externally-managed install_data
[69.651s] Level 1:colcon.colcon_core.environment:checking '/home/ngt/ZENS-Final-AUVC/ros_ws/install/flashing' for CMake module files
[69.692s] Level 1:colcon.colcon_core.environment:checking '/home/ngt/ZENS-Final-AUVC/ros_ws/install/flashing' for CMake config files
[69.714s] Level 1:colcon.colcon_core.environment:checking '/home/ngt/ZENS-Final-AUVC/ros_ws/install/flashing/lib'
[69.732s] Level 1:colcon.colcon_core.environment:checking '/home/ngt/ZENS-Final-AUVC/ros_ws/install/flashing/bin'
[69.733s] Level 1:colcon.colcon_core.environment:checking '/home/ngt/ZENS-Final-AUVC/ros_ws/install/flashing/lib/pkgconfig/flashing.pc'
[69.747s] Level 1:colcon.colcon_core.environment:checking '/home/ngt/ZENS-Final-AUVC/ros_ws/install/flashing/lib/python3.12/site-packages'
[69.748s] Level 1:colcon.colcon_core.shell:create_environment_hook('flashing', 'pythonpath')
[69.750s] INFO:colcon.colcon_core.shell:Creating environment hook '/home/ngt/ZENS-Final-AUVC/ros_ws/install/flashing/share/flashing/hook/pythonpath.ps1'
[69.753s] INFO:colcon.colcon_core.shell:Creating environment descriptor '/home/ngt/ZENS-Final-AUVC/ros_ws/install/flashing/share/flashing/hook/pythonpath.dsv'
[69.756s] INFO:colcon.colcon_core.shell:Creating environment hook '/home/ngt/ZENS-Final-AUVC/ros_ws/install/flashing/share/flashing/hook/pythonpath.sh'
[69.760s] Level 1:colcon.colcon_core.environment:checking '/home/ngt/ZENS-Final-AUVC/ros_ws/install/flashing/bin'
[69.761s] Level 1:colcon.colcon_core.environment:create_environment_scripts_only(flashing)
[69.763s] INFO:colcon.colcon_core.shell:Creating package script '/home/ngt/ZENS-Final-AUVC/ros_ws/install/flashing/share/flashing/package.ps1'
[69.769s] INFO:colcon.colcon_core.shell:Creating package descriptor '/home/ngt/ZENS-Final-AUVC/ros_ws/install/flashing/share/flashing/package.dsv'
[69.773s] INFO:colcon.colcon_core.shell:Creating package script '/home/ngt/ZENS-Final-AUVC/ros_ws/install/flashing/share/flashing/package.sh'
[69.778s] INFO:colcon.colcon_core.shell:Creating package script '/home/ngt/ZENS-Final-AUVC/ros_ws/install/flashing/share/flashing/package.bash'
[69.782s] INFO:colcon.colcon_core.shell:Creating package script '/home/ngt/ZENS-Final-AUVC/ros_ws/install/flashing/share/flashing/package.zsh'
[69.786s] Level 1:colcon.colcon_core.environment:create_file_with_runtime_dependencies(/home/ngt/ZENS-Final-AUVC/ros_ws/install/flashing/share/colcon-core/packages/flashing)
[76.479s] Level 1:colcon.colcon_core.environment:checking '/home/ngt/ZENS-Final-AUVC/ros_ws/install/launcher' for CMake module files
[76.483s] DEBUG:colcon.colcon_core.event_handler.log_command:Invoked command in '/home/ngt/ZENS-Final-AUVC/ros_ws/src/launcher' returned '0': PYTHONPATH=/home/ngt/ZENS-Final-AUVC/ros_ws/build/launcher/prefix_override:/usr/lib/python3/dist-packages/colcon_core/task/python/colcon_distutils_commands:/home/ngt/ZENS-Final-AUVC/ros_ws/install/launcher/lib/python3.12/site-packages:${PYTHONPATH} /usr/bin/python3 -W ignore:setup.py install is deprecated -W ignore:easy_install command is deprecated setup.py egg_info --egg-base ../../build/launcher build --build-base /home/ngt/ZENS-Final-AUVC/ros_ws/build/launcher/build install --record /home/ngt/ZENS-Final-AUVC/ros_ws/build/launcher/install.log --install-scripts $base/lib/launcher --single-version-externally-managed install_data
[76.490s] Level 1:colcon.colcon_core.environment:checking '/home/ngt/ZENS-Final-AUVC/ros_ws/install/launcher' for CMake config files
[76.514s] Level 1:colcon.colcon_core.environment:checking '/home/ngt/ZENS-Final-AUVC/ros_ws/install/launcher/lib'
[76.519s] Level 1:colcon.colcon_core.environment:checking '/home/ngt/ZENS-Final-AUVC/ros_ws/install/launcher/bin'
[76.520s] Level 1:colcon.colcon_core.environment:checking '/home/ngt/ZENS-Final-AUVC/ros_ws/install/launcher/lib/pkgconfig/launcher.pc'
[76.527s] Level 1:colcon.colcon_core.environment:checking '/home/ngt/ZENS-Final-AUVC/ros_ws/install/launcher/lib/python3.12/site-packages'
[76.532s] Level 1:colcon.colcon_core.shell:create_environment_hook('launcher', 'pythonpath')
[76.536s] INFO:colcon.colcon_core.shell:Creating environment hook '/home/ngt/ZENS-Final-AUVC/ros_ws/install/launcher/share/launcher/hook/pythonpath.ps1'
[76.549s] INFO:colcon.colcon_core.shell:Creating environment descriptor '/home/ngt/ZENS-Final-AUVC/ros_ws/install/launcher/share/launcher/hook/pythonpath.dsv'
[76.559s] INFO:colcon.colcon_core.shell:Creating environment hook '/home/ngt/ZENS-Final-AUVC/ros_ws/install/launcher/share/launcher/hook/pythonpath.sh'
[76.568s] Level 1:colcon.colcon_core.environment:checking '/home/ngt/ZENS-Final-AUVC/ros_ws/install/launcher/bin'
[76.571s] Level 1:colcon.colcon_core.environment:create_environment_scripts_only(launcher)
[76.576s] INFO:colcon.colcon_core.shell:Creating package script '/home/ngt/ZENS-Final-AUVC/ros_ws/install/launcher/share/launcher/package.ps1'
[76.591s] INFO:colcon.colcon_core.shell:Creating package descriptor '/home/ngt/ZENS-Final-AUVC/ros_ws/install/launcher/share/launcher/package.dsv'
[76.601s] INFO:colcon.colcon_core.shell:Creating package script '/home/ngt/ZENS-Final-AUVC/ros_ws/install/launcher/share/launcher/package.sh'
[76.612s] INFO:colcon.colcon_core.shell:Creating package script '/home/ngt/ZENS-Final-AUVC/ros_ws/install/launcher/share/launcher/package.bash'
[76.618s] INFO:colcon.colcon_core.shell:Creating package script '/home/ngt/ZENS-Final-AUVC/ros_ws/install/launcher/share/launcher/package.zsh'
[76.625s] Level 1:colcon.colcon_core.environment:create_file_with_runtime_dependencies(/home/ngt/ZENS-Final-AUVC/ros_ws/install/launcher/share/colcon-core/packages/launcher)
[76.704s] Level 1:colcon.colcon_core.environment:checking '/home/ngt/ZENS-Final-AUVC/ros_ws/install/control' for CMake module files
[76.705s] DEBUG:colcon.colcon_core.event_handler.log_command:Invoked command in '/home/ngt/ZENS-Final-AUVC/ros_ws/src/control' returned '0': PYTHONPATH=/home/ngt/ZENS-Final-AUVC/ros_ws/build/control/prefix_override:/usr/lib/python3/dist-packages/colcon_core/task/python/colcon_distutils_commands:/home/ngt/ZENS-Final-AUVC/ros_ws/install/control/lib/python3.12/site-packages:${PYTHONPATH} /usr/bin/python3 -W ignore:setup.py install is deprecated -W ignore:easy_install command is deprecated setup.py egg_info --egg-base ../../build/control build --build-base /home/ngt/ZENS-Final-AUVC/ros_ws/build/control/build install --record /home/ngt/ZENS-Final-AUVC/ros_ws/build/control/install.log --install-scripts $base/lib/control --single-version-externally-managed install_data
[76.711s] Level 1:colcon.colcon_core.environment:checking '/home/ngt/ZENS-Final-AUVC/ros_ws/install/control' for CMake config files
[76.716s] Level 1:colcon.colcon_core.environment:checking '/home/ngt/ZENS-Final-AUVC/ros_ws/install/control/lib'
[76.717s] Level 1:colcon.colcon_core.environment:checking '/home/ngt/ZENS-Final-AUVC/ros_ws/install/control/bin'
[76.718s] Level 1:colcon.colcon_core.environment:checking '/home/ngt/ZENS-Final-AUVC/ros_ws/install/control/lib/pkgconfig/control.pc'
[76.720s] Level 1:colcon.colcon_core.environment:checking '/home/ngt/ZENS-Final-AUVC/ros_ws/install/control/lib/python3.12/site-packages'
[76.721s] Level 1:colcon.colcon_core.shell:create_environment_hook('control', 'pythonpath')
[76.723s] INFO:colcon.colcon_core.shell:Creating environment hook '/home/ngt/ZENS-Final-AUVC/ros_ws/install/control/share/control/hook/pythonpath.ps1'
[76.726s] INFO:colcon.colcon_core.shell:Creating environment descriptor '/home/ngt/ZENS-Final-AUVC/ros_ws/install/control/share/control/hook/pythonpath.dsv'
[76.730s] INFO:colcon.colcon_core.shell:Creating environment hook '/home/ngt/ZENS-Final-AUVC/ros_ws/install/control/share/control/hook/pythonpath.sh'
[76.736s] Level 1:colcon.colcon_core.environment:checking '/home/ngt/ZENS-Final-AUVC/ros_ws/install/control/bin'
[76.737s] Level 1:colcon.colcon_core.environment:create_environment_scripts_only(control)
[76.738s] INFO:colcon.colcon_core.shell:Creating package script '/home/ngt/ZENS-Final-AUVC/ros_ws/install/control/share/control/package.ps1'
[76.743s] INFO:colcon.colcon_core.shell:Creating package descriptor '/home/ngt/ZENS-Final-AUVC/ros_ws/install/control/share/control/package.dsv'
[76.747s] INFO:colcon.colcon_core.shell:Creating package script '/home/ngt/ZENS-Final-AUVC/ros_ws/install/control/share/control/package.sh'
[76.751s] INFO:colcon.colcon_core.shell:Creating package script '/home/ngt/ZENS-Final-AUVC/ros_ws/install/control/share/control/package.bash'
[76.756s] INFO:colcon.colcon_core.shell:Creating package script '/home/ngt/ZENS-Final-AUVC/ros_ws/install/control/share/control/package.zsh'
[76.758s] Level 1:colcon.colcon_core.environment:create_file_with_runtime_dependencies(/home/ngt/ZENS-Final-AUVC/ros_ws/install/control/share/colcon-core/packages/control)
[77.197s] Level 1:colcon.colcon_core.environment:checking '/home/ngt/ZENS-Final-AUVC/ros_ws/install/cv' for CMake module files
[77.203s] DEBUG:colcon.colcon_core.event_handler.log_command:Invoked command in '/home/ngt/ZENS-Final-AUVC/ros_ws/src/cv' returned '0': PYTHONPATH=/home/ngt/ZENS-Final-AUVC/ros_ws/build/cv/prefix_override:/usr/lib/python3/dist-packages/colcon_core/task/python/colcon_distutils_commands:/home/ngt/ZENS-Final-AUVC/ros_ws/install/cv/lib/python3.12/site-packages:${PYTHONPATH} /usr/bin/python3 -W ignore:setup.py install is deprecated -W ignore:easy_install command is deprecated setup.py egg_info --egg-base ../../build/cv build --build-base /home/ngt/ZENS-Final-AUVC/ros_ws/build/cv/build install --record /home/ngt/ZENS-Final-AUVC/ros_ws/build/cv/install.log --install-scripts $base/lib/cv --single-version-externally-managed install_data
[77.204s] Level 1:colcon.colcon_core.environment:checking '/home/ngt/ZENS-Final-AUVC/ros_ws/install/cv' for CMake config files
[77.210s] Level 1:colcon.colcon_core.environment:checking '/home/ngt/ZENS-Final-AUVC/ros_ws/install/cv/lib'
[77.211s] Level 1:colcon.colcon_core.environment:checking '/home/ngt/ZENS-Final-AUVC/ros_ws/install/cv/bin'
[77.211s] Level 1:colcon.colcon_core.environment:checking '/home/ngt/ZENS-Final-AUVC/ros_ws/install/cv/lib/pkgconfig/cv.pc'
[77.213s] Level 1:colcon.colcon_core.environment:checking '/home/ngt/ZENS-Final-AUVC/ros_ws/install/cv/lib/python3.12/site-packages'
[77.213s] Level 1:colcon.colcon_core.shell:create_environment_hook('cv', 'pythonpath')
[77.214s] INFO:colcon.colcon_core.shell:Creating environment hook '/home/ngt/ZENS-Final-AUVC/ros_ws/install/cv/share/cv/hook/pythonpath.ps1'
[77.217s] INFO:colcon.colcon_core.shell:Creating environment descriptor '/home/ngt/ZENS-Final-AUVC/ros_ws/install/cv/share/cv/hook/pythonpath.dsv'
[77.219s] INFO:colcon.colcon_core.shell:Creating environment hook '/home/ngt/ZENS-Final-AUVC/ros_ws/install/cv/share/cv/hook/pythonpath.sh'
[77.222s] Level 1:colcon.colcon_core.environment:checking '/home/ngt/ZENS-Final-AUVC/ros_ws/install/cv/bin'
[77.223s] Level 1:colcon.colcon_core.environment:create_environment_scripts_only(cv)
[77.224s] INFO:colcon.colcon_core.shell:Creating package script '/home/ngt/ZENS-Final-AUVC/ros_ws/install/cv/share/cv/package.ps1'
[77.227s] INFO:colcon.colcon_core.shell:Creating package descriptor '/home/ngt/ZENS-Final-AUVC/ros_ws/install/cv/share/cv/package.dsv'
[77.230s] INFO:colcon.colcon_core.shell:Creating package script '/home/ngt/ZENS-Final-AUVC/ros_ws/install/cv/share/cv/package.sh'
[77.233s] INFO:colcon.colcon_core.shell:Creating package script '/home/ngt/ZENS-Final-AUVC/ros_ws/install/cv/share/cv/package.bash'
[77.235s] INFO:colcon.colcon_core.shell:Creating package script '/home/ngt/ZENS-Final-AUVC/ros_ws/install/cv/share/cv/package.zsh'
[77.237s] Level 1:colcon.colcon_core.environment:create_file_with_runtime_dependencies(/home/ngt/ZENS-Final-AUVC/ros_ws/install/cv/share/colcon-core/packages/cv)
[77.243s] DEBUG:colcon.colcon_parallel_executor.executor.parallel:closing loop
[77.248s] DEBUG:colcon.colcon_parallel_executor.executor.parallel:loop closed
[77.252s] DEBUG:colcon.colcon_parallel_executor.executor.parallel:run_until_complete finished with '0'
[77.253s] DEBUG:colcon.colcon_core.event_reactor:joining thread
[77.255s] DEBUG:colcon.colcon_core.event_reactor:joined thread
[77.257s] INFO:colcon.colcon_core.shell:Creating prefix script '/home/ngt/ZENS-Final-AUVC/ros_ws/install/local_setup.ps1'
[77.262s] INFO:colcon.colcon_core.shell:Creating prefix util module '/home/ngt/ZENS-Final-AUVC/ros_ws/install/_local_setup_util_ps1.py'
[77.269s] INFO:colcon.colcon_core.shell:Creating prefix chain script '/home/ngt/ZENS-Final-AUVC/ros_ws/install/setup.ps1'
[77.282s] INFO:colcon.colcon_core.shell:Creating prefix script '/home/ngt/ZENS-Final-AUVC/ros_ws/install/local_setup.sh'
[77.285s] INFO:colcon.colcon_core.shell:Creating prefix util module '/home/ngt/ZENS-Final-AUVC/ros_ws/install/_local_setup_util_sh.py'
[77.290s] INFO:colcon.colcon_core.shell:Creating prefix chain script '/home/ngt/ZENS-Final-AUVC/ros_ws/install/setup.sh'
[77.304s] INFO:colcon.colcon_core.shell:Creating prefix script '/home/ngt/ZENS-Final-AUVC/ros_ws/install/local_setup.bash'
[77.307s] INFO:colcon.colcon_core.shell:Creating prefix chain script '/home/ngt/ZENS-Final-AUVC/ros_ws/install/setup.bash'
[77.319s] INFO:colcon.colcon_core.shell:Creating prefix script '/home/ngt/ZENS-Final-AUVC/ros_ws/install/local_setup.zsh'
[77.325s] INFO:colcon.colcon_core.shell:Creating prefix chain script '/home/ngt/ZENS-Final-AUVC/ros_ws/install/setup.zsh'
