[31.233s] Invoking command in '/home/ngt/ZENS-Final-AUVC/ros_ws/src/flashing': PYTHONPATH=/home/ngt/ZENS-Final-AUVC/build/flashing/prefix_override:/usr/lib/python3/dist-packages/colcon_core/task/python/colcon_distutils_commands:/home/ngt/ZENS-Final-AUVC/install/flashing/lib/python3.12/site-packages:${PYTHONPATH} /usr/bin/python3 -W ignore:setup.py install is deprecated -W ignore:easy_install command is deprecated setup.py egg_info --egg-base ../../../build/flashing build --build-base /home/ngt/ZENS-Final-AUVC/build/flashing/build install --record /home/ngt/ZENS-Final-AUVC/build/flashing/install.log --install-scripts $base/lib/flashing --single-version-externally-managed install_data
[37.025s] running egg_info
[37.564s] writing ../../../build/flashing/flashing.egg-info/PKG-INFO
[37.569s] writing dependency_links to ../../../build/flashing/flashing.egg-info/dependency_links.txt
[37.570s] writing entry points to ../../../build/flashing/flashing.egg-info/entry_points.txt
[37.578s] writing requirements to ../../../build/flashing/flashing.egg-info/requires.txt
[37.580s] writing top-level names to ../../../build/flashing/flashing.egg-info/top_level.txt
[41.336s] reading manifest file '../../../build/flashing/flashing.egg-info/SOURCES.txt'
[41.355s] writing manifest file '../../../build/flashing/flashing.egg-info/SOURCES.txt'
[41.356s] running build
[41.356s] running build_py
[41.368s] running install
[41.500s] running install_lib
[42.141s] running install_data
[42.142s] running install_egg_info
[42.872s] removing '/home/ngt/ZENS-Final-AUVC/install/flashing/lib/python3.12/site-packages/flashing-0.0.0-py3.12.egg-info' (and everything under it)
[42.876s] Copying ../../../build/flashing/flashing.egg-info to /home/ngt/ZENS-Final-AUVC/install/flashing/lib/python3.12/site-packages/flashing-0.0.0-py3.12.egg-info
[42.913s] running install_scripts
[44.420s] Installing flashing_node script to /home/ngt/ZENS-Final-AUVC/install/flashing/lib/flashing
[44.425s] writing list of installed files to '/home/ngt/ZENS-Final-AUVC/build/flashing/install.log'
[48.188s] Invoked command in '/home/ngt/ZENS-Final-AUVC/ros_ws/src/flashing' returned '0': PYTHONPATH=/home/ngt/ZENS-Final-AUVC/build/flashing/prefix_override:/usr/lib/python3/dist-packages/colcon_core/task/python/colcon_distutils_commands:/home/ngt/ZENS-Final-AUVC/install/flashing/lib/python3.12/site-packages:${PYTHONPATH} /usr/bin/python3 -W ignore:setup.py install is deprecated -W ignore:easy_install command is deprecated setup.py egg_info --egg-base ../../../build/flashing build --build-base /home/ngt/ZENS-Final-AUVC/build/flashing/build install --record /home/ngt/ZENS-Final-AUVC/build/flashing/install.log --install-scripts $base/lib/flashing --single-version-externally-managed install_data
