[13.119s] Invoking command in '/home/ngt/ZENS-Final-AUVC/ros_ws/src/cv': PYTHONPATH=/home/ngt/ZENS-Final-AUVC/build/cv/prefix_override:/usr/lib/python3/dist-packages/colcon_core/task/python/colcon_distutils_commands:/home/ngt/ZENS-Final-AUVC/install/cv/lib/python3.12/site-packages:${PYTHONPATH} /usr/bin/python3 -W ignore:setup.py install is deprecated -W ignore:easy_install command is deprecated setup.py egg_info --egg-base ../../../build/cv build --build-base /home/ngt/ZENS-Final-AUVC/build/cv/build install --record /home/ngt/ZENS-Final-AUVC/build/cv/install.log --install-scripts $base/lib/cv --single-version-externally-managed install_data
[15.711s] running egg_info
[15.947s] writing ../../../build/cv/cv.egg-info/PKG-INFO
[15.952s] writing dependency_links to ../../../build/cv/cv.egg-info/dependency_links.txt
[15.952s] writing entry points to ../../../build/cv/cv.egg-info/entry_points.txt
[15.955s] writing requirements to ../../../build/cv/cv.egg-info/requires.txt
[15.956s] writing top-level names to ../../../build/cv/cv.egg-info/top_level.txt
[17.343s] reading manifest file '../../../build/cv/cv.egg-info/SOURCES.txt'
[17.349s] writing manifest file '../../../build/cv/cv.egg-info/SOURCES.txt'
[17.350s] running build
[17.351s] running build_py
[17.357s] running install
[17.395s] running install_lib
[17.621s] running install_data
[17.622s] running install_egg_info
[17.862s] removing '/home/ngt/ZENS-Final-AUVC/install/cv/lib/python3.12/site-packages/cv-0.0.0-py3.12.egg-info' (and everything under it)
[17.868s] Copying ../../../build/cv/cv.egg-info to /home/ngt/ZENS-Final-AUVC/install/cv/lib/python3.12/site-packages/cv-0.0.0-py3.12.egg-info
[17.875s] running install_scripts
[18.594s] Installing apriltag_detector_node script to /home/ngt/ZENS-Final-AUVC/install/cv/lib/cv
[18.600s] Installing calibrate_camera script to /home/ngt/ZENS-Final-AUVC/install/cv/lib/cv
[18.602s] Installing detect_from_image script to /home/ngt/ZENS-Final-AUVC/install/cv/lib/cv
[18.614s] Installing fake_camera_node script to /home/ngt/ZENS-Final-AUVC/install/cv/lib/cv
[18.616s] Installing image_saver_node script to /home/ngt/ZENS-Final-AUVC/install/cv/lib/cv
[18.621s] Installing tag_heading_node script to /home/ngt/ZENS-Final-AUVC/install/cv/lib/cv
[18.636s] writing list of installed files to '/home/ngt/ZENS-Final-AUVC/build/cv/install.log'
[18.900s] Invoked command in '/home/ngt/ZENS-Final-AUVC/ros_ws/src/cv' returned '0': PYTHONPATH=/home/ngt/ZENS-Final-AUVC/build/cv/prefix_override:/usr/lib/python3/dist-packages/colcon_core/task/python/colcon_distutils_commands:/home/ngt/ZENS-Final-AUVC/install/cv/lib/python3.12/site-packages:${PYTHONPATH} /usr/bin/python3 -W ignore:setup.py install is deprecated -W ignore:easy_install command is deprecated setup.py egg_info --egg-base ../../../build/cv build --build-base /home/ngt/ZENS-Final-AUVC/build/cv/build install --record /home/ngt/ZENS-Final-AUVC/build/cv/install.log --install-scripts $base/lib/cv --single-version-externally-managed install_data
