[14.638s] Invoking command in '/home/ngt/ZENS-Final-AUVC/ros_ws/src/cv': PYTHONPATH=/home/ngt/ZENS-Final-AUVC/ros_ws/build/cv/prefix_override:/usr/lib/python3/dist-packages/colcon_core/task/python/colcon_distutils_commands:/home/ngt/ZENS-Final-AUVC/ros_ws/install/cv/lib/python3.12/site-packages:${PYTHONPATH} /usr/bin/python3 -W ignore:setup.py install is deprecated -W ignore:easy_install command is deprecated setup.py egg_info --egg-base ../../build/cv build --build-base /home/ngt/ZENS-Final-AUVC/ros_ws/build/cv/build install --record /home/ngt/ZENS-Final-AUVC/ros_ws/build/cv/install.log --install-scripts $base/lib/cv --single-version-externally-managed install_data
[18.182s] running egg_info
[18.643s] writing ../../build/cv/cv.egg-info/PKG-INFO
[18.646s] writing dependency_links to ../../build/cv/cv.egg-info/dependency_links.txt
[18.652s] writing entry points to ../../build/cv/cv.egg-info/entry_points.txt
[18.657s] writing requirements to ../../build/cv/cv.egg-info/requires.txt
[18.657s] writing top-level names to ../../build/cv/cv.egg-info/top_level.txt
[20.930s] reading manifest file '../../build/cv/cv.egg-info/SOURCES.txt'
[20.937s] writing manifest file '../../build/cv/cv.egg-info/SOURCES.txt'
[20.938s] running build
[20.939s] running build_py
[20.952s] running install
[20.993s] running install_lib
[21.524s] running install_data
[21.524s] running install_egg_info
[21.816s] removing '/home/ngt/ZENS-Final-AUVC/ros_ws/install/cv/lib/python3.12/site-packages/cv-0.0.0-py3.12.egg-info' (and everything under it)
[21.819s] Copying ../../build/cv/cv.egg-info to /home/ngt/ZENS-Final-AUVC/ros_ws/install/cv/lib/python3.12/site-packages/cv-0.0.0-py3.12.egg-info
[21.830s] running install_scripts
[22.481s] Installing calibrate_camera script to /home/ngt/ZENS-Final-AUVC/ros_ws/install/cv/lib/cv
[22.484s] Installing detect_from_image script to /home/ngt/ZENS-Final-AUVC/ros_ws/install/cv/lib/cv
[22.487s] Installing detection_node script to /home/ngt/ZENS-Final-AUVC/ros_ws/install/cv/lib/cv
[22.490s] Installing fake_camera_node script to /home/ngt/ZENS-Final-AUVC/ros_ws/install/cv/lib/cv
[22.492s] Installing image_saver_node script to /home/ngt/ZENS-Final-AUVC/ros_ws/install/cv/lib/cv
[22.493s] Installing tag_heading_node script to /home/ngt/ZENS-Final-AUVC/ros_ws/install/cv/lib/cv
[22.493s] Installing web_streamer_node script to /home/ngt/ZENS-Final-AUVC/ros_ws/install/cv/lib/cv
[22.499s] writing list of installed files to '/home/ngt/ZENS-Final-AUVC/ros_ws/build/cv/install.log'
[23.828s] Invoked command in '/home/ngt/ZENS-Final-AUVC/ros_ws/src/cv' returned '0': PYTHONPATH=/home/ngt/ZENS-Final-AUVC/ros_ws/build/cv/prefix_override:/usr/lib/python3/dist-packages/colcon_core/task/python/colcon_distutils_commands:/home/ngt/ZENS-Final-AUVC/ros_ws/install/cv/lib/python3.12/site-packages:${PYTHONPATH} /usr/bin/python3 -W ignore:setup.py install is deprecated -W ignore:easy_install command is deprecated setup.py egg_info --egg-base ../../build/cv build --build-base /home/ngt/ZENS-Final-AUVC/ros_ws/build/cv/build install --record /home/ngt/ZENS-Final-AUVC/ros_ws/build/cv/install.log --install-scripts $base/lib/cv --single-version-externally-managed install_data
