[13.517s] Invoking command in '/home/ngt/ZENS-Final-AUVC/ros_ws/src/control': PYTHONPATH=/home/ngt/ZENS-Final-AUVC/ros_ws/build/control/prefix_override:/usr/lib/python3/dist-packages/colcon_core/task/python/colcon_distutils_commands:/home/ngt/ZENS-Final-AUVC/ros_ws/install/control/lib/python3.12/site-packages:${PYTHONPATH} /usr/bin/python3 -W ignore:setup.py install is deprecated -W ignore:easy_install command is deprecated setup.py egg_info --egg-base ../../build/control build --build-base /home/ngt/ZENS-Final-AUVC/ros_ws/build/control/build install --record /home/ngt/ZENS-Final-AUVC/ros_ws/build/control/install.log --install-scripts $base/lib/control --single-version-externally-managed install_data
[18.261s] running egg_info
[18.519s] writing ../../build/control/control.egg-info/PKG-INFO
[18.520s] writing dependency_links to ../../build/control/control.egg-info/dependency_links.txt
[18.524s] writing entry points to ../../build/control/control.egg-info/entry_points.txt
[18.524s] writing requirements to ../../build/control/control.egg-info/requires.txt
[18.525s] writing top-level names to ../../build/control/control.egg-info/top_level.txt
[20.374s] reading manifest file '../../build/control/control.egg-info/SOURCES.txt'
[20.383s] writing manifest file '../../build/control/control.egg-info/SOURCES.txt'
[20.384s] running build
[20.385s] running build_py
[20.385s] copying control/depth_pid.py -> /home/ngt/ZENS-Final-AUVC/ros_ws/build/control/build/lib/control
[20.391s] running install
[20.425s] running install_lib
[20.696s] copying /home/ngt/ZENS-Final-AUVC/ros_ws/build/control/build/lib/control/depth_pid.py -> /home/ngt/ZENS-Final-AUVC/ros_ws/install/control/lib/python3.12/site-packages/control
[20.704s] byte-compiling /home/ngt/ZENS-Final-AUVC/ros_ws/install/control/lib/python3.12/site-packages/control/depth_pid.py to depth_pid.cpython-312.pyc
[20.716s] running install_data
[20.717s] running install_egg_info
[21.027s] removing '/home/ngt/ZENS-Final-AUVC/ros_ws/install/control/lib/python3.12/site-packages/control-0.0.0-py3.12.egg-info' (and everything under it)
[21.036s] Copying ../../build/control/control.egg-info to /home/ngt/ZENS-Final-AUVC/ros_ws/install/control/lib/python3.12/site-packages/control-0.0.0-py3.12.egg-info
[21.049s] running install_scripts
[21.770s] Installing depth_pid script to /home/ngt/ZENS-Final-AUVC/ros_ws/install/control/lib/control
[21.774s] Installing finalController script to /home/ngt/ZENS-Final-AUVC/ros_ws/install/control/lib/control
[21.780s] Installing heading_pid script to /home/ngt/ZENS-Final-AUVC/ros_ws/install/control/lib/control
[21.786s] Installing self_arm script to /home/ngt/ZENS-Final-AUVC/ros_ws/install/control/lib/control
[21.787s] Installing self_disarm script to /home/ngt/ZENS-Final-AUVC/ros_ws/install/control/lib/control
[21.797s] writing list of installed files to '/home/ngt/ZENS-Final-AUVC/ros_ws/build/control/install.log'
[22.110s] Invoked command in '/home/ngt/ZENS-Final-AUVC/ros_ws/src/control' returned '0': PYTHONPATH=/home/ngt/ZENS-Final-AUVC/ros_ws/build/control/prefix_override:/usr/lib/python3/dist-packages/colcon_core/task/python/colcon_distutils_commands:/home/ngt/ZENS-Final-AUVC/ros_ws/install/control/lib/python3.12/site-packages:${PYTHONPATH} /usr/bin/python3 -W ignore:setup.py install is deprecated -W ignore:easy_install command is deprecated setup.py egg_info --egg-base ../../build/control build --build-base /home/ngt/ZENS-Final-AUVC/ros_ws/build/control/build install --record /home/ngt/ZENS-Final-AUVC/ros_ws/build/control/install.log --install-scripts $base/lib/control --single-version-externally-managed install_data
