[23.369s] Invoking command in '/home/ngt/ZENS-Final-AUVC/ros_ws/build/launcher': PYTHONPATH=/home/ngt/ZENS-Final-AUVC/ros_ws/build/launcher/prefix_override:/usr/lib/python3/dist-packages/colcon_core/task/python/colcon_distutils_commands:/home/ngt/ZENS-Final-AUVC/ros_ws/install/launcher/lib/python3.12/site-packages:${PYTHONPATH} /usr/bin/python3 -W ignore:setup.py install is deprecated -W ignore:easy_install command is deprecated setup.py develop --editable --build-directory /home/ngt/ZENS-Final-AUVC/ros_ws/build/launcher/build --no-deps symlink_data --force
[34.752s] running develop
[41.881s] running egg_info
[42.215s] writing launcher.egg-info/PKG-INFO
[42.216s] writing dependency_links to launcher.egg-info/dependency_links.txt
[42.234s] writing requirements to launcher.egg-info/requires.txt
[42.235s] writing top-level names to launcher.egg-info/top_level.txt
[42.900s] reading manifest file 'launcher.egg-info/SOURCES.txt'
[42.923s] writing manifest file 'launcher.egg-info/SOURCES.txt'
[43.497s] running build_ext
[43.504s] Creating /home/ngt/ZENS-Final-AUVC/ros_ws/install/launcher/lib/python3.12/site-packages/launcher.egg-link (link to .)
[43.507s] 
[43.508s] Installed /home/ngt/ZENS-Final-AUVC/ros_ws/build/launcher
[43.517s] running symlink_data
[43.520s] symbolically linking /home/ngt/ZENS-Final-AUVC/ros_ws/build/launcher/resource/launcher -> /home/ngt/ZENS-Final-AUVC/ros_ws/install/launcher/share/ament_index/resource_index/packages
[43.521s] symbolically linking /home/ngt/ZENS-Final-AUVC/ros_ws/build/launcher/package.xml -> /home/ngt/ZENS-Final-AUVC/ros_ws/install/launcher/share/launcher
[43.526s] symbolically linking /home/ngt/ZENS-Final-AUVC/ros_ws/build/launcher/launch/cv.launch.yaml -> /home/ngt/ZENS-Final-AUVC/ros_ws/install/launcher/share/launcher/launch
[43.527s] symbolically linking /home/ngt/ZENS-Final-AUVC/ros_ws/build/launcher/launch/web_streamer.launch.yaml -> /home/ngt/ZENS-Final-AUVC/ros_ws/install/launcher/share/launcher/launch
[43.529s] symbolically linking /home/ngt/ZENS-Final-AUVC/ros_ws/build/launcher/launch/flashing.launch.yaml -> /home/ngt/ZENS-Final-AUVC/ros_ws/install/launcher/share/launcher/launch
[43.533s] symbolically linking /home/ngt/ZENS-Final-AUVC/ros_ws/build/launcher/launch/hardware.launch.yaml -> /home/ngt/ZENS-Final-AUVC/ros_ws/install/launcher/share/launcher/launch
[43.536s] symbolically linking /home/ngt/ZENS-Final-AUVC/ros_ws/build/launcher/launch/all_systems.launch.yaml -> /home/ngt/ZENS-Final-AUVC/ros_ws/install/launcher/share/launcher/launch
[43.541s] symbolically linking /home/ngt/ZENS-Final-AUVC/ros_ws/build/launcher/launch/control.launch.yaml -> /home/ngt/ZENS-Final-AUVC/ros_ws/install/launcher/share/launcher/launch
[43.545s] symbolically linking /home/ngt/ZENS-Final-AUVC/ros_ws/build/launcher/config/params.yaml -> /home/ngt/ZENS-Final-AUVC/ros_ws/install/launcher/share/launcher/config
[44.077s] Invoked command in '/home/ngt/ZENS-Final-AUVC/ros_ws/build/launcher' returned '0': PYTHONPATH=/home/ngt/ZENS-Final-AUVC/ros_ws/build/launcher/prefix_override:/usr/lib/python3/dist-packages/colcon_core/task/python/colcon_distutils_commands:/home/ngt/ZENS-Final-AUVC/ros_ws/install/launcher/lib/python3.12/site-packages:${PYTHONPATH} /usr/bin/python3 -W ignore:setup.py install is deprecated -W ignore:easy_install command is deprecated setup.py develop --editable --build-directory /home/ngt/ZENS-Final-AUVC/ros_ws/build/launcher/build --no-deps symlink_data --force
