[13.359s] Invoking command in '/home/ngt/ZENS-Final-AUVC/ros_ws/src/flashing': PYTHONPATH=/home/ngt/ZENS-Final-AUVC/ros_ws/build/flashing/prefix_override:/usr/lib/python3/dist-packages/colcon_core/task/python/colcon_distutils_commands:/home/ngt/ZENS-Final-AUVC/ros_ws/install/flashing/lib/python3.12/site-packages:${PYTHONPATH} /usr/bin/python3 -W ignore:setup.py install is deprecated -W ignore:easy_install command is deprecated setup.py egg_info --egg-base ../../build/flashing build --build-base /home/ngt/ZENS-Final-AUVC/ros_ws/build/flashing/build install --record /home/ngt/ZENS-Final-AUVC/ros_ws/build/flashing/install.log --install-scripts $base/lib/flashing --single-version-externally-managed install_data
[16.880s] running egg_info
[17.142s] writing ../../build/flashing/flashing.egg-info/PKG-INFO
[17.145s] writing dependency_links to ../../build/flashing/flashing.egg-info/dependency_links.txt
[17.149s] writing entry points to ../../build/flashing/flashing.egg-info/entry_points.txt
[17.150s] writing requirements to ../../build/flashing/flashing.egg-info/requires.txt
[17.156s] writing top-level names to ../../build/flashing/flashing.egg-info/top_level.txt
[18.844s] reading manifest file '../../build/flashing/flashing.egg-info/SOURCES.txt'
[18.852s] writing manifest file '../../build/flashing/flashing.egg-info/SOURCES.txt'
[18.855s] running build
[18.859s] running build_py
[18.863s] running install
[18.914s] running install_lib
[19.279s] running install_data
[19.283s] running install_egg_info
[19.615s] removing '/home/ngt/ZENS-Final-AUVC/ros_ws/install/flashing/lib/python3.12/site-packages/flashing-0.0.0-py3.12.egg-info' (and everything under it)
[19.620s] Copying ../../build/flashing/flashing.egg-info to /home/ngt/ZENS-Final-AUVC/ros_ws/install/flashing/lib/python3.12/site-packages/flashing-0.0.0-py3.12.egg-info
[19.631s] running install_scripts
[20.333s] Installing flashing_node script to /home/ngt/ZENS-Final-AUVC/ros_ws/install/flashing/lib/flashing
[20.335s] Installing lights script to /home/ngt/ZENS-Final-AUVC/ros_ws/install/flashing/lib/flashing
[20.337s] writing list of installed files to '/home/ngt/ZENS-Final-AUVC/ros_ws/build/flashing/install.log'
[20.565s] Invoked command in '/home/ngt/ZENS-Final-AUVC/ros_ws/src/flashing' returned '0': PYTHONPATH=/home/ngt/ZENS-Final-AUVC/ros_ws/build/flashing/prefix_override:/usr/lib/python3/dist-packages/colcon_core/task/python/colcon_distutils_commands:/home/ngt/ZENS-Final-AUVC/ros_ws/install/flashing/lib/python3.12/site-packages:${PYTHONPATH} /usr/bin/python3 -W ignore:setup.py install is deprecated -W ignore:easy_install command is deprecated setup.py egg_info --egg-base ../../build/flashing build --build-base /home/ngt/ZENS-Final-AUVC/ros_ws/build/flashing/build install --record /home/ngt/ZENS-Final-AUVC/ros_ws/build/flashing/install.log --install-scripts $base/lib/flashing --single-version-externally-managed install_data
